Archive member included because of file (symbol)

C:\saturn\sgl302j/lib\libsgl.a(sglIc0.o)
                              main.o (slInitSystem)
C:\saturn\sgl302j/lib\libsgl.a(sglH00.o)
                              C:\saturn\sgl302j/lib\libsgl.a(sglIc0.o) (slInitPeripheral)
C:\saturn\sgl302j/lib\libsgl.a(sglF00.o)
                              game.o (slLocate)
C:\saturn\sgl302j/lib\libsgl.a(sglF05.o)
                              game.o (slPrint)
C:\saturn\sgl302j/lib\libsgl.a(sglF03.o)
                              game.o (slPrintFX)
C:\saturn\sgl302j/lib\libsgl.a(sglB015.o)
                              game.o (slScrAutoDisp)
C:\saturn\sgl302j/lib\libsgl.a(sglI01.o)
                              C:\saturn\sgl302j/lib\libsgl.a(sglIc0.o) (slInitSynch)
C:\saturn\sgl302j/lib\libsgl.a(sglA01.o)
                              game.o (slSin)
C:\saturn\sgl302j/lib\libsgl.a(sglF02.o)
                              game.o (slPrintHex)
C:\saturn\sgl302j/lib\libsgl.a(sglC06.o)
                              game.o (slDispSprite)
C:\saturn\sgl302j/lib\libsgl.a(sglA06.o)
                              game.o (slMulFX)
C:\saturn\sgl302j/lib\libsgl.a(sglB001.o)
                              game.o (slTVOn)
C:\saturn\sgl302j/lib\libsgl.a(sglD00.o)
                              game.o (slDMACopy)
C:\saturn\sgl302j/lib\libsgl.a(sglB002.o)
                              game.o (slColRAMMode)
C:\saturn\sgl302j/lib\libsgl.a(sglB016.o)
                              game.o (slBack1ColSet)
C:\saturn\sgl302j/lib\libsgl.a(sglB200.o)
                              linescroll.o (slCharNbg1)
C:\saturn\sgl302j/lib\libsgl.a(sglB058.o)
                              game.o (slPlaneNbg3)
C:\saturn\sgl302j/lib\libsgl.a(sglB034.o)
                              game.o (slMapNbg3)
C:\saturn\sgl302j/lib\libsgl.a(sglB073.o)
                              game.o (slScrPosNbg3)
C:\saturn\sgl302j/lib\libsgl.a(sglB063.o)
                              game.o (slPriority)
C:\saturn\sgl302j/lib\libsgl.a(sglB020.o)
                              game.o (slColorCalc)
C:\saturn\sgl302j/lib\libsgl.a(sglB023.o)
                              game.o (slColRate)
C:\saturn\sgl302j/lib\libsgl.a(sglB056.o)
                              linescroll.o (slPlaneNbg1)
C:\saturn\sgl302j/lib\libsgl.a(sglB032.o)
                              linescroll.o (slMapNbg1)
C:\saturn\sgl302j/lib\libsgl.a(sglB090.o)
                              linescroll.o (slLineScrollMode)
C:\saturn\sgl302j/lib\libsgl.a(sglB088.o)
                              linescroll.o (slLineScrollTable1)
C:\saturn\sgl302j/lib\libsgl.a(sglB071.o)
                              linescroll.o (slScrPosNbg1)
C:\saturn\sgl302j/lib\libsgl.a(sglB057.o)
                              tilemap.o (slPlaneNbg2)
C:\saturn\sgl302j/lib\libsgl.a(sglB033.o)
                              tilemap.o (slMapNbg2)
C:\saturn\sgl302j/lib\libsgl.a(sglB072.o)
                              tilemap.o (slScrPosNbg2)
C:\saturn\sgl302j/lib\libsgl.a(sglA00.o)
                              C:\saturn\sgl302j/lib\libsgl.a(sglIc0.o) (_builtin_set_imask)
C:\saturn\sgl302j/lib\libsgl.a(sglK01.o)
                              C:\saturn\sgl302j/lib\libsgl.a(sglIc0.o) (SynchCount)
C:\saturn\sgl302j/lib\libsgl.a(sglJ00.o)
                              C:\saturn\sgl302j/lib\libsgl.a(sglIc0.o) (InitSlaveSH)
C:\saturn\sgl302j/lib\libsgl.a(sglA20.o)
                              C:\saturn\sgl302j/lib\libsgl.a(sglIc0.o) (slInitMatrix)
C:\saturn\sgl302j/lib\libsgl.a(sglB000.o)
                              C:\saturn\sgl302j/lib\libsgl.a(sglIc0.o) (slInitScroll)
C:\saturn\sgl302j/lib\libsgl.a(sglJ01.o)
                              C:\saturn\sgl302j/lib\libsgl.a(sglIc0.o) (SlaveControl)
C:\saturn\sgl302j/lib\libsgl.a(sglI00.o)
                              C:\saturn\sgl302j/lib\libsgl.a(sglIc0.o) (slInitInterrupt)
C:\saturn\sgl302j/lib\libsgl.a(sglC00.o)
                              C:\saturn\sgl302j/lib\libsgl.a(sglIc0.o) (slInitSprite)
C:\saturn\sgl302j/lib\libsgl.a(sglH02.o)
                              C:\saturn\sgl302j/lib\libsgl.a(sglH00.o) (smpc_pfr_tbl)
C:\saturn\sgl302j/lib\libsgl.a(sglH04.o)
                              C:\saturn\sgl302j/lib\libsgl.a(sglH00.o) (slComPrmIntBack)
C:\saturn\sgl302j/lib\libsgl.a(sglC20.o)
                              C:\saturn\sgl302j/lib\libsgl.a(sglC06.o) (SpriteEntry)
C:\saturn\sgl302j/lib\libsgl.a(sglB035.o)
                              C:\saturn\sgl302j/lib\libsgl.a(sglB200.o) (rbank_set)
C:\saturn\sgl302j/lib\libsgl.a(sglJ03.o)
                              C:\saturn\sgl302j/lib\libsgl.a(sglJ01.o) (sbMakeDMATable)
C:\saturn\sgl302j/lib\libsgl.a(sglJ02.o)
                              C:\saturn\sgl302j/lib\libsgl.a(sglJ01.o) (sbMakePolygon)
C:\saturn\sgl302j/lib\libsgl.a(sglJ04.o)
                              C:\saturn\sgl302j/lib\libsgl.a(sglJ01.o) (sbMakeSprite)
C:\saturn\sgl302j/lib\libsgl.a(sglJ05.o)
                              C:\saturn\sgl302j/lib\libsgl.a(sglJ01.o) (sbSortEntry)
C:\saturn\sgl302j/lib\libsgl.a(sglH03.o)
                              C:\saturn\sgl302j/lib\libsgl.a(sglI00.o) (slSmpcIntBack)
C:\saturn\sgl302j/lib\libsgl.a(sglM01.o)
                              C:\saturn\sgl302j/lib\libsgl.a(sglJ02.o) (DepthWorkArea)
c:/saturn/SH_COFF/sh-coff/bin/../lib/gcc/sh-coff/3.4-GNUSH_v0501/m2\libgcc.a(__main.o)
                              C:\saturn\sgl302j\SAMPLE\common/cinit.o (__main)
c:/saturn/SH_COFF/sh-coff/bin/../lib/gcc/sh-coff/3.4-GNUSH_v0501/m2\libgcc.a(_si_to_df.o)
                              game.o (__floatsidf)
c:/saturn/SH_COFF/sh-coff/bin/../lib/gcc/sh-coff/3.4-GNUSH_v0501/m2\libgcc.a(_mul_df.o)
                              game.o (__muldf3)
c:/saturn/SH_COFF/sh-coff/bin/../lib/gcc/sh-coff/3.4-GNUSH_v0501/m2\libgcc.a(_div_df.o)
                              game.o (__divdf3)
c:/saturn/SH_COFF/sh-coff/bin/../lib/gcc/sh-coff/3.4-GNUSH_v0501/m2\libgcc.a(_df_to_si.o)
                              game.o (__fixdfsi)
c:/saturn/SH_COFF/sh-coff/bin/../lib/gcc/sh-coff/3.4-GNUSH_v0501/m2\libgcc.a(_ashiftrt_n.o)
                              game.o (__ashrsi3)
c:/saturn/SH_COFF/sh-coff/bin/../lib/gcc/sh-coff/3.4-GNUSH_v0501/m2\libgcc.a(_pack_df.o)
                              c:/saturn/SH_COFF/sh-coff/bin/../lib/gcc/sh-coff/3.4-GNUSH_v0501/m2\libgcc.a(_si_to_df.o) (__pack_d)
c:/saturn/SH_COFF/sh-coff/bin/../lib/gcc/sh-coff/3.4-GNUSH_v0501/m2\libgcc.a(_unpack_df.o)
                              c:/saturn/SH_COFF/sh-coff/bin/../lib/gcc/sh-coff/3.4-GNUSH_v0501/m2\libgcc.a(_mul_df.o) (__unpack_d)
c:/saturn/SH_COFF/sh-coff/bin/../lib/gcc/sh-coff/3.4-GNUSH_v0501/m2\libgcc.a(_thenan_df.o)
                              c:/saturn/SH_COFF/sh-coff/bin/../lib/gcc/sh-coff/3.4-GNUSH_v0501/m2\libgcc.a(_mul_df.o) (__thenan_df)
c:/saturn/SH_COFF/sh-coff/bin/../lib/gcc/sh-coff/3.4-GNUSH_v0501/m2\libgcc.a(_lshrdi3.o)
                              c:/saturn/SH_COFF/sh-coff/bin/../lib/gcc/sh-coff/3.4-GNUSH_v0501/m2\libgcc.a(_df_to_si.o) (__lshrdi3)
c:/saturn/SH_COFF/sh-coff/bin/../lib/gcc/sh-coff/3.4-GNUSH_v0501/m2\libgcc.a(_ashldi3.o)
                              c:/saturn/SH_COFF/sh-coff/bin/../lib/gcc/sh-coff/3.4-GNUSH_v0501/m2\libgcc.a(_pack_df.o) (__ashldi3)
c:/saturn/SH_COFF/sh-coff/bin/../lib/gcc/sh-coff/3.4-GNUSH_v0501/m2\libgcc.a(_ashiftlt.o)
                              c:/saturn/SH_COFF/sh-coff/bin/../lib/gcc/sh-coff/3.4-GNUSH_v0501/m2\libgcc.a(_lshrdi3.o) (__ashlsi3)
c:/saturn/SH_COFF/sh-coff/bin/../lib/gcc/sh-coff/3.4-GNUSH_v0501/m2\libgcc.a(_lshiftrt.o)
                              c:/saturn/SH_COFF/sh-coff/bin/../lib/gcc/sh-coff/3.4-GNUSH_v0501/m2\libgcc.a(_lshrdi3.o) (__lshrsi3)
c:/saturn/SH_COFF/sh-coff/bin/../lib/gcc/sh-coff/3.4-GNUSH_v0501/../../../../sh-coff/lib/m2\libc.a(memcpy.o)
                              game.o (memcpy)
c:/saturn/SH_COFF/sh-coff/bin/../lib/gcc/sh-coff/3.4-GNUSH_v0501/../../../../sh-coff/lib/m2\libc.a(memset.o)
                              spritelist.o (memset)
c:/saturn/SH_COFF/sh-coff/bin/../lib/gcc/sh-coff/3.4-GNUSH_v0501/../../../../sh-coff/lib/m2\libc.a(atexit.o)
                              c:/saturn/SH_COFF/sh-coff/bin/../lib/gcc/sh-coff/3.4-GNUSH_v0501/m2\libgcc.a(__main.o) (atexit)
c:/saturn/SH_COFF/sh-coff/bin/../lib/gcc/sh-coff/3.4-GNUSH_v0501/../../../../sh-coff/lib/m2\libc.a(impure.o)
                              c:/saturn/SH_COFF/sh-coff/bin/../lib/gcc/sh-coff/3.4-GNUSH_v0501/../../../../sh-coff/lib/m2\libc.a(atexit.o) (_impure_ptr)
c:/saturn/SH_COFF/sh-coff/bin/../lib/gcc/sh-coff/3.4-GNUSH_v0501/../../../../sh-coff/lib/m2\libc.a(malloc.o)
                              c:/saturn/SH_COFF/sh-coff/bin/../lib/gcc/sh-coff/3.4-GNUSH_v0501/../../../../sh-coff/lib/m2\libc.a(atexit.o) (malloc)
c:/saturn/SH_COFF/sh-coff/bin/../lib/gcc/sh-coff/3.4-GNUSH_v0501/../../../../sh-coff/lib/m2\libc.a(mallocr.o)
                              c:/saturn/SH_COFF/sh-coff/bin/../lib/gcc/sh-coff/3.4-GNUSH_v0501/../../../../sh-coff/lib/m2\libc.a(malloc.o) (_malloc_r)
c:/saturn/SH_COFF/sh-coff/bin/../lib/gcc/sh-coff/3.4-GNUSH_v0501/../../../../sh-coff/lib/m2\libc.a(freer.o)
                              c:/saturn/SH_COFF/sh-coff/bin/../lib/gcc/sh-coff/3.4-GNUSH_v0501/../../../../sh-coff/lib/m2\libc.a(malloc.o) (_free_r)
c:/saturn/SH_COFF/sh-coff/bin/../lib/gcc/sh-coff/3.4-GNUSH_v0501/../../../../sh-coff/lib/m2\libc.a(mlock.o)
                              c:/saturn/SH_COFF/sh-coff/bin/../lib/gcc/sh-coff/3.4-GNUSH_v0501/../../../../sh-coff/lib/m2\libc.a(mallocr.o) (__malloc_lock)
c:/saturn/SH_COFF/sh-coff/bin/../lib/gcc/sh-coff/3.4-GNUSH_v0501/../../../../sh-coff/lib/m2\libc.a(sbrkr.o)
                              c:/saturn/SH_COFF/sh-coff/bin/../lib/gcc/sh-coff/3.4-GNUSH_v0501/../../../../sh-coff/lib/m2\libc.a(mallocr.o) (_sbrk_r)
c:/saturn/SH_COFF/sh-coff/bin/../lib/gcc/sh-coff/3.4-GNUSH_v0501/../../../../sh-coff/lib/m2\libc.a(syscalls.o)
                              c:/saturn/SH_COFF/sh-coff/bin/../lib/gcc/sh-coff/3.4-GNUSH_v0501/../../../../sh-coff/lib/m2\libc.a(sbrkr.o) (_sbrk)
c:/saturn/SH_COFF/sh-coff/bin/../lib/gcc/sh-coff/3.4-GNUSH_v0501/../../../../sh-coff/lib/m2\libc.a(trap.o)
                              c:/saturn/SH_COFF/sh-coff/bin/../lib/gcc/sh-coff/3.4-GNUSH_v0501/../../../../sh-coff/lib/m2\libc.a(syscalls.o) (__trap34)
c:/saturn/SH_COFF/sh-coff/bin/../lib/gcc/sh-coff/3.4-GNUSH_v0501/../../../../sh-coff/lib/m2\libc.a(abort.o)
                              c:/saturn/SH_COFF/sh-coff/bin/../lib/gcc/sh-coff/3.4-GNUSH_v0501/../../../../sh-coff/lib/m2\libc.a(syscalls.o) (abort)
c:/saturn/SH_COFF/sh-coff/bin/../lib/gcc/sh-coff/3.4-GNUSH_v0501/../../../../sh-coff/lib/m2\libc.a(signal.o)
                              c:/saturn/SH_COFF/sh-coff/bin/../lib/gcc/sh-coff/3.4-GNUSH_v0501/../../../../sh-coff/lib/m2\libc.a(abort.o) (raise)
c:/saturn/SH_COFF/sh-coff/bin/../lib/gcc/sh-coff/3.4-GNUSH_v0501/../../../../sh-coff/lib/m2\libc.a(signalr.o)
                              c:/saturn/SH_COFF/sh-coff/bin/../lib/gcc/sh-coff/3.4-GNUSH_v0501/../../../../sh-coff/lib/m2\libc.a(signal.o) (_kill_r)
c:/saturn/SH_COFF/sh-coff/bin/../lib/gcc/sh-coff/3.4-GNUSH_v0501/m2\libgcc.a(_udivsi3.o)
                              c:/saturn/SH_COFF/sh-coff/bin/../lib/gcc/sh-coff/3.4-GNUSH_v0501/../../../../sh-coff/lib/m2\libc.a(freer.o) (__udivsi3)

Allocating common symbols
Common symbol       size              file

sprites             0x1c20            game.o
numSprites          0x1               game.o
playfield           0x800             game.o
eye1Index           0x4               game.o
defaultSprite       0x24              game.o
bgLayers            0x2               game.o
eye2Index           0x4               game.o
errno               0x4               c:/saturn/SH_COFF/sh-coff/bin/../lib/gcc/sh-coff/3.4-GNUSH_v0501/../../../../sh-coff/lib/m2\libc.a(syscalls.o)
gameState           0x4               game.o
dispFace            0x1               game.o

Memory Configuration

Name             Origin             Length             Attributes
*default*        0x00000000         0xffffffff

Linker script and memory map


SLSTART         0x06004000       0x30
                0x06004000                ___Start = .
 *(SLSTART)
 SLSTART        0x06004000       0x28 C:\saturn\sgl302j/lib\libsgl.a(sglI00.o)
                0x06004002                slStartSGL
                0x06004000                SGL_Start

.text           0x06004040     0x3f20
 *(.text)
 .text          0x06004040       0x50 C:\saturn\sgl302j\SAMPLE\common/cinit.o
                0x06004040                main
 .text          0x06004090       0x70 main.o
                0x06004090                ss_main
 .text          0x06004100     0x1680 game.o
                0x06004ff0                loadSpritePos
                0x06004fc0                loadLevel
                0x060051f0                runLevel
 .text          0x06005780      0x170 linescroll.o
                0x060058c0                updateLinescroll
                0x06005780                initLinescroll
 .text          0x060058f0       0xf0 scrollfunctions.o
                0x06005990                MapRead
                0x060059b0                Pal2CRAM
                0x06005910                Map2VRAM
                0x06005970                MapWrite
                0x060058f0                Cel2VRAM
 .text          0x060059e0       0xd0 spritelist.o
                0x06005a60                deleteSprite
                0x060059e0                addSprite
                0x06005a90                clearSpriteList
 .text          0x06005ab0      0x1c0 tilemap.o
                0x06005ab0                initTilemap
                0x06005c10                updateTilemap
 .text          0x06005c70      0x128 C:\saturn\sgl302j/lib\libsgl.a(sglIc0.o)
                0x06005c70                slInitSystem
 *fill*         0x06005d98        0x8 00
 .text          0x06005da0       0xc0 c:/saturn/SH_COFF/sh-coff/bin/../lib/gcc/sh-coff/3.4-GNUSH_v0501/m2\libgcc.a(__main.o)
                0x06005e20                __main
                0x06005da0                __do_global_dtors
                0x06005de0                __do_global_ctors
 .text          0x06005e60      0x110 c:/saturn/SH_COFF/sh-coff/bin/../lib/gcc/sh-coff/3.4-GNUSH_v0501/m2\libgcc.a(_si_to_df.o)
                0x06005e70                __floatsidf
 .text          0x06005f70      0x2c0 c:/saturn/SH_COFF/sh-coff/bin/../lib/gcc/sh-coff/3.4-GNUSH_v0501/m2\libgcc.a(_mul_df.o)
                0x06005f90                __muldf3
 .text          0x06006230      0x180 c:/saturn/SH_COFF/sh-coff/bin/../lib/gcc/sh-coff/3.4-GNUSH_v0501/m2\libgcc.a(_div_df.o)
                0x06006240                __divdf3
 .text          0x060063b0       0x90 c:/saturn/SH_COFF/sh-coff/bin/../lib/gcc/sh-coff/3.4-GNUSH_v0501/m2\libgcc.a(_df_to_si.o)
                0x060063b0                __fixdfsi
 .text          0x06006440       0x80 c:/saturn/SH_COFF/sh-coff/bin/../lib/gcc/sh-coff/3.4-GNUSH_v0501/m2\libgcc.a(_ashiftrt_n.o)
                0x06006440                __ashrsi3
 .text          0x060064c0      0x270 c:/saturn/SH_COFF/sh-coff/bin/../lib/gcc/sh-coff/3.4-GNUSH_v0501/m2\libgcc.a(_pack_df.o)
                0x060064e0                __pack_d
 .text          0x06006730      0x160 c:/saturn/SH_COFF/sh-coff/bin/../lib/gcc/sh-coff/3.4-GNUSH_v0501/m2\libgcc.a(_unpack_df.o)
                0x06006750                __unpack_d
 .text          0x06006890       0x20 c:/saturn/SH_COFF/sh-coff/bin/../lib/gcc/sh-coff/3.4-GNUSH_v0501/m2\libgcc.a(_thenan_df.o)
                0x06006890                __thenan_df
 .text          0x060068b0       0x90 c:/saturn/SH_COFF/sh-coff/bin/../lib/gcc/sh-coff/3.4-GNUSH_v0501/m2\libgcc.a(_lshrdi3.o)
                0x060068b0                __lshrdi3
 .text          0x06006940       0x90 c:/saturn/SH_COFF/sh-coff/bin/../lib/gcc/sh-coff/3.4-GNUSH_v0501/m2\libgcc.a(_ashldi3.o)
                0x06006940                __ashldi3
 .text          0x060069d0       0x90 c:/saturn/SH_COFF/sh-coff/bin/../lib/gcc/sh-coff/3.4-GNUSH_v0501/m2\libgcc.a(_ashiftlt.o)
                0x060069d0                __ashlsi3
 .text          0x06006a60       0x90 c:/saturn/SH_COFF/sh-coff/bin/../lib/gcc/sh-coff/3.4-GNUSH_v0501/m2\libgcc.a(_lshiftrt.o)
                0x06006a60                __lshrsi3
 .text          0x06006af0       0xa0 c:/saturn/SH_COFF/sh-coff/bin/../lib/gcc/sh-coff/3.4-GNUSH_v0501/../../../../sh-coff/lib/m2\libc.a(memcpy.o)
                0x06006af0                memcpy
 .text          0x06006b90       0x40 c:/saturn/SH_COFF/sh-coff/bin/../lib/gcc/sh-coff/3.4-GNUSH_v0501/../../../../sh-coff/lib/m2\libc.a(memset.o)
                0x06006b90                memset
 .text          0x06006bd0       0xa0 c:/saturn/SH_COFF/sh-coff/bin/../lib/gcc/sh-coff/3.4-GNUSH_v0501/../../../../sh-coff/lib/m2\libc.a(atexit.o)
                0x06006bd0                atexit
 .text          0x06006c70       0x10 c:/saturn/SH_COFF/sh-coff/bin/../lib/gcc/sh-coff/3.4-GNUSH_v0501/../../../../sh-coff/lib/m2\libc.a(impure.o)
                0x06006c70                _global_impure_ptr
 .text          0x06006c80       0x40 c:/saturn/SH_COFF/sh-coff/bin/../lib/gcc/sh-coff/3.4-GNUSH_v0501/../../../../sh-coff/lib/m2\libc.a(malloc.o)
                0x06006ca0                free
                0x06006c80                malloc
 .text          0x06006cc0      0x680 c:/saturn/SH_COFF/sh-coff/bin/../lib/gcc/sh-coff/3.4-GNUSH_v0501/../../../../sh-coff/lib/m2\libc.a(mallocr.o)
                0x06006cc0                _malloc_r
 .text          0x06007340      0x3b0 c:/saturn/SH_COFF/sh-coff/bin/../lib/gcc/sh-coff/3.4-GNUSH_v0501/../../../../sh-coff/lib/m2\libc.a(freer.o)
                0x06007340                _malloc_trim_r
                0x06007440                _free_r
 .text          0x060076f0       0x20 c:/saturn/SH_COFF/sh-coff/bin/../lib/gcc/sh-coff/3.4-GNUSH_v0501/../../../../sh-coff/lib/m2\libc.a(mlock.o)
                0x060076f0                __malloc_lock
                0x06007700                __malloc_unlock
 .text          0x06007710       0x50 c:/saturn/SH_COFF/sh-coff/bin/../lib/gcc/sh-coff/3.4-GNUSH_v0501/../../../../sh-coff/lib/m2\libc.a(sbrkr.o)
                0x06007710                _sbrk_r
 .text          0x06007760      0x430 c:/saturn/SH_COFF/sh-coff/bin/../lib/gcc/sh-coff/3.4-GNUSH_v0501/../../../../sh-coff/lib/m2\libc.a(syscalls.o)
                0x06007910                _exit
                0x06007950                _getpid
                0x060079d0                _utime
                0x060077a0                _write
                0x06007760                _read
                0x060078f0                _unlink
                0x060078b0                _open
                0x06007970                _stat
                0x06007900                isatty
                0x06007a10                _wait
                0x06007930                _kill
                0x06007990                _chmod
                0x06007a50                _execv
                0x06007a30                _execve
                0x06007b50                __setup_argv_and_call_main
                0x06007aa0                _gettimeofday
                0x060077e0                _link
                0x06007960                _raise
                0x060078d0                _creat
                0x06007a70                _pipe
                0x060079b0                _chown
                0x06007780                _lseek
                0x060077c0                _close
                0x06007a90                _times
                0x06007890                _fstat
                0x060079f0                _fork
                0x06007810                _sbrk
 .text          0x06007b90       0x20 c:/saturn/SH_COFF/sh-coff/bin/../lib/gcc/sh-coff/3.4-GNUSH_v0501/../../../../sh-coff/lib/m2\libc.a(trap.o)
                0x06007b90                __trap34
 .text          0x06007bb0       0x20 c:/saturn/SH_COFF/sh-coff/bin/../lib/gcc/sh-coff/3.4-GNUSH_v0501/../../../../sh-coff/lib/m2\libc.a(abort.o)
                0x06007bb0                abort
 .text          0x06007bd0      0x2c0 c:/saturn/SH_COFF/sh-coff/bin/../lib/gcc/sh-coff/3.4-GNUSH_v0501/../../../../sh-coff/lib/m2\libc.a(signal.o)
                0x06007cb0                _raise_r
                0x06007e70                __sigtramp
                0x06007e10                raise
                0x06007e50                _init_signal
                0x06007d90                __sigtramp_r
                0x06007e30                signal
                0x06007c20                _signal_r
                0x06007bd0                _init_signal_r
 .text          0x06007e90       0x60 c:/saturn/SH_COFF/sh-coff/bin/../lib/gcc/sh-coff/3.4-GNUSH_v0501/../../../../sh-coff/lib/m2\libc.a(signalr.o)
                0x06007ee0                _getpid_r
                0x06007e90                _kill_r
 .text          0x06007ef0       0x70 c:/saturn/SH_COFF/sh-coff/bin/../lib/gcc/sh-coff/3.4-GNUSH_v0501/m2\libgcc.a(_udivsi3.o)
                0x06007f12                __udivsi3
 *(.strings)
                0x06007f60                __etext = .

SLPROG          0x06007f60    0x102d0
                0x06007f60                __slprog_start = .
 *(SLPROG)
 SLPROG         0x06007f60     0x6540 C:\saturn\sgl302j/lib/sglarea.o
                0x06007f7c                SpriteBuf
                0x06007fa0                RemainEvent
                0x06007f6c                SortList
                0x06007f6a                MaxPolygons
                0x06007f88                CommandBuf
                0x06007f9c                MaxWorks
                0x06007f9e                WorkSize
                0x06007f94                PCM_WkSize
                0x06007f8c                CLOfstBuf
                0x060080a0                RemainWork
                0x06007f90                PCM_Work
                0x06007f60                MasterStack
                0x06007f64                SlaveStack
                0x06007f68                MaxVertices
                0x06007f98                MaxEvents
                0x06007f78                Zbuffer
                0x06007f80                SpriteBufSize
                0x0600a4a0                WorkBuf
                0x06007f74                TransList
                0x06007f84                Pbuffer
                0x06007f70                SortListSize
                0x06007f9a                EventSize
                0x060084a0                EventBuf
 SLPROG         0x0600e4a0      0xfc8 C:\saturn\sgl302j/lib\libsgl.a(sglH00.o)
                0x0600e53c                slSetPortData1
                0x0600e52c                slGetPortData1
                0x0600ed1a                slSetPortMode1
                0x0600ef54                Smpc_Status
                0x0600e4f2                slSetPortDir2
                0x0600eb38                slSmpcCashSend
                0x0600e558                slGetPortSelect1
                0x0600e93e                slIntBackCancel
                0x0600e5f0                slSetPortExt1
                0x0600ed00                slGetPortMode1
                0x0600ebf4                slSmpcCashBlow
                0x0600eee4                slRequestCommand
                0x0600ef84                SmpcStatusBuf
                0x0600e546                slSetPortData2
                0x0600e8a6                slSetResultBuffer
                0x0600e5dc                slGetPortExt1
                0x0600e620                slSetPortExt2
                0x0600e4c0                slGetPortDir2
                0x0600e5e6                slGetPortExt2
                0x0600e972                slClearReset
                0x0600e968                slCheckReset
                0x0600e4c8                slSetPortDir1
                0x0600e5a0                slSetPortSelect2
                0x0600e56c                slSetPortSelect1
                0x0600ed0c                slGetPortMode2
                0x0600e562                slGetPortSelect2
                0x0600e4b8                slGetPortDir1
                0x0600e534                slGetPortData2
                0x0600ecda                slSetOptimize
                0x0600ecd0                slGetOptimize
                0x0600e794                slSmpcDirectAccess
                0x0600ef62                Per_Connect1
                0x0600e814                slInitPeripheral
                0x0600e932                slCheckIntBackSet
                0x0600ef63                Per_Connect2
                0x0600ef5c                Smpc_Peripheral
                0x0600ed58                slSetPortMode2
                0x0600ef58                Smpc_Result
 *fill*         0x0600f468        0x8 00
 SLPROG         0x0600f470       0x4e C:\saturn\sgl302j/lib\libsgl.a(sglF00.o)
                0x0600f48a                slLocate
                0x0600f480                slCurColor
                0x0600f4bc                CurrentScreen
                0x0600f470                slCurScrn
 *fill*         0x0600f4be        0x2 00
 SLPROG         0x0600f4c0       0x1c C:\saturn\sgl302j/lib\libsgl.a(sglF05.o)
                0x0600f4c0                slPrint
 *fill*         0x0600f4dc        0x4 00
 SLPROG         0x0600f4e0      0x12a C:\saturn\sgl302j/lib\libsgl.a(sglF03.o)
                0x0600f4e0                slPrintFX
 *fill*         0x0600f60a        0x6 00
 SLPROG         0x0600f610      0x40c C:\saturn\sgl302j/lib\libsgl.a(sglB015.o)
                0x0600f610                slScrAutoDisp
 *fill*         0x0600fa1c        0x4 00
 SLPROG         0x0600fa20      0x3a4 C:\saturn\sgl302j/lib\libsgl.a(sglI01.o)
                0x0600fc0a                RetPCMBuf
                0x0600fd44                Sound_Buf
                0x0600fa20                slInitSynch
                0x0600fb30                slRandom
                0x0600fca4                PCM_Buf
                0x0600fa3a                slSynch
                0x0600fb4e                PCM_EndCheck
 *fill*         0x0600fdc4        0xc 00
 SLPROG         0x0600fdd0     0x411e C:\saturn\sgl302j/lib\libsgl.a(sglA01.o)
                0x0600feac                sin_cos_index_tbl
                0x0600fdd0                slSin
                0x0600feec                sin_tbl
                0x0600fe18                GetSinCos
                0x0600fdf4                slCos
 *fill*         0x06013eee        0x2 00
 SLPROG         0x06013ef0       0x3c C:\saturn\sgl302j/lib\libsgl.a(sglF02.o)
                0x06013ef0                slPrintHex
 *fill*         0x06013f2c        0x4 00
 SLPROG         0x06013f30       0xfa C:\saturn\sgl302j/lib\libsgl.a(sglC06.o)
                0x06013f30                slDispSprite
 *fill*         0x0601402a        0x6 00
 SLPROG         0x06014030        0xa C:\saturn\sgl302j/lib\libsgl.a(sglA06.o)
                0x06014030                slMulFX
 *fill*         0x0601403a        0x6 00
 SLPROG         0x06014040       0x20 C:\saturn\sgl302j/lib\libsgl.a(sglB001.o)
                0x06014040                slTVOn
                0x0601404a                slTVOff
 SLPROG         0x06014060       0x84 C:\saturn\sgl302j/lib\libsgl.a(sglD00.o)
                0x06014060                slDMACopy
                0x06014060                slCpuDMACopy
                0x060140ba                slCashPurge
                0x060140ba                CSH_AllClr
 *fill*         0x060140e4        0xc 00
 SLPROG         0x060140f0       0x1e C:\saturn\sgl302j/lib\libsgl.a(sglB002.o)
                0x060140f0                slColRAMMode
 *fill*         0x0601410e        0x2 00
 SLPROG         0x06014110        0xc C:\saturn\sgl302j/lib\libsgl.a(sglB016.o)
                0x06014110                slBack1ColSet
 *fill*         0x0601411c        0x4 00
 SLPROG         0x06014120      0x114 C:\saturn\sgl302j/lib\libsgl.a(sglB200.o)
                0x0601412c                slCharNbg0
                0x06014172                slPageRbg0
                0x06014188                slPageNbg1
                0x06014138                slCharNbg1
                0x060141a4                slPageNbg0
                0x06014190                slPageNbg2
                0x06014198                slPageNbg3
                0x06014144                slCharNbg2
                0x0601415a                slCharNbg3
                0x06014120                slCharRbg0
 *fill*         0x06014234        0xc 00
 SLPROG         0x06014240       0x10 C:\saturn\sgl302j/lib\libsgl.a(sglB058.o)
                0x06014240                slPlaneNbg3
 SLPROG         0x06014250       0xb4 C:\saturn\sgl302j/lib\libsgl.a(sglB034.o)
                0x06014250                slMapNbg3
 *fill*         0x06014304        0xc 00
 SLPROG         0x06014310       0x10 C:\saturn\sgl302j/lib\libsgl.a(sglB073.o)
                0x06014310                slScrPosNbg3
 SLPROG         0x06014320        0xc C:\saturn\sgl302j/lib\libsgl.a(sglB063.o)
                0x06014320                slPriority
 *fill*         0x0601432c        0x4 00
 SLPROG         0x06014330       0x10 C:\saturn\sgl302j/lib\libsgl.a(sglB020.o)
                0x06014330                slColorCalc
 SLPROG         0x06014340        0xc C:\saturn\sgl302j/lib\libsgl.a(sglB023.o)
                0x06014340                slColRate
 *fill*         0x0601434c        0x4 00
 SLPROG         0x06014350        0xc C:\saturn\sgl302j/lib\libsgl.a(sglB056.o)
                0x06014350                slPlaneNbg1
 *fill*         0x0601435c        0x4 00
 SLPROG         0x06014360       0xb4 C:\saturn\sgl302j/lib\libsgl.a(sglB032.o)
                0x06014360                slMapNbg1
 *fill*         0x06014414        0xc 00
 SLPROG         0x06014420        0xc C:\saturn\sgl302j/lib\libsgl.a(sglB090.o)
                0x06014420                slLineScrollMode
 *fill*         0x0601442c        0x4 00
 SLPROG         0x06014430        0x8 C:\saturn\sgl302j/lib\libsgl.a(sglB088.o)
                0x06014430                slLineScrollTable1
 *fill*         0x06014438        0x8 00
 SLPROG         0x06014440        0xc C:\saturn\sgl302j/lib\libsgl.a(sglB071.o)
                0x06014440                slScrPosNbg1
 *fill*         0x0601444c        0x4 00
 SLPROG         0x06014450       0x10 C:\saturn\sgl302j/lib\libsgl.a(sglB057.o)
                0x06014450                slPlaneNbg2
 SLPROG         0x06014460       0xb0 C:\saturn\sgl302j/lib\libsgl.a(sglB033.o)
                0x06014460                slMapNbg2
 SLPROG         0x06014510       0x10 C:\saturn\sgl302j/lib\libsgl.a(sglB072.o)
                0x06014510                slScrPosNbg2
 SLPROG         0x06014520       0x20 C:\saturn\sgl302j/lib\libsgl.a(sglA00.o)
                0x06014534                get_imask
                0x06014520                set_imask
                0x06014520                _builtin_set_imask
                0x06014534                _builtin_get_imask
 SLPROG         0x06014540       0x74 C:\saturn\sgl302j/lib\libsgl.a(sglJ00.o)
                0x06014540                InitSlaveSH
                0x060145a8                SlaveCommand
 *fill*         0x060145b4        0xc 00
 SLPROG         0x060145c0      0x42c C:\saturn\sgl302j/lib\libsgl.a(sglA20.o)
                0x060145c0                slInitMatrix
                0x060145de                slUnitMatrix
                0x060145ca                slPushUnitMatrix
 *fill*         0x060149ec        0x4 00
 SLPROG         0x060149f0      0xbd0 C:\saturn\sgl302j/lib\libsgl.a(sglB000.o)
                0x060149f0                slInitScroll
                0x06014c50                TVSizeTbl
                0x06014b40                setASC_4to8
                0x06014cd0                TVModeTbl
                0x06014b10                setASC_1to8
                0x06014ea8                SGL_ASCII_CG
 SLPROG         0x060155c0      0x3d0 C:\saturn\sgl302j/lib\libsgl.a(sglJ01.o)
                0x060155c0                SlaveControl
                0x0601597c                ErasePolygonData
 SLPROG         0x06015990      0x75c C:\saturn\sgl302j/lib\libsgl.a(sglI00.o)
                0x06015c80                slInitInterrupt
 *fill*         0x060160ec        0x4 00
 SLPROG         0x060160f0      0x134 C:\saturn\sgl302j/lib\libsgl.a(sglC00.o)
                0x060160f0                slInitSprite
 *fill*         0x06016224        0xc 00
 SLPROG         0x06016230      0x470 C:\saturn\sgl302j/lib\libsgl.a(sglH02.o)
                0x06016620                smpc_pfr_tbl
                0x06016660                smpc_ptf_tbl
 SLPROG         0x060166a0       0x60 C:\saturn\sgl302j/lib\libsgl.a(sglH04.o)
                0x060166ca                slComPrmSetTime
                0x060166a0                slComPrmIntBack
                0x060166b4                slComPrmSetMemory
 SLPROG         0x06016700       0x40 C:\saturn\sgl302j/lib\libsgl.a(sglC20.o)
                0x06016700                SpriteEntry
 SLPROG         0x06016740       0xd4 C:\saturn\sgl302j/lib\libsgl.a(sglB035.o)
                0x06016740                sl1MapRA
                0x060167d2                rbank_set
 *fill*         0x06016814        0xc 00
 SLPROG         0x06016820      0x140 C:\saturn\sgl302j/lib\libsgl.a(sglJ03.o)
                0x06016820                sbMakeDMATable
 SLPROG         0x06016960     0x12b8 C:\saturn\sgl302j/lib\libsgl.a(sglJ02.o)
                0x06017b94                stvtc_1
                0x060178cc                stvtc_4
                0x0601788c                SetPolygon
                0x06017984                stvtc_3
                0x06017bbc                stvtc_0
                0x06017894                SetPosition
                0x06016b48                sbCalcPolygon
                0x06017880                SetTexture
                0x06016960                sbMakePolygon
                0x06017ba8                stvtc_2
 *fill*         0x06017c18        0x8 00
 SLPROG         0x06017c20      0x470 C:\saturn\sgl302j/lib\libsgl.a(sglJ04.o)
                0x06017ce4                sbMakeRotSprite
                0x06017c7e                sbMakeSprite
 SLPROG         0x06018090       0x3c C:\saturn\sgl302j/lib\libsgl.a(sglJ05.o)
                0x06018090                sbSortEntry
 *fill*         0x060180cc        0x4 00
 SLPROG         0x060180d0       0xf0 C:\saturn\sgl302j/lib\libsgl.a(sglH03.o)
                0x06018134                slSmpcIntBack
 SLPROG         0x060181c0       0x6a C:\saturn\sgl302j/lib\libsgl.a(sglM01.o)
                0x060181ec                slSetDepthTbl
                0x0601821c                DepthWorkArea
                0x060181c0                slSetDepthLimit
                0x0601822a                __slprog_end = .

.tors           0x06018230        0x0
                0x06018230                ___ctors = .
 *(.ctors)
                0x06018230                ___ctors_end = .
                0x06018230                ___dtors = .
 *(.dtors)
                0x06018230                ___dtors_end = .

.data           0x06018230     0xe6b0
 *(.data)
 .data          0x06018230       0x50 main.o
                0x06018230                spritepos2
                0x06018270                spritepos1
 .data          0x06018280     0xddd0 assets.o
                0x06019080                pal_cloud
                0x06018280                pal_gradient
                0x06023670                texture_sprites010
                0x06022df0                texture_sprites022
                0x060235f0                texture_sprites011
                0x06018c80                cel_gradient
                0x06023770                texture_sprites008
                0x060234f0                texture_sprites013
                0x06022c80                pic_sprites
                0x06018480                map_gradient
                0x06020280                map_map2
                0x06023b70                texture_sprites003
                0x060233f0                texture_sprites015
                0x06022d38                tex_sprites
                0x06023370                texture_sprites016
                0x060236f0                texture_sprites009
                0x06023d70                texture_sprites002
                0x06024050                texture_sprites000
                0x06019a80                cel_cloud
                0x0601af80                cel_road
                0x06023470                texture_sprites014
                0x060232f0                texture_sprites017
                0x060231f0                texture_sprites019
                0x0601a780                map_road
                0x06023af0                texture_sprites004
                0x06023fd0                texture_sprites001
                0x06021480                map_face
                0x0601a580                pal_road
                0x06020a80                map_map1
                0x06023570                texture_sprites012
                0x06023870                texture_sprites006
                0x06023270                texture_sprites018
                0x06022ff0                texture_sprites021
                0x060237f0                texture_sprites007
                0x06021280                pal_face
                0x06021c80                cel_face
                0x06019280                map_cloud
                0x060238f0                texture_sprites005
 .data          0x06026050       0x80 game.o
                0x06026050                bgMode
                0x0602609e                SCLERA_ATTR
                0x0602608a                SHOT_ATTR
                0x0602606c                SPR_SIZE
                0x06026094                CIRCLE_ATTR
                0x06026054                scale
                0x060260a8                EYE_ATTR
                0x06026080                PUSH_ATTR
                0x06026058                SPR_ATTRS
                0x060260b2                PLAYER_ATTR
 .data          0x060260d0       0x80 C:\saturn\sgl302j/lib\libsgl.a(sglIc0.o)
                0x060260d0                IntPrioMask
 .data          0x06026150      0x380 c:/saturn/SH_COFF/sh-coff/bin/../lib/gcc/sh-coff/3.4-GNUSH_v0501/../../../../sh-coff/lib/m2\libc.a(impure.o)
                0x060264cc                _impure_ptr
 .data          0x060264d0      0x410 c:/saturn/SH_COFF/sh-coff/bin/../lib/gcc/sh-coff/3.4-GNUSH_v0501/../../../../sh-coff/lib/m2\libc.a(mallocr.o)
                0x060264d8                __malloc_av_
                0x060264d4                __malloc_trim_threshold
                0x060264d0                __malloc_sbrk_base
                0x060268e0                __edata = .

.bss            0x060268e0     0x2734
                0x060268e0                __bstart = .
 *(.bss)
 .bss           0x060268e0      0x200 assets.o
                0x060268e0                texture_sprites020
 .bss           0x06026ae0       0x20 game.o
                0x06026ae0                screenY
                0x06026ae4                screenX
                0x06026ae8                scaleSpeed
                0x06026aec                playerState
 .bss           0x06026b00       0x10 linescroll.o
 .bss           0x06026b10       0x10 tilemap.o
 .bss           0x06026b20       0x10 c:/saturn/SH_COFF/sh-coff/bin/../lib/gcc/sh-coff/3.4-GNUSH_v0501/m2\libgcc.a(__main.o)
 .bss           0x06026b30       0x10 c:/saturn/SH_COFF/sh-coff/bin/../lib/gcc/sh-coff/3.4-GNUSH_v0501/../../../../sh-coff/lib/m2\libc.a(atexit.o)
 .bss           0x06026b40       0x40 c:/saturn/SH_COFF/sh-coff/bin/../lib/gcc/sh-coff/3.4-GNUSH_v0501/../../../../sh-coff/lib/m2\libc.a(mallocr.o)
                0x06026b70                __malloc_top_pad
                0x06026b40                __malloc_current_mallinfo
                0x06026b6c                __malloc_max_sbrked_mem
                0x06026b68                __malloc_max_total_mem
 .bss           0x06026b80       0x10 c:/saturn/SH_COFF/sh-coff/bin/../lib/gcc/sh-coff/3.4-GNUSH_v0501/../../../../sh-coff/lib/m2\libc.a(syscalls.o)
 *(COMMON)
 COMMON         0x06026b90     0x2471 game.o
                                  0x0 (size before relaxing)
                0x06026b90                sprites
                0x060287b0                numSprites
                0x060287c0                playfield
                0x06028fc0                eye1Index
                0x06028fd0                defaultSprite
                0x06028ff4                bgLayers
                0x06028ff8                eye2Index
                0x06028ffc                gameState
                0x06029000                dispFace
 *fill*         0x06029001        0xf 00
 COMMON         0x06029010        0x4 c:/saturn/SH_COFF/sh-coff/bin/../lib/gcc/sh-coff/3.4-GNUSH_v0501/../../../../sh-coff/lib/m2\libc.a(syscalls.o)
                                  0x0 (size before relaxing)
                0x06029010                errno
                0x06029014                __bend = .
                0x06029014                _end = .
LOAD C:\saturn\sgl302j\SAMPLE\common/cinit.o
LOAD C:\saturn\sgl302j/lib/sglarea.o
LOAD main.o
LOAD assets.o
LOAD game.o
LOAD linescroll.o
LOAD scrollfunctions.o
LOAD spritelist.o
LOAD tilemap.o
LOAD C:\saturn\sgl302j/lib\libsgl.a
LOAD c:/saturn/SH_COFF/sh-coff/bin/../lib/gcc/sh-coff/3.4-GNUSH_v0501/m2\libgcc.a
LOAD c:/saturn/SH_COFF/sh-coff/bin/../lib/gcc/sh-coff/3.4-GNUSH_v0501/../../../../sh-coff/lib/m2\libc.a
LOAD c:/saturn/SH_COFF/sh-coff/bin/../lib/gcc/sh-coff/3.4-GNUSH_v0501/m2\libgcc.a
OUTPUT(sl.coff coff-sh)

.comment        0x06029020      0x3a0
 .comment       0x06029020       0x20 C:\saturn\sgl302j\SAMPLE\common/cinit.o
 .comment       0x06029040       0x20 main.o
 .comment       0x06029060       0x20 assets.o
 .comment       0x06029080       0x20 game.o
 .comment       0x060290a0       0x20 linescroll.o
 .comment       0x060290c0       0x20 scrollfunctions.o
 .comment       0x060290e0       0x20 spritelist.o
 .comment       0x06029100       0x20 tilemap.o
 .comment       0x06029120       0x20 c:/saturn/SH_COFF/sh-coff/bin/../lib/gcc/sh-coff/3.4-GNUSH_v0501/m2\libgcc.a(__main.o)
 .comment       0x06029140       0x20 c:/saturn/SH_COFF/sh-coff/bin/../lib/gcc/sh-coff/3.4-GNUSH_v0501/m2\libgcc.a(_si_to_df.o)
 .comment       0x06029160       0x20 c:/saturn/SH_COFF/sh-coff/bin/../lib/gcc/sh-coff/3.4-GNUSH_v0501/m2\libgcc.a(_mul_df.o)
 .comment       0x06029180       0x20 c:/saturn/SH_COFF/sh-coff/bin/../lib/gcc/sh-coff/3.4-GNUSH_v0501/m2\libgcc.a(_div_df.o)
 .comment       0x060291a0       0x20 c:/saturn/SH_COFF/sh-coff/bin/../lib/gcc/sh-coff/3.4-GNUSH_v0501/m2\libgcc.a(_df_to_si.o)
 .comment       0x060291c0       0x20 c:/saturn/SH_COFF/sh-coff/bin/../lib/gcc/sh-coff/3.4-GNUSH_v0501/m2\libgcc.a(_pack_df.o)
 .comment       0x060291e0       0x20 c:/saturn/SH_COFF/sh-coff/bin/../lib/gcc/sh-coff/3.4-GNUSH_v0501/m2\libgcc.a(_unpack_df.o)
 .comment       0x06029200       0x20 c:/saturn/SH_COFF/sh-coff/bin/../lib/gcc/sh-coff/3.4-GNUSH_v0501/m2\libgcc.a(_thenan_df.o)
 .comment       0x06029220       0x20 c:/saturn/SH_COFF/sh-coff/bin/../lib/gcc/sh-coff/3.4-GNUSH_v0501/m2\libgcc.a(_lshrdi3.o)
 .comment       0x06029240       0x20 c:/saturn/SH_COFF/sh-coff/bin/../lib/gcc/sh-coff/3.4-GNUSH_v0501/m2\libgcc.a(_ashldi3.o)
 .comment       0x06029260       0x20 c:/saturn/SH_COFF/sh-coff/bin/../lib/gcc/sh-coff/3.4-GNUSH_v0501/../../../../sh-coff/lib/m2\libc.a(atexit.o)
 .comment       0x06029280       0x20 c:/saturn/SH_COFF/sh-coff/bin/../lib/gcc/sh-coff/3.4-GNUSH_v0501/../../../../sh-coff/lib/m2\libc.a(impure.o)
 .comment       0x060292a0       0x20 c:/saturn/SH_COFF/sh-coff/bin/../lib/gcc/sh-coff/3.4-GNUSH_v0501/../../../../sh-coff/lib/m2\libc.a(malloc.o)
 .comment       0x060292c0       0x20 c:/saturn/SH_COFF/sh-coff/bin/../lib/gcc/sh-coff/3.4-GNUSH_v0501/../../../../sh-coff/lib/m2\libc.a(mallocr.o)
 .comment       0x060292e0       0x20 c:/saturn/SH_COFF/sh-coff/bin/../lib/gcc/sh-coff/3.4-GNUSH_v0501/../../../../sh-coff/lib/m2\libc.a(freer.o)
 .comment       0x06029300       0x20 c:/saturn/SH_COFF/sh-coff/bin/../lib/gcc/sh-coff/3.4-GNUSH_v0501/../../../../sh-coff/lib/m2\libc.a(mlock.o)
 .comment       0x06029320       0x20 c:/saturn/SH_COFF/sh-coff/bin/../lib/gcc/sh-coff/3.4-GNUSH_v0501/../../../../sh-coff/lib/m2\libc.a(sbrkr.o)
 .comment       0x06029340       0x20 c:/saturn/SH_COFF/sh-coff/bin/../lib/gcc/sh-coff/3.4-GNUSH_v0501/../../../../sh-coff/lib/m2\libc.a(syscalls.o)
 .comment       0x06029360       0x20 c:/saturn/SH_COFF/sh-coff/bin/../lib/gcc/sh-coff/3.4-GNUSH_v0501/../../../../sh-coff/lib/m2\libc.a(abort.o)
 .comment       0x06029380       0x20 c:/saturn/SH_COFF/sh-coff/bin/../lib/gcc/sh-coff/3.4-GNUSH_v0501/../../../../sh-coff/lib/m2\libc.a(signal.o)
 .comment       0x060293a0       0x20 c:/saturn/SH_COFF/sh-coff/bin/../lib/gcc/sh-coff/3.4-GNUSH_v0501/../../../../sh-coff/lib/m2\libc.a(signalr.o)
