Archive member included because of file (symbol)

C:\saturn\sgl302j/lib\libsgl.a(sglIc0.o)
                              main.o (slInitSystem)
C:\saturn\sgl302j/lib\libsgl.a(sglH00.o)
                              C:\saturn\sgl302j/lib\libsgl.a(sglIc0.o) (slInitPeripheral)
C:\saturn\sgl302j/lib\libsgl.a(sglF00.o)
                              game.o (slLocate)
C:\saturn\sgl302j/lib\libsgl.a(sglF05.o)
                              game.o (slPrint)
C:\saturn\sgl302j/lib\libsgl.a(sglF03.o)
                              game.o (slPrintFX)
C:\saturn\sgl302j/lib\libsgl.a(sglB015.o)
                              game.o (slScrAutoDisp)
C:\saturn\sgl302j/lib\libsgl.a(sglI01.o)
                              C:\saturn\sgl302j/lib\libsgl.a(sglIc0.o) (slInitSynch)
C:\saturn\sgl302j/lib\libsgl.a(sglA01.o)
                              game.o (slSin)
C:\saturn\sgl302j/lib\libsgl.a(sglF02.o)
                              game.o (slPrintHex)
C:\saturn\sgl302j/lib\libsgl.a(sglC06.o)
                              game.o (slDispSprite)
C:\saturn\sgl302j/lib\libsgl.a(sglA06.o)
                              game.o (slMulFX)
C:\saturn\sgl302j/lib\libsgl.a(sglB001.o)
                              game.o (slTVOn)
C:\saturn\sgl302j/lib\libsgl.a(sglD00.o)
                              game.o (slDMACopy)
C:\saturn\sgl302j/lib\libsgl.a(sglB002.o)
                              game.o (slColRAMMode)
C:\saturn\sgl302j/lib\libsgl.a(sglB016.o)
                              game.o (slBack1ColSet)
C:\saturn\sgl302j/lib\libsgl.a(sglB200.o)
                              linescroll.o (slCharNbg1)
C:\saturn\sgl302j/lib\libsgl.a(sglB058.o)
                              game.o (slPlaneNbg3)
C:\saturn\sgl302j/lib\libsgl.a(sglB034.o)
                              game.o (slMapNbg3)
C:\saturn\sgl302j/lib\libsgl.a(sglB073.o)
                              game.o (slScrPosNbg3)
C:\saturn\sgl302j/lib\libsgl.a(sglB063.o)
                              game.o (slPriority)
C:\saturn\sgl302j/lib\libsgl.a(sglB020.o)
                              game.o (slColorCalc)
C:\saturn\sgl302j/lib\libsgl.a(sglB023.o)
                              game.o (slColRate)
C:\saturn\sgl302j/lib\libsgl.a(sglB056.o)
                              linescroll.o (slPlaneNbg1)
C:\saturn\sgl302j/lib\libsgl.a(sglB032.o)
                              linescroll.o (slMapNbg1)
C:\saturn\sgl302j/lib\libsgl.a(sglB090.o)
                              linescroll.o (slLineScrollMode)
C:\saturn\sgl302j/lib\libsgl.a(sglB088.o)
                              linescroll.o (slLineScrollTable1)
C:\saturn\sgl302j/lib\libsgl.a(sglB071.o)
                              linescroll.o (slScrPosNbg1)
C:\saturn\sgl302j/lib\libsgl.a(sglB057.o)
                              tilemap.o (slPlaneNbg2)
C:\saturn\sgl302j/lib\libsgl.a(sglB033.o)
                              tilemap.o (slMapNbg2)
C:\saturn\sgl302j/lib\libsgl.a(sglB072.o)
                              tilemap.o (slScrPosNbg2)
C:\saturn\sgl302j/lib\libsgl.a(sglA00.o)
                              C:\saturn\sgl302j/lib\libsgl.a(sglIc0.o) (_builtin_set_imask)
C:\saturn\sgl302j/lib\libsgl.a(sglK01.o)
                              C:\saturn\sgl302j/lib\libsgl.a(sglIc0.o) (SynchCount)
C:\saturn\sgl302j/lib\libsgl.a(sglJ00.o)
                              C:\saturn\sgl302j/lib\libsgl.a(sglIc0.o) (InitSlaveSH)
C:\saturn\sgl302j/lib\libsgl.a(sglA20.o)
                              C:\saturn\sgl302j/lib\libsgl.a(sglIc0.o) (slInitMatrix)
C:\saturn\sgl302j/lib\libsgl.a(sglB000.o)
                              C:\saturn\sgl302j/lib\libsgl.a(sglIc0.o) (slInitScroll)
C:\saturn\sgl302j/lib\libsgl.a(sglJ01.o)
                              C:\saturn\sgl302j/lib\libsgl.a(sglIc0.o) (SlaveControl)
C:\saturn\sgl302j/lib\libsgl.a(sglI00.o)
                              C:\saturn\sgl302j/lib\libsgl.a(sglIc0.o) (slInitInterrupt)
C:\saturn\sgl302j/lib\libsgl.a(sglC00.o)
                              C:\saturn\sgl302j/lib\libsgl.a(sglIc0.o) (slInitSprite)
C:\saturn\sgl302j/lib\libsgl.a(sglH02.o)
                              C:\saturn\sgl302j/lib\libsgl.a(sglH00.o) (smpc_pfr_tbl)
C:\saturn\sgl302j/lib\libsgl.a(sglH04.o)
                              C:\saturn\sgl302j/lib\libsgl.a(sglH00.o) (slComPrmIntBack)
C:\saturn\sgl302j/lib\libsgl.a(sglC20.o)
                              C:\saturn\sgl302j/lib\libsgl.a(sglC06.o) (SpriteEntry)
C:\saturn\sgl302j/lib\libsgl.a(sglB035.o)
                              C:\saturn\sgl302j/lib\libsgl.a(sglB200.o) (rbank_set)
C:\saturn\sgl302j/lib\libsgl.a(sglJ03.o)
                              C:\saturn\sgl302j/lib\libsgl.a(sglJ01.o) (sbMakeDMATable)
C:\saturn\sgl302j/lib\libsgl.a(sglJ02.o)
                              C:\saturn\sgl302j/lib\libsgl.a(sglJ01.o) (sbMakePolygon)
C:\saturn\sgl302j/lib\libsgl.a(sglJ04.o)
                              C:\saturn\sgl302j/lib\libsgl.a(sglJ01.o) (sbMakeSprite)
C:\saturn\sgl302j/lib\libsgl.a(sglJ05.o)
                              C:\saturn\sgl302j/lib\libsgl.a(sglJ01.o) (sbSortEntry)
C:\saturn\sgl302j/lib\libsgl.a(sglH03.o)
                              C:\saturn\sgl302j/lib\libsgl.a(sglI00.o) (slSmpcIntBack)
C:\saturn\sgl302j/lib\libsgl.a(sglM01.o)
                              C:\saturn\sgl302j/lib\libsgl.a(sglJ02.o) (DepthWorkArea)
c:/saturn/SH_COFF/sh-coff/bin/../lib/gcc/sh-coff/3.4-GNUSH_v0501/m2\libgcc.a(__main.o)
                              C:\saturn\sgl302j\SAMPLE\common/cinit.o (__main)
c:/saturn/SH_COFF/sh-coff/bin/../lib/gcc/sh-coff/3.4-GNUSH_v0501/m2\libgcc.a(_si_to_df.o)
                              game.o (__floatsidf)
c:/saturn/SH_COFF/sh-coff/bin/../lib/gcc/sh-coff/3.4-GNUSH_v0501/m2\libgcc.a(_mul_df.o)
                              game.o (__muldf3)
c:/saturn/SH_COFF/sh-coff/bin/../lib/gcc/sh-coff/3.4-GNUSH_v0501/m2\libgcc.a(_div_df.o)
                              game.o (__divdf3)
c:/saturn/SH_COFF/sh-coff/bin/../lib/gcc/sh-coff/3.4-GNUSH_v0501/m2\libgcc.a(_df_to_si.o)
                              game.o (__fixdfsi)
c:/saturn/SH_COFF/sh-coff/bin/../lib/gcc/sh-coff/3.4-GNUSH_v0501/m2\libgcc.a(_ashiftrt_n.o)
                              game.o (__ashrsi3)
c:/saturn/SH_COFF/sh-coff/bin/../lib/gcc/sh-coff/3.4-GNUSH_v0501/m2\libgcc.a(_pack_df.o)
                              c:/saturn/SH_COFF/sh-coff/bin/../lib/gcc/sh-coff/3.4-GNUSH_v0501/m2\libgcc.a(_si_to_df.o) (__pack_d)
c:/saturn/SH_COFF/sh-coff/bin/../lib/gcc/sh-coff/3.4-GNUSH_v0501/m2\libgcc.a(_unpack_df.o)
                              c:/saturn/SH_COFF/sh-coff/bin/../lib/gcc/sh-coff/3.4-GNUSH_v0501/m2\libgcc.a(_mul_df.o) (__unpack_d)
c:/saturn/SH_COFF/sh-coff/bin/../lib/gcc/sh-coff/3.4-GNUSH_v0501/m2\libgcc.a(_thenan_df.o)
                              c:/saturn/SH_COFF/sh-coff/bin/../lib/gcc/sh-coff/3.4-GNUSH_v0501/m2\libgcc.a(_mul_df.o) (__thenan_df)
c:/saturn/SH_COFF/sh-coff/bin/../lib/gcc/sh-coff/3.4-GNUSH_v0501/m2\libgcc.a(_lshrdi3.o)
                              c:/saturn/SH_COFF/sh-coff/bin/../lib/gcc/sh-coff/3.4-GNUSH_v0501/m2\libgcc.a(_df_to_si.o) (__lshrdi3)
c:/saturn/SH_COFF/sh-coff/bin/../lib/gcc/sh-coff/3.4-GNUSH_v0501/m2\libgcc.a(_ashldi3.o)
                              c:/saturn/SH_COFF/sh-coff/bin/../lib/gcc/sh-coff/3.4-GNUSH_v0501/m2\libgcc.a(_pack_df.o) (__ashldi3)
c:/saturn/SH_COFF/sh-coff/bin/../lib/gcc/sh-coff/3.4-GNUSH_v0501/m2\libgcc.a(_ashiftlt.o)
                              c:/saturn/SH_COFF/sh-coff/bin/../lib/gcc/sh-coff/3.4-GNUSH_v0501/m2\libgcc.a(_lshrdi3.o) (__ashlsi3)
c:/saturn/SH_COFF/sh-coff/bin/../lib/gcc/sh-coff/3.4-GNUSH_v0501/m2\libgcc.a(_lshiftrt.o)
                              c:/saturn/SH_COFF/sh-coff/bin/../lib/gcc/sh-coff/3.4-GNUSH_v0501/m2\libgcc.a(_lshrdi3.o) (__lshrsi3)
c:/saturn/SH_COFF/sh-coff/bin/../lib/gcc/sh-coff/3.4-GNUSH_v0501/../../../../sh-coff/lib/m2\libc.a(memcpy.o)
                              game.o (memcpy)
c:/saturn/SH_COFF/sh-coff/bin/../lib/gcc/sh-coff/3.4-GNUSH_v0501/../../../../sh-coff/lib/m2\libc.a(memset.o)
                              spritelist.o (memset)
c:/saturn/SH_COFF/sh-coff/bin/../lib/gcc/sh-coff/3.4-GNUSH_v0501/../../../../sh-coff/lib/m2\libc.a(atexit.o)
                              c:/saturn/SH_COFF/sh-coff/bin/../lib/gcc/sh-coff/3.4-GNUSH_v0501/m2\libgcc.a(__main.o) (atexit)
c:/saturn/SH_COFF/sh-coff/bin/../lib/gcc/sh-coff/3.4-GNUSH_v0501/../../../../sh-coff/lib/m2\libc.a(impure.o)
                              c:/saturn/SH_COFF/sh-coff/bin/../lib/gcc/sh-coff/3.4-GNUSH_v0501/../../../../sh-coff/lib/m2\libc.a(atexit.o) (_impure_ptr)
c:/saturn/SH_COFF/sh-coff/bin/../lib/gcc/sh-coff/3.4-GNUSH_v0501/../../../../sh-coff/lib/m2\libc.a(malloc.o)
                              c:/saturn/SH_COFF/sh-coff/bin/../lib/gcc/sh-coff/3.4-GNUSH_v0501/../../../../sh-coff/lib/m2\libc.a(atexit.o) (malloc)
c:/saturn/SH_COFF/sh-coff/bin/../lib/gcc/sh-coff/3.4-GNUSH_v0501/../../../../sh-coff/lib/m2\libc.a(mallocr.o)
                              c:/saturn/SH_COFF/sh-coff/bin/../lib/gcc/sh-coff/3.4-GNUSH_v0501/../../../../sh-coff/lib/m2\libc.a(malloc.o) (_malloc_r)
c:/saturn/SH_COFF/sh-coff/bin/../lib/gcc/sh-coff/3.4-GNUSH_v0501/../../../../sh-coff/lib/m2\libc.a(freer.o)
                              c:/saturn/SH_COFF/sh-coff/bin/../lib/gcc/sh-coff/3.4-GNUSH_v0501/../../../../sh-coff/lib/m2\libc.a(malloc.o) (_free_r)
c:/saturn/SH_COFF/sh-coff/bin/../lib/gcc/sh-coff/3.4-GNUSH_v0501/../../../../sh-coff/lib/m2\libc.a(mlock.o)
                              c:/saturn/SH_COFF/sh-coff/bin/../lib/gcc/sh-coff/3.4-GNUSH_v0501/../../../../sh-coff/lib/m2\libc.a(mallocr.o) (__malloc_lock)
c:/saturn/SH_COFF/sh-coff/bin/../lib/gcc/sh-coff/3.4-GNUSH_v0501/../../../../sh-coff/lib/m2\libc.a(sbrkr.o)
                              c:/saturn/SH_COFF/sh-coff/bin/../lib/gcc/sh-coff/3.4-GNUSH_v0501/../../../../sh-coff/lib/m2\libc.a(mallocr.o) (_sbrk_r)
c:/saturn/SH_COFF/sh-coff/bin/../lib/gcc/sh-coff/3.4-GNUSH_v0501/../../../../sh-coff/lib/m2\libc.a(syscalls.o)
                              c:/saturn/SH_COFF/sh-coff/bin/../lib/gcc/sh-coff/3.4-GNUSH_v0501/../../../../sh-coff/lib/m2\libc.a(sbrkr.o) (_sbrk)
c:/saturn/SH_COFF/sh-coff/bin/../lib/gcc/sh-coff/3.4-GNUSH_v0501/../../../../sh-coff/lib/m2\libc.a(trap.o)
                              c:/saturn/SH_COFF/sh-coff/bin/../lib/gcc/sh-coff/3.4-GNUSH_v0501/../../../../sh-coff/lib/m2\libc.a(syscalls.o) (__trap34)
c:/saturn/SH_COFF/sh-coff/bin/../lib/gcc/sh-coff/3.4-GNUSH_v0501/../../../../sh-coff/lib/m2\libc.a(abort.o)
                              c:/saturn/SH_COFF/sh-coff/bin/../lib/gcc/sh-coff/3.4-GNUSH_v0501/../../../../sh-coff/lib/m2\libc.a(syscalls.o) (abort)
c:/saturn/SH_COFF/sh-coff/bin/../lib/gcc/sh-coff/3.4-GNUSH_v0501/../../../../sh-coff/lib/m2\libc.a(signal.o)
                              c:/saturn/SH_COFF/sh-coff/bin/../lib/gcc/sh-coff/3.4-GNUSH_v0501/../../../../sh-coff/lib/m2\libc.a(abort.o) (raise)
c:/saturn/SH_COFF/sh-coff/bin/../lib/gcc/sh-coff/3.4-GNUSH_v0501/../../../../sh-coff/lib/m2\libc.a(signalr.o)
                              c:/saturn/SH_COFF/sh-coff/bin/../lib/gcc/sh-coff/3.4-GNUSH_v0501/../../../../sh-coff/lib/m2\libc.a(signal.o) (_kill_r)
c:/saturn/SH_COFF/sh-coff/bin/../lib/gcc/sh-coff/3.4-GNUSH_v0501/m2\libgcc.a(_udivsi3.o)
                              c:/saturn/SH_COFF/sh-coff/bin/../lib/gcc/sh-coff/3.4-GNUSH_v0501/../../../../sh-coff/lib/m2\libc.a(freer.o) (__udivsi3)

Allocating common symbols
Common symbol       size              file

sprites             0x1c20            game.o
numSprites          0x1               game.o
playfield           0x800             game.o
eye1Index           0x4               game.o
defaultSprite       0x24              game.o
bgLayers            0x2               game.o
eye2Index           0x4               game.o
errno               0x4               c:/saturn/SH_COFF/sh-coff/bin/../lib/gcc/sh-coff/3.4-GNUSH_v0501/../../../../sh-coff/lib/m2\libc.a(syscalls.o)
gameState           0x4               game.o
dispFace            0x1               game.o

Memory Configuration

Name             Origin             Length             Attributes
*default*        0x00000000         0xffffffff

Linker script and memory map


SLSTART         0x06004000       0x30
                0x06004000                ___Start = .
 *(SLSTART)
 SLSTART        0x06004000       0x28 C:\saturn\sgl302j/lib\libsgl.a(sglI00.o)
                0x06004002                slStartSGL
                0x06004000                SGL_Start

.text           0x06004040     0x3ff0
 *(.text)
 .text          0x06004040       0x50 C:\saturn\sgl302j\SAMPLE\common/cinit.o
                0x06004040                main
 .text          0x06004090       0x70 main.o
                0x06004090                ss_main
 .text          0x06004100     0x16d0 game.o
                0x06004ff0                loadSpritePos
                0x06004fc0                loadLevel
                0x06005240                runLevel
 .text          0x060057d0      0x1f0 linescroll.o
                0x06005920                updateLinescroll
                0x060057d0                initLinescroll
 .text          0x060059c0       0xf0 scrollfunctions.o
                0x06005a60                MapRead
                0x06005a80                Pal2CRAM
                0x060059e0                Map2VRAM
                0x06005a40                MapWrite
                0x060059c0                Cel2VRAM
 .text          0x06005ab0       0xd0 spritelist.o
                0x06005b30                deleteSprite
                0x06005ab0                addSprite
                0x06005b60                clearSpriteList
 .text          0x06005b80      0x1c0 tilemap.o
                0x06005b80                initTilemap
                0x06005ce0                updateTilemap
 .text          0x06005d40      0x128 C:\saturn\sgl302j/lib\libsgl.a(sglIc0.o)
                0x06005d40                slInitSystem
 *fill*         0x06005e68        0x8 00
 .text          0x06005e70       0xc0 c:/saturn/SH_COFF/sh-coff/bin/../lib/gcc/sh-coff/3.4-GNUSH_v0501/m2\libgcc.a(__main.o)
                0x06005ef0                __main
                0x06005e70                __do_global_dtors
                0x06005eb0                __do_global_ctors
 .text          0x06005f30      0x110 c:/saturn/SH_COFF/sh-coff/bin/../lib/gcc/sh-coff/3.4-GNUSH_v0501/m2\libgcc.a(_si_to_df.o)
                0x06005f40                __floatsidf
 .text          0x06006040      0x2c0 c:/saturn/SH_COFF/sh-coff/bin/../lib/gcc/sh-coff/3.4-GNUSH_v0501/m2\libgcc.a(_mul_df.o)
                0x06006060                __muldf3
 .text          0x06006300      0x180 c:/saturn/SH_COFF/sh-coff/bin/../lib/gcc/sh-coff/3.4-GNUSH_v0501/m2\libgcc.a(_div_df.o)
                0x06006310                __divdf3
 .text          0x06006480       0x90 c:/saturn/SH_COFF/sh-coff/bin/../lib/gcc/sh-coff/3.4-GNUSH_v0501/m2\libgcc.a(_df_to_si.o)
                0x06006480                __fixdfsi
 .text          0x06006510       0x80 c:/saturn/SH_COFF/sh-coff/bin/../lib/gcc/sh-coff/3.4-GNUSH_v0501/m2\libgcc.a(_ashiftrt_n.o)
                0x06006510                __ashrsi3
 .text          0x06006590      0x270 c:/saturn/SH_COFF/sh-coff/bin/../lib/gcc/sh-coff/3.4-GNUSH_v0501/m2\libgcc.a(_pack_df.o)
                0x060065b0                __pack_d
 .text          0x06006800      0x160 c:/saturn/SH_COFF/sh-coff/bin/../lib/gcc/sh-coff/3.4-GNUSH_v0501/m2\libgcc.a(_unpack_df.o)
                0x06006820                __unpack_d
 .text          0x06006960       0x20 c:/saturn/SH_COFF/sh-coff/bin/../lib/gcc/sh-coff/3.4-GNUSH_v0501/m2\libgcc.a(_thenan_df.o)
                0x06006960                __thenan_df
 .text          0x06006980       0x90 c:/saturn/SH_COFF/sh-coff/bin/../lib/gcc/sh-coff/3.4-GNUSH_v0501/m2\libgcc.a(_lshrdi3.o)
                0x06006980                __lshrdi3
 .text          0x06006a10       0x90 c:/saturn/SH_COFF/sh-coff/bin/../lib/gcc/sh-coff/3.4-GNUSH_v0501/m2\libgcc.a(_ashldi3.o)
                0x06006a10                __ashldi3
 .text          0x06006aa0       0x90 c:/saturn/SH_COFF/sh-coff/bin/../lib/gcc/sh-coff/3.4-GNUSH_v0501/m2\libgcc.a(_ashiftlt.o)
                0x06006aa0                __ashlsi3
 .text          0x06006b30       0x90 c:/saturn/SH_COFF/sh-coff/bin/../lib/gcc/sh-coff/3.4-GNUSH_v0501/m2\libgcc.a(_lshiftrt.o)
                0x06006b30                __lshrsi3
 .text          0x06006bc0       0xa0 c:/saturn/SH_COFF/sh-coff/bin/../lib/gcc/sh-coff/3.4-GNUSH_v0501/../../../../sh-coff/lib/m2\libc.a(memcpy.o)
                0x06006bc0                memcpy
 .text          0x06006c60       0x40 c:/saturn/SH_COFF/sh-coff/bin/../lib/gcc/sh-coff/3.4-GNUSH_v0501/../../../../sh-coff/lib/m2\libc.a(memset.o)
                0x06006c60                memset
 .text          0x06006ca0       0xa0 c:/saturn/SH_COFF/sh-coff/bin/../lib/gcc/sh-coff/3.4-GNUSH_v0501/../../../../sh-coff/lib/m2\libc.a(atexit.o)
                0x06006ca0                atexit
 .text          0x06006d40       0x10 c:/saturn/SH_COFF/sh-coff/bin/../lib/gcc/sh-coff/3.4-GNUSH_v0501/../../../../sh-coff/lib/m2\libc.a(impure.o)
                0x06006d40                _global_impure_ptr
 .text          0x06006d50       0x40 c:/saturn/SH_COFF/sh-coff/bin/../lib/gcc/sh-coff/3.4-GNUSH_v0501/../../../../sh-coff/lib/m2\libc.a(malloc.o)
                0x06006d70                free
                0x06006d50                malloc
 .text          0x06006d90      0x680 c:/saturn/SH_COFF/sh-coff/bin/../lib/gcc/sh-coff/3.4-GNUSH_v0501/../../../../sh-coff/lib/m2\libc.a(mallocr.o)
                0x06006d90                _malloc_r
 .text          0x06007410      0x3b0 c:/saturn/SH_COFF/sh-coff/bin/../lib/gcc/sh-coff/3.4-GNUSH_v0501/../../../../sh-coff/lib/m2\libc.a(freer.o)
                0x06007410                _malloc_trim_r
                0x06007510                _free_r
 .text          0x060077c0       0x20 c:/saturn/SH_COFF/sh-coff/bin/../lib/gcc/sh-coff/3.4-GNUSH_v0501/../../../../sh-coff/lib/m2\libc.a(mlock.o)
                0x060077c0                __malloc_lock
                0x060077d0                __malloc_unlock
 .text          0x060077e0       0x50 c:/saturn/SH_COFF/sh-coff/bin/../lib/gcc/sh-coff/3.4-GNUSH_v0501/../../../../sh-coff/lib/m2\libc.a(sbrkr.o)
                0x060077e0                _sbrk_r
 .text          0x06007830      0x430 c:/saturn/SH_COFF/sh-coff/bin/../lib/gcc/sh-coff/3.4-GNUSH_v0501/../../../../sh-coff/lib/m2\libc.a(syscalls.o)
                0x060079e0                _exit
                0x06007a20                _getpid
                0x06007aa0                _utime
                0x06007870                _write
                0x06007830                _read
                0x060079c0                _unlink
                0x06007980                _open
                0x06007a40                _stat
                0x060079d0                isatty
                0x06007ae0                _wait
                0x06007a00                _kill
                0x06007a60                _chmod
                0x06007b20                _execv
                0x06007b00                _execve
                0x06007c20                __setup_argv_and_call_main
                0x06007b70                _gettimeofday
                0x060078b0                _link
                0x06007a30                _raise
                0x060079a0                _creat
                0x06007b40                _pipe
                0x06007a80                _chown
                0x06007850                _lseek
                0x06007890                _close
                0x06007b60                _times
                0x06007960                _fstat
                0x06007ac0                _fork
                0x060078e0                _sbrk
 .text          0x06007c60       0x20 c:/saturn/SH_COFF/sh-coff/bin/../lib/gcc/sh-coff/3.4-GNUSH_v0501/../../../../sh-coff/lib/m2\libc.a(trap.o)
                0x06007c60                __trap34
 .text          0x06007c80       0x20 c:/saturn/SH_COFF/sh-coff/bin/../lib/gcc/sh-coff/3.4-GNUSH_v0501/../../../../sh-coff/lib/m2\libc.a(abort.o)
                0x06007c80                abort
 .text          0x06007ca0      0x2c0 c:/saturn/SH_COFF/sh-coff/bin/../lib/gcc/sh-coff/3.4-GNUSH_v0501/../../../../sh-coff/lib/m2\libc.a(signal.o)
                0x06007d80                _raise_r
                0x06007f40                __sigtramp
                0x06007ee0                raise
                0x06007f20                _init_signal
                0x06007e60                __sigtramp_r
                0x06007f00                signal
                0x06007cf0                _signal_r
                0x06007ca0                _init_signal_r
 .text          0x06007f60       0x60 c:/saturn/SH_COFF/sh-coff/bin/../lib/gcc/sh-coff/3.4-GNUSH_v0501/../../../../sh-coff/lib/m2\libc.a(signalr.o)
                0x06007fb0                _getpid_r
                0x06007f60                _kill_r
 .text          0x06007fc0       0x70 c:/saturn/SH_COFF/sh-coff/bin/../lib/gcc/sh-coff/3.4-GNUSH_v0501/m2\libgcc.a(_udivsi3.o)
                0x06007fe2                __udivsi3
 *(.strings)
                0x06008030                __etext = .

SLPROG          0x06008040    0x102d0
                0x06008040                __slprog_start = .
 *(SLPROG)
 SLPROG         0x06008040     0x6540 C:\saturn\sgl302j/lib/sglarea.o
                0x0600805c                SpriteBuf
                0x06008080                RemainEvent
                0x0600804c                SortList
                0x0600804a                MaxPolygons
                0x06008068                CommandBuf
                0x0600807c                MaxWorks
                0x0600807e                WorkSize
                0x06008074                PCM_WkSize
                0x0600806c                CLOfstBuf
                0x06008180                RemainWork
                0x06008070                PCM_Work
                0x06008040                MasterStack
                0x06008044                SlaveStack
                0x06008048                MaxVertices
                0x06008078                MaxEvents
                0x06008058                Zbuffer
                0x06008060                SpriteBufSize
                0x0600a580                WorkBuf
                0x06008054                TransList
                0x06008064                Pbuffer
                0x06008050                SortListSize
                0x0600807a                EventSize
                0x06008580                EventBuf
 SLPROG         0x0600e580      0xfc8 C:\saturn\sgl302j/lib\libsgl.a(sglH00.o)
                0x0600e61c                slSetPortData1
                0x0600e60c                slGetPortData1
                0x0600edfa                slSetPortMode1
                0x0600f034                Smpc_Status
                0x0600e5d2                slSetPortDir2
                0x0600ec18                slSmpcCashSend
                0x0600e638                slGetPortSelect1
                0x0600ea1e                slIntBackCancel
                0x0600e6d0                slSetPortExt1
                0x0600ede0                slGetPortMode1
                0x0600ecd4                slSmpcCashBlow
                0x0600efc4                slRequestCommand
                0x0600f064                SmpcStatusBuf
                0x0600e626                slSetPortData2
                0x0600e986                slSetResultBuffer
                0x0600e6bc                slGetPortExt1
                0x0600e700                slSetPortExt2
                0x0600e5a0                slGetPortDir2
                0x0600e6c6                slGetPortExt2
                0x0600ea52                slClearReset
                0x0600ea48                slCheckReset
                0x0600e5a8                slSetPortDir1
                0x0600e680                slSetPortSelect2
                0x0600e64c                slSetPortSelect1
                0x0600edec                slGetPortMode2
                0x0600e642                slGetPortSelect2
                0x0600e598                slGetPortDir1
                0x0600e614                slGetPortData2
                0x0600edba                slSetOptimize
                0x0600edb0                slGetOptimize
                0x0600e874                slSmpcDirectAccess
                0x0600f042                Per_Connect1
                0x0600e8f4                slInitPeripheral
                0x0600ea12                slCheckIntBackSet
                0x0600f043                Per_Connect2
                0x0600f03c                Smpc_Peripheral
                0x0600ee38                slSetPortMode2
                0x0600f038                Smpc_Result
 *fill*         0x0600f548        0x8 00
 SLPROG         0x0600f550       0x4e C:\saturn\sgl302j/lib\libsgl.a(sglF00.o)
                0x0600f56a                slLocate
                0x0600f560                slCurColor
                0x0600f59c                CurrentScreen
                0x0600f550                slCurScrn
 *fill*         0x0600f59e        0x2 00
 SLPROG         0x0600f5a0       0x1c C:\saturn\sgl302j/lib\libsgl.a(sglF05.o)
                0x0600f5a0                slPrint
 *fill*         0x0600f5bc        0x4 00
 SLPROG         0x0600f5c0      0x12a C:\saturn\sgl302j/lib\libsgl.a(sglF03.o)
                0x0600f5c0                slPrintFX
 *fill*         0x0600f6ea        0x6 00
 SLPROG         0x0600f6f0      0x40c C:\saturn\sgl302j/lib\libsgl.a(sglB015.o)
                0x0600f6f0                slScrAutoDisp
 *fill*         0x0600fafc        0x4 00
 SLPROG         0x0600fb00      0x3a4 C:\saturn\sgl302j/lib\libsgl.a(sglI01.o)
                0x0600fcea                RetPCMBuf
                0x0600fe24                Sound_Buf
                0x0600fb00                slInitSynch
                0x0600fc10                slRandom
                0x0600fd84                PCM_Buf
                0x0600fb1a                slSynch
                0x0600fc2e                PCM_EndCheck
 *fill*         0x0600fea4        0xc 00
 SLPROG         0x0600feb0     0x411e C:\saturn\sgl302j/lib\libsgl.a(sglA01.o)
                0x0600ff8c                sin_cos_index_tbl
                0x0600feb0                slSin
                0x0600ffcc                sin_tbl
                0x0600fef8                GetSinCos
                0x0600fed4                slCos
 *fill*         0x06013fce        0x2 00
 SLPROG         0x06013fd0       0x3c C:\saturn\sgl302j/lib\libsgl.a(sglF02.o)
                0x06013fd0                slPrintHex
 *fill*         0x0601400c        0x4 00
 SLPROG         0x06014010       0xfa C:\saturn\sgl302j/lib\libsgl.a(sglC06.o)
                0x06014010                slDispSprite
 *fill*         0x0601410a        0x6 00
 SLPROG         0x06014110        0xa C:\saturn\sgl302j/lib\libsgl.a(sglA06.o)
                0x06014110                slMulFX
 *fill*         0x0601411a        0x6 00
 SLPROG         0x06014120       0x20 C:\saturn\sgl302j/lib\libsgl.a(sglB001.o)
                0x06014120                slTVOn
                0x0601412a                slTVOff
 SLPROG         0x06014140       0x84 C:\saturn\sgl302j/lib\libsgl.a(sglD00.o)
                0x06014140                slDMACopy
                0x06014140                slCpuDMACopy
                0x0601419a                slCashPurge
                0x0601419a                CSH_AllClr
 *fill*         0x060141c4        0xc 00
 SLPROG         0x060141d0       0x1e C:\saturn\sgl302j/lib\libsgl.a(sglB002.o)
                0x060141d0                slColRAMMode
 *fill*         0x060141ee        0x2 00
 SLPROG         0x060141f0        0xc C:\saturn\sgl302j/lib\libsgl.a(sglB016.o)
                0x060141f0                slBack1ColSet
 *fill*         0x060141fc        0x4 00
 SLPROG         0x06014200      0x114 C:\saturn\sgl302j/lib\libsgl.a(sglB200.o)
                0x0601420c                slCharNbg0
                0x06014252                slPageRbg0
                0x06014268                slPageNbg1
                0x06014218                slCharNbg1
                0x06014284                slPageNbg0
                0x06014270                slPageNbg2
                0x06014278                slPageNbg3
                0x06014224                slCharNbg2
                0x0601423a                slCharNbg3
                0x06014200                slCharRbg0
 *fill*         0x06014314        0xc 00
 SLPROG         0x06014320       0x10 C:\saturn\sgl302j/lib\libsgl.a(sglB058.o)
                0x06014320                slPlaneNbg3
 SLPROG         0x06014330       0xb4 C:\saturn\sgl302j/lib\libsgl.a(sglB034.o)
                0x06014330                slMapNbg3
 *fill*         0x060143e4        0xc 00
 SLPROG         0x060143f0       0x10 C:\saturn\sgl302j/lib\libsgl.a(sglB073.o)
                0x060143f0                slScrPosNbg3
 SLPROG         0x06014400        0xc C:\saturn\sgl302j/lib\libsgl.a(sglB063.o)
                0x06014400                slPriority
 *fill*         0x0601440c        0x4 00
 SLPROG         0x06014410       0x10 C:\saturn\sgl302j/lib\libsgl.a(sglB020.o)
                0x06014410                slColorCalc
 SLPROG         0x06014420        0xc C:\saturn\sgl302j/lib\libsgl.a(sglB023.o)
                0x06014420                slColRate
 *fill*         0x0601442c        0x4 00
 SLPROG         0x06014430        0xc C:\saturn\sgl302j/lib\libsgl.a(sglB056.o)
                0x06014430                slPlaneNbg1
 *fill*         0x0601443c        0x4 00
 SLPROG         0x06014440       0xb4 C:\saturn\sgl302j/lib\libsgl.a(sglB032.o)
                0x06014440                slMapNbg1
 *fill*         0x060144f4        0xc 00
 SLPROG         0x06014500        0xc C:\saturn\sgl302j/lib\libsgl.a(sglB090.o)
                0x06014500                slLineScrollMode
 *fill*         0x0601450c        0x4 00
 SLPROG         0x06014510        0x8 C:\saturn\sgl302j/lib\libsgl.a(sglB088.o)
                0x06014510                slLineScrollTable1
 *fill*         0x06014518        0x8 00
 SLPROG         0x06014520        0xc C:\saturn\sgl302j/lib\libsgl.a(sglB071.o)
                0x06014520                slScrPosNbg1
 *fill*         0x0601452c        0x4 00
 SLPROG         0x06014530       0x10 C:\saturn\sgl302j/lib\libsgl.a(sglB057.o)
                0x06014530                slPlaneNbg2
 SLPROG         0x06014540       0xb0 C:\saturn\sgl302j/lib\libsgl.a(sglB033.o)
                0x06014540                slMapNbg2
 SLPROG         0x060145f0       0x10 C:\saturn\sgl302j/lib\libsgl.a(sglB072.o)
                0x060145f0                slScrPosNbg2
 SLPROG         0x06014600       0x20 C:\saturn\sgl302j/lib\libsgl.a(sglA00.o)
                0x06014614                get_imask
                0x06014600                set_imask
                0x06014600                _builtin_set_imask
                0x06014614                _builtin_get_imask
 SLPROG         0x06014620       0x74 C:\saturn\sgl302j/lib\libsgl.a(sglJ00.o)
                0x06014620                InitSlaveSH
                0x06014688                SlaveCommand
 *fill*         0x06014694        0xc 00
 SLPROG         0x060146a0      0x42c C:\saturn\sgl302j/lib\libsgl.a(sglA20.o)
                0x060146a0                slInitMatrix
                0x060146be                slUnitMatrix
                0x060146aa                slPushUnitMatrix
 *fill*         0x06014acc        0x4 00
 SLPROG         0x06014ad0      0xbd0 C:\saturn\sgl302j/lib\libsgl.a(sglB000.o)
                0x06014ad0                slInitScroll
                0x06014d30                TVSizeTbl
                0x06014c20                setASC_4to8
                0x06014db0                TVModeTbl
                0x06014bf0                setASC_1to8
                0x06014f88                SGL_ASCII_CG
 SLPROG         0x060156a0      0x3d0 C:\saturn\sgl302j/lib\libsgl.a(sglJ01.o)
                0x060156a0                SlaveControl
                0x06015a5c                ErasePolygonData
 SLPROG         0x06015a70      0x75c C:\saturn\sgl302j/lib\libsgl.a(sglI00.o)
                0x06015d60                slInitInterrupt
 *fill*         0x060161cc        0x4 00
 SLPROG         0x060161d0      0x134 C:\saturn\sgl302j/lib\libsgl.a(sglC00.o)
                0x060161d0                slInitSprite
 *fill*         0x06016304        0xc 00
 SLPROG         0x06016310      0x470 C:\saturn\sgl302j/lib\libsgl.a(sglH02.o)
                0x06016700                smpc_pfr_tbl
                0x06016740                smpc_ptf_tbl
 SLPROG         0x06016780       0x60 C:\saturn\sgl302j/lib\libsgl.a(sglH04.o)
                0x060167aa                slComPrmSetTime
                0x06016780                slComPrmIntBack
                0x06016794                slComPrmSetMemory
 SLPROG         0x060167e0       0x40 C:\saturn\sgl302j/lib\libsgl.a(sglC20.o)
                0x060167e0                SpriteEntry
 SLPROG         0x06016820       0xd4 C:\saturn\sgl302j/lib\libsgl.a(sglB035.o)
                0x06016820                sl1MapRA
                0x060168b2                rbank_set
 *fill*         0x060168f4        0xc 00
 SLPROG         0x06016900      0x140 C:\saturn\sgl302j/lib\libsgl.a(sglJ03.o)
                0x06016900                sbMakeDMATable
 SLPROG         0x06016a40     0x12b8 C:\saturn\sgl302j/lib\libsgl.a(sglJ02.o)
                0x06017c74                stvtc_1
                0x060179ac                stvtc_4
                0x0601796c                SetPolygon
                0x06017a64                stvtc_3
                0x06017c9c                stvtc_0
                0x06017974                SetPosition
                0x06016c28                sbCalcPolygon
                0x06017960                SetTexture
                0x06016a40                sbMakePolygon
                0x06017c88                stvtc_2
 *fill*         0x06017cf8        0x8 00
 SLPROG         0x06017d00      0x470 C:\saturn\sgl302j/lib\libsgl.a(sglJ04.o)
                0x06017dc4                sbMakeRotSprite
                0x06017d5e                sbMakeSprite
 SLPROG         0x06018170       0x3c C:\saturn\sgl302j/lib\libsgl.a(sglJ05.o)
                0x06018170                sbSortEntry
 *fill*         0x060181ac        0x4 00
 SLPROG         0x060181b0       0xf0 C:\saturn\sgl302j/lib\libsgl.a(sglH03.o)
                0x06018214                slSmpcIntBack
 SLPROG         0x060182a0       0x6a C:\saturn\sgl302j/lib\libsgl.a(sglM01.o)
                0x060182cc                slSetDepthTbl
                0x060182fc                DepthWorkArea
                0x060182a0                slSetDepthLimit
                0x0601830a                __slprog_end = .

.tors           0x06018310        0x0
                0x06018310                ___ctors = .
 *(.ctors)
                0x06018310                ___ctors_end = .
                0x06018310                ___dtors = .
 *(.dtors)
                0x06018310                ___dtors_end = .

.data           0x06018310     0xe6a0
 *(.data)
 .data          0x06018310       0x40 main.o
                0x06018310                spritepos2
                0x06018340                spritepos1
 .data          0x06018350     0xddd0 assets.o
                0x06019150                pal_cloud
                0x06018350                pal_gradient
                0x06023740                texture_sprites010
                0x06022ec0                texture_sprites022
                0x060236c0                texture_sprites011
                0x06018d50                cel_gradient
                0x06023840                texture_sprites008
                0x060235c0                texture_sprites013
                0x06022d50                pic_sprites
                0x06018550                map_gradient
                0x06020350                map_map2
                0x06023c40                texture_sprites003
                0x060234c0                texture_sprites015
                0x06022e08                tex_sprites
                0x06023440                texture_sprites016
                0x060237c0                texture_sprites009
                0x06023e40                texture_sprites002
                0x06024120                texture_sprites000
                0x06019b50                cel_cloud
                0x0601b050                cel_road
                0x06023540                texture_sprites014
                0x060233c0                texture_sprites017
                0x060232c0                texture_sprites019
                0x0601a850                map_road
                0x06023bc0                texture_sprites004
                0x060240a0                texture_sprites001
                0x06021550                map_face
                0x0601a650                pal_road
                0x06020b50                map_map1
                0x06023640                texture_sprites012
                0x06023940                texture_sprites006
                0x06023340                texture_sprites018
                0x060230c0                texture_sprites021
                0x060238c0                texture_sprites007
                0x06021350                pal_face
                0x06021d50                cel_face
                0x06019350                map_cloud
                0x060239c0                texture_sprites005
 .data          0x06026120       0x80 game.o
                0x06026120                bgMode
                0x0602616e                SCLERA_ATTR
                0x0602615a                SHOT_ATTR
                0x0602613c                SPR_SIZE
                0x06026164                CIRCLE_ATTR
                0x06026124                scale
                0x06026178                EYE_ATTR
                0x06026150                PUSH_ATTR
                0x06026128                SPR_ATTRS
                0x06026182                PLAYER_ATTR
 .data          0x060261a0       0x80 C:\saturn\sgl302j/lib\libsgl.a(sglIc0.o)
                0x060261a0                IntPrioMask
 .data          0x06026220      0x380 c:/saturn/SH_COFF/sh-coff/bin/../lib/gcc/sh-coff/3.4-GNUSH_v0501/../../../../sh-coff/lib/m2\libc.a(impure.o)
                0x0602659c                _impure_ptr
 .data          0x060265a0      0x410 c:/saturn/SH_COFF/sh-coff/bin/../lib/gcc/sh-coff/3.4-GNUSH_v0501/../../../../sh-coff/lib/m2\libc.a(mallocr.o)
                0x060265a8                __malloc_av_
                0x060265a4                __malloc_trim_threshold
                0x060265a0                __malloc_sbrk_base
                0x060269b0                __edata = .

.bss            0x060269b0     0x2734
                0x060269b0                __bstart = .
 *(.bss)
 .bss           0x060269b0      0x200 assets.o
                0x060269b0                texture_sprites020
 .bss           0x06026bb0       0x20 game.o
                0x06026bb0                screenY
                0x06026bb4                screenX
                0x06026bb8                scaleSpeed
                0x06026bbc                playerState
 .bss           0x06026bd0       0x10 linescroll.o
 .bss           0x06026be0       0x10 tilemap.o
 .bss           0x06026bf0       0x10 c:/saturn/SH_COFF/sh-coff/bin/../lib/gcc/sh-coff/3.4-GNUSH_v0501/m2\libgcc.a(__main.o)
 .bss           0x06026c00       0x10 c:/saturn/SH_COFF/sh-coff/bin/../lib/gcc/sh-coff/3.4-GNUSH_v0501/../../../../sh-coff/lib/m2\libc.a(atexit.o)
 .bss           0x06026c10       0x40 c:/saturn/SH_COFF/sh-coff/bin/../lib/gcc/sh-coff/3.4-GNUSH_v0501/../../../../sh-coff/lib/m2\libc.a(mallocr.o)
                0x06026c40                __malloc_top_pad
                0x06026c10                __malloc_current_mallinfo
                0x06026c3c                __malloc_max_sbrked_mem
                0x06026c38                __malloc_max_total_mem
 .bss           0x06026c50       0x10 c:/saturn/SH_COFF/sh-coff/bin/../lib/gcc/sh-coff/3.4-GNUSH_v0501/../../../../sh-coff/lib/m2\libc.a(syscalls.o)
 *(COMMON)
 COMMON         0x06026c60     0x2471 game.o
                                  0x0 (size before relaxing)
                0x06026c60                sprites
                0x06028880                numSprites
                0x06028890                playfield
                0x06029090                eye1Index
                0x060290a0                defaultSprite
                0x060290c4                bgLayers
                0x060290c8                eye2Index
                0x060290cc                gameState
                0x060290d0                dispFace
 *fill*         0x060290d1        0xf 00
 COMMON         0x060290e0        0x4 c:/saturn/SH_COFF/sh-coff/bin/../lib/gcc/sh-coff/3.4-GNUSH_v0501/../../../../sh-coff/lib/m2\libc.a(syscalls.o)
                                  0x0 (size before relaxing)
                0x060290e0                errno
                0x060290e4                __bend = .
                0x060290e4                _end = .
LOAD C:\saturn\sgl302j\SAMPLE\common/cinit.o
LOAD C:\saturn\sgl302j/lib/sglarea.o
LOAD main.o
LOAD assets.o
LOAD game.o
LOAD linescroll.o
LOAD scrollfunctions.o
LOAD spritelist.o
LOAD tilemap.o
LOAD C:\saturn\sgl302j/lib\libsgl.a
LOAD c:/saturn/SH_COFF/sh-coff/bin/../lib/gcc/sh-coff/3.4-GNUSH_v0501/m2\libgcc.a
LOAD c:/saturn/SH_COFF/sh-coff/bin/../lib/gcc/sh-coff/3.4-GNUSH_v0501/../../../../sh-coff/lib/m2\libc.a
LOAD c:/saturn/SH_COFF/sh-coff/bin/../lib/gcc/sh-coff/3.4-GNUSH_v0501/m2\libgcc.a
OUTPUT(sl.coff coff-sh)

.comment        0x060290f0      0x3a0
 .comment       0x060290f0       0x20 C:\saturn\sgl302j\SAMPLE\common/cinit.o
 .comment       0x06029110       0x20 main.o
 .comment       0x06029130       0x20 assets.o
 .comment       0x06029150       0x20 game.o
 .comment       0x06029170       0x20 linescroll.o
 .comment       0x06029190       0x20 scrollfunctions.o
 .comment       0x060291b0       0x20 spritelist.o
 .comment       0x060291d0       0x20 tilemap.o
 .comment       0x060291f0       0x20 c:/saturn/SH_COFF/sh-coff/bin/../lib/gcc/sh-coff/3.4-GNUSH_v0501/m2\libgcc.a(__main.o)
 .comment       0x06029210       0x20 c:/saturn/SH_COFF/sh-coff/bin/../lib/gcc/sh-coff/3.4-GNUSH_v0501/m2\libgcc.a(_si_to_df.o)
 .comment       0x06029230       0x20 c:/saturn/SH_COFF/sh-coff/bin/../lib/gcc/sh-coff/3.4-GNUSH_v0501/m2\libgcc.a(_mul_df.o)
 .comment       0x06029250       0x20 c:/saturn/SH_COFF/sh-coff/bin/../lib/gcc/sh-coff/3.4-GNUSH_v0501/m2\libgcc.a(_div_df.o)
 .comment       0x06029270       0x20 c:/saturn/SH_COFF/sh-coff/bin/../lib/gcc/sh-coff/3.4-GNUSH_v0501/m2\libgcc.a(_df_to_si.o)
 .comment       0x06029290       0x20 c:/saturn/SH_COFF/sh-coff/bin/../lib/gcc/sh-coff/3.4-GNUSH_v0501/m2\libgcc.a(_pack_df.o)
 .comment       0x060292b0       0x20 c:/saturn/SH_COFF/sh-coff/bin/../lib/gcc/sh-coff/3.4-GNUSH_v0501/m2\libgcc.a(_unpack_df.o)
 .comment       0x060292d0       0x20 c:/saturn/SH_COFF/sh-coff/bin/../lib/gcc/sh-coff/3.4-GNUSH_v0501/m2\libgcc.a(_thenan_df.o)
 .comment       0x060292f0       0x20 c:/saturn/SH_COFF/sh-coff/bin/../lib/gcc/sh-coff/3.4-GNUSH_v0501/m2\libgcc.a(_lshrdi3.o)
 .comment       0x06029310       0x20 c:/saturn/SH_COFF/sh-coff/bin/../lib/gcc/sh-coff/3.4-GNUSH_v0501/m2\libgcc.a(_ashldi3.o)
 .comment       0x06029330       0x20 c:/saturn/SH_COFF/sh-coff/bin/../lib/gcc/sh-coff/3.4-GNUSH_v0501/../../../../sh-coff/lib/m2\libc.a(atexit.o)
 .comment       0x06029350       0x20 c:/saturn/SH_COFF/sh-coff/bin/../lib/gcc/sh-coff/3.4-GNUSH_v0501/../../../../sh-coff/lib/m2\libc.a(impure.o)
 .comment       0x06029370       0x20 c:/saturn/SH_COFF/sh-coff/bin/../lib/gcc/sh-coff/3.4-GNUSH_v0501/../../../../sh-coff/lib/m2\libc.a(malloc.o)
 .comment       0x06029390       0x20 c:/saturn/SH_COFF/sh-coff/bin/../lib/gcc/sh-coff/3.4-GNUSH_v0501/../../../../sh-coff/lib/m2\libc.a(mallocr.o)
 .comment       0x060293b0       0x20 c:/saturn/SH_COFF/sh-coff/bin/../lib/gcc/sh-coff/3.4-GNUSH_v0501/../../../../sh-coff/lib/m2\libc.a(freer.o)
 .comment       0x060293d0       0x20 c:/saturn/SH_COFF/sh-coff/bin/../lib/gcc/sh-coff/3.4-GNUSH_v0501/../../../../sh-coff/lib/m2\libc.a(mlock.o)
 .comment       0x060293f0       0x20 c:/saturn/SH_COFF/sh-coff/bin/../lib/gcc/sh-coff/3.4-GNUSH_v0501/../../../../sh-coff/lib/m2\libc.a(sbrkr.o)
 .comment       0x06029410       0x20 c:/saturn/SH_COFF/sh-coff/bin/../lib/gcc/sh-coff/3.4-GNUSH_v0501/../../../../sh-coff/lib/m2\libc.a(syscalls.o)
 .comment       0x06029430       0x20 c:/saturn/SH_COFF/sh-coff/bin/../lib/gcc/sh-coff/3.4-GNUSH_v0501/../../../../sh-coff/lib/m2\libc.a(abort.o)
 .comment       0x06029450       0x20 c:/saturn/SH_COFF/sh-coff/bin/../lib/gcc/sh-coff/3.4-GNUSH_v0501/../../../../sh-coff/lib/m2\libc.a(signal.o)
 .comment       0x06029470       0x20 c:/saturn/SH_COFF/sh-coff/bin/../lib/gcc/sh-coff/3.4-GNUSH_v0501/../../../../sh-coff/lib/m2\libc.a(signalr.o)
