Archive member included because of file (symbol)

C:\saturn\sgl302j/lib\libsgl.a(sglH00.o)
                              main.o (Smpc_Peripheral)
C:\saturn\sgl302j/lib\libsgl.a(sglC06.o)
                              main.o (slDispSprite)
C:\saturn\sgl302j/lib\libsgl.a(sglIc0.o)
                              main.o (slInitSystem)
C:\saturn\sgl302j/lib\libsgl.a(sglB001.o)
                              main.o (slTVOn)
C:\saturn\sgl302j/lib\libsgl.a(sglD00.o)
                              main.o (slDMACopy)
C:\saturn\sgl302j/lib\libsgl.a(sglF00.o)
                              main.o (slLocate)
C:\saturn\sgl302j/lib\libsgl.a(sglF05.o)
                              main.o (slPrint)
C:\saturn\sgl302j/lib\libsgl.a(sglB002.o)
                              main.o (slColRAMMode)
C:\saturn\sgl302j/lib\libsgl.a(sglB016.o)
                              main.o (slBack1ColSet)
C:\saturn\sgl302j/lib\libsgl.a(sglB011.o)
                              main.o (slBitMapNbg1)
C:\saturn\sgl302j/lib\libsgl.a(sglB071.o)
                              main.o (slScrPosNbg1)
C:\saturn\sgl302j/lib\libsgl.a(sglB015.o)
                              main.o (slScrAutoDisp)
C:\saturn\sgl302j/lib\libsgl.a(sglI01.o)
                              C:\saturn\sgl302j/lib\libsgl.a(sglIc0.o) (slInitSynch)
C:\saturn\sgl302j/lib\libsgl.a(sglH02.o)
                              C:\saturn\sgl302j/lib\libsgl.a(sglH00.o) (smpc_pfr_tbl)
C:\saturn\sgl302j/lib\libsgl.a(sglH04.o)
                              C:\saturn\sgl302j/lib\libsgl.a(sglH00.o) (slComPrmIntBack)
C:\saturn\sgl302j/lib\libsgl.a(sglC20.o)
                              C:\saturn\sgl302j/lib\libsgl.a(sglC06.o) (SpriteEntry)
C:\saturn\sgl302j/lib\libsgl.a(sglA01.o)
                              C:\saturn\sgl302j/lib\libsgl.a(sglC06.o) (sin_tbl)
C:\saturn\sgl302j/lib\libsgl.a(sglA00.o)
                              C:\saturn\sgl302j/lib\libsgl.a(sglIc0.o) (_builtin_set_imask)
C:\saturn\sgl302j/lib\libsgl.a(sglK01.o)
                              C:\saturn\sgl302j/lib\libsgl.a(sglIc0.o) (SynchCount)
C:\saturn\sgl302j/lib\libsgl.a(sglJ00.o)
                              C:\saturn\sgl302j/lib\libsgl.a(sglIc0.o) (InitSlaveSH)
C:\saturn\sgl302j/lib\libsgl.a(sglA20.o)
                              C:\saturn\sgl302j/lib\libsgl.a(sglIc0.o) (slInitMatrix)
C:\saturn\sgl302j/lib\libsgl.a(sglB000.o)
                              C:\saturn\sgl302j/lib\libsgl.a(sglIc0.o) (slInitScroll)
C:\saturn\sgl302j/lib\libsgl.a(sglJ01.o)
                              C:\saturn\sgl302j/lib\libsgl.a(sglIc0.o) (SlaveControl)
C:\saturn\sgl302j/lib\libsgl.a(sglI00.o)
                              C:\saturn\sgl302j/lib\libsgl.a(sglIc0.o) (slInitInterrupt)
C:\saturn\sgl302j/lib\libsgl.a(sglC00.o)
                              C:\saturn\sgl302j/lib\libsgl.a(sglIc0.o) (slInitSprite)
C:\saturn\sgl302j/lib\libsgl.a(sglJ03.o)
                              C:\saturn\sgl302j/lib\libsgl.a(sglJ01.o) (sbMakeDMATable)
C:\saturn\sgl302j/lib\libsgl.a(sglJ02.o)
                              C:\saturn\sgl302j/lib\libsgl.a(sglJ01.o) (sbMakePolygon)
C:\saturn\sgl302j/lib\libsgl.a(sglJ04.o)
                              C:\saturn\sgl302j/lib\libsgl.a(sglJ01.o) (sbMakeSprite)
C:\saturn\sgl302j/lib\libsgl.a(sglJ05.o)
                              C:\saturn\sgl302j/lib\libsgl.a(sglJ01.o) (sbSortEntry)
C:\saturn\sgl302j/lib\libsgl.a(sglH03.o)
                              C:\saturn\sgl302j/lib\libsgl.a(sglI00.o) (slSmpcIntBack)
C:\saturn\sgl302j/lib\libsgl.a(sglM01.o)
                              C:\saturn\sgl302j/lib\libsgl.a(sglJ02.o) (DepthWorkArea)
c:/Program Files (x86)/KPIT/SH_COFF/sh-coff/bin/../lib/gcc/sh-coff/3.4-GNUSH_v0501/m2\libgcc.a(__main.o)
                              C:\saturn\sgl302j\SAMPLE\common/cinit.o (__main)
c:/Program Files (x86)/KPIT/SH_COFF/sh-coff/bin/../lib/gcc/sh-coff/3.4-GNUSH_v0501/m2\libgcc.a(_ashiftrt_n.o)
                              main.o (__ashrsi3)
c:/Program Files (x86)/KPIT/SH_COFF/sh-coff/bin/../lib/gcc/sh-coff/3.4-GNUSH_v0501/../../../../sh-coff/lib/m2\libc.a(memcpy.o)
                              main.o (memcpy)
c:/Program Files (x86)/KPIT/SH_COFF/sh-coff/bin/../lib/gcc/sh-coff/3.4-GNUSH_v0501/../../../../sh-coff/lib/m2\libc.a(atexit.o)
                              c:/Program Files (x86)/KPIT/SH_COFF/sh-coff/bin/../lib/gcc/sh-coff/3.4-GNUSH_v0501/m2\libgcc.a(__main.o) (atexit)
c:/Program Files (x86)/KPIT/SH_COFF/sh-coff/bin/../lib/gcc/sh-coff/3.4-GNUSH_v0501/../../../../sh-coff/lib/m2\libc.a(impure.o)
                              c:/Program Files (x86)/KPIT/SH_COFF/sh-coff/bin/../lib/gcc/sh-coff/3.4-GNUSH_v0501/../../../../sh-coff/lib/m2\libc.a(atexit.o) (_impure_ptr)
c:/Program Files (x86)/KPIT/SH_COFF/sh-coff/bin/../lib/gcc/sh-coff/3.4-GNUSH_v0501/../../../../sh-coff/lib/m2\libc.a(malloc.o)
                              c:/Program Files (x86)/KPIT/SH_COFF/sh-coff/bin/../lib/gcc/sh-coff/3.4-GNUSH_v0501/../../../../sh-coff/lib/m2\libc.a(atexit.o) (malloc)
c:/Program Files (x86)/KPIT/SH_COFF/sh-coff/bin/../lib/gcc/sh-coff/3.4-GNUSH_v0501/../../../../sh-coff/lib/m2\libc.a(mallocr.o)
                              c:/Program Files (x86)/KPIT/SH_COFF/sh-coff/bin/../lib/gcc/sh-coff/3.4-GNUSH_v0501/../../../../sh-coff/lib/m2\libc.a(malloc.o) (_malloc_r)
c:/Program Files (x86)/KPIT/SH_COFF/sh-coff/bin/../lib/gcc/sh-coff/3.4-GNUSH_v0501/../../../../sh-coff/lib/m2\libc.a(freer.o)
                              c:/Program Files (x86)/KPIT/SH_COFF/sh-coff/bin/../lib/gcc/sh-coff/3.4-GNUSH_v0501/../../../../sh-coff/lib/m2\libc.a(malloc.o) (_free_r)
c:/Program Files (x86)/KPIT/SH_COFF/sh-coff/bin/../lib/gcc/sh-coff/3.4-GNUSH_v0501/../../../../sh-coff/lib/m2\libc.a(mlock.o)
                              c:/Program Files (x86)/KPIT/SH_COFF/sh-coff/bin/../lib/gcc/sh-coff/3.4-GNUSH_v0501/../../../../sh-coff/lib/m2\libc.a(mallocr.o) (__malloc_lock)
c:/Program Files (x86)/KPIT/SH_COFF/sh-coff/bin/../lib/gcc/sh-coff/3.4-GNUSH_v0501/../../../../sh-coff/lib/m2\libc.a(sbrkr.o)
                              c:/Program Files (x86)/KPIT/SH_COFF/sh-coff/bin/../lib/gcc/sh-coff/3.4-GNUSH_v0501/../../../../sh-coff/lib/m2\libc.a(mallocr.o) (_sbrk_r)
c:/Program Files (x86)/KPIT/SH_COFF/sh-coff/bin/../lib/gcc/sh-coff/3.4-GNUSH_v0501/../../../../sh-coff/lib/m2\libc.a(syscalls.o)
                              c:/Program Files (x86)/KPIT/SH_COFF/sh-coff/bin/../lib/gcc/sh-coff/3.4-GNUSH_v0501/../../../../sh-coff/lib/m2\libc.a(sbrkr.o) (_sbrk)
c:/Program Files (x86)/KPIT/SH_COFF/sh-coff/bin/../lib/gcc/sh-coff/3.4-GNUSH_v0501/../../../../sh-coff/lib/m2\libc.a(trap.o)
                              c:/Program Files (x86)/KPIT/SH_COFF/sh-coff/bin/../lib/gcc/sh-coff/3.4-GNUSH_v0501/../../../../sh-coff/lib/m2\libc.a(syscalls.o) (__trap34)
c:/Program Files (x86)/KPIT/SH_COFF/sh-coff/bin/../lib/gcc/sh-coff/3.4-GNUSH_v0501/../../../../sh-coff/lib/m2\libc.a(abort.o)
                              c:/Program Files (x86)/KPIT/SH_COFF/sh-coff/bin/../lib/gcc/sh-coff/3.4-GNUSH_v0501/../../../../sh-coff/lib/m2\libc.a(syscalls.o) (abort)
c:/Program Files (x86)/KPIT/SH_COFF/sh-coff/bin/../lib/gcc/sh-coff/3.4-GNUSH_v0501/../../../../sh-coff/lib/m2\libc.a(signal.o)
                              c:/Program Files (x86)/KPIT/SH_COFF/sh-coff/bin/../lib/gcc/sh-coff/3.4-GNUSH_v0501/../../../../sh-coff/lib/m2\libc.a(abort.o) (raise)
c:/Program Files (x86)/KPIT/SH_COFF/sh-coff/bin/../lib/gcc/sh-coff/3.4-GNUSH_v0501/../../../../sh-coff/lib/m2\libc.a(signalr.o)
                              c:/Program Files (x86)/KPIT/SH_COFF/sh-coff/bin/../lib/gcc/sh-coff/3.4-GNUSH_v0501/../../../../sh-coff/lib/m2\libc.a(signal.o) (_kill_r)
c:/Program Files (x86)/KPIT/SH_COFF/sh-coff/bin/../lib/gcc/sh-coff/3.4-GNUSH_v0501/m2\libgcc.a(_ashiftlt.o)
                              c:/Program Files (x86)/KPIT/SH_COFF/sh-coff/bin/../lib/gcc/sh-coff/3.4-GNUSH_v0501/../../../../sh-coff/lib/m2\libc.a(mallocr.o) (__ashlsi3)
c:/Program Files (x86)/KPIT/SH_COFF/sh-coff/bin/../lib/gcc/sh-coff/3.4-GNUSH_v0501/m2\libgcc.a(_udivsi3.o)
                              c:/Program Files (x86)/KPIT/SH_COFF/sh-coff/bin/../lib/gcc/sh-coff/3.4-GNUSH_v0501/../../../../sh-coff/lib/m2\libc.a(freer.o) (__udivsi3)

Allocating common symbols
Common symbol       size              file

sprites             0x15e0            main.o
errno               0x4               c:/Program Files (x86)/KPIT/SH_COFF/sh-coff/bin/../lib/gcc/sh-coff/3.4-GNUSH_v0501/../../../../sh-coff/lib/m2\libc.a(syscalls.o)

Memory Configuration

Name             Origin             Length             Attributes
*default*        0x00000000         0xffffffff

Linker script and memory map


SLSTART         0x06004000       0x30
                0x06004000                ___Start = .
 *(SLSTART)
 SLSTART        0x06004000       0x28 C:\saturn\sgl302j/lib\libsgl.a(sglI00.o)
                0x06004002                slStartSGL
                0x06004000                SGL_Start

.text           0x06004040     0x1c10
 *(.text)
 .text          0x06004040       0x50 C:\saturn\sgl302j\SAMPLE\common/cinit.o
                0x06004040                main
 .text          0x06004090      0x3e0 main.o
                0x06004310                ss_main
                0x060040a0                handleInput
                0x060041b0                initSprites
                0x060042a0                loadBmp
                0x06004090                DEFAULT_ATTR
                0x06004230                dispSprites
 .text          0x06004470       0xb0 scrollfunctions.o
                0x060044f0                Pal2CRAM
                0x06004490                Map2VRAM
                0x06004470                Cel2VRAM
 .text          0x06004520      0x128 C:\saturn\sgl302j/lib\libsgl.a(sglIc0.o)
                0x06004520                slInitSystem
 *fill*         0x06004648        0x8 00
 .text          0x06004650       0xc0 c:/Program Files (x86)/KPIT/SH_COFF/sh-coff/bin/../lib/gcc/sh-coff/3.4-GNUSH_v0501/m2\libgcc.a(__main.o)
                0x060046d0                __main
                0x06004650                __do_global_dtors
                0x06004690                __do_global_ctors
 .text          0x06004710       0x80 c:/Program Files (x86)/KPIT/SH_COFF/sh-coff/bin/../lib/gcc/sh-coff/3.4-GNUSH_v0501/m2\libgcc.a(_ashiftrt_n.o)
                0x06004710                __ashrsi3
 .text          0x06004790       0xa0 c:/Program Files (x86)/KPIT/SH_COFF/sh-coff/bin/../lib/gcc/sh-coff/3.4-GNUSH_v0501/../../../../sh-coff/lib/m2\libc.a(memcpy.o)
                0x06004790                memcpy
 .text          0x06004830       0xa0 c:/Program Files (x86)/KPIT/SH_COFF/sh-coff/bin/../lib/gcc/sh-coff/3.4-GNUSH_v0501/../../../../sh-coff/lib/m2\libc.a(atexit.o)
                0x06004830                atexit
 .text          0x060048d0       0x10 c:/Program Files (x86)/KPIT/SH_COFF/sh-coff/bin/../lib/gcc/sh-coff/3.4-GNUSH_v0501/../../../../sh-coff/lib/m2\libc.a(impure.o)
                0x060048d0                _global_impure_ptr
 .text          0x060048e0       0x40 c:/Program Files (x86)/KPIT/SH_COFF/sh-coff/bin/../lib/gcc/sh-coff/3.4-GNUSH_v0501/../../../../sh-coff/lib/m2\libc.a(malloc.o)
                0x06004900                free
                0x060048e0                malloc
 .text          0x06004920      0x680 c:/Program Files (x86)/KPIT/SH_COFF/sh-coff/bin/../lib/gcc/sh-coff/3.4-GNUSH_v0501/../../../../sh-coff/lib/m2\libc.a(mallocr.o)
                0x06004920                _malloc_r
 .text          0x06004fa0      0x3b0 c:/Program Files (x86)/KPIT/SH_COFF/sh-coff/bin/../lib/gcc/sh-coff/3.4-GNUSH_v0501/../../../../sh-coff/lib/m2\libc.a(freer.o)
                0x06004fa0                _malloc_trim_r
                0x060050a0                _free_r
 .text          0x06005350       0x20 c:/Program Files (x86)/KPIT/SH_COFF/sh-coff/bin/../lib/gcc/sh-coff/3.4-GNUSH_v0501/../../../../sh-coff/lib/m2\libc.a(mlock.o)
                0x06005350                __malloc_lock
                0x06005360                __malloc_unlock
 .text          0x06005370       0x50 c:/Program Files (x86)/KPIT/SH_COFF/sh-coff/bin/../lib/gcc/sh-coff/3.4-GNUSH_v0501/../../../../sh-coff/lib/m2\libc.a(sbrkr.o)
                0x06005370                _sbrk_r
 .text          0x060053c0      0x430 c:/Program Files (x86)/KPIT/SH_COFF/sh-coff/bin/../lib/gcc/sh-coff/3.4-GNUSH_v0501/../../../../sh-coff/lib/m2\libc.a(syscalls.o)
                0x06005570                _exit
                0x060055b0                _getpid
                0x06005630                _utime
                0x06005400                _write
                0x060053c0                _read
                0x06005550                _unlink
                0x06005510                _open
                0x060055d0                _stat
                0x06005560                isatty
                0x06005670                _wait
                0x06005590                _kill
                0x060055f0                _chmod
                0x060056b0                _execv
                0x06005690                _execve
                0x060057b0                __setup_argv_and_call_main
                0x06005700                _gettimeofday
                0x06005440                _link
                0x060055c0                _raise
                0x06005530                _creat
                0x060056d0                _pipe
                0x06005610                _chown
                0x060053e0                _lseek
                0x06005420                _close
                0x060056f0                _times
                0x060054f0                _fstat
                0x06005650                _fork
                0x06005470                _sbrk
 .text          0x060057f0       0x20 c:/Program Files (x86)/KPIT/SH_COFF/sh-coff/bin/../lib/gcc/sh-coff/3.4-GNUSH_v0501/../../../../sh-coff/lib/m2\libc.a(trap.o)
                0x060057f0                __trap34
 .text          0x06005810       0x20 c:/Program Files (x86)/KPIT/SH_COFF/sh-coff/bin/../lib/gcc/sh-coff/3.4-GNUSH_v0501/../../../../sh-coff/lib/m2\libc.a(abort.o)
                0x06005810                abort
 .text          0x06005830      0x2c0 c:/Program Files (x86)/KPIT/SH_COFF/sh-coff/bin/../lib/gcc/sh-coff/3.4-GNUSH_v0501/../../../../sh-coff/lib/m2\libc.a(signal.o)
                0x06005910                _raise_r
                0x06005ad0                __sigtramp
                0x06005a70                raise
                0x06005ab0                _init_signal
                0x060059f0                __sigtramp_r
                0x06005a90                signal
                0x06005880                _signal_r
                0x06005830                _init_signal_r
 .text          0x06005af0       0x60 c:/Program Files (x86)/KPIT/SH_COFF/sh-coff/bin/../lib/gcc/sh-coff/3.4-GNUSH_v0501/../../../../sh-coff/lib/m2\libc.a(signalr.o)
                0x06005b40                _getpid_r
                0x06005af0                _kill_r
 .text          0x06005b50       0x90 c:/Program Files (x86)/KPIT/SH_COFF/sh-coff/bin/../lib/gcc/sh-coff/3.4-GNUSH_v0501/m2\libgcc.a(_ashiftlt.o)
                0x06005b50                __ashlsi3
 .text          0x06005be0       0x70 c:/Program Files (x86)/KPIT/SH_COFF/sh-coff/bin/../lib/gcc/sh-coff/3.4-GNUSH_v0501/m2\libgcc.a(_udivsi3.o)
                0x06005c02                __udivsi3
 *(.strings)
                0x06005c50                __etext = .

SLPROG          0x06005c60     0xfcb0
                0x06005c60                __slprog_start = .
 *(SLPROG)
 SLPROG         0x06005c60     0x6540 C:\saturn\sgl302j/lib/sglarea.o
                0x06005c7c                SpriteBuf
                0x06005ca0                RemainEvent
                0x06005c6c                SortList
                0x06005c6a                MaxPolygons
                0x06005c88                CommandBuf
                0x06005c9c                MaxWorks
                0x06005c9e                WorkSize
                0x06005c94                PCM_WkSize
                0x06005c8c                CLOfstBuf
                0x06005da0                RemainWork
                0x06005c90                PCM_Work
                0x06005c60                MasterStack
                0x06005c64                SlaveStack
                0x06005c68                MaxVertices
                0x06005c98                MaxEvents
                0x06005c78                Zbuffer
                0x06005c80                SpriteBufSize
                0x060081a0                WorkBuf
                0x06005c74                TransList
                0x06005c84                Pbuffer
                0x06005c70                SortListSize
                0x06005c9a                EventSize
                0x060061a0                EventBuf
 SLPROG         0x0600c1a0      0xfc8 C:\saturn\sgl302j/lib\libsgl.a(sglH00.o)
                0x0600c23c                slSetPortData1
                0x0600c22c                slGetPortData1
                0x0600ca1a                slSetPortMode1
                0x0600cc54                Smpc_Status
                0x0600c1f2                slSetPortDir2
                0x0600c838                slSmpcCashSend
                0x0600c258                slGetPortSelect1
                0x0600c63e                slIntBackCancel
                0x0600c2f0                slSetPortExt1
                0x0600ca00                slGetPortMode1
                0x0600c8f4                slSmpcCashBlow
                0x0600cbe4                slRequestCommand
                0x0600cc84                SmpcStatusBuf
                0x0600c246                slSetPortData2
                0x0600c5a6                slSetResultBuffer
                0x0600c2dc                slGetPortExt1
                0x0600c320                slSetPortExt2
                0x0600c1c0                slGetPortDir2
                0x0600c2e6                slGetPortExt2
                0x0600c672                slClearReset
                0x0600c668                slCheckReset
                0x0600c1c8                slSetPortDir1
                0x0600c2a0                slSetPortSelect2
                0x0600c26c                slSetPortSelect1
                0x0600ca0c                slGetPortMode2
                0x0600c262                slGetPortSelect2
                0x0600c1b8                slGetPortDir1
                0x0600c234                slGetPortData2
                0x0600c9da                slSetOptimize
                0x0600c9d0                slGetOptimize
                0x0600c494                slSmpcDirectAccess
                0x0600cc62                Per_Connect1
                0x0600c514                slInitPeripheral
                0x0600c632                slCheckIntBackSet
                0x0600cc63                Per_Connect2
                0x0600cc5c                Smpc_Peripheral
                0x0600ca58                slSetPortMode2
                0x0600cc58                Smpc_Result
 *fill*         0x0600d168        0x8 00
 SLPROG         0x0600d170       0xfa C:\saturn\sgl302j/lib\libsgl.a(sglC06.o)
                0x0600d170                slDispSprite
 *fill*         0x0600d26a        0x6 00
 SLPROG         0x0600d270       0x20 C:\saturn\sgl302j/lib\libsgl.a(sglB001.o)
                0x0600d270                slTVOn
                0x0600d27a                slTVOff
 SLPROG         0x0600d290       0x84 C:\saturn\sgl302j/lib\libsgl.a(sglD00.o)
                0x0600d290                slDMACopy
                0x0600d290                slCpuDMACopy
                0x0600d2ea                slCashPurge
                0x0600d2ea                CSH_AllClr
 *fill*         0x0600d314        0xc 00
 SLPROG         0x0600d320       0x4e C:\saturn\sgl302j/lib\libsgl.a(sglF00.o)
                0x0600d33a                slLocate
                0x0600d330                slCurColor
                0x0600d36c                CurrentScreen
                0x0600d320                slCurScrn
 *fill*         0x0600d36e        0x2 00
 SLPROG         0x0600d370       0x1c C:\saturn\sgl302j/lib\libsgl.a(sglF05.o)
                0x0600d370                slPrint
 *fill*         0x0600d38c        0x4 00
 SLPROG         0x0600d390       0x1e C:\saturn\sgl302j/lib\libsgl.a(sglB002.o)
                0x0600d390                slColRAMMode
 *fill*         0x0600d3ae        0x2 00
 SLPROG         0x0600d3b0        0xc C:\saturn\sgl302j/lib\libsgl.a(sglB016.o)
                0x0600d3b0                slBack1ColSet
 *fill*         0x0600d3bc        0x4 00
 SLPROG         0x0600d3c0       0x24 C:\saturn\sgl302j/lib\libsgl.a(sglB011.o)
                0x0600d3c0                slBitMapNbg1
 *fill*         0x0600d3e4        0xc 00
 SLPROG         0x0600d3f0        0xc C:\saturn\sgl302j/lib\libsgl.a(sglB071.o)
                0x0600d3f0                slScrPosNbg1
 *fill*         0x0600d3fc        0x4 00
 SLPROG         0x0600d400      0x40c C:\saturn\sgl302j/lib\libsgl.a(sglB015.o)
                0x0600d400                slScrAutoDisp
 *fill*         0x0600d80c        0x4 00
 SLPROG         0x0600d810      0x3a4 C:\saturn\sgl302j/lib\libsgl.a(sglI01.o)
                0x0600d9fa                RetPCMBuf
                0x0600db34                Sound_Buf
                0x0600d810                slInitSynch
                0x0600d920                slRandom
                0x0600da94                PCM_Buf
                0x0600d82a                slSynch
                0x0600d93e                PCM_EndCheck
 *fill*         0x0600dbb4        0xc 00
 SLPROG         0x0600dbc0      0x470 C:\saturn\sgl302j/lib\libsgl.a(sglH02.o)
                0x0600dfb0                smpc_pfr_tbl
                0x0600dff0                smpc_ptf_tbl
 SLPROG         0x0600e030       0x60 C:\saturn\sgl302j/lib\libsgl.a(sglH04.o)
                0x0600e05a                slComPrmSetTime
                0x0600e030                slComPrmIntBack
                0x0600e044                slComPrmSetMemory
 SLPROG         0x0600e090       0x40 C:\saturn\sgl302j/lib\libsgl.a(sglC20.o)
                0x0600e090                SpriteEntry
 SLPROG         0x0600e0d0     0x411e C:\saturn\sgl302j/lib\libsgl.a(sglA01.o)
                0x0600e1ac                sin_cos_index_tbl
                0x0600e0d0                slSin
                0x0600e1ec                sin_tbl
                0x0600e118                GetSinCos
                0x0600e0f4                slCos
 *fill*         0x060121ee        0x2 00
 SLPROG         0x060121f0       0x20 C:\saturn\sgl302j/lib\libsgl.a(sglA00.o)
                0x06012204                get_imask
                0x060121f0                set_imask
                0x060121f0                _builtin_set_imask
                0x06012204                _builtin_get_imask
 SLPROG         0x06012210       0x74 C:\saturn\sgl302j/lib\libsgl.a(sglJ00.o)
                0x06012210                InitSlaveSH
                0x06012278                SlaveCommand
 *fill*         0x06012284        0xc 00
 SLPROG         0x06012290      0x42c C:\saturn\sgl302j/lib\libsgl.a(sglA20.o)
                0x06012290                slInitMatrix
                0x060122ae                slUnitMatrix
                0x0601229a                slPushUnitMatrix
 *fill*         0x060126bc        0x4 00
 SLPROG         0x060126c0      0xbd0 C:\saturn\sgl302j/lib\libsgl.a(sglB000.o)
                0x060126c0                slInitScroll
                0x06012920                TVSizeTbl
                0x06012810                setASC_4to8
                0x060129a0                TVModeTbl
                0x060127e0                setASC_1to8
                0x06012b78                SGL_ASCII_CG
 SLPROG         0x06013290      0x3d0 C:\saturn\sgl302j/lib\libsgl.a(sglJ01.o)
                0x06013290                SlaveControl
                0x0601364c                ErasePolygonData
 SLPROG         0x06013660      0x75c C:\saturn\sgl302j/lib\libsgl.a(sglI00.o)
                0x06013950                slInitInterrupt
 *fill*         0x06013dbc        0x4 00
 SLPROG         0x06013dc0      0x134 C:\saturn\sgl302j/lib\libsgl.a(sglC00.o)
                0x06013dc0                slInitSprite
 *fill*         0x06013ef4        0xc 00
 SLPROG         0x06013f00      0x140 C:\saturn\sgl302j/lib\libsgl.a(sglJ03.o)
                0x06013f00                sbMakeDMATable
 SLPROG         0x06014040     0x12b8 C:\saturn\sgl302j/lib\libsgl.a(sglJ02.o)
                0x06015274                stvtc_1
                0x06014fac                stvtc_4
                0x06014f6c                SetPolygon
                0x06015064                stvtc_3
                0x0601529c                stvtc_0
                0x06014f74                SetPosition
                0x06014228                sbCalcPolygon
                0x06014f60                SetTexture
                0x06014040                sbMakePolygon
                0x06015288                stvtc_2
 *fill*         0x060152f8        0x8 00
 SLPROG         0x06015300      0x470 C:\saturn\sgl302j/lib\libsgl.a(sglJ04.o)
                0x060153c4                sbMakeRotSprite
                0x0601535e                sbMakeSprite
 SLPROG         0x06015770       0x3c C:\saturn\sgl302j/lib\libsgl.a(sglJ05.o)
                0x06015770                sbSortEntry
 *fill*         0x060157ac        0x4 00
 SLPROG         0x060157b0       0xf0 C:\saturn\sgl302j/lib\libsgl.a(sglH03.o)
                0x06015814                slSmpcIntBack
 SLPROG         0x060158a0       0x6a C:\saturn\sgl302j/lib\libsgl.a(sglM01.o)
                0x060158cc                slSetDepthTbl
                0x060158fc                DepthWorkArea
                0x060158a0                slSetDepthLimit
                0x0601590a                __slprog_end = .

.tors           0x06015910        0x0
                0x06015910                ___ctors = .
 *(.ctors)
                0x06015910                ___ctors_end = .
                0x06015910                ___dtors = .
 *(.dtors)
                0x06015910                ___dtors_end = .

.data           0x06015910    0x1d850
 *(.data)
 .data          0x06015910       0x10 main.o
                0x06015910                numDispSprites
 .data          0x06015920    0x1d030 assets.o
                0x06031120                pic_sprites
                0x06031138                tex_sprites
                0x06015920                waifu
                0x06031150                texture_sprites002
                0x06032150                texture_sprites000
                0x06031950                texture_sprites001
 .data          0x06032950       0x80 C:\saturn\sgl302j/lib\libsgl.a(sglIc0.o)
                0x06032950                IntPrioMask
 .data          0x060329d0      0x380 c:/Program Files (x86)/KPIT/SH_COFF/sh-coff/bin/../lib/gcc/sh-coff/3.4-GNUSH_v0501/../../../../sh-coff/lib/m2\libc.a(impure.o)
                0x06032d4c                _impure_ptr
 .data          0x06032d50      0x410 c:/Program Files (x86)/KPIT/SH_COFF/sh-coff/bin/../lib/gcc/sh-coff/3.4-GNUSH_v0501/../../../../sh-coff/lib/m2\libc.a(mallocr.o)
                0x06032d58                __malloc_av_
                0x06032d54                __malloc_trim_threshold
                0x06032d50                __malloc_sbrk_base
                0x06033160                __edata = .

.bss            0x06033160     0x1654
                0x06033160                __bstart = .
 *(.bss)
 .bss           0x06033160       0x10 c:/Program Files (x86)/KPIT/SH_COFF/sh-coff/bin/../lib/gcc/sh-coff/3.4-GNUSH_v0501/m2\libgcc.a(__main.o)
 .bss           0x06033170       0x10 c:/Program Files (x86)/KPIT/SH_COFF/sh-coff/bin/../lib/gcc/sh-coff/3.4-GNUSH_v0501/../../../../sh-coff/lib/m2\libc.a(atexit.o)
 .bss           0x06033180       0x40 c:/Program Files (x86)/KPIT/SH_COFF/sh-coff/bin/../lib/gcc/sh-coff/3.4-GNUSH_v0501/../../../../sh-coff/lib/m2\libc.a(mallocr.o)
                0x060331b0                __malloc_top_pad
                0x06033180                __malloc_current_mallinfo
                0x060331ac                __malloc_max_sbrked_mem
                0x060331a8                __malloc_max_total_mem
 .bss           0x060331c0       0x10 c:/Program Files (x86)/KPIT/SH_COFF/sh-coff/bin/../lib/gcc/sh-coff/3.4-GNUSH_v0501/../../../../sh-coff/lib/m2\libc.a(syscalls.o)
 *(COMMON)
 COMMON         0x060331d0     0x15e0 main.o
                                  0x0 (size before relaxing)
                0x060331d0                sprites
 COMMON         0x060347b0        0x4 c:/Program Files (x86)/KPIT/SH_COFF/sh-coff/bin/../lib/gcc/sh-coff/3.4-GNUSH_v0501/../../../../sh-coff/lib/m2\libc.a(syscalls.o)
                                  0x0 (size before relaxing)
                0x060347b0                errno
                0x060347b4                __bend = .
                0x060347b4                _end = .
LOAD C:\saturn\sgl302j\SAMPLE\common/cinit.o
LOAD C:\saturn\sgl302j/lib/sglarea.o
LOAD main.o
LOAD assets.o
LOAD scrollfunctions.o
LOAD C:\saturn\sgl302j/lib\libsgl.a
LOAD c:/Program Files (x86)/KPIT/SH_COFF/sh-coff/bin/../lib/gcc/sh-coff/3.4-GNUSH_v0501/m2\libgcc.a
LOAD c:/Program Files (x86)/KPIT/SH_COFF/sh-coff/bin/../lib/gcc/sh-coff/3.4-GNUSH_v0501/../../../../sh-coff/lib/m2\libc.a
LOAD c:/Program Files (x86)/KPIT/SH_COFF/sh-coff/bin/../lib/gcc/sh-coff/3.4-GNUSH_v0501/m2\libgcc.a
OUTPUT(sl.coff coff-sh)

.comment        0x060347c0      0x200
 .comment       0x060347c0       0x20 C:\saturn\sgl302j\SAMPLE\common/cinit.o
 .comment       0x060347e0       0x20 main.o
 .comment       0x06034800       0x20 assets.o
 .comment       0x06034820       0x20 scrollfunctions.o
 .comment       0x06034840       0x20 c:/Program Files (x86)/KPIT/SH_COFF/sh-coff/bin/../lib/gcc/sh-coff/3.4-GNUSH_v0501/m2\libgcc.a(__main.o)
 .comment       0x06034860       0x20 c:/Program Files (x86)/KPIT/SH_COFF/sh-coff/bin/../lib/gcc/sh-coff/3.4-GNUSH_v0501/../../../../sh-coff/lib/m2\libc.a(atexit.o)
 .comment       0x06034880       0x20 c:/Program Files (x86)/KPIT/SH_COFF/sh-coff/bin/../lib/gcc/sh-coff/3.4-GNUSH_v0501/../../../../sh-coff/lib/m2\libc.a(impure.o)
 .comment       0x060348a0       0x20 c:/Program Files (x86)/KPIT/SH_COFF/sh-coff/bin/../lib/gcc/sh-coff/3.4-GNUSH_v0501/../../../../sh-coff/lib/m2\libc.a(malloc.o)
 .comment       0x060348c0       0x20 c:/Program Files (x86)/KPIT/SH_COFF/sh-coff/bin/../lib/gcc/sh-coff/3.4-GNUSH_v0501/../../../../sh-coff/lib/m2\libc.a(mallocr.o)
 .comment       0x060348e0       0x20 c:/Program Files (x86)/KPIT/SH_COFF/sh-coff/bin/../lib/gcc/sh-coff/3.4-GNUSH_v0501/../../../../sh-coff/lib/m2\libc.a(freer.o)
 .comment       0x06034900       0x20 c:/Program Files (x86)/KPIT/SH_COFF/sh-coff/bin/../lib/gcc/sh-coff/3.4-GNUSH_v0501/../../../../sh-coff/lib/m2\libc.a(mlock.o)
 .comment       0x06034920       0x20 c:/Program Files (x86)/KPIT/SH_COFF/sh-coff/bin/../lib/gcc/sh-coff/3.4-GNUSH_v0501/../../../../sh-coff/lib/m2\libc.a(sbrkr.o)
 .comment       0x06034940       0x20 c:/Program Files (x86)/KPIT/SH_COFF/sh-coff/bin/../lib/gcc/sh-coff/3.4-GNUSH_v0501/../../../../sh-coff/lib/m2\libc.a(syscalls.o)
 .comment       0x06034960       0x20 c:/Program Files (x86)/KPIT/SH_COFF/sh-coff/bin/../lib/gcc/sh-coff/3.4-GNUSH_v0501/../../../../sh-coff/lib/m2\libc.a(abort.o)
 .comment       0x06034980       0x20 c:/Program Files (x86)/KPIT/SH_COFF/sh-coff/bin/../lib/gcc/sh-coff/3.4-GNUSH_v0501/../../../../sh-coff/lib/m2\libc.a(signal.o)
 .comment       0x060349a0       0x20 c:/Program Files (x86)/KPIT/SH_COFF/sh-coff/bin/../lib/gcc/sh-coff/3.4-GNUSH_v0501/../../../../sh-coff/lib/m2\libc.a(signalr.o)
