Archive member included because of file (symbol)

C:\saturn\sgl302j/lib\libsgl.a(sglIc0.o)
                              main.o (slInitSystem)
C:\saturn\sgl302j/lib\libsgl.a(sglH00.o)
                              C:\saturn\sgl302j/lib\libsgl.a(sglIc0.o) (slInitPeripheral)
C:\saturn\sgl302j/lib\libsgl.a(sglF00.o)
                              game.o (slLocate)
C:\saturn\sgl302j/lib\libsgl.a(sglF05.o)
                              game.o (slPrint)
C:\saturn\sgl302j/lib\libsgl.a(sglB072.o)
                              game.o (slScrPosNbg2)
C:\saturn\sgl302j/lib\libsgl.a(sglB073.o)
                              game.o (slScrPosNbg3)
C:\saturn\sgl302j/lib\libsgl.a(sglF03.o)
                              game.o (slPrintFX)
C:\saturn\sgl302j/lib\libsgl.a(sglF02.o)
                              game.o (slPrintHex)
C:\saturn\sgl302j/lib\libsgl.a(sglB015.o)
                              game.o (slScrAutoDisp)
C:\saturn\sgl302j/lib\libsgl.a(sglI01.o)
                              C:\saturn\sgl302j/lib\libsgl.a(sglIc0.o) (slInitSynch)
C:\saturn\sgl302j/lib\libsgl.a(sglA01.o)
                              game.o (slSin)
C:\saturn\sgl302j/lib\libsgl.a(sglC06.o)
                              game.o (slDispSprite)
C:\saturn\sgl302j/lib\libsgl.a(sglA06.o)
                              game.o (slMulFX)
C:\saturn\sgl302j/lib\libsgl.a(sglB001.o)
                              game.o (slTVOn)
C:\saturn\sgl302j/lib\libsgl.a(sglD00.o)
                              game.o (slDMACopy)
C:\saturn\sgl302j/lib\libsgl.a(sglB002.o)
                              game.o (slColRAMMode)
C:\saturn\sgl302j/lib\libsgl.a(sglB016.o)
                              game.o (slBack1ColSet)
C:\saturn\sgl302j/lib\libsgl.a(sglB200.o)
                              game.o (slCharNbg1)
C:\saturn\sgl302j/lib\libsgl.a(sglB056.o)
                              game.o (slPlaneNbg1)
C:\saturn\sgl302j/lib\libsgl.a(sglB032.o)
                              game.o (slMapNbg1)
C:\saturn\sgl302j/lib\libsgl.a(sglB071.o)
                              game.o (slScrPosNbg1)
C:\saturn\sgl302j/lib\libsgl.a(sglB063.o)
                              game.o (slPriority)
C:\saturn\sgl302j/lib\libsgl.a(sglB020.o)
                              game.o (slColorCalc)
C:\saturn\sgl302j/lib\libsgl.a(sglB023.o)
                              game.o (slColRate)
C:\saturn\sgl302j/lib\libsgl.a(sglB057.o)
                              game.o (slPlaneNbg2)
C:\saturn\sgl302j/lib\libsgl.a(sglB033.o)
                              game.o (slMapNbg2)
C:\saturn\sgl302j/lib\libsgl.a(sglB058.o)
                              game.o (slPlaneNbg3)
C:\saturn\sgl302j/lib\libsgl.a(sglB034.o)
                              game.o (slMapNbg3)
C:\saturn\sgl302j/lib\libsgl.a(sglB021.o)
                              game.o (slColorCalcOn)
C:\saturn\sgl302j/lib\libsgl.a(sglA00.o)
                              C:\saturn\sgl302j/lib\libsgl.a(sglIc0.o) (_builtin_set_imask)
C:\saturn\sgl302j/lib\libsgl.a(sglK01.o)
                              C:\saturn\sgl302j/lib\libsgl.a(sglIc0.o) (SynchCount)
C:\saturn\sgl302j/lib\libsgl.a(sglJ00.o)
                              C:\saturn\sgl302j/lib\libsgl.a(sglIc0.o) (InitSlaveSH)
C:\saturn\sgl302j/lib\libsgl.a(sglA20.o)
                              C:\saturn\sgl302j/lib\libsgl.a(sglIc0.o) (slInitMatrix)
C:\saturn\sgl302j/lib\libsgl.a(sglB000.o)
                              C:\saturn\sgl302j/lib\libsgl.a(sglIc0.o) (slInitScroll)
C:\saturn\sgl302j/lib\libsgl.a(sglJ01.o)
                              C:\saturn\sgl302j/lib\libsgl.a(sglIc0.o) (SlaveControl)
C:\saturn\sgl302j/lib\libsgl.a(sglI00.o)
                              C:\saturn\sgl302j/lib\libsgl.a(sglIc0.o) (slInitInterrupt)
C:\saturn\sgl302j/lib\libsgl.a(sglC00.o)
                              C:\saturn\sgl302j/lib\libsgl.a(sglIc0.o) (slInitSprite)
C:\saturn\sgl302j/lib\libsgl.a(sglH02.o)
                              C:\saturn\sgl302j/lib\libsgl.a(sglH00.o) (smpc_pfr_tbl)
C:\saturn\sgl302j/lib\libsgl.a(sglH04.o)
                              C:\saturn\sgl302j/lib\libsgl.a(sglH00.o) (slComPrmIntBack)
C:\saturn\sgl302j/lib\libsgl.a(sglC20.o)
                              C:\saturn\sgl302j/lib\libsgl.a(sglC06.o) (SpriteEntry)
C:\saturn\sgl302j/lib\libsgl.a(sglB035.o)
                              C:\saturn\sgl302j/lib\libsgl.a(sglB200.o) (rbank_set)
C:\saturn\sgl302j/lib\libsgl.a(sglJ03.o)
                              C:\saturn\sgl302j/lib\libsgl.a(sglJ01.o) (sbMakeDMATable)
C:\saturn\sgl302j/lib\libsgl.a(sglJ02.o)
                              C:\saturn\sgl302j/lib\libsgl.a(sglJ01.o) (sbMakePolygon)
C:\saturn\sgl302j/lib\libsgl.a(sglJ04.o)
                              C:\saturn\sgl302j/lib\libsgl.a(sglJ01.o) (sbMakeSprite)
C:\saturn\sgl302j/lib\libsgl.a(sglJ05.o)
                              C:\saturn\sgl302j/lib\libsgl.a(sglJ01.o) (sbSortEntry)
C:\saturn\sgl302j/lib\libsgl.a(sglH03.o)
                              C:\saturn\sgl302j/lib\libsgl.a(sglI00.o) (slSmpcIntBack)
C:\saturn\sgl302j/lib\libsgl.a(sglM01.o)
                              C:\saturn\sgl302j/lib\libsgl.a(sglJ02.o) (DepthWorkArea)
c:/saturn/SH_COFF/sh-coff/bin/../lib/gcc/sh-coff/3.4-GNUSH_v0501/m2\libgcc.a(__main.o)
                              C:\saturn\sgl302j\SAMPLE\common/cinit.o (__main)
c:/saturn/SH_COFF/sh-coff/bin/../lib/gcc/sh-coff/3.4-GNUSH_v0501/m2\libgcc.a(_si_to_df.o)
                              game.o (__floatsidf)
c:/saturn/SH_COFF/sh-coff/bin/../lib/gcc/sh-coff/3.4-GNUSH_v0501/m2\libgcc.a(_mul_df.o)
                              game.o (__muldf3)
c:/saturn/SH_COFF/sh-coff/bin/../lib/gcc/sh-coff/3.4-GNUSH_v0501/m2\libgcc.a(_div_df.o)
                              game.o (__divdf3)
c:/saturn/SH_COFF/sh-coff/bin/../lib/gcc/sh-coff/3.4-GNUSH_v0501/m2\libgcc.a(_df_to_si.o)
                              game.o (__fixdfsi)
c:/saturn/SH_COFF/sh-coff/bin/../lib/gcc/sh-coff/3.4-GNUSH_v0501/m2\libgcc.a(_ashiftrt_n.o)
                              game.o (__ashrsi3)
c:/saturn/SH_COFF/sh-coff/bin/../lib/gcc/sh-coff/3.4-GNUSH_v0501/m2\libgcc.a(_pack_df.o)
                              c:/saturn/SH_COFF/sh-coff/bin/../lib/gcc/sh-coff/3.4-GNUSH_v0501/m2\libgcc.a(_si_to_df.o) (__pack_d)
c:/saturn/SH_COFF/sh-coff/bin/../lib/gcc/sh-coff/3.4-GNUSH_v0501/m2\libgcc.a(_unpack_df.o)
                              c:/saturn/SH_COFF/sh-coff/bin/../lib/gcc/sh-coff/3.4-GNUSH_v0501/m2\libgcc.a(_mul_df.o) (__unpack_d)
c:/saturn/SH_COFF/sh-coff/bin/../lib/gcc/sh-coff/3.4-GNUSH_v0501/m2\libgcc.a(_thenan_df.o)
                              c:/saturn/SH_COFF/sh-coff/bin/../lib/gcc/sh-coff/3.4-GNUSH_v0501/m2\libgcc.a(_mul_df.o) (__thenan_df)
c:/saturn/SH_COFF/sh-coff/bin/../lib/gcc/sh-coff/3.4-GNUSH_v0501/m2\libgcc.a(_lshrdi3.o)
                              c:/saturn/SH_COFF/sh-coff/bin/../lib/gcc/sh-coff/3.4-GNUSH_v0501/m2\libgcc.a(_df_to_si.o) (__lshrdi3)
c:/saturn/SH_COFF/sh-coff/bin/../lib/gcc/sh-coff/3.4-GNUSH_v0501/m2\libgcc.a(_ashldi3.o)
                              c:/saturn/SH_COFF/sh-coff/bin/../lib/gcc/sh-coff/3.4-GNUSH_v0501/m2\libgcc.a(_pack_df.o) (__ashldi3)
c:/saturn/SH_COFF/sh-coff/bin/../lib/gcc/sh-coff/3.4-GNUSH_v0501/m2\libgcc.a(_ashiftlt.o)
                              c:/saturn/SH_COFF/sh-coff/bin/../lib/gcc/sh-coff/3.4-GNUSH_v0501/m2\libgcc.a(_lshrdi3.o) (__ashlsi3)
c:/saturn/SH_COFF/sh-coff/bin/../lib/gcc/sh-coff/3.4-GNUSH_v0501/m2\libgcc.a(_lshiftrt.o)
                              c:/saturn/SH_COFF/sh-coff/bin/../lib/gcc/sh-coff/3.4-GNUSH_v0501/m2\libgcc.a(_lshrdi3.o) (__lshrsi3)
c:/saturn/SH_COFF/sh-coff/bin/../lib/gcc/sh-coff/3.4-GNUSH_v0501/../../../../sh-coff/lib/m2\libc.a(memcpy.o)
                              game.o (memcpy)
c:/saturn/SH_COFF/sh-coff/bin/../lib/gcc/sh-coff/3.4-GNUSH_v0501/../../../../sh-coff/lib/m2\libc.a(malloc.o)
                              spritelist.o (malloc)
c:/saturn/SH_COFF/sh-coff/bin/../lib/gcc/sh-coff/3.4-GNUSH_v0501/../../../../sh-coff/lib/m2\libc.a(atexit.o)
                              c:/saturn/SH_COFF/sh-coff/bin/../lib/gcc/sh-coff/3.4-GNUSH_v0501/m2\libgcc.a(__main.o) (atexit)
c:/saturn/SH_COFF/sh-coff/bin/../lib/gcc/sh-coff/3.4-GNUSH_v0501/../../../../sh-coff/lib/m2\libc.a(impure.o)
                              c:/saturn/SH_COFF/sh-coff/bin/../lib/gcc/sh-coff/3.4-GNUSH_v0501/../../../../sh-coff/lib/m2\libc.a(malloc.o) (_impure_ptr)
c:/saturn/SH_COFF/sh-coff/bin/../lib/gcc/sh-coff/3.4-GNUSH_v0501/../../../../sh-coff/lib/m2\libc.a(mallocr.o)
                              c:/saturn/SH_COFF/sh-coff/bin/../lib/gcc/sh-coff/3.4-GNUSH_v0501/../../../../sh-coff/lib/m2\libc.a(malloc.o) (_malloc_r)
c:/saturn/SH_COFF/sh-coff/bin/../lib/gcc/sh-coff/3.4-GNUSH_v0501/../../../../sh-coff/lib/m2\libc.a(freer.o)
                              c:/saturn/SH_COFF/sh-coff/bin/../lib/gcc/sh-coff/3.4-GNUSH_v0501/../../../../sh-coff/lib/m2\libc.a(malloc.o) (_free_r)
c:/saturn/SH_COFF/sh-coff/bin/../lib/gcc/sh-coff/3.4-GNUSH_v0501/../../../../sh-coff/lib/m2\libc.a(mlock.o)
                              c:/saturn/SH_COFF/sh-coff/bin/../lib/gcc/sh-coff/3.4-GNUSH_v0501/../../../../sh-coff/lib/m2\libc.a(mallocr.o) (__malloc_lock)
c:/saturn/SH_COFF/sh-coff/bin/../lib/gcc/sh-coff/3.4-GNUSH_v0501/../../../../sh-coff/lib/m2\libc.a(sbrkr.o)
                              c:/saturn/SH_COFF/sh-coff/bin/../lib/gcc/sh-coff/3.4-GNUSH_v0501/../../../../sh-coff/lib/m2\libc.a(mallocr.o) (_sbrk_r)
c:/saturn/SH_COFF/sh-coff/bin/../lib/gcc/sh-coff/3.4-GNUSH_v0501/../../../../sh-coff/lib/m2\libc.a(syscalls.o)
                              c:/saturn/SH_COFF/sh-coff/bin/../lib/gcc/sh-coff/3.4-GNUSH_v0501/../../../../sh-coff/lib/m2\libc.a(sbrkr.o) (_sbrk)
c:/saturn/SH_COFF/sh-coff/bin/../lib/gcc/sh-coff/3.4-GNUSH_v0501/../../../../sh-coff/lib/m2\libc.a(trap.o)
                              c:/saturn/SH_COFF/sh-coff/bin/../lib/gcc/sh-coff/3.4-GNUSH_v0501/../../../../sh-coff/lib/m2\libc.a(syscalls.o) (__trap34)
c:/saturn/SH_COFF/sh-coff/bin/../lib/gcc/sh-coff/3.4-GNUSH_v0501/../../../../sh-coff/lib/m2\libc.a(abort.o)
                              c:/saturn/SH_COFF/sh-coff/bin/../lib/gcc/sh-coff/3.4-GNUSH_v0501/../../../../sh-coff/lib/m2\libc.a(syscalls.o) (abort)
c:/saturn/SH_COFF/sh-coff/bin/../lib/gcc/sh-coff/3.4-GNUSH_v0501/../../../../sh-coff/lib/m2\libc.a(signal.o)
                              c:/saturn/SH_COFF/sh-coff/bin/../lib/gcc/sh-coff/3.4-GNUSH_v0501/../../../../sh-coff/lib/m2\libc.a(abort.o) (raise)
c:/saturn/SH_COFF/sh-coff/bin/../lib/gcc/sh-coff/3.4-GNUSH_v0501/../../../../sh-coff/lib/m2\libc.a(signalr.o)
                              c:/saturn/SH_COFF/sh-coff/bin/../lib/gcc/sh-coff/3.4-GNUSH_v0501/../../../../sh-coff/lib/m2\libc.a(signal.o) (_kill_r)
c:/saturn/SH_COFF/sh-coff/bin/../lib/gcc/sh-coff/3.4-GNUSH_v0501/m2\libgcc.a(_udivsi3.o)
                              c:/saturn/SH_COFF/sh-coff/bin/../lib/gcc/sh-coff/3.4-GNUSH_v0501/../../../../sh-coff/lib/m2\libc.a(freer.o) (__udivsi3)

Allocating common symbols
Common symbol       size              file

numSprites          0x1               game.o
eye1                0x4               game.o
playfield           0x800             game.o
eye2                0x4               game.o
defaultSprite       0x28              game.o
errno               0x4               c:/saturn/SH_COFF/sh-coff/bin/../lib/gcc/sh-coff/3.4-GNUSH_v0501/../../../../sh-coff/lib/m2\libc.a(syscalls.o)
gameState           0x4               game.o
dispFace            0x1               game.o

Memory Configuration

Name             Origin             Length             Attributes
*default*        0x00000000         0xffffffff

Linker script and memory map


SLSTART         0x06004000       0x30
                0x06004000                ___Start = .
 *(SLSTART)
 SLSTART        0x06004000       0x28 C:\saturn\sgl302j/lib\libsgl.a(sglI00.o)
                0x06004002                slStartSGL
                0x06004000                SGL_Start

.text           0x06004040     0x3e30
 *(.text)
 .text          0x06004040       0x50 C:\saturn\sgl302j\SAMPLE\common/cinit.o
                0x06004040                main
 .text          0x06004090       0x60 main.o
                0x06004090                ss_main
 .text          0x060040f0     0x1770 game.o
                0x060040fc                SCLERA_ATTR
                0x06004f70                loadSpritePos
                0x06004f40                loadLevel
                0x0600411a                SHOT_ATTR
                0x060040f0                SPR_SIZE
                0x06004124                CIRCLE_ATTR
                0x06004106                EYE_ATTR
                0x060051d0                runLevel
                0x06004110                PLAYER_ATTR
 .text          0x06005860       0xf0 scrollfunctions.o
                0x06005900                MapRead
                0x06005920                Pal2CRAM
                0x06005880                Map2VRAM
                0x060058e0                MapWrite
                0x06005860                Cel2VRAM
 .text          0x06005950      0x270 spritelist.o
                0x06005950                createSpriteNode
                0x06005b80                clearSpriteList
                0x06005a30                deleteSpriteNode
                0x06005980                addSpriteNode
 .text          0x06005bc0      0x128 C:\saturn\sgl302j/lib\libsgl.a(sglIc0.o)
                0x06005bc0                slInitSystem
 *fill*         0x06005ce8        0x8 00
 .text          0x06005cf0       0xc0 c:/saturn/SH_COFF/sh-coff/bin/../lib/gcc/sh-coff/3.4-GNUSH_v0501/m2\libgcc.a(__main.o)
                0x06005d70                __main
                0x06005cf0                __do_global_dtors
                0x06005d30                __do_global_ctors
 .text          0x06005db0      0x110 c:/saturn/SH_COFF/sh-coff/bin/../lib/gcc/sh-coff/3.4-GNUSH_v0501/m2\libgcc.a(_si_to_df.o)
                0x06005dc0                __floatsidf
 .text          0x06005ec0      0x2c0 c:/saturn/SH_COFF/sh-coff/bin/../lib/gcc/sh-coff/3.4-GNUSH_v0501/m2\libgcc.a(_mul_df.o)
                0x06005ee0                __muldf3
 .text          0x06006180      0x180 c:/saturn/SH_COFF/sh-coff/bin/../lib/gcc/sh-coff/3.4-GNUSH_v0501/m2\libgcc.a(_div_df.o)
                0x06006190                __divdf3
 .text          0x06006300       0x90 c:/saturn/SH_COFF/sh-coff/bin/../lib/gcc/sh-coff/3.4-GNUSH_v0501/m2\libgcc.a(_df_to_si.o)
                0x06006300                __fixdfsi
 .text          0x06006390       0x80 c:/saturn/SH_COFF/sh-coff/bin/../lib/gcc/sh-coff/3.4-GNUSH_v0501/m2\libgcc.a(_ashiftrt_n.o)
                0x06006390                __ashrsi3
 .text          0x06006410      0x270 c:/saturn/SH_COFF/sh-coff/bin/../lib/gcc/sh-coff/3.4-GNUSH_v0501/m2\libgcc.a(_pack_df.o)
                0x06006430                __pack_d
 .text          0x06006680      0x160 c:/saturn/SH_COFF/sh-coff/bin/../lib/gcc/sh-coff/3.4-GNUSH_v0501/m2\libgcc.a(_unpack_df.o)
                0x060066a0                __unpack_d
 .text          0x060067e0       0x20 c:/saturn/SH_COFF/sh-coff/bin/../lib/gcc/sh-coff/3.4-GNUSH_v0501/m2\libgcc.a(_thenan_df.o)
                0x060067e0                __thenan_df
 .text          0x06006800       0x90 c:/saturn/SH_COFF/sh-coff/bin/../lib/gcc/sh-coff/3.4-GNUSH_v0501/m2\libgcc.a(_lshrdi3.o)
                0x06006800                __lshrdi3
 .text          0x06006890       0x90 c:/saturn/SH_COFF/sh-coff/bin/../lib/gcc/sh-coff/3.4-GNUSH_v0501/m2\libgcc.a(_ashldi3.o)
                0x06006890                __ashldi3
 .text          0x06006920       0x90 c:/saturn/SH_COFF/sh-coff/bin/../lib/gcc/sh-coff/3.4-GNUSH_v0501/m2\libgcc.a(_ashiftlt.o)
                0x06006920                __ashlsi3
 .text          0x060069b0       0x90 c:/saturn/SH_COFF/sh-coff/bin/../lib/gcc/sh-coff/3.4-GNUSH_v0501/m2\libgcc.a(_lshiftrt.o)
                0x060069b0                __lshrsi3
 .text          0x06006a40       0xa0 c:/saturn/SH_COFF/sh-coff/bin/../lib/gcc/sh-coff/3.4-GNUSH_v0501/../../../../sh-coff/lib/m2\libc.a(memcpy.o)
                0x06006a40                memcpy
 .text          0x06006ae0       0x40 c:/saturn/SH_COFF/sh-coff/bin/../lib/gcc/sh-coff/3.4-GNUSH_v0501/../../../../sh-coff/lib/m2\libc.a(malloc.o)
                0x06006b00                free
                0x06006ae0                malloc
 .text          0x06006b20       0xa0 c:/saturn/SH_COFF/sh-coff/bin/../lib/gcc/sh-coff/3.4-GNUSH_v0501/../../../../sh-coff/lib/m2\libc.a(atexit.o)
                0x06006b20                atexit
 .text          0x06006bc0       0x10 c:/saturn/SH_COFF/sh-coff/bin/../lib/gcc/sh-coff/3.4-GNUSH_v0501/../../../../sh-coff/lib/m2\libc.a(impure.o)
                0x06006bc0                _global_impure_ptr
 .text          0x06006bd0      0x680 c:/saturn/SH_COFF/sh-coff/bin/../lib/gcc/sh-coff/3.4-GNUSH_v0501/../../../../sh-coff/lib/m2\libc.a(mallocr.o)
                0x06006bd0                _malloc_r
 .text          0x06007250      0x3b0 c:/saturn/SH_COFF/sh-coff/bin/../lib/gcc/sh-coff/3.4-GNUSH_v0501/../../../../sh-coff/lib/m2\libc.a(freer.o)
                0x06007250                _malloc_trim_r
                0x06007350                _free_r
 .text          0x06007600       0x20 c:/saturn/SH_COFF/sh-coff/bin/../lib/gcc/sh-coff/3.4-GNUSH_v0501/../../../../sh-coff/lib/m2\libc.a(mlock.o)
                0x06007600                __malloc_lock
                0x06007610                __malloc_unlock
 .text          0x06007620       0x50 c:/saturn/SH_COFF/sh-coff/bin/../lib/gcc/sh-coff/3.4-GNUSH_v0501/../../../../sh-coff/lib/m2\libc.a(sbrkr.o)
                0x06007620                _sbrk_r
 .text          0x06007670      0x430 c:/saturn/SH_COFF/sh-coff/bin/../lib/gcc/sh-coff/3.4-GNUSH_v0501/../../../../sh-coff/lib/m2\libc.a(syscalls.o)
                0x06007820                _exit
                0x06007860                _getpid
                0x060078e0                _utime
                0x060076b0                _write
                0x06007670                _read
                0x06007800                _unlink
                0x060077c0                _open
                0x06007880                _stat
                0x06007810                isatty
                0x06007920                _wait
                0x06007840                _kill
                0x060078a0                _chmod
                0x06007960                _execv
                0x06007940                _execve
                0x06007a60                __setup_argv_and_call_main
                0x060079b0                _gettimeofday
                0x060076f0                _link
                0x06007870                _raise
                0x060077e0                _creat
                0x06007980                _pipe
                0x060078c0                _chown
                0x06007690                _lseek
                0x060076d0                _close
                0x060079a0                _times
                0x060077a0                _fstat
                0x06007900                _fork
                0x06007720                _sbrk
 .text          0x06007aa0       0x20 c:/saturn/SH_COFF/sh-coff/bin/../lib/gcc/sh-coff/3.4-GNUSH_v0501/../../../../sh-coff/lib/m2\libc.a(trap.o)
                0x06007aa0                __trap34
 .text          0x06007ac0       0x20 c:/saturn/SH_COFF/sh-coff/bin/../lib/gcc/sh-coff/3.4-GNUSH_v0501/../../../../sh-coff/lib/m2\libc.a(abort.o)
                0x06007ac0                abort
 .text          0x06007ae0      0x2c0 c:/saturn/SH_COFF/sh-coff/bin/../lib/gcc/sh-coff/3.4-GNUSH_v0501/../../../../sh-coff/lib/m2\libc.a(signal.o)
                0x06007bc0                _raise_r
                0x06007d80                __sigtramp
                0x06007d20                raise
                0x06007d60                _init_signal
                0x06007ca0                __sigtramp_r
                0x06007d40                signal
                0x06007b30                _signal_r
                0x06007ae0                _init_signal_r
 .text          0x06007da0       0x60 c:/saturn/SH_COFF/sh-coff/bin/../lib/gcc/sh-coff/3.4-GNUSH_v0501/../../../../sh-coff/lib/m2\libc.a(signalr.o)
                0x06007df0                _getpid_r
                0x06007da0                _kill_r
 .text          0x06007e00       0x70 c:/saturn/SH_COFF/sh-coff/bin/../lib/gcc/sh-coff/3.4-GNUSH_v0501/m2\libgcc.a(_udivsi3.o)
                0x06007e22                __udivsi3
 *(.strings)
                0x06007e70                __etext = .

SLPROG          0x06007e80    0x102c0
                0x06007e80                __slprog_start = .
 *(SLPROG)
 SLPROG         0x06007e80     0x6540 C:\saturn\sgl302j/lib/sglarea.o
                0x06007e9c                SpriteBuf
                0x06007ec0                RemainEvent
                0x06007e8c                SortList
                0x06007e8a                MaxPolygons
                0x06007ea8                CommandBuf
                0x06007ebc                MaxWorks
                0x06007ebe                WorkSize
                0x06007eb4                PCM_WkSize
                0x06007eac                CLOfstBuf
                0x06007fc0                RemainWork
                0x06007eb0                PCM_Work
                0x06007e80                MasterStack
                0x06007e84                SlaveStack
                0x06007e88                MaxVertices
                0x06007eb8                MaxEvents
                0x06007e98                Zbuffer
                0x06007ea0                SpriteBufSize
                0x0600a3c0                WorkBuf
                0x06007e94                TransList
                0x06007ea4                Pbuffer
                0x06007e90                SortListSize
                0x06007eba                EventSize
                0x060083c0                EventBuf
 SLPROG         0x0600e3c0      0xfc8 C:\saturn\sgl302j/lib\libsgl.a(sglH00.o)
                0x0600e45c                slSetPortData1
                0x0600e44c                slGetPortData1
                0x0600ec3a                slSetPortMode1
                0x0600ee74                Smpc_Status
                0x0600e412                slSetPortDir2
                0x0600ea58                slSmpcCashSend
                0x0600e478                slGetPortSelect1
                0x0600e85e                slIntBackCancel
                0x0600e510                slSetPortExt1
                0x0600ec20                slGetPortMode1
                0x0600eb14                slSmpcCashBlow
                0x0600ee04                slRequestCommand
                0x0600eea4                SmpcStatusBuf
                0x0600e466                slSetPortData2
                0x0600e7c6                slSetResultBuffer
                0x0600e4fc                slGetPortExt1
                0x0600e540                slSetPortExt2
                0x0600e3e0                slGetPortDir2
                0x0600e506                slGetPortExt2
                0x0600e892                slClearReset
                0x0600e888                slCheckReset
                0x0600e3e8                slSetPortDir1
                0x0600e4c0                slSetPortSelect2
                0x0600e48c                slSetPortSelect1
                0x0600ec2c                slGetPortMode2
                0x0600e482                slGetPortSelect2
                0x0600e3d8                slGetPortDir1
                0x0600e454                slGetPortData2
                0x0600ebfa                slSetOptimize
                0x0600ebf0                slGetOptimize
                0x0600e6b4                slSmpcDirectAccess
                0x0600ee82                Per_Connect1
                0x0600e734                slInitPeripheral
                0x0600e852                slCheckIntBackSet
                0x0600ee83                Per_Connect2
                0x0600ee7c                Smpc_Peripheral
                0x0600ec78                slSetPortMode2
                0x0600ee78                Smpc_Result
 *fill*         0x0600f388        0x8 00
 SLPROG         0x0600f390       0x4e C:\saturn\sgl302j/lib\libsgl.a(sglF00.o)
                0x0600f3aa                slLocate
                0x0600f3a0                slCurColor
                0x0600f3dc                CurrentScreen
                0x0600f390                slCurScrn
 *fill*         0x0600f3de        0x2 00
 SLPROG         0x0600f3e0       0x1c C:\saturn\sgl302j/lib\libsgl.a(sglF05.o)
                0x0600f3e0                slPrint
 *fill*         0x0600f3fc        0x4 00
 SLPROG         0x0600f400       0x10 C:\saturn\sgl302j/lib\libsgl.a(sglB072.o)
                0x0600f400                slScrPosNbg2
 SLPROG         0x0600f410       0x10 C:\saturn\sgl302j/lib\libsgl.a(sglB073.o)
                0x0600f410                slScrPosNbg3
 SLPROG         0x0600f420      0x12a C:\saturn\sgl302j/lib\libsgl.a(sglF03.o)
                0x0600f420                slPrintFX
 *fill*         0x0600f54a        0x6 00
 SLPROG         0x0600f550       0x3c C:\saturn\sgl302j/lib\libsgl.a(sglF02.o)
                0x0600f550                slPrintHex
 *fill*         0x0600f58c        0x4 00
 SLPROG         0x0600f590      0x40c C:\saturn\sgl302j/lib\libsgl.a(sglB015.o)
                0x0600f590                slScrAutoDisp
 *fill*         0x0600f99c        0x4 00
 SLPROG         0x0600f9a0      0x3a4 C:\saturn\sgl302j/lib\libsgl.a(sglI01.o)
                0x0600fb8a                RetPCMBuf
                0x0600fcc4                Sound_Buf
                0x0600f9a0                slInitSynch
                0x0600fab0                slRandom
                0x0600fc24                PCM_Buf
                0x0600f9ba                slSynch
                0x0600face                PCM_EndCheck
 *fill*         0x0600fd44        0xc 00
 SLPROG         0x0600fd50     0x411e C:\saturn\sgl302j/lib\libsgl.a(sglA01.o)
                0x0600fe2c                sin_cos_index_tbl
                0x0600fd50                slSin
                0x0600fe6c                sin_tbl
                0x0600fd98                GetSinCos
                0x0600fd74                slCos
 *fill*         0x06013e6e        0x2 00
 SLPROG         0x06013e70       0xfa C:\saturn\sgl302j/lib\libsgl.a(sglC06.o)
                0x06013e70                slDispSprite
 *fill*         0x06013f6a        0x6 00
 SLPROG         0x06013f70        0xa C:\saturn\sgl302j/lib\libsgl.a(sglA06.o)
                0x06013f70                slMulFX
 *fill*         0x06013f7a        0x6 00
 SLPROG         0x06013f80       0x20 C:\saturn\sgl302j/lib\libsgl.a(sglB001.o)
                0x06013f80                slTVOn
                0x06013f8a                slTVOff
 SLPROG         0x06013fa0       0x84 C:\saturn\sgl302j/lib\libsgl.a(sglD00.o)
                0x06013fa0                slDMACopy
                0x06013fa0                slCpuDMACopy
                0x06013ffa                slCashPurge
                0x06013ffa                CSH_AllClr
 *fill*         0x06014024        0xc 00
 SLPROG         0x06014030       0x1e C:\saturn\sgl302j/lib\libsgl.a(sglB002.o)
                0x06014030                slColRAMMode
 *fill*         0x0601404e        0x2 00
 SLPROG         0x06014050        0xc C:\saturn\sgl302j/lib\libsgl.a(sglB016.o)
                0x06014050                slBack1ColSet
 *fill*         0x0601405c        0x4 00
 SLPROG         0x06014060      0x114 C:\saturn\sgl302j/lib\libsgl.a(sglB200.o)
                0x0601406c                slCharNbg0
                0x060140b2                slPageRbg0
                0x060140c8                slPageNbg1
                0x06014078                slCharNbg1
                0x060140e4                slPageNbg0
                0x060140d0                slPageNbg2
                0x060140d8                slPageNbg3
                0x06014084                slCharNbg2
                0x0601409a                slCharNbg3
                0x06014060                slCharRbg0
 *fill*         0x06014174        0xc 00
 SLPROG         0x06014180        0xc C:\saturn\sgl302j/lib\libsgl.a(sglB056.o)
                0x06014180                slPlaneNbg1
 *fill*         0x0601418c        0x4 00
 SLPROG         0x06014190       0xb4 C:\saturn\sgl302j/lib\libsgl.a(sglB032.o)
                0x06014190                slMapNbg1
 *fill*         0x06014244        0xc 00
 SLPROG         0x06014250        0xc C:\saturn\sgl302j/lib\libsgl.a(sglB071.o)
                0x06014250                slScrPosNbg1
 *fill*         0x0601425c        0x4 00
 SLPROG         0x06014260        0xc C:\saturn\sgl302j/lib\libsgl.a(sglB063.o)
                0x06014260                slPriority
 *fill*         0x0601426c        0x4 00
 SLPROG         0x06014270       0x10 C:\saturn\sgl302j/lib\libsgl.a(sglB020.o)
                0x06014270                slColorCalc
 SLPROG         0x06014280        0xc C:\saturn\sgl302j/lib\libsgl.a(sglB023.o)
                0x06014280                slColRate
 *fill*         0x0601428c        0x4 00
 SLPROG         0x06014290       0x10 C:\saturn\sgl302j/lib\libsgl.a(sglB057.o)
                0x06014290                slPlaneNbg2
 SLPROG         0x060142a0       0xb0 C:\saturn\sgl302j/lib\libsgl.a(sglB033.o)
                0x060142a0                slMapNbg2
 SLPROG         0x06014350       0x10 C:\saturn\sgl302j/lib\libsgl.a(sglB058.o)
                0x06014350                slPlaneNbg3
 SLPROG         0x06014360       0xb4 C:\saturn\sgl302j/lib\libsgl.a(sglB034.o)
                0x06014360                slMapNbg3
 *fill*         0x06014414        0xc 00
 SLPROG         0x06014420        0xc C:\saturn\sgl302j/lib\libsgl.a(sglB021.o)
                0x06014420                slColorCalcOn
 *fill*         0x0601442c        0x4 00
 SLPROG         0x06014430       0x20 C:\saturn\sgl302j/lib\libsgl.a(sglA00.o)
                0x06014444                get_imask
                0x06014430                set_imask
                0x06014430                _builtin_set_imask
                0x06014444                _builtin_get_imask
 SLPROG         0x06014450       0x74 C:\saturn\sgl302j/lib\libsgl.a(sglJ00.o)
                0x06014450                InitSlaveSH
                0x060144b8                SlaveCommand
 *fill*         0x060144c4        0xc 00
 SLPROG         0x060144d0      0x42c C:\saturn\sgl302j/lib\libsgl.a(sglA20.o)
                0x060144d0                slInitMatrix
                0x060144ee                slUnitMatrix
                0x060144da                slPushUnitMatrix
 *fill*         0x060148fc        0x4 00
 SLPROG         0x06014900      0xbd0 C:\saturn\sgl302j/lib\libsgl.a(sglB000.o)
                0x06014900                slInitScroll
                0x06014b60                TVSizeTbl
                0x06014a50                setASC_4to8
                0x06014be0                TVModeTbl
                0x06014a20                setASC_1to8
                0x06014db8                SGL_ASCII_CG
 SLPROG         0x060154d0      0x3d0 C:\saturn\sgl302j/lib\libsgl.a(sglJ01.o)
                0x060154d0                SlaveControl
                0x0601588c                ErasePolygonData
 SLPROG         0x060158a0      0x75c C:\saturn\sgl302j/lib\libsgl.a(sglI00.o)
                0x06015b90                slInitInterrupt
 *fill*         0x06015ffc        0x4 00
 SLPROG         0x06016000      0x134 C:\saturn\sgl302j/lib\libsgl.a(sglC00.o)
                0x06016000                slInitSprite
 *fill*         0x06016134        0xc 00
 SLPROG         0x06016140      0x470 C:\saturn\sgl302j/lib\libsgl.a(sglH02.o)
                0x06016530                smpc_pfr_tbl
                0x06016570                smpc_ptf_tbl
 SLPROG         0x060165b0       0x60 C:\saturn\sgl302j/lib\libsgl.a(sglH04.o)
                0x060165da                slComPrmSetTime
                0x060165b0                slComPrmIntBack
                0x060165c4                slComPrmSetMemory
 SLPROG         0x06016610       0x40 C:\saturn\sgl302j/lib\libsgl.a(sglC20.o)
                0x06016610                SpriteEntry
 SLPROG         0x06016650       0xd4 C:\saturn\sgl302j/lib\libsgl.a(sglB035.o)
                0x06016650                sl1MapRA
                0x060166e2                rbank_set
 *fill*         0x06016724        0xc 00
 SLPROG         0x06016730      0x140 C:\saturn\sgl302j/lib\libsgl.a(sglJ03.o)
                0x06016730                sbMakeDMATable
 SLPROG         0x06016870     0x12b8 C:\saturn\sgl302j/lib\libsgl.a(sglJ02.o)
                0x06017aa4                stvtc_1
                0x060177dc                stvtc_4
                0x0601779c                SetPolygon
                0x06017894                stvtc_3
                0x06017acc                stvtc_0
                0x060177a4                SetPosition
                0x06016a58                sbCalcPolygon
                0x06017790                SetTexture
                0x06016870                sbMakePolygon
                0x06017ab8                stvtc_2
 *fill*         0x06017b28        0x8 00
 SLPROG         0x06017b30      0x470 C:\saturn\sgl302j/lib\libsgl.a(sglJ04.o)
                0x06017bf4                sbMakeRotSprite
                0x06017b8e                sbMakeSprite
 SLPROG         0x06017fa0       0x3c C:\saturn\sgl302j/lib\libsgl.a(sglJ05.o)
                0x06017fa0                sbSortEntry
 *fill*         0x06017fdc        0x4 00
 SLPROG         0x06017fe0       0xf0 C:\saturn\sgl302j/lib\libsgl.a(sglH03.o)
                0x06018044                slSmpcIntBack
 SLPROG         0x060180d0       0x6a C:\saturn\sgl302j/lib\libsgl.a(sglM01.o)
                0x060180fc                slSetDepthTbl
                0x0601812c                DepthWorkArea
                0x060180d0                slSetDepthLimit
                0x0601813a                __slprog_end = .

.tors           0x06018140        0x0
                0x06018140                ___ctors = .
 *(.ctors)
                0x06018140                ___ctors_end = .
                0x06018140                ___dtors = .
 *(.dtors)
                0x06018140                ___dtors_end = .

.data           0x06018140     0xd350
 *(.data)
 .data          0x06018140       0x50 main.o
                0x06018140                spritepos2
                0x06018180                spritepos1
 .data          0x06018190     0xcae0 assets.o
                0x06018190                pal_cloud
                0x06020590                cel_map1
                0x06022290                pic_sprites
                0x0601f390                map_map2
                0x06022970                texture_sprites003
                0x060222d0                tex_sprites
                0x0601fb90                pal_map1
                0x060229f0                texture_sprites002
                0x06024a70                texture_sprites000
                0x06018b90                cel_cloud
                0x0601a090                cel_road
                0x06019890                map_road
                0x06022710                texture_sprites004
                0x060249f0                texture_sprites001
                0x06020a90                map_face
                0x06019690                pal_road
                0x0601fd90                map_map1
                0x06022510                texture_sprites006
                0x06022310                texture_sprites007
                0x06020890                pal_face
                0x06021290                cel_face
                0x06018390                map_cloud
 .data          0x06024c70       0x10 game.o
                0x06024c70                scale
 .data          0x06024c80       0x80 C:\saturn\sgl302j/lib\libsgl.a(sglIc0.o)
                0x06024c80                IntPrioMask
 .data          0x06024d00      0x380 c:/saturn/SH_COFF/sh-coff/bin/../lib/gcc/sh-coff/3.4-GNUSH_v0501/../../../../sh-coff/lib/m2\libc.a(impure.o)
                0x0602507c                _impure_ptr
 .data          0x06025080      0x410 c:/saturn/SH_COFF/sh-coff/bin/../lib/gcc/sh-coff/3.4-GNUSH_v0501/../../../../sh-coff/lib/m2\libc.a(mallocr.o)
                0x06025088                __malloc_av_
                0x06025084                __malloc_trim_threshold
                0x06025080                __malloc_sbrk_base
                0x06025490                __edata = .

.bss            0x06025490      0xb04
                0x06025490                __bstart = .
 *(.bss)
 .bss           0x06025490      0x200 assets.o
                0x06025490                texture_sprites005
 .bss           0x06025690       0x40 game.o
                0x0602569c                bg2X
                0x060256a0                screenY
                0x06025690                bg3Y
                0x06025694                bg3X
                0x060256a4                screenX
                0x060256a8                headNode
                0x060256ac                scaleSpeed
                0x06025698                bg2Y
                0x060256b0                playerState
 .bss           0x060256d0       0x10 c:/saturn/SH_COFF/sh-coff/bin/../lib/gcc/sh-coff/3.4-GNUSH_v0501/m2\libgcc.a(__main.o)
 .bss           0x060256e0       0x10 c:/saturn/SH_COFF/sh-coff/bin/../lib/gcc/sh-coff/3.4-GNUSH_v0501/../../../../sh-coff/lib/m2\libc.a(atexit.o)
 .bss           0x060256f0       0x40 c:/saturn/SH_COFF/sh-coff/bin/../lib/gcc/sh-coff/3.4-GNUSH_v0501/../../../../sh-coff/lib/m2\libc.a(mallocr.o)
                0x06025720                __malloc_top_pad
                0x060256f0                __malloc_current_mallinfo
                0x0602571c                __malloc_max_sbrked_mem
                0x06025718                __malloc_max_total_mem
 .bss           0x06025730       0x10 c:/saturn/SH_COFF/sh-coff/bin/../lib/gcc/sh-coff/3.4-GNUSH_v0501/../../../../sh-coff/lib/m2\libc.a(syscalls.o)
 *(COMMON)
 COMMON         0x06025740      0x84d game.o
                                  0x0 (size before relaxing)
                0x06025740                numSprites
                0x06025744                eye1
                0x06025750                playfield
                0x06025f50                eye2
                0x06025f60                defaultSprite
                0x06025f88                gameState
                0x06025f8c                dispFace
 *fill*         0x06025f8d        0x3 00
 COMMON         0x06025f90        0x4 c:/saturn/SH_COFF/sh-coff/bin/../lib/gcc/sh-coff/3.4-GNUSH_v0501/../../../../sh-coff/lib/m2\libc.a(syscalls.o)
                                  0x0 (size before relaxing)
                0x06025f90                errno
                0x06025f94                __bend = .
                0x06025f94                _end = .
LOAD C:\saturn\sgl302j\SAMPLE\common/cinit.o
LOAD C:\saturn\sgl302j/lib/sglarea.o
LOAD main.o
LOAD assets.o
LOAD game.o
LOAD scrollfunctions.o
LOAD spritelist.o
LOAD C:\saturn\sgl302j/lib\libsgl.a
LOAD c:/saturn/SH_COFF/sh-coff/bin/../lib/gcc/sh-coff/3.4-GNUSH_v0501/m2\libgcc.a
LOAD c:/saturn/SH_COFF/sh-coff/bin/../lib/gcc/sh-coff/3.4-GNUSH_v0501/../../../../sh-coff/lib/m2\libc.a
LOAD c:/saturn/SH_COFF/sh-coff/bin/../lib/gcc/sh-coff/3.4-GNUSH_v0501/m2\libgcc.a
OUTPUT(sl.coff coff-sh)

.comment        0x06025fa0      0x360
 .comment       0x06025fa0       0x20 C:\saturn\sgl302j\SAMPLE\common/cinit.o
 .comment       0x06025fc0       0x20 main.o
 .comment       0x06025fe0       0x20 assets.o
 .comment       0x06026000       0x20 game.o
 .comment       0x06026020       0x20 scrollfunctions.o
 .comment       0x06026040       0x20 spritelist.o
 .comment       0x06026060       0x20 c:/saturn/SH_COFF/sh-coff/bin/../lib/gcc/sh-coff/3.4-GNUSH_v0501/m2\libgcc.a(__main.o)
 .comment       0x06026080       0x20 c:/saturn/SH_COFF/sh-coff/bin/../lib/gcc/sh-coff/3.4-GNUSH_v0501/m2\libgcc.a(_si_to_df.o)
 .comment       0x060260a0       0x20 c:/saturn/SH_COFF/sh-coff/bin/../lib/gcc/sh-coff/3.4-GNUSH_v0501/m2\libgcc.a(_mul_df.o)
 .comment       0x060260c0       0x20 c:/saturn/SH_COFF/sh-coff/bin/../lib/gcc/sh-coff/3.4-GNUSH_v0501/m2\libgcc.a(_div_df.o)
 .comment       0x060260e0       0x20 c:/saturn/SH_COFF/sh-coff/bin/../lib/gcc/sh-coff/3.4-GNUSH_v0501/m2\libgcc.a(_df_to_si.o)
 .comment       0x06026100       0x20 c:/saturn/SH_COFF/sh-coff/bin/../lib/gcc/sh-coff/3.4-GNUSH_v0501/m2\libgcc.a(_pack_df.o)
 .comment       0x06026120       0x20 c:/saturn/SH_COFF/sh-coff/bin/../lib/gcc/sh-coff/3.4-GNUSH_v0501/m2\libgcc.a(_unpack_df.o)
 .comment       0x06026140       0x20 c:/saturn/SH_COFF/sh-coff/bin/../lib/gcc/sh-coff/3.4-GNUSH_v0501/m2\libgcc.a(_thenan_df.o)
 .comment       0x06026160       0x20 c:/saturn/SH_COFF/sh-coff/bin/../lib/gcc/sh-coff/3.4-GNUSH_v0501/m2\libgcc.a(_lshrdi3.o)
 .comment       0x06026180       0x20 c:/saturn/SH_COFF/sh-coff/bin/../lib/gcc/sh-coff/3.4-GNUSH_v0501/m2\libgcc.a(_ashldi3.o)
 .comment       0x060261a0       0x20 c:/saturn/SH_COFF/sh-coff/bin/../lib/gcc/sh-coff/3.4-GNUSH_v0501/../../../../sh-coff/lib/m2\libc.a(malloc.o)
 .comment       0x060261c0       0x20 c:/saturn/SH_COFF/sh-coff/bin/../lib/gcc/sh-coff/3.4-GNUSH_v0501/../../../../sh-coff/lib/m2\libc.a(atexit.o)
 .comment       0x060261e0       0x20 c:/saturn/SH_COFF/sh-coff/bin/../lib/gcc/sh-coff/3.4-GNUSH_v0501/../../../../sh-coff/lib/m2\libc.a(impure.o)
 .comment       0x06026200       0x20 c:/saturn/SH_COFF/sh-coff/bin/../lib/gcc/sh-coff/3.4-GNUSH_v0501/../../../../sh-coff/lib/m2\libc.a(mallocr.o)
 .comment       0x06026220       0x20 c:/saturn/SH_COFF/sh-coff/bin/../lib/gcc/sh-coff/3.4-GNUSH_v0501/../../../../sh-coff/lib/m2\libc.a(freer.o)
 .comment       0x06026240       0x20 c:/saturn/SH_COFF/sh-coff/bin/../lib/gcc/sh-coff/3.4-GNUSH_v0501/../../../../sh-coff/lib/m2\libc.a(mlock.o)
 .comment       0x06026260       0x20 c:/saturn/SH_COFF/sh-coff/bin/../lib/gcc/sh-coff/3.4-GNUSH_v0501/../../../../sh-coff/lib/m2\libc.a(sbrkr.o)
 .comment       0x06026280       0x20 c:/saturn/SH_COFF/sh-coff/bin/../lib/gcc/sh-coff/3.4-GNUSH_v0501/../../../../sh-coff/lib/m2\libc.a(syscalls.o)
 .comment       0x060262a0       0x20 c:/saturn/SH_COFF/sh-coff/bin/../lib/gcc/sh-coff/3.4-GNUSH_v0501/../../../../sh-coff/lib/m2\libc.a(abort.o)
 .comment       0x060262c0       0x20 c:/saturn/SH_COFF/sh-coff/bin/../lib/gcc/sh-coff/3.4-GNUSH_v0501/../../../../sh-coff/lib/m2\libc.a(signal.o)
 .comment       0x060262e0       0x20 c:/saturn/SH_COFF/sh-coff/bin/../lib/gcc/sh-coff/3.4-GNUSH_v0501/../../../../sh-coff/lib/m2\libc.a(signalr.o)
