Archive member included because of file (symbol)

C:\saturn\sgl302j/lib\libsgl.a(sglIc0.o)
                              main.o (slInitSystem)
C:\saturn\sgl302j/lib\libsgl.a(sglH00.o)
                              C:\saturn\sgl302j/lib\libsgl.a(sglIc0.o) (slInitPeripheral)
C:\saturn\sgl302j/lib\libsgl.a(sglF00.o)
                              game.o (slLocate)
C:\saturn\sgl302j/lib\libsgl.a(sglF02.o)
                              game.o (slPrintHex)
C:\saturn\sgl302j/lib\libsgl.a(sglC06.o)
                              game.o (slDispSprite)
C:\saturn\sgl302j/lib\libsgl.a(sglA06.o)
                              game.o (slMulFX)
C:\saturn\sgl302j/lib\libsgl.a(sglA04.o)
                              game.o (slAtan)
C:\saturn\sgl302j/lib\libsgl.a(sglA01.o)
                              game.o (slSin)
C:\saturn\sgl302j/lib\libsgl.a(sglF05.o)
                              game.o (slPrint)
C:\saturn\sgl302j/lib\libsgl.a(sglF03.o)
                              game.o (slPrintFX)
C:\saturn\sgl302j/lib\libsgl.a(sglB015.o)
                              game.o (slScrAutoDisp)
C:\saturn\sgl302j/lib\libsgl.a(sglI01.o)
                              C:\saturn\sgl302j/lib\libsgl.a(sglIc0.o) (slInitSynch)
C:\saturn\sgl302j/lib\libsgl.a(sglB001.o)
                              game.o (slTVOn)
C:\saturn\sgl302j/lib\libsgl.a(sglD00.o)
                              game.o (slDMACopy)
C:\saturn\sgl302j/lib\libsgl.a(sglB002.o)
                              game.o (slColRAMMode)
C:\saturn\sgl302j/lib\libsgl.a(sglB016.o)
                              game.o (slBack1ColSet)
C:\saturn\sgl302j/lib\libsgl.a(sglB200.o)
                              linescroll.o (slCharNbg1)
C:\saturn\sgl302j/lib\libsgl.a(sglB058.o)
                              game.o (slPlaneNbg3)
C:\saturn\sgl302j/lib\libsgl.a(sglB034.o)
                              game.o (slMapNbg3)
C:\saturn\sgl302j/lib\libsgl.a(sglB073.o)
                              game.o (slScrPosNbg3)
C:\saturn\sgl302j/lib\libsgl.a(sglB063.o)
                              game.o (slPriority)
C:\saturn\sgl302j/lib\libsgl.a(sglB023.o)
                              game.o (slColRate)
C:\saturn\sgl302j/lib\libsgl.a(sglB020.o)
                              game.o (slColorCalc)
C:\saturn\sgl302j/lib\libsgl.a(sglB021.o)
                              game.o (slColorCalcOn)
C:\saturn\sgl302j/lib\libsgl.a(sglB056.o)
                              linescroll.o (slPlaneNbg1)
C:\saturn\sgl302j/lib\libsgl.a(sglB032.o)
                              linescroll.o (slMapNbg1)
C:\saturn\sgl302j/lib\libsgl.a(sglB090.o)
                              linescroll.o (slLineScrollMode)
C:\saturn\sgl302j/lib\libsgl.a(sglB088.o)
                              linescroll.o (slLineScrollTable1)
C:\saturn\sgl302j/lib\libsgl.a(sglB071.o)
                              linescroll.o (slScrPosNbg1)
C:\saturn\sgl302j/lib\libsgl.a(sglB057.o)
                              tilemap.o (slPlaneNbg2)
C:\saturn\sgl302j/lib\libsgl.a(sglB033.o)
                              tilemap.o (slMapNbg2)
C:\saturn\sgl302j/lib\libsgl.a(sglB072.o)
                              tilemap.o (slScrPosNbg2)
C:\saturn\sgl302j/lib\libsgl.a(sglA00.o)
                              C:\saturn\sgl302j/lib\libsgl.a(sglIc0.o) (_builtin_set_imask)
C:\saturn\sgl302j/lib\libsgl.a(sglK01.o)
                              C:\saturn\sgl302j/lib\libsgl.a(sglIc0.o) (SynchCount)
C:\saturn\sgl302j/lib\libsgl.a(sglJ00.o)
                              C:\saturn\sgl302j/lib\libsgl.a(sglIc0.o) (InitSlaveSH)
C:\saturn\sgl302j/lib\libsgl.a(sglA20.o)
                              C:\saturn\sgl302j/lib\libsgl.a(sglIc0.o) (slInitMatrix)
C:\saturn\sgl302j/lib\libsgl.a(sglB000.o)
                              C:\saturn\sgl302j/lib\libsgl.a(sglIc0.o) (slInitScroll)
C:\saturn\sgl302j/lib\libsgl.a(sglJ01.o)
                              C:\saturn\sgl302j/lib\libsgl.a(sglIc0.o) (SlaveControl)
C:\saturn\sgl302j/lib\libsgl.a(sglI00.o)
                              C:\saturn\sgl302j/lib\libsgl.a(sglIc0.o) (slInitInterrupt)
C:\saturn\sgl302j/lib\libsgl.a(sglC00.o)
                              C:\saturn\sgl302j/lib\libsgl.a(sglIc0.o) (slInitSprite)
C:\saturn\sgl302j/lib\libsgl.a(sglH02.o)
                              C:\saturn\sgl302j/lib\libsgl.a(sglH00.o) (smpc_pfr_tbl)
C:\saturn\sgl302j/lib\libsgl.a(sglH04.o)
                              C:\saturn\sgl302j/lib\libsgl.a(sglH00.o) (slComPrmIntBack)
C:\saturn\sgl302j/lib\libsgl.a(sglC20.o)
                              C:\saturn\sgl302j/lib\libsgl.a(sglC06.o) (SpriteEntry)
C:\saturn\sgl302j/lib\libsgl.a(sglB035.o)
                              C:\saturn\sgl302j/lib\libsgl.a(sglB200.o) (rbank_set)
C:\saturn\sgl302j/lib\libsgl.a(sglJ03.o)
                              C:\saturn\sgl302j/lib\libsgl.a(sglJ01.o) (sbMakeDMATable)
C:\saturn\sgl302j/lib\libsgl.a(sglJ02.o)
                              C:\saturn\sgl302j/lib\libsgl.a(sglJ01.o) (sbMakePolygon)
C:\saturn\sgl302j/lib\libsgl.a(sglJ04.o)
                              C:\saturn\sgl302j/lib\libsgl.a(sglJ01.o) (sbMakeSprite)
C:\saturn\sgl302j/lib\libsgl.a(sglJ05.o)
                              C:\saturn\sgl302j/lib\libsgl.a(sglJ01.o) (sbSortEntry)
C:\saturn\sgl302j/lib\libsgl.a(sglH03.o)
                              C:\saturn\sgl302j/lib\libsgl.a(sglI00.o) (slSmpcIntBack)
C:\saturn\sgl302j/lib\libsgl.a(sglM01.o)
                              C:\saturn\sgl302j/lib\libsgl.a(sglJ02.o) (DepthWorkArea)
c:/saturn/SH_COFF/sh-coff/bin/../lib/gcc/sh-coff/3.4-GNUSH_v0501/m2\libgcc.a(__main.o)
                              C:\saturn\sgl302j\SAMPLE\common/cinit.o (__main)
c:/saturn/SH_COFF/sh-coff/bin/../lib/gcc/sh-coff/3.4-GNUSH_v0501/m2\libgcc.a(_si_to_df.o)
                              game.o (__floatsidf)
c:/saturn/SH_COFF/sh-coff/bin/../lib/gcc/sh-coff/3.4-GNUSH_v0501/m2\libgcc.a(_mul_df.o)
                              game.o (__muldf3)
c:/saturn/SH_COFF/sh-coff/bin/../lib/gcc/sh-coff/3.4-GNUSH_v0501/m2\libgcc.a(_div_df.o)
                              game.o (__divdf3)
c:/saturn/SH_COFF/sh-coff/bin/../lib/gcc/sh-coff/3.4-GNUSH_v0501/m2\libgcc.a(_df_to_si.o)
                              game.o (__fixdfsi)
c:/saturn/SH_COFF/sh-coff/bin/../lib/gcc/sh-coff/3.4-GNUSH_v0501/m2\libgcc.a(_ashiftlt.o)
                              game.o (__ashlsi3)
c:/saturn/SH_COFF/sh-coff/bin/../lib/gcc/sh-coff/3.4-GNUSH_v0501/m2\libgcc.a(_ashiftrt_n.o)
                              game.o (__ashrsi3)
c:/saturn/SH_COFF/sh-coff/bin/../lib/gcc/sh-coff/3.4-GNUSH_v0501/m2\libgcc.a(_pack_df.o)
                              c:/saturn/SH_COFF/sh-coff/bin/../lib/gcc/sh-coff/3.4-GNUSH_v0501/m2\libgcc.a(_si_to_df.o) (__pack_d)
c:/saturn/SH_COFF/sh-coff/bin/../lib/gcc/sh-coff/3.4-GNUSH_v0501/m2\libgcc.a(_unpack_df.o)
                              c:/saturn/SH_COFF/sh-coff/bin/../lib/gcc/sh-coff/3.4-GNUSH_v0501/m2\libgcc.a(_mul_df.o) (__unpack_d)
c:/saturn/SH_COFF/sh-coff/bin/../lib/gcc/sh-coff/3.4-GNUSH_v0501/m2\libgcc.a(_thenan_df.o)
                              c:/saturn/SH_COFF/sh-coff/bin/../lib/gcc/sh-coff/3.4-GNUSH_v0501/m2\libgcc.a(_mul_df.o) (__thenan_df)
c:/saturn/SH_COFF/sh-coff/bin/../lib/gcc/sh-coff/3.4-GNUSH_v0501/m2\libgcc.a(_lshrdi3.o)
                              c:/saturn/SH_COFF/sh-coff/bin/../lib/gcc/sh-coff/3.4-GNUSH_v0501/m2\libgcc.a(_df_to_si.o) (__lshrdi3)
c:/saturn/SH_COFF/sh-coff/bin/../lib/gcc/sh-coff/3.4-GNUSH_v0501/m2\libgcc.a(_ashldi3.o)
                              c:/saturn/SH_COFF/sh-coff/bin/../lib/gcc/sh-coff/3.4-GNUSH_v0501/m2\libgcc.a(_pack_df.o) (__ashldi3)
c:/saturn/SH_COFF/sh-coff/bin/../lib/gcc/sh-coff/3.4-GNUSH_v0501/m2\libgcc.a(_lshiftrt.o)
                              c:/saturn/SH_COFF/sh-coff/bin/../lib/gcc/sh-coff/3.4-GNUSH_v0501/m2\libgcc.a(_lshrdi3.o) (__lshrsi3)
c:/saturn/SH_COFF/sh-coff/bin/../lib/gcc/sh-coff/3.4-GNUSH_v0501/../../../../sh-coff/lib/m2\libc.a(memcpy.o)
                              game.o (memcpy)
c:/saturn/SH_COFF/sh-coff/bin/../lib/gcc/sh-coff/3.4-GNUSH_v0501/../../../../sh-coff/lib/m2\libc.a(memset.o)
                              spritelist.o (memset)
c:/saturn/SH_COFF/sh-coff/bin/../lib/gcc/sh-coff/3.4-GNUSH_v0501/../../../../sh-coff/lib/m2\libc.a(atexit.o)
                              c:/saturn/SH_COFF/sh-coff/bin/../lib/gcc/sh-coff/3.4-GNUSH_v0501/m2\libgcc.a(__main.o) (atexit)
c:/saturn/SH_COFF/sh-coff/bin/../lib/gcc/sh-coff/3.4-GNUSH_v0501/../../../../sh-coff/lib/m2\libc.a(impure.o)
                              c:/saturn/SH_COFF/sh-coff/bin/../lib/gcc/sh-coff/3.4-GNUSH_v0501/../../../../sh-coff/lib/m2\libc.a(atexit.o) (_impure_ptr)
c:/saturn/SH_COFF/sh-coff/bin/../lib/gcc/sh-coff/3.4-GNUSH_v0501/../../../../sh-coff/lib/m2\libc.a(malloc.o)
                              c:/saturn/SH_COFF/sh-coff/bin/../lib/gcc/sh-coff/3.4-GNUSH_v0501/../../../../sh-coff/lib/m2\libc.a(atexit.o) (malloc)
c:/saturn/SH_COFF/sh-coff/bin/../lib/gcc/sh-coff/3.4-GNUSH_v0501/../../../../sh-coff/lib/m2\libc.a(mallocr.o)
                              c:/saturn/SH_COFF/sh-coff/bin/../lib/gcc/sh-coff/3.4-GNUSH_v0501/../../../../sh-coff/lib/m2\libc.a(malloc.o) (_malloc_r)
c:/saturn/SH_COFF/sh-coff/bin/../lib/gcc/sh-coff/3.4-GNUSH_v0501/../../../../sh-coff/lib/m2\libc.a(freer.o)
                              c:/saturn/SH_COFF/sh-coff/bin/../lib/gcc/sh-coff/3.4-GNUSH_v0501/../../../../sh-coff/lib/m2\libc.a(malloc.o) (_free_r)
c:/saturn/SH_COFF/sh-coff/bin/../lib/gcc/sh-coff/3.4-GNUSH_v0501/../../../../sh-coff/lib/m2\libc.a(mlock.o)
                              c:/saturn/SH_COFF/sh-coff/bin/../lib/gcc/sh-coff/3.4-GNUSH_v0501/../../../../sh-coff/lib/m2\libc.a(mallocr.o) (__malloc_lock)
c:/saturn/SH_COFF/sh-coff/bin/../lib/gcc/sh-coff/3.4-GNUSH_v0501/../../../../sh-coff/lib/m2\libc.a(sbrkr.o)
                              c:/saturn/SH_COFF/sh-coff/bin/../lib/gcc/sh-coff/3.4-GNUSH_v0501/../../../../sh-coff/lib/m2\libc.a(mallocr.o) (_sbrk_r)
c:/saturn/SH_COFF/sh-coff/bin/../lib/gcc/sh-coff/3.4-GNUSH_v0501/../../../../sh-coff/lib/m2\libc.a(syscalls.o)
                              c:/saturn/SH_COFF/sh-coff/bin/../lib/gcc/sh-coff/3.4-GNUSH_v0501/../../../../sh-coff/lib/m2\libc.a(sbrkr.o) (_sbrk)
c:/saturn/SH_COFF/sh-coff/bin/../lib/gcc/sh-coff/3.4-GNUSH_v0501/../../../../sh-coff/lib/m2\libc.a(trap.o)
                              c:/saturn/SH_COFF/sh-coff/bin/../lib/gcc/sh-coff/3.4-GNUSH_v0501/../../../../sh-coff/lib/m2\libc.a(syscalls.o) (__trap34)
c:/saturn/SH_COFF/sh-coff/bin/../lib/gcc/sh-coff/3.4-GNUSH_v0501/../../../../sh-coff/lib/m2\libc.a(abort.o)
                              c:/saturn/SH_COFF/sh-coff/bin/../lib/gcc/sh-coff/3.4-GNUSH_v0501/../../../../sh-coff/lib/m2\libc.a(syscalls.o) (abort)
c:/saturn/SH_COFF/sh-coff/bin/../lib/gcc/sh-coff/3.4-GNUSH_v0501/../../../../sh-coff/lib/m2\libc.a(signal.o)
                              c:/saturn/SH_COFF/sh-coff/bin/../lib/gcc/sh-coff/3.4-GNUSH_v0501/../../../../sh-coff/lib/m2\libc.a(abort.o) (raise)
c:/saturn/SH_COFF/sh-coff/bin/../lib/gcc/sh-coff/3.4-GNUSH_v0501/../../../../sh-coff/lib/m2\libc.a(signalr.o)
                              c:/saturn/SH_COFF/sh-coff/bin/../lib/gcc/sh-coff/3.4-GNUSH_v0501/../../../../sh-coff/lib/m2\libc.a(signal.o) (_kill_r)
c:/saturn/SH_COFF/sh-coff/bin/../lib/gcc/sh-coff/3.4-GNUSH_v0501/m2\libgcc.a(_udivsi3.o)
                              c:/saturn/SH_COFF/sh-coff/bin/../lib/gcc/sh-coff/3.4-GNUSH_v0501/../../../../sh-coff/lib/m2\libc.a(freer.o) (__udivsi3)

Allocating common symbols
Common symbol       size              file

sprites             0x1c20            game.o
numSprites          0x1               game.o
playfield           0x800             game.o
playfieldPtr        0x4               game.o
eye1Index           0x4               game.o
defaultSprite       0x24              game.o
bgLayers            0x2               game.o
eye2Index           0x4               game.o
errno               0x4               c:/saturn/SH_COFF/sh-coff/bin/../lib/gcc/sh-coff/3.4-GNUSH_v0501/../../../../sh-coff/lib/m2\libc.a(syscalls.o)
gameState           0x4               game.o
dispFace            0x1               game.o

Memory Configuration

Name             Origin             Length             Attributes
*default*        0x00000000         0xffffffff

Linker script and memory map


SLSTART         0x06004000       0x30
                0x06004000                ___Start = .
 *(SLSTART)
 SLSTART        0x06004000       0x28 C:\saturn\sgl302j/lib\libsgl.a(sglI00.o)
                0x06004002                slStartSGL
                0x06004000                SGL_Start

.text           0x06004040     0x48a0
 *(.text)
 .text          0x06004040       0x50 C:\saturn\sgl302j\SAMPLE\common/cinit.o
                0x06004040                main
 .text          0x06004090      0x100 main.o
                0x060040e0                ss_main
                0x06004090                playLevel
 .text          0x06004190     0x1ed0 game.o
                0x06004670                loadSpritePos
                0x06004390                loadLevel
                0x06005850                runLevel
                0x06004880                loadPlayerPos
 .text          0x06006060      0x1f0 linescroll.o
                0x060061b0                updateLinescroll
                0x06006060                initLinescroll
 .text          0x06006250       0xf0 scrollfunctions.o
                0x060062f0                MapRead
                0x06006310                Pal2CRAM
                0x06006270                Map2VRAM
                0x060062d0                MapWrite
                0x06006250                Cel2VRAM
 .text          0x06006340       0xd0 spritelist.o
                0x060063c0                deleteSprite
                0x06006340                addSprite
                0x060063f0                clearSpriteList
 .text          0x06006410      0x1e0 tilemap.o
                0x06006410                initTilemap
                0x06006590                updateTilemap
 .text          0x060065f0      0x128 C:\saturn\sgl302j/lib\libsgl.a(sglIc0.o)
                0x060065f0                slInitSystem
 *fill*         0x06006718        0x8 00
 .text          0x06006720       0xc0 c:/saturn/SH_COFF/sh-coff/bin/../lib/gcc/sh-coff/3.4-GNUSH_v0501/m2\libgcc.a(__main.o)
                0x060067a0                __main
                0x06006720                __do_global_dtors
                0x06006760                __do_global_ctors
 .text          0x060067e0      0x110 c:/saturn/SH_COFF/sh-coff/bin/../lib/gcc/sh-coff/3.4-GNUSH_v0501/m2\libgcc.a(_si_to_df.o)
                0x060067f0                __floatsidf
 .text          0x060068f0      0x2c0 c:/saturn/SH_COFF/sh-coff/bin/../lib/gcc/sh-coff/3.4-GNUSH_v0501/m2\libgcc.a(_mul_df.o)
                0x06006910                __muldf3
 .text          0x06006bb0      0x180 c:/saturn/SH_COFF/sh-coff/bin/../lib/gcc/sh-coff/3.4-GNUSH_v0501/m2\libgcc.a(_div_df.o)
                0x06006bc0                __divdf3
 .text          0x06006d30       0x90 c:/saturn/SH_COFF/sh-coff/bin/../lib/gcc/sh-coff/3.4-GNUSH_v0501/m2\libgcc.a(_df_to_si.o)
                0x06006d30                __fixdfsi
 .text          0x06006dc0       0x90 c:/saturn/SH_COFF/sh-coff/bin/../lib/gcc/sh-coff/3.4-GNUSH_v0501/m2\libgcc.a(_ashiftlt.o)
                0x06006dc0                __ashlsi3
 .text          0x06006e50       0x80 c:/saturn/SH_COFF/sh-coff/bin/../lib/gcc/sh-coff/3.4-GNUSH_v0501/m2\libgcc.a(_ashiftrt_n.o)
                0x06006e50                __ashrsi3
 .text          0x06006ed0      0x270 c:/saturn/SH_COFF/sh-coff/bin/../lib/gcc/sh-coff/3.4-GNUSH_v0501/m2\libgcc.a(_pack_df.o)
                0x06006ef0                __pack_d
 .text          0x06007140      0x160 c:/saturn/SH_COFF/sh-coff/bin/../lib/gcc/sh-coff/3.4-GNUSH_v0501/m2\libgcc.a(_unpack_df.o)
                0x06007160                __unpack_d
 .text          0x060072a0       0x20 c:/saturn/SH_COFF/sh-coff/bin/../lib/gcc/sh-coff/3.4-GNUSH_v0501/m2\libgcc.a(_thenan_df.o)
                0x060072a0                __thenan_df
 .text          0x060072c0       0x90 c:/saturn/SH_COFF/sh-coff/bin/../lib/gcc/sh-coff/3.4-GNUSH_v0501/m2\libgcc.a(_lshrdi3.o)
                0x060072c0                __lshrdi3
 .text          0x06007350       0x90 c:/saturn/SH_COFF/sh-coff/bin/../lib/gcc/sh-coff/3.4-GNUSH_v0501/m2\libgcc.a(_ashldi3.o)
                0x06007350                __ashldi3
 .text          0x060073e0       0x90 c:/saturn/SH_COFF/sh-coff/bin/../lib/gcc/sh-coff/3.4-GNUSH_v0501/m2\libgcc.a(_lshiftrt.o)
                0x060073e0                __lshrsi3
 .text          0x06007470       0xa0 c:/saturn/SH_COFF/sh-coff/bin/../lib/gcc/sh-coff/3.4-GNUSH_v0501/../../../../sh-coff/lib/m2\libc.a(memcpy.o)
                0x06007470                memcpy
 .text          0x06007510       0x40 c:/saturn/SH_COFF/sh-coff/bin/../lib/gcc/sh-coff/3.4-GNUSH_v0501/../../../../sh-coff/lib/m2\libc.a(memset.o)
                0x06007510                memset
 .text          0x06007550       0xa0 c:/saturn/SH_COFF/sh-coff/bin/../lib/gcc/sh-coff/3.4-GNUSH_v0501/../../../../sh-coff/lib/m2\libc.a(atexit.o)
                0x06007550                atexit
 .text          0x060075f0       0x10 c:/saturn/SH_COFF/sh-coff/bin/../lib/gcc/sh-coff/3.4-GNUSH_v0501/../../../../sh-coff/lib/m2\libc.a(impure.o)
                0x060075f0                _global_impure_ptr
 .text          0x06007600       0x40 c:/saturn/SH_COFF/sh-coff/bin/../lib/gcc/sh-coff/3.4-GNUSH_v0501/../../../../sh-coff/lib/m2\libc.a(malloc.o)
                0x06007620                free
                0x06007600                malloc
 .text          0x06007640      0x680 c:/saturn/SH_COFF/sh-coff/bin/../lib/gcc/sh-coff/3.4-GNUSH_v0501/../../../../sh-coff/lib/m2\libc.a(mallocr.o)
                0x06007640                _malloc_r
 .text          0x06007cc0      0x3b0 c:/saturn/SH_COFF/sh-coff/bin/../lib/gcc/sh-coff/3.4-GNUSH_v0501/../../../../sh-coff/lib/m2\libc.a(freer.o)
                0x06007cc0                _malloc_trim_r
                0x06007dc0                _free_r
 .text          0x06008070       0x20 c:/saturn/SH_COFF/sh-coff/bin/../lib/gcc/sh-coff/3.4-GNUSH_v0501/../../../../sh-coff/lib/m2\libc.a(mlock.o)
                0x06008070                __malloc_lock
                0x06008080                __malloc_unlock
 .text          0x06008090       0x50 c:/saturn/SH_COFF/sh-coff/bin/../lib/gcc/sh-coff/3.4-GNUSH_v0501/../../../../sh-coff/lib/m2\libc.a(sbrkr.o)
                0x06008090                _sbrk_r
 .text          0x060080e0      0x430 c:/saturn/SH_COFF/sh-coff/bin/../lib/gcc/sh-coff/3.4-GNUSH_v0501/../../../../sh-coff/lib/m2\libc.a(syscalls.o)
                0x06008290                _exit
                0x060082d0                _getpid
                0x06008350                _utime
                0x06008120                _write
                0x060080e0                _read
                0x06008270                _unlink
                0x06008230                _open
                0x060082f0                _stat
                0x06008280                isatty
                0x06008390                _wait
                0x060082b0                _kill
                0x06008310                _chmod
                0x060083d0                _execv
                0x060083b0                _execve
                0x060084d0                __setup_argv_and_call_main
                0x06008420                _gettimeofday
                0x06008160                _link
                0x060082e0                _raise
                0x06008250                _creat
                0x060083f0                _pipe
                0x06008330                _chown
                0x06008100                _lseek
                0x06008140                _close
                0x06008410                _times
                0x06008210                _fstat
                0x06008370                _fork
                0x06008190                _sbrk
 .text          0x06008510       0x20 c:/saturn/SH_COFF/sh-coff/bin/../lib/gcc/sh-coff/3.4-GNUSH_v0501/../../../../sh-coff/lib/m2\libc.a(trap.o)
                0x06008510                __trap34
 .text          0x06008530       0x20 c:/saturn/SH_COFF/sh-coff/bin/../lib/gcc/sh-coff/3.4-GNUSH_v0501/../../../../sh-coff/lib/m2\libc.a(abort.o)
                0x06008530                abort
 .text          0x06008550      0x2c0 c:/saturn/SH_COFF/sh-coff/bin/../lib/gcc/sh-coff/3.4-GNUSH_v0501/../../../../sh-coff/lib/m2\libc.a(signal.o)
                0x06008630                _raise_r
                0x060087f0                __sigtramp
                0x06008790                raise
                0x060087d0                _init_signal
                0x06008710                __sigtramp_r
                0x060087b0                signal
                0x060085a0                _signal_r
                0x06008550                _init_signal_r
 .text          0x06008810       0x60 c:/saturn/SH_COFF/sh-coff/bin/../lib/gcc/sh-coff/3.4-GNUSH_v0501/../../../../sh-coff/lib/m2\libc.a(signalr.o)
                0x06008860                _getpid_r
                0x06008810                _kill_r
 .text          0x06008870       0x70 c:/saturn/SH_COFF/sh-coff/bin/../lib/gcc/sh-coff/3.4-GNUSH_v0501/m2\libgcc.a(_udivsi3.o)
                0x06008892                __udivsi3
 *(.strings)
                0x060088e0                __etext = .

SLPROG          0x060088e0    0x123a0
                0x060088e0                __slprog_start = .
 *(SLPROG)
 SLPROG         0x060088e0     0x6540 C:\saturn\sgl302j/lib/sglarea.o
                0x060088fc                SpriteBuf
                0x06008920                RemainEvent
                0x060088ec                SortList
                0x060088ea                MaxPolygons
                0x06008908                CommandBuf
                0x0600891c                MaxWorks
                0x0600891e                WorkSize
                0x06008914                PCM_WkSize
                0x0600890c                CLOfstBuf
                0x06008a20                RemainWork
                0x06008910                PCM_Work
                0x060088e0                MasterStack
                0x060088e4                SlaveStack
                0x060088e8                MaxVertices
                0x06008918                MaxEvents
                0x060088f8                Zbuffer
                0x06008900                SpriteBufSize
                0x0600ae20                WorkBuf
                0x060088f4                TransList
                0x06008904                Pbuffer
                0x060088f0                SortListSize
                0x0600891a                EventSize
                0x06008e20                EventBuf
 SLPROG         0x0600ee20      0xfc8 C:\saturn\sgl302j/lib\libsgl.a(sglH00.o)
                0x0600eebc                slSetPortData1
                0x0600eeac                slGetPortData1
                0x0600f69a                slSetPortMode1
                0x0600f8d4                Smpc_Status
                0x0600ee72                slSetPortDir2
                0x0600f4b8                slSmpcCashSend
                0x0600eed8                slGetPortSelect1
                0x0600f2be                slIntBackCancel
                0x0600ef70                slSetPortExt1
                0x0600f680                slGetPortMode1
                0x0600f574                slSmpcCashBlow
                0x0600f864                slRequestCommand
                0x0600f904                SmpcStatusBuf
                0x0600eec6                slSetPortData2
                0x0600f226                slSetResultBuffer
                0x0600ef5c                slGetPortExt1
                0x0600efa0                slSetPortExt2
                0x0600ee40                slGetPortDir2
                0x0600ef66                slGetPortExt2
                0x0600f2f2                slClearReset
                0x0600f2e8                slCheckReset
                0x0600ee48                slSetPortDir1
                0x0600ef20                slSetPortSelect2
                0x0600eeec                slSetPortSelect1
                0x0600f68c                slGetPortMode2
                0x0600eee2                slGetPortSelect2
                0x0600ee38                slGetPortDir1
                0x0600eeb4                slGetPortData2
                0x0600f65a                slSetOptimize
                0x0600f650                slGetOptimize
                0x0600f114                slSmpcDirectAccess
                0x0600f8e2                Per_Connect1
                0x0600f194                slInitPeripheral
                0x0600f2b2                slCheckIntBackSet
                0x0600f8e3                Per_Connect2
                0x0600f8dc                Smpc_Peripheral
                0x0600f6d8                slSetPortMode2
                0x0600f8d8                Smpc_Result
 *fill*         0x0600fde8        0x8 00
 SLPROG         0x0600fdf0       0x4e C:\saturn\sgl302j/lib\libsgl.a(sglF00.o)
                0x0600fe0a                slLocate
                0x0600fe00                slCurColor
                0x0600fe3c                CurrentScreen
                0x0600fdf0                slCurScrn
 *fill*         0x0600fe3e        0x2 00
 SLPROG         0x0600fe40       0x3c C:\saturn\sgl302j/lib\libsgl.a(sglF02.o)
                0x0600fe40                slPrintHex
 *fill*         0x0600fe7c        0x4 00
 SLPROG         0x0600fe80       0xfa C:\saturn\sgl302j/lib\libsgl.a(sglC06.o)
                0x0600fe80                slDispSprite
 *fill*         0x0600ff7a        0x6 00
 SLPROG         0x0600ff80        0xa C:\saturn\sgl302j/lib\libsgl.a(sglA06.o)
                0x0600ff80                slMulFX
 *fill*         0x0600ff8a        0x6 00
 SLPROG         0x0600ff90     0x20b6 C:\saturn\sgl302j/lib\libsgl.a(sglA04.o)
                0x06010044                atan_tbl
                0x0600ff90                slAtan
 *fill*         0x06012046        0xa 00
 SLPROG         0x06012050     0x411e C:\saturn\sgl302j/lib\libsgl.a(sglA01.o)
                0x0601212c                sin_cos_index_tbl
                0x06012050                slSin
                0x0601216c                sin_tbl
                0x06012098                GetSinCos
                0x06012074                slCos
 *fill*         0x0601616e        0x2 00
 SLPROG         0x06016170       0x1c C:\saturn\sgl302j/lib\libsgl.a(sglF05.o)
                0x06016170                slPrint
 *fill*         0x0601618c        0x4 00
 SLPROG         0x06016190      0x12a C:\saturn\sgl302j/lib\libsgl.a(sglF03.o)
                0x06016190                slPrintFX
 *fill*         0x060162ba        0x6 00
 SLPROG         0x060162c0      0x40c C:\saturn\sgl302j/lib\libsgl.a(sglB015.o)
                0x060162c0                slScrAutoDisp
 *fill*         0x060166cc        0x4 00
 SLPROG         0x060166d0      0x3a4 C:\saturn\sgl302j/lib\libsgl.a(sglI01.o)
                0x060168ba                RetPCMBuf
                0x060169f4                Sound_Buf
                0x060166d0                slInitSynch
                0x060167e0                slRandom
                0x06016954                PCM_Buf
                0x060166ea                slSynch
                0x060167fe                PCM_EndCheck
 *fill*         0x06016a74        0xc 00
 SLPROG         0x06016a80       0x20 C:\saturn\sgl302j/lib\libsgl.a(sglB001.o)
                0x06016a80                slTVOn
                0x06016a8a                slTVOff
 SLPROG         0x06016aa0       0x84 C:\saturn\sgl302j/lib\libsgl.a(sglD00.o)
                0x06016aa0                slDMACopy
                0x06016aa0                slCpuDMACopy
                0x06016afa                slCashPurge
                0x06016afa                CSH_AllClr
 *fill*         0x06016b24        0xc 00
 SLPROG         0x06016b30       0x1e C:\saturn\sgl302j/lib\libsgl.a(sglB002.o)
                0x06016b30                slColRAMMode
 *fill*         0x06016b4e        0x2 00
 SLPROG         0x06016b50        0xc C:\saturn\sgl302j/lib\libsgl.a(sglB016.o)
                0x06016b50                slBack1ColSet
 *fill*         0x06016b5c        0x4 00
 SLPROG         0x06016b60      0x114 C:\saturn\sgl302j/lib\libsgl.a(sglB200.o)
                0x06016b6c                slCharNbg0
                0x06016bb2                slPageRbg0
                0x06016bc8                slPageNbg1
                0x06016b78                slCharNbg1
                0x06016be4                slPageNbg0
                0x06016bd0                slPageNbg2
                0x06016bd8                slPageNbg3
                0x06016b84                slCharNbg2
                0x06016b9a                slCharNbg3
                0x06016b60                slCharRbg0
 *fill*         0x06016c74        0xc 00
 SLPROG         0x06016c80       0x10 C:\saturn\sgl302j/lib\libsgl.a(sglB058.o)
                0x06016c80                slPlaneNbg3
 SLPROG         0x06016c90       0xb4 C:\saturn\sgl302j/lib\libsgl.a(sglB034.o)
                0x06016c90                slMapNbg3
 *fill*         0x06016d44        0xc 00
 SLPROG         0x06016d50       0x10 C:\saturn\sgl302j/lib\libsgl.a(sglB073.o)
                0x06016d50                slScrPosNbg3
 SLPROG         0x06016d60        0xc C:\saturn\sgl302j/lib\libsgl.a(sglB063.o)
                0x06016d60                slPriority
 *fill*         0x06016d6c        0x4 00
 SLPROG         0x06016d70        0xc C:\saturn\sgl302j/lib\libsgl.a(sglB023.o)
                0x06016d70                slColRate
 *fill*         0x06016d7c        0x4 00
 SLPROG         0x06016d80       0x10 C:\saturn\sgl302j/lib\libsgl.a(sglB020.o)
                0x06016d80                slColorCalc
 SLPROG         0x06016d90        0xc C:\saturn\sgl302j/lib\libsgl.a(sglB021.o)
                0x06016d90                slColorCalcOn
 *fill*         0x06016d9c        0x4 00
 SLPROG         0x06016da0        0xc C:\saturn\sgl302j/lib\libsgl.a(sglB056.o)
                0x06016da0                slPlaneNbg1
 *fill*         0x06016dac        0x4 00
 SLPROG         0x06016db0       0xb4 C:\saturn\sgl302j/lib\libsgl.a(sglB032.o)
                0x06016db0                slMapNbg1
 *fill*         0x06016e64        0xc 00
 SLPROG         0x06016e70        0xc C:\saturn\sgl302j/lib\libsgl.a(sglB090.o)
                0x06016e70                slLineScrollMode
 *fill*         0x06016e7c        0x4 00
 SLPROG         0x06016e80        0x8 C:\saturn\sgl302j/lib\libsgl.a(sglB088.o)
                0x06016e80                slLineScrollTable1
 *fill*         0x06016e88        0x8 00
 SLPROG         0x06016e90        0xc C:\saturn\sgl302j/lib\libsgl.a(sglB071.o)
                0x06016e90                slScrPosNbg1
 *fill*         0x06016e9c        0x4 00
 SLPROG         0x06016ea0       0x10 C:\saturn\sgl302j/lib\libsgl.a(sglB057.o)
                0x06016ea0                slPlaneNbg2
 SLPROG         0x06016eb0       0xb0 C:\saturn\sgl302j/lib\libsgl.a(sglB033.o)
                0x06016eb0                slMapNbg2
 SLPROG         0x06016f60       0x10 C:\saturn\sgl302j/lib\libsgl.a(sglB072.o)
                0x06016f60                slScrPosNbg2
 SLPROG         0x06016f70       0x20 C:\saturn\sgl302j/lib\libsgl.a(sglA00.o)
                0x06016f84                get_imask
                0x06016f70                set_imask
                0x06016f70                _builtin_set_imask
                0x06016f84                _builtin_get_imask
 SLPROG         0x06016f90       0x74 C:\saturn\sgl302j/lib\libsgl.a(sglJ00.o)
                0x06016f90                InitSlaveSH
                0x06016ff8                SlaveCommand
 *fill*         0x06017004        0xc 00
 SLPROG         0x06017010      0x42c C:\saturn\sgl302j/lib\libsgl.a(sglA20.o)
                0x06017010                slInitMatrix
                0x0601702e                slUnitMatrix
                0x0601701a                slPushUnitMatrix
 *fill*         0x0601743c        0x4 00
 SLPROG         0x06017440      0xbd0 C:\saturn\sgl302j/lib\libsgl.a(sglB000.o)
                0x06017440                slInitScroll
                0x060176a0                TVSizeTbl
                0x06017590                setASC_4to8
                0x06017720                TVModeTbl
                0x06017560                setASC_1to8
                0x060178f8                SGL_ASCII_CG
 SLPROG         0x06018010      0x3d0 C:\saturn\sgl302j/lib\libsgl.a(sglJ01.o)
                0x06018010                SlaveControl
                0x060183cc                ErasePolygonData
 SLPROG         0x060183e0      0x75c C:\saturn\sgl302j/lib\libsgl.a(sglI00.o)
                0x060186d0                slInitInterrupt
 *fill*         0x06018b3c        0x4 00
 SLPROG         0x06018b40      0x134 C:\saturn\sgl302j/lib\libsgl.a(sglC00.o)
                0x06018b40                slInitSprite
 *fill*         0x06018c74        0xc 00
 SLPROG         0x06018c80      0x470 C:\saturn\sgl302j/lib\libsgl.a(sglH02.o)
                0x06019070                smpc_pfr_tbl
                0x060190b0                smpc_ptf_tbl
 SLPROG         0x060190f0       0x60 C:\saturn\sgl302j/lib\libsgl.a(sglH04.o)
                0x0601911a                slComPrmSetTime
                0x060190f0                slComPrmIntBack
                0x06019104                slComPrmSetMemory
 SLPROG         0x06019150       0x40 C:\saturn\sgl302j/lib\libsgl.a(sglC20.o)
                0x06019150                SpriteEntry
 SLPROG         0x06019190       0xd4 C:\saturn\sgl302j/lib\libsgl.a(sglB035.o)
                0x06019190                sl1MapRA
                0x06019222                rbank_set
 *fill*         0x06019264        0xc 00
 SLPROG         0x06019270      0x140 C:\saturn\sgl302j/lib\libsgl.a(sglJ03.o)
                0x06019270                sbMakeDMATable
 SLPROG         0x060193b0     0x12b8 C:\saturn\sgl302j/lib\libsgl.a(sglJ02.o)
                0x0601a5e4                stvtc_1
                0x0601a31c                stvtc_4
                0x0601a2dc                SetPolygon
                0x0601a3d4                stvtc_3
                0x0601a60c                stvtc_0
                0x0601a2e4                SetPosition
                0x06019598                sbCalcPolygon
                0x0601a2d0                SetTexture
                0x060193b0                sbMakePolygon
                0x0601a5f8                stvtc_2
 *fill*         0x0601a668        0x8 00
 SLPROG         0x0601a670      0x470 C:\saturn\sgl302j/lib\libsgl.a(sglJ04.o)
                0x0601a734                sbMakeRotSprite
                0x0601a6ce                sbMakeSprite
 SLPROG         0x0601aae0       0x3c C:\saturn\sgl302j/lib\libsgl.a(sglJ05.o)
                0x0601aae0                sbSortEntry
 *fill*         0x0601ab1c        0x4 00
 SLPROG         0x0601ab20       0xf0 C:\saturn\sgl302j/lib\libsgl.a(sglH03.o)
                0x0601ab84                slSmpcIntBack
 SLPROG         0x0601ac10       0x6a C:\saturn\sgl302j/lib\libsgl.a(sglM01.o)
                0x0601ac3c                slSetDepthTbl
                0x0601ac6c                DepthWorkArea
                0x0601ac10                slSetDepthLimit
                0x0601ac7a                __slprog_end = .

.tors           0x0601ac80        0x0
                0x0601ac80                ___ctors = .
 *(.ctors)
                0x0601ac80                ___ctors_end = .
                0x0601ac80                ___dtors = .
 *(.dtors)
                0x0601ac80                ___dtors_end = .

.data           0x0601ac80    0x110f0
 *(.data)
 .data          0x0601ac80       0xf0 main.o
                0x0601acc8                level
                0x0601ac80                levels
                0x0601accc                spritepos2
                0x0601acfc                spritepos1
 .data          0x0601ad70    0x10660 assets.o
                0x0601bb70                pal_cloud
                0x06022d70                map_map3
                0x0601ad70                pal_gradient
                0x060289f0                texture_sprites010
                0x06028170                texture_sprites022
                0x06028970                texture_sprites011
                0x0601b770                cel_gradient
                0x06026e70                texture_sprites041
                0x06028af0                texture_sprites008
                0x06028870                texture_sprites013
                0x06025f70                pic_sprites
                0x0601af70                map_gradient
                0x06026470                texture_sprites046
                0x06023570                map_map2
                0x06028ef0                texture_sprites003
                0x06028770                texture_sprites015
                0x06027070                texture_sprites040
                0x060272f0                texture_sprites037
                0x060260f0                tex_sprites
                0x060274f0                texture_sprites035
                0x06027cf0                texture_sprites025
                0x060286f0                texture_sprites016
                0x06027bf0                texture_sprites027
                0x060275f0                texture_sprites034
                0x06027b70                texture_sprites028
                0x06027af0                texture_sprites029
                0x06028a70                texture_sprites009
                0x060290f0                texture_sprites002
                0x06026670                texture_sprites045
                0x060293d0                texture_sprites000
                0x06026a70                texture_sprites043
                0x060277f0                texture_sprites032
                0x0601c570                cel_cloud
                0x0601da70                cel_road
                0x060287f0                texture_sprites014
                0x06028670                texture_sprites017
                0x06028570                texture_sprites019
                0x0601d270                map_road
                0x060279f0                texture_sprites030
                0x06026270                texture_sprites047
                0x06028e70                texture_sprites004
                0x06026870                texture_sprites044
                0x06029350                texture_sprites001
                0x060276f0                texture_sprites033
                0x06026c70                texture_sprites042
                0x06024770                map_face
                0x060273f0                texture_sprites036
                0x0601d070                pal_road
                0x06023d70                map_map1
                0x060288f0                texture_sprites012
                0x06028bf0                texture_sprites006
                0x06027c70                texture_sprites026
                0x06027d70                texture_sprites024
                0x060285f0                texture_sprites018
                0x060278f0                texture_sprites031
                0x060271f0                texture_sprites038
                0x06028370                texture_sprites021
                0x06028b70                texture_sprites007
                0x06024570                pal_face
                0x06024f70                cel_face
                0x0601bd70                map_cloud
                0x06028c70                texture_sprites005
                0x06027f70                texture_sprites023
                0x060270f0                texture_sprites039
 .data          0x0602b3d0      0x190 game.o
                0x0602b3f8                DIGITS
                0x0602b506                ZERO_ATTR
                0x0602b4fc                ONE_ATTR
                0x0602b3d0                lives
                0x0602b52e                SCLERA_ATTR
                0x0602b48e                A_ATTR
                0x0602b51a                SHOT_ATTR
                0x0602b448                SPR_SIZE
                0x0602b4a2                LIFE_ATTR
                0x0602b524                CIRCLE_ATTR
                0x0602b3d4                scale
                0x0602b538                EYE_ATTR
                0x0602b45c                R_ATTR
                0x0602b466                V_ATTR
                0x0602b4b6                EIGHT_ATTR
                0x0602b4f2                TWO_ATTR
                0x0602b498                G_ATTR
                0x0602b510                PUSH_ATTR
                0x0602b470                O_ATTR
                0x0602b4d4                FIVE_ATTR
                0x0602b434                SPR_ATTRS
                0x0602b4ca                SIX_ATTR
                0x0602b542                PLAYER_ATTR
                0x0602b4ac                NINE_ATTR
                0x0602b4c0                SEVEN_ATTR
                0x0602b4de                FOUR_ATTR
                0x0602b4e8                THREE_ATTR
                0x0602b484                M_ATTR
                0x0602b47a                E_ATTR
                0x0602b3d8                GAMEOVER
                0x0602b420                POINTS
 .data          0x0602b560       0x80 C:\saturn\sgl302j/lib\libsgl.a(sglIc0.o)
                0x0602b560                IntPrioMask
 .data          0x0602b5e0      0x380 c:/saturn/SH_COFF/sh-coff/bin/../lib/gcc/sh-coff/3.4-GNUSH_v0501/../../../../sh-coff/lib/m2\libc.a(impure.o)
                0x0602b95c                _impure_ptr
 .data          0x0602b960      0x410 c:/saturn/SH_COFF/sh-coff/bin/../lib/gcc/sh-coff/3.4-GNUSH_v0501/../../../../sh-coff/lib/m2\libc.a(mallocr.o)
                0x0602b968                __malloc_av_
                0x0602b964                __malloc_trim_threshold
                0x0602b960                __malloc_sbrk_base
                0x0602bd70                __edata = .

.bss            0x0602bd70     0x2774
                0x0602bd70                __bstart = .
 *(.bss)
 .bss           0x0602bd70      0x200 assets.o
                0x0602bd70                texture_sprites020
 .bss           0x0602bf70       0x60 game.o
                0x0602bf78                bgMode
                0x0602bf84                screenY
                0x0602bf88                screenX
                0x0602bf7c                startY
                0x0602bf74                score
                0x0602bf8c                scaleSpeed
                0x0602bf70                frames
                0x0602bf80                startX
                0x0602bf90                playerState
 .bss           0x0602bfd0       0x10 linescroll.o
 .bss           0x0602bfe0       0x10 tilemap.o
 .bss           0x0602bff0       0x10 c:/saturn/SH_COFF/sh-coff/bin/../lib/gcc/sh-coff/3.4-GNUSH_v0501/m2\libgcc.a(__main.o)
 .bss           0x0602c000       0x10 c:/saturn/SH_COFF/sh-coff/bin/../lib/gcc/sh-coff/3.4-GNUSH_v0501/../../../../sh-coff/lib/m2\libc.a(atexit.o)
 .bss           0x0602c010       0x40 c:/saturn/SH_COFF/sh-coff/bin/../lib/gcc/sh-coff/3.4-GNUSH_v0501/../../../../sh-coff/lib/m2\libc.a(mallocr.o)
                0x0602c040                __malloc_top_pad
                0x0602c010                __malloc_current_mallinfo
                0x0602c03c                __malloc_max_sbrked_mem
                0x0602c038                __malloc_max_total_mem
 .bss           0x0602c050       0x10 c:/saturn/SH_COFF/sh-coff/bin/../lib/gcc/sh-coff/3.4-GNUSH_v0501/../../../../sh-coff/lib/m2\libc.a(syscalls.o)
 *(COMMON)
 COMMON         0x0602c060     0x2471 game.o
                                  0x0 (size before relaxing)
                0x0602c060                sprites
                0x0602dc80                numSprites
                0x0602dc90                playfield
                0x0602e490                playfieldPtr
                0x0602e494                eye1Index
                0x0602e4a0                defaultSprite
                0x0602e4c4                bgLayers
                0x0602e4c8                eye2Index
                0x0602e4cc                gameState
                0x0602e4d0                dispFace
 *fill*         0x0602e4d1        0xf 00
 COMMON         0x0602e4e0        0x4 c:/saturn/SH_COFF/sh-coff/bin/../lib/gcc/sh-coff/3.4-GNUSH_v0501/../../../../sh-coff/lib/m2\libc.a(syscalls.o)
                                  0x0 (size before relaxing)
                0x0602e4e0                errno
                0x0602e4e4                __bend = .
                0x0602e4e4                _end = .
LOAD C:\saturn\sgl302j\SAMPLE\common/cinit.o
LOAD C:\saturn\sgl302j/lib/sglarea.o
LOAD main.o
LOAD assets.o
LOAD game.o
LOAD linescroll.o
LOAD scrollfunctions.o
LOAD spritelist.o
LOAD tilemap.o
LOAD C:\saturn\sgl302j/lib\libsgl.a
LOAD c:/saturn/SH_COFF/sh-coff/bin/../lib/gcc/sh-coff/3.4-GNUSH_v0501/m2\libgcc.a
LOAD c:/saturn/SH_COFF/sh-coff/bin/../lib/gcc/sh-coff/3.4-GNUSH_v0501/../../../../sh-coff/lib/m2\libc.a
LOAD c:/saturn/SH_COFF/sh-coff/bin/../lib/gcc/sh-coff/3.4-GNUSH_v0501/m2\libgcc.a
OUTPUT(sl.coff coff-sh)

.comment        0x0602e4f0      0x3a0
 .comment       0x0602e4f0       0x20 C:\saturn\sgl302j\SAMPLE\common/cinit.o
 .comment       0x0602e510       0x20 main.o
 .comment       0x0602e530       0x20 assets.o
 .comment       0x0602e550       0x20 game.o
 .comment       0x0602e570       0x20 linescroll.o
 .comment       0x0602e590       0x20 scrollfunctions.o
 .comment       0x0602e5b0       0x20 spritelist.o
 .comment       0x0602e5d0       0x20 tilemap.o
 .comment       0x0602e5f0       0x20 c:/saturn/SH_COFF/sh-coff/bin/../lib/gcc/sh-coff/3.4-GNUSH_v0501/m2\libgcc.a(__main.o)
 .comment       0x0602e610       0x20 c:/saturn/SH_COFF/sh-coff/bin/../lib/gcc/sh-coff/3.4-GNUSH_v0501/m2\libgcc.a(_si_to_df.o)
 .comment       0x0602e630       0x20 c:/saturn/SH_COFF/sh-coff/bin/../lib/gcc/sh-coff/3.4-GNUSH_v0501/m2\libgcc.a(_mul_df.o)
 .comment       0x0602e650       0x20 c:/saturn/SH_COFF/sh-coff/bin/../lib/gcc/sh-coff/3.4-GNUSH_v0501/m2\libgcc.a(_div_df.o)
 .comment       0x0602e670       0x20 c:/saturn/SH_COFF/sh-coff/bin/../lib/gcc/sh-coff/3.4-GNUSH_v0501/m2\libgcc.a(_df_to_si.o)
 .comment       0x0602e690       0x20 c:/saturn/SH_COFF/sh-coff/bin/../lib/gcc/sh-coff/3.4-GNUSH_v0501/m2\libgcc.a(_pack_df.o)
 .comment       0x0602e6b0       0x20 c:/saturn/SH_COFF/sh-coff/bin/../lib/gcc/sh-coff/3.4-GNUSH_v0501/m2\libgcc.a(_unpack_df.o)
 .comment       0x0602e6d0       0x20 c:/saturn/SH_COFF/sh-coff/bin/../lib/gcc/sh-coff/3.4-GNUSH_v0501/m2\libgcc.a(_thenan_df.o)
 .comment       0x0602e6f0       0x20 c:/saturn/SH_COFF/sh-coff/bin/../lib/gcc/sh-coff/3.4-GNUSH_v0501/m2\libgcc.a(_lshrdi3.o)
 .comment       0x0602e710       0x20 c:/saturn/SH_COFF/sh-coff/bin/../lib/gcc/sh-coff/3.4-GNUSH_v0501/m2\libgcc.a(_ashldi3.o)
 .comment       0x0602e730       0x20 c:/saturn/SH_COFF/sh-coff/bin/../lib/gcc/sh-coff/3.4-GNUSH_v0501/../../../../sh-coff/lib/m2\libc.a(atexit.o)
 .comment       0x0602e750       0x20 c:/saturn/SH_COFF/sh-coff/bin/../lib/gcc/sh-coff/3.4-GNUSH_v0501/../../../../sh-coff/lib/m2\libc.a(impure.o)
 .comment       0x0602e770       0x20 c:/saturn/SH_COFF/sh-coff/bin/../lib/gcc/sh-coff/3.4-GNUSH_v0501/../../../../sh-coff/lib/m2\libc.a(malloc.o)
 .comment       0x0602e790       0x20 c:/saturn/SH_COFF/sh-coff/bin/../lib/gcc/sh-coff/3.4-GNUSH_v0501/../../../../sh-coff/lib/m2\libc.a(mallocr.o)
 .comment       0x0602e7b0       0x20 c:/saturn/SH_COFF/sh-coff/bin/../lib/gcc/sh-coff/3.4-GNUSH_v0501/../../../../sh-coff/lib/m2\libc.a(freer.o)
 .comment       0x0602e7d0       0x20 c:/saturn/SH_COFF/sh-coff/bin/../lib/gcc/sh-coff/3.4-GNUSH_v0501/../../../../sh-coff/lib/m2\libc.a(mlock.o)
 .comment       0x0602e7f0       0x20 c:/saturn/SH_COFF/sh-coff/bin/../lib/gcc/sh-coff/3.4-GNUSH_v0501/../../../../sh-coff/lib/m2\libc.a(sbrkr.o)
 .comment       0x0602e810       0x20 c:/saturn/SH_COFF/sh-coff/bin/../lib/gcc/sh-coff/3.4-GNUSH_v0501/../../../../sh-coff/lib/m2\libc.a(syscalls.o)
 .comment       0x0602e830       0x20 c:/saturn/SH_COFF/sh-coff/bin/../lib/gcc/sh-coff/3.4-GNUSH_v0501/../../../../sh-coff/lib/m2\libc.a(abort.o)
 .comment       0x0602e850       0x20 c:/saturn/SH_COFF/sh-coff/bin/../lib/gcc/sh-coff/3.4-GNUSH_v0501/../../../../sh-coff/lib/m2\libc.a(signal.o)
 .comment       0x0602e870       0x20 c:/saturn/SH_COFF/sh-coff/bin/../lib/gcc/sh-coff/3.4-GNUSH_v0501/../../../../sh-coff/lib/m2\libc.a(signalr.o)
