Archive member included because of file (symbol)

C:\saturn\sgl302j/lib\libsgl.a(sglIc0.o)
                              main.o (slInitSystem)
C:\saturn\sgl302j/lib\libsgl.a(sglH00.o)
                              C:\saturn\sgl302j/lib\libsgl.a(sglIc0.o) (slInitPeripheral)
C:\saturn\sgl302j/lib\libsgl.a(sglF00.o)
                              game.o (slLocate)
C:\saturn\sgl302j/lib\libsgl.a(sglF05.o)
                              game.o (slPrint)
C:\saturn\sgl302j/lib\libsgl.a(sglF03.o)
                              game.o (slPrintFX)
C:\saturn\sgl302j/lib\libsgl.a(sglB015.o)
                              game.o (slScrAutoDisp)
C:\saturn\sgl302j/lib\libsgl.a(sglI01.o)
                              C:\saturn\sgl302j/lib\libsgl.a(sglIc0.o) (slInitSynch)
C:\saturn\sgl302j/lib\libsgl.a(sglA01.o)
                              game.o (slSin)
C:\saturn\sgl302j/lib\libsgl.a(sglF02.o)
                              game.o (slPrintHex)
C:\saturn\sgl302j/lib\libsgl.a(sglC06.o)
                              game.o (slDispSprite)
C:\saturn\sgl302j/lib\libsgl.a(sglA06.o)
                              game.o (slMulFX)
C:\saturn\sgl302j/lib\libsgl.a(sglB001.o)
                              game.o (slTVOn)
C:\saturn\sgl302j/lib\libsgl.a(sglD00.o)
                              game.o (slDMACopy)
C:\saturn\sgl302j/lib\libsgl.a(sglB002.o)
                              game.o (slColRAMMode)
C:\saturn\sgl302j/lib\libsgl.a(sglB016.o)
                              game.o (slBack1ColSet)
C:\saturn\sgl302j/lib\libsgl.a(sglB200.o)
                              linescroll.o (slCharNbg1)
C:\saturn\sgl302j/lib\libsgl.a(sglB058.o)
                              game.o (slPlaneNbg3)
C:\saturn\sgl302j/lib\libsgl.a(sglB034.o)
                              game.o (slMapNbg3)
C:\saturn\sgl302j/lib\libsgl.a(sglB073.o)
                              game.o (slScrPosNbg3)
C:\saturn\sgl302j/lib\libsgl.a(sglB063.o)
                              game.o (slPriority)
C:\saturn\sgl302j/lib\libsgl.a(sglB020.o)
                              game.o (slColorCalc)
C:\saturn\sgl302j/lib\libsgl.a(sglB023.o)
                              game.o (slColRate)
C:\saturn\sgl302j/lib\libsgl.a(sglB056.o)
                              linescroll.o (slPlaneNbg1)
C:\saturn\sgl302j/lib\libsgl.a(sglB032.o)
                              linescroll.o (slMapNbg1)
C:\saturn\sgl302j/lib\libsgl.a(sglB090.o)
                              linescroll.o (slLineScrollMode)
C:\saturn\sgl302j/lib\libsgl.a(sglB088.o)
                              linescroll.o (slLineScrollTable1)
C:\saturn\sgl302j/lib\libsgl.a(sglB071.o)
                              linescroll.o (slScrPosNbg1)
C:\saturn\sgl302j/lib\libsgl.a(sglB057.o)
                              tilemap.o (slPlaneNbg2)
C:\saturn\sgl302j/lib\libsgl.a(sglB033.o)
                              tilemap.o (slMapNbg2)
C:\saturn\sgl302j/lib\libsgl.a(sglB072.o)
                              tilemap.o (slScrPosNbg2)
C:\saturn\sgl302j/lib\libsgl.a(sglA00.o)
                              C:\saturn\sgl302j/lib\libsgl.a(sglIc0.o) (_builtin_set_imask)
C:\saturn\sgl302j/lib\libsgl.a(sglK01.o)
                              C:\saturn\sgl302j/lib\libsgl.a(sglIc0.o) (SynchCount)
C:\saturn\sgl302j/lib\libsgl.a(sglJ00.o)
                              C:\saturn\sgl302j/lib\libsgl.a(sglIc0.o) (InitSlaveSH)
C:\saturn\sgl302j/lib\libsgl.a(sglA20.o)
                              C:\saturn\sgl302j/lib\libsgl.a(sglIc0.o) (slInitMatrix)
C:\saturn\sgl302j/lib\libsgl.a(sglB000.o)
                              C:\saturn\sgl302j/lib\libsgl.a(sglIc0.o) (slInitScroll)
C:\saturn\sgl302j/lib\libsgl.a(sglJ01.o)
                              C:\saturn\sgl302j/lib\libsgl.a(sglIc0.o) (SlaveControl)
C:\saturn\sgl302j/lib\libsgl.a(sglI00.o)
                              C:\saturn\sgl302j/lib\libsgl.a(sglIc0.o) (slInitInterrupt)
C:\saturn\sgl302j/lib\libsgl.a(sglC00.o)
                              C:\saturn\sgl302j/lib\libsgl.a(sglIc0.o) (slInitSprite)
C:\saturn\sgl302j/lib\libsgl.a(sglH02.o)
                              C:\saturn\sgl302j/lib\libsgl.a(sglH00.o) (smpc_pfr_tbl)
C:\saturn\sgl302j/lib\libsgl.a(sglH04.o)
                              C:\saturn\sgl302j/lib\libsgl.a(sglH00.o) (slComPrmIntBack)
C:\saturn\sgl302j/lib\libsgl.a(sglC20.o)
                              C:\saturn\sgl302j/lib\libsgl.a(sglC06.o) (SpriteEntry)
C:\saturn\sgl302j/lib\libsgl.a(sglB035.o)
                              C:\saturn\sgl302j/lib\libsgl.a(sglB200.o) (rbank_set)
C:\saturn\sgl302j/lib\libsgl.a(sglJ03.o)
                              C:\saturn\sgl302j/lib\libsgl.a(sglJ01.o) (sbMakeDMATable)
C:\saturn\sgl302j/lib\libsgl.a(sglJ02.o)
                              C:\saturn\sgl302j/lib\libsgl.a(sglJ01.o) (sbMakePolygon)
C:\saturn\sgl302j/lib\libsgl.a(sglJ04.o)
                              C:\saturn\sgl302j/lib\libsgl.a(sglJ01.o) (sbMakeSprite)
C:\saturn\sgl302j/lib\libsgl.a(sglJ05.o)
                              C:\saturn\sgl302j/lib\libsgl.a(sglJ01.o) (sbSortEntry)
C:\saturn\sgl302j/lib\libsgl.a(sglH03.o)
                              C:\saturn\sgl302j/lib\libsgl.a(sglI00.o) (slSmpcIntBack)
C:\saturn\sgl302j/lib\libsgl.a(sglM01.o)
                              C:\saturn\sgl302j/lib\libsgl.a(sglJ02.o) (DepthWorkArea)
c:/saturn/SH_COFF/sh-coff/bin/../lib/gcc/sh-coff/3.4-GNUSH_v0501/m2\libgcc.a(__main.o)
                              C:\saturn\sgl302j\SAMPLE\common/cinit.o (__main)
c:/saturn/SH_COFF/sh-coff/bin/../lib/gcc/sh-coff/3.4-GNUSH_v0501/m2\libgcc.a(_si_to_df.o)
                              game.o (__floatsidf)
c:/saturn/SH_COFF/sh-coff/bin/../lib/gcc/sh-coff/3.4-GNUSH_v0501/m2\libgcc.a(_mul_df.o)
                              game.o (__muldf3)
c:/saturn/SH_COFF/sh-coff/bin/../lib/gcc/sh-coff/3.4-GNUSH_v0501/m2\libgcc.a(_div_df.o)
                              game.o (__divdf3)
c:/saturn/SH_COFF/sh-coff/bin/../lib/gcc/sh-coff/3.4-GNUSH_v0501/m2\libgcc.a(_df_to_si.o)
                              game.o (__fixdfsi)
c:/saturn/SH_COFF/sh-coff/bin/../lib/gcc/sh-coff/3.4-GNUSH_v0501/m2\libgcc.a(_ashiftrt_n.o)
                              game.o (__ashrsi3)
c:/saturn/SH_COFF/sh-coff/bin/../lib/gcc/sh-coff/3.4-GNUSH_v0501/m2\libgcc.a(_pack_df.o)
                              c:/saturn/SH_COFF/sh-coff/bin/../lib/gcc/sh-coff/3.4-GNUSH_v0501/m2\libgcc.a(_si_to_df.o) (__pack_d)
c:/saturn/SH_COFF/sh-coff/bin/../lib/gcc/sh-coff/3.4-GNUSH_v0501/m2\libgcc.a(_unpack_df.o)
                              c:/saturn/SH_COFF/sh-coff/bin/../lib/gcc/sh-coff/3.4-GNUSH_v0501/m2\libgcc.a(_mul_df.o) (__unpack_d)
c:/saturn/SH_COFF/sh-coff/bin/../lib/gcc/sh-coff/3.4-GNUSH_v0501/m2\libgcc.a(_thenan_df.o)
                              c:/saturn/SH_COFF/sh-coff/bin/../lib/gcc/sh-coff/3.4-GNUSH_v0501/m2\libgcc.a(_mul_df.o) (__thenan_df)
c:/saturn/SH_COFF/sh-coff/bin/../lib/gcc/sh-coff/3.4-GNUSH_v0501/m2\libgcc.a(_lshrdi3.o)
                              c:/saturn/SH_COFF/sh-coff/bin/../lib/gcc/sh-coff/3.4-GNUSH_v0501/m2\libgcc.a(_df_to_si.o) (__lshrdi3)
c:/saturn/SH_COFF/sh-coff/bin/../lib/gcc/sh-coff/3.4-GNUSH_v0501/m2\libgcc.a(_ashldi3.o)
                              c:/saturn/SH_COFF/sh-coff/bin/../lib/gcc/sh-coff/3.4-GNUSH_v0501/m2\libgcc.a(_pack_df.o) (__ashldi3)
c:/saturn/SH_COFF/sh-coff/bin/../lib/gcc/sh-coff/3.4-GNUSH_v0501/m2\libgcc.a(_ashiftlt.o)
                              c:/saturn/SH_COFF/sh-coff/bin/../lib/gcc/sh-coff/3.4-GNUSH_v0501/m2\libgcc.a(_lshrdi3.o) (__ashlsi3)
c:/saturn/SH_COFF/sh-coff/bin/../lib/gcc/sh-coff/3.4-GNUSH_v0501/m2\libgcc.a(_lshiftrt.o)
                              c:/saturn/SH_COFF/sh-coff/bin/../lib/gcc/sh-coff/3.4-GNUSH_v0501/m2\libgcc.a(_lshrdi3.o) (__lshrsi3)
c:/saturn/SH_COFF/sh-coff/bin/../lib/gcc/sh-coff/3.4-GNUSH_v0501/../../../../sh-coff/lib/m2\libc.a(memcpy.o)
                              game.o (memcpy)
c:/saturn/SH_COFF/sh-coff/bin/../lib/gcc/sh-coff/3.4-GNUSH_v0501/../../../../sh-coff/lib/m2\libc.a(memset.o)
                              spritelist.o (memset)
c:/saturn/SH_COFF/sh-coff/bin/../lib/gcc/sh-coff/3.4-GNUSH_v0501/../../../../sh-coff/lib/m2\libc.a(atexit.o)
                              c:/saturn/SH_COFF/sh-coff/bin/../lib/gcc/sh-coff/3.4-GNUSH_v0501/m2\libgcc.a(__main.o) (atexit)
c:/saturn/SH_COFF/sh-coff/bin/../lib/gcc/sh-coff/3.4-GNUSH_v0501/../../../../sh-coff/lib/m2\libc.a(impure.o)
                              c:/saturn/SH_COFF/sh-coff/bin/../lib/gcc/sh-coff/3.4-GNUSH_v0501/../../../../sh-coff/lib/m2\libc.a(atexit.o) (_impure_ptr)
c:/saturn/SH_COFF/sh-coff/bin/../lib/gcc/sh-coff/3.4-GNUSH_v0501/../../../../sh-coff/lib/m2\libc.a(malloc.o)
                              c:/saturn/SH_COFF/sh-coff/bin/../lib/gcc/sh-coff/3.4-GNUSH_v0501/../../../../sh-coff/lib/m2\libc.a(atexit.o) (malloc)
c:/saturn/SH_COFF/sh-coff/bin/../lib/gcc/sh-coff/3.4-GNUSH_v0501/../../../../sh-coff/lib/m2\libc.a(mallocr.o)
                              c:/saturn/SH_COFF/sh-coff/bin/../lib/gcc/sh-coff/3.4-GNUSH_v0501/../../../../sh-coff/lib/m2\libc.a(malloc.o) (_malloc_r)
c:/saturn/SH_COFF/sh-coff/bin/../lib/gcc/sh-coff/3.4-GNUSH_v0501/../../../../sh-coff/lib/m2\libc.a(freer.o)
                              c:/saturn/SH_COFF/sh-coff/bin/../lib/gcc/sh-coff/3.4-GNUSH_v0501/../../../../sh-coff/lib/m2\libc.a(malloc.o) (_free_r)
c:/saturn/SH_COFF/sh-coff/bin/../lib/gcc/sh-coff/3.4-GNUSH_v0501/../../../../sh-coff/lib/m2\libc.a(mlock.o)
                              c:/saturn/SH_COFF/sh-coff/bin/../lib/gcc/sh-coff/3.4-GNUSH_v0501/../../../../sh-coff/lib/m2\libc.a(mallocr.o) (__malloc_lock)
c:/saturn/SH_COFF/sh-coff/bin/../lib/gcc/sh-coff/3.4-GNUSH_v0501/../../../../sh-coff/lib/m2\libc.a(sbrkr.o)
                              c:/saturn/SH_COFF/sh-coff/bin/../lib/gcc/sh-coff/3.4-GNUSH_v0501/../../../../sh-coff/lib/m2\libc.a(mallocr.o) (_sbrk_r)
c:/saturn/SH_COFF/sh-coff/bin/../lib/gcc/sh-coff/3.4-GNUSH_v0501/../../../../sh-coff/lib/m2\libc.a(syscalls.o)
                              c:/saturn/SH_COFF/sh-coff/bin/../lib/gcc/sh-coff/3.4-GNUSH_v0501/../../../../sh-coff/lib/m2\libc.a(sbrkr.o) (_sbrk)
c:/saturn/SH_COFF/sh-coff/bin/../lib/gcc/sh-coff/3.4-GNUSH_v0501/../../../../sh-coff/lib/m2\libc.a(trap.o)
                              c:/saturn/SH_COFF/sh-coff/bin/../lib/gcc/sh-coff/3.4-GNUSH_v0501/../../../../sh-coff/lib/m2\libc.a(syscalls.o) (__trap34)
c:/saturn/SH_COFF/sh-coff/bin/../lib/gcc/sh-coff/3.4-GNUSH_v0501/../../../../sh-coff/lib/m2\libc.a(abort.o)
                              c:/saturn/SH_COFF/sh-coff/bin/../lib/gcc/sh-coff/3.4-GNUSH_v0501/../../../../sh-coff/lib/m2\libc.a(syscalls.o) (abort)
c:/saturn/SH_COFF/sh-coff/bin/../lib/gcc/sh-coff/3.4-GNUSH_v0501/../../../../sh-coff/lib/m2\libc.a(signal.o)
                              c:/saturn/SH_COFF/sh-coff/bin/../lib/gcc/sh-coff/3.4-GNUSH_v0501/../../../../sh-coff/lib/m2\libc.a(abort.o) (raise)
c:/saturn/SH_COFF/sh-coff/bin/../lib/gcc/sh-coff/3.4-GNUSH_v0501/../../../../sh-coff/lib/m2\libc.a(signalr.o)
                              c:/saturn/SH_COFF/sh-coff/bin/../lib/gcc/sh-coff/3.4-GNUSH_v0501/../../../../sh-coff/lib/m2\libc.a(signal.o) (_kill_r)
c:/saturn/SH_COFF/sh-coff/bin/../lib/gcc/sh-coff/3.4-GNUSH_v0501/m2\libgcc.a(_udivsi3.o)
                              c:/saturn/SH_COFF/sh-coff/bin/../lib/gcc/sh-coff/3.4-GNUSH_v0501/../../../../sh-coff/lib/m2\libc.a(freer.o) (__udivsi3)

Allocating common symbols
Common symbol       size              file

sprites             0x1c20            game.o
numSprites          0x1               game.o
playfield           0x800             game.o
eye1Index           0x4               game.o
defaultSprite       0x24              game.o
bgLayers            0x2               game.o
eye2Index           0x4               game.o
errno               0x4               c:/saturn/SH_COFF/sh-coff/bin/../lib/gcc/sh-coff/3.4-GNUSH_v0501/../../../../sh-coff/lib/m2\libc.a(syscalls.o)
gameState           0x4               game.o
dispFace            0x1               game.o

Memory Configuration

Name             Origin             Length             Attributes
*default*        0x00000000         0xffffffff

Linker script and memory map


SLSTART         0x06004000       0x30
                0x06004000                ___Start = .
 *(SLSTART)
 SLSTART        0x06004000       0x28 C:\saturn\sgl302j/lib\libsgl.a(sglI00.o)
                0x06004002                slStartSGL
                0x06004000                SGL_Start

.text           0x06004040     0x40b0
 *(.text)
 .text          0x06004040       0x50 C:\saturn\sgl302j\SAMPLE\common/cinit.o
                0x06004040                main
 .text          0x06004090       0x70 main.o
                0x06004090                ss_main
 .text          0x06004100     0x1790 game.o
                0x06004ff0                loadSpritePos
                0x06004fc0                loadLevel
                0x06005210                runLevel
 .text          0x06005890      0x1f0 linescroll.o
                0x060059e0                updateLinescroll
                0x06005890                initLinescroll
 .text          0x06005a80       0xf0 scrollfunctions.o
                0x06005b20                MapRead
                0x06005b40                Pal2CRAM
                0x06005aa0                Map2VRAM
                0x06005b00                MapWrite
                0x06005a80                Cel2VRAM
 .text          0x06005b70       0xd0 spritelist.o
                0x06005bf0                deleteSprite
                0x06005b70                addSprite
                0x06005c20                clearSpriteList
 .text          0x06005c40      0x1c0 tilemap.o
                0x06005c40                initTilemap
                0x06005da0                updateTilemap
 .text          0x06005e00      0x128 C:\saturn\sgl302j/lib\libsgl.a(sglIc0.o)
                0x06005e00                slInitSystem
 *fill*         0x06005f28        0x8 00
 .text          0x06005f30       0xc0 c:/saturn/SH_COFF/sh-coff/bin/../lib/gcc/sh-coff/3.4-GNUSH_v0501/m2\libgcc.a(__main.o)
                0x06005fb0                __main
                0x06005f30                __do_global_dtors
                0x06005f70                __do_global_ctors
 .text          0x06005ff0      0x110 c:/saturn/SH_COFF/sh-coff/bin/../lib/gcc/sh-coff/3.4-GNUSH_v0501/m2\libgcc.a(_si_to_df.o)
                0x06006000                __floatsidf
 .text          0x06006100      0x2c0 c:/saturn/SH_COFF/sh-coff/bin/../lib/gcc/sh-coff/3.4-GNUSH_v0501/m2\libgcc.a(_mul_df.o)
                0x06006120                __muldf3
 .text          0x060063c0      0x180 c:/saturn/SH_COFF/sh-coff/bin/../lib/gcc/sh-coff/3.4-GNUSH_v0501/m2\libgcc.a(_div_df.o)
                0x060063d0                __divdf3
 .text          0x06006540       0x90 c:/saturn/SH_COFF/sh-coff/bin/../lib/gcc/sh-coff/3.4-GNUSH_v0501/m2\libgcc.a(_df_to_si.o)
                0x06006540                __fixdfsi
 .text          0x060065d0       0x80 c:/saturn/SH_COFF/sh-coff/bin/../lib/gcc/sh-coff/3.4-GNUSH_v0501/m2\libgcc.a(_ashiftrt_n.o)
                0x060065d0                __ashrsi3
 .text          0x06006650      0x270 c:/saturn/SH_COFF/sh-coff/bin/../lib/gcc/sh-coff/3.4-GNUSH_v0501/m2\libgcc.a(_pack_df.o)
                0x06006670                __pack_d
 .text          0x060068c0      0x160 c:/saturn/SH_COFF/sh-coff/bin/../lib/gcc/sh-coff/3.4-GNUSH_v0501/m2\libgcc.a(_unpack_df.o)
                0x060068e0                __unpack_d
 .text          0x06006a20       0x20 c:/saturn/SH_COFF/sh-coff/bin/../lib/gcc/sh-coff/3.4-GNUSH_v0501/m2\libgcc.a(_thenan_df.o)
                0x06006a20                __thenan_df
 .text          0x06006a40       0x90 c:/saturn/SH_COFF/sh-coff/bin/../lib/gcc/sh-coff/3.4-GNUSH_v0501/m2\libgcc.a(_lshrdi3.o)
                0x06006a40                __lshrdi3
 .text          0x06006ad0       0x90 c:/saturn/SH_COFF/sh-coff/bin/../lib/gcc/sh-coff/3.4-GNUSH_v0501/m2\libgcc.a(_ashldi3.o)
                0x06006ad0                __ashldi3
 .text          0x06006b60       0x90 c:/saturn/SH_COFF/sh-coff/bin/../lib/gcc/sh-coff/3.4-GNUSH_v0501/m2\libgcc.a(_ashiftlt.o)
                0x06006b60                __ashlsi3
 .text          0x06006bf0       0x90 c:/saturn/SH_COFF/sh-coff/bin/../lib/gcc/sh-coff/3.4-GNUSH_v0501/m2\libgcc.a(_lshiftrt.o)
                0x06006bf0                __lshrsi3
 .text          0x06006c80       0xa0 c:/saturn/SH_COFF/sh-coff/bin/../lib/gcc/sh-coff/3.4-GNUSH_v0501/../../../../sh-coff/lib/m2\libc.a(memcpy.o)
                0x06006c80                memcpy
 .text          0x06006d20       0x40 c:/saturn/SH_COFF/sh-coff/bin/../lib/gcc/sh-coff/3.4-GNUSH_v0501/../../../../sh-coff/lib/m2\libc.a(memset.o)
                0x06006d20                memset
 .text          0x06006d60       0xa0 c:/saturn/SH_COFF/sh-coff/bin/../lib/gcc/sh-coff/3.4-GNUSH_v0501/../../../../sh-coff/lib/m2\libc.a(atexit.o)
                0x06006d60                atexit
 .text          0x06006e00       0x10 c:/saturn/SH_COFF/sh-coff/bin/../lib/gcc/sh-coff/3.4-GNUSH_v0501/../../../../sh-coff/lib/m2\libc.a(impure.o)
                0x06006e00                _global_impure_ptr
 .text          0x06006e10       0x40 c:/saturn/SH_COFF/sh-coff/bin/../lib/gcc/sh-coff/3.4-GNUSH_v0501/../../../../sh-coff/lib/m2\libc.a(malloc.o)
                0x06006e30                free
                0x06006e10                malloc
 .text          0x06006e50      0x680 c:/saturn/SH_COFF/sh-coff/bin/../lib/gcc/sh-coff/3.4-GNUSH_v0501/../../../../sh-coff/lib/m2\libc.a(mallocr.o)
                0x06006e50                _malloc_r
 .text          0x060074d0      0x3b0 c:/saturn/SH_COFF/sh-coff/bin/../lib/gcc/sh-coff/3.4-GNUSH_v0501/../../../../sh-coff/lib/m2\libc.a(freer.o)
                0x060074d0                _malloc_trim_r
                0x060075d0                _free_r
 .text          0x06007880       0x20 c:/saturn/SH_COFF/sh-coff/bin/../lib/gcc/sh-coff/3.4-GNUSH_v0501/../../../../sh-coff/lib/m2\libc.a(mlock.o)
                0x06007880                __malloc_lock
                0x06007890                __malloc_unlock
 .text          0x060078a0       0x50 c:/saturn/SH_COFF/sh-coff/bin/../lib/gcc/sh-coff/3.4-GNUSH_v0501/../../../../sh-coff/lib/m2\libc.a(sbrkr.o)
                0x060078a0                _sbrk_r
 .text          0x060078f0      0x430 c:/saturn/SH_COFF/sh-coff/bin/../lib/gcc/sh-coff/3.4-GNUSH_v0501/../../../../sh-coff/lib/m2\libc.a(syscalls.o)
                0x06007aa0                _exit
                0x06007ae0                _getpid
                0x06007b60                _utime
                0x06007930                _write
                0x060078f0                _read
                0x06007a80                _unlink
                0x06007a40                _open
                0x06007b00                _stat
                0x06007a90                isatty
                0x06007ba0                _wait
                0x06007ac0                _kill
                0x06007b20                _chmod
                0x06007be0                _execv
                0x06007bc0                _execve
                0x06007ce0                __setup_argv_and_call_main
                0x06007c30                _gettimeofday
                0x06007970                _link
                0x06007af0                _raise
                0x06007a60                _creat
                0x06007c00                _pipe
                0x06007b40                _chown
                0x06007910                _lseek
                0x06007950                _close
                0x06007c20                _times
                0x06007a20                _fstat
                0x06007b80                _fork
                0x060079a0                _sbrk
 .text          0x06007d20       0x20 c:/saturn/SH_COFF/sh-coff/bin/../lib/gcc/sh-coff/3.4-GNUSH_v0501/../../../../sh-coff/lib/m2\libc.a(trap.o)
                0x06007d20                __trap34
 .text          0x06007d40       0x20 c:/saturn/SH_COFF/sh-coff/bin/../lib/gcc/sh-coff/3.4-GNUSH_v0501/../../../../sh-coff/lib/m2\libc.a(abort.o)
                0x06007d40                abort
 .text          0x06007d60      0x2c0 c:/saturn/SH_COFF/sh-coff/bin/../lib/gcc/sh-coff/3.4-GNUSH_v0501/../../../../sh-coff/lib/m2\libc.a(signal.o)
                0x06007e40                _raise_r
                0x06008000                __sigtramp
                0x06007fa0                raise
                0x06007fe0                _init_signal
                0x06007f20                __sigtramp_r
                0x06007fc0                signal
                0x06007db0                _signal_r
                0x06007d60                _init_signal_r
 .text          0x06008020       0x60 c:/saturn/SH_COFF/sh-coff/bin/../lib/gcc/sh-coff/3.4-GNUSH_v0501/../../../../sh-coff/lib/m2\libc.a(signalr.o)
                0x06008070                _getpid_r
                0x06008020                _kill_r
 .text          0x06008080       0x70 c:/saturn/SH_COFF/sh-coff/bin/../lib/gcc/sh-coff/3.4-GNUSH_v0501/m2\libgcc.a(_udivsi3.o)
                0x060080a2                __udivsi3
 *(.strings)
                0x060080f0                __etext = .

SLPROG          0x06008100    0x102d0
                0x06008100                __slprog_start = .
 *(SLPROG)
 SLPROG         0x06008100     0x6540 C:\saturn\sgl302j/lib/sglarea.o
                0x0600811c                SpriteBuf
                0x06008140                RemainEvent
                0x0600810c                SortList
                0x0600810a                MaxPolygons
                0x06008128                CommandBuf
                0x0600813c                MaxWorks
                0x0600813e                WorkSize
                0x06008134                PCM_WkSize
                0x0600812c                CLOfstBuf
                0x06008240                RemainWork
                0x06008130                PCM_Work
                0x06008100                MasterStack
                0x06008104                SlaveStack
                0x06008108                MaxVertices
                0x06008138                MaxEvents
                0x06008118                Zbuffer
                0x06008120                SpriteBufSize
                0x0600a640                WorkBuf
                0x06008114                TransList
                0x06008124                Pbuffer
                0x06008110                SortListSize
                0x0600813a                EventSize
                0x06008640                EventBuf
 SLPROG         0x0600e640      0xfc8 C:\saturn\sgl302j/lib\libsgl.a(sglH00.o)
                0x0600e6dc                slSetPortData1
                0x0600e6cc                slGetPortData1
                0x0600eeba                slSetPortMode1
                0x0600f0f4                Smpc_Status
                0x0600e692                slSetPortDir2
                0x0600ecd8                slSmpcCashSend
                0x0600e6f8                slGetPortSelect1
                0x0600eade                slIntBackCancel
                0x0600e790                slSetPortExt1
                0x0600eea0                slGetPortMode1
                0x0600ed94                slSmpcCashBlow
                0x0600f084                slRequestCommand
                0x0600f124                SmpcStatusBuf
                0x0600e6e6                slSetPortData2
                0x0600ea46                slSetResultBuffer
                0x0600e77c                slGetPortExt1
                0x0600e7c0                slSetPortExt2
                0x0600e660                slGetPortDir2
                0x0600e786                slGetPortExt2
                0x0600eb12                slClearReset
                0x0600eb08                slCheckReset
                0x0600e668                slSetPortDir1
                0x0600e740                slSetPortSelect2
                0x0600e70c                slSetPortSelect1
                0x0600eeac                slGetPortMode2
                0x0600e702                slGetPortSelect2
                0x0600e658                slGetPortDir1
                0x0600e6d4                slGetPortData2
                0x0600ee7a                slSetOptimize
                0x0600ee70                slGetOptimize
                0x0600e934                slSmpcDirectAccess
                0x0600f102                Per_Connect1
                0x0600e9b4                slInitPeripheral
                0x0600ead2                slCheckIntBackSet
                0x0600f103                Per_Connect2
                0x0600f0fc                Smpc_Peripheral
                0x0600eef8                slSetPortMode2
                0x0600f0f8                Smpc_Result
 *fill*         0x0600f608        0x8 00
 SLPROG         0x0600f610       0x4e C:\saturn\sgl302j/lib\libsgl.a(sglF00.o)
                0x0600f62a                slLocate
                0x0600f620                slCurColor
                0x0600f65c                CurrentScreen
                0x0600f610                slCurScrn
 *fill*         0x0600f65e        0x2 00
 SLPROG         0x0600f660       0x1c C:\saturn\sgl302j/lib\libsgl.a(sglF05.o)
                0x0600f660                slPrint
 *fill*         0x0600f67c        0x4 00
 SLPROG         0x0600f680      0x12a C:\saturn\sgl302j/lib\libsgl.a(sglF03.o)
                0x0600f680                slPrintFX
 *fill*         0x0600f7aa        0x6 00
 SLPROG         0x0600f7b0      0x40c C:\saturn\sgl302j/lib\libsgl.a(sglB015.o)
                0x0600f7b0                slScrAutoDisp
 *fill*         0x0600fbbc        0x4 00
 SLPROG         0x0600fbc0      0x3a4 C:\saturn\sgl302j/lib\libsgl.a(sglI01.o)
                0x0600fdaa                RetPCMBuf
                0x0600fee4                Sound_Buf
                0x0600fbc0                slInitSynch
                0x0600fcd0                slRandom
                0x0600fe44                PCM_Buf
                0x0600fbda                slSynch
                0x0600fcee                PCM_EndCheck
 *fill*         0x0600ff64        0xc 00
 SLPROG         0x0600ff70     0x411e C:\saturn\sgl302j/lib\libsgl.a(sglA01.o)
                0x0601004c                sin_cos_index_tbl
                0x0600ff70                slSin
                0x0601008c                sin_tbl
                0x0600ffb8                GetSinCos
                0x0600ff94                slCos
 *fill*         0x0601408e        0x2 00
 SLPROG         0x06014090       0x3c C:\saturn\sgl302j/lib\libsgl.a(sglF02.o)
                0x06014090                slPrintHex
 *fill*         0x060140cc        0x4 00
 SLPROG         0x060140d0       0xfa C:\saturn\sgl302j/lib\libsgl.a(sglC06.o)
                0x060140d0                slDispSprite
 *fill*         0x060141ca        0x6 00
 SLPROG         0x060141d0        0xa C:\saturn\sgl302j/lib\libsgl.a(sglA06.o)
                0x060141d0                slMulFX
 *fill*         0x060141da        0x6 00
 SLPROG         0x060141e0       0x20 C:\saturn\sgl302j/lib\libsgl.a(sglB001.o)
                0x060141e0                slTVOn
                0x060141ea                slTVOff
 SLPROG         0x06014200       0x84 C:\saturn\sgl302j/lib\libsgl.a(sglD00.o)
                0x06014200                slDMACopy
                0x06014200                slCpuDMACopy
                0x0601425a                slCashPurge
                0x0601425a                CSH_AllClr
 *fill*         0x06014284        0xc 00
 SLPROG         0x06014290       0x1e C:\saturn\sgl302j/lib\libsgl.a(sglB002.o)
                0x06014290                slColRAMMode
 *fill*         0x060142ae        0x2 00
 SLPROG         0x060142b0        0xc C:\saturn\sgl302j/lib\libsgl.a(sglB016.o)
                0x060142b0                slBack1ColSet
 *fill*         0x060142bc        0x4 00
 SLPROG         0x060142c0      0x114 C:\saturn\sgl302j/lib\libsgl.a(sglB200.o)
                0x060142cc                slCharNbg0
                0x06014312                slPageRbg0
                0x06014328                slPageNbg1
                0x060142d8                slCharNbg1
                0x06014344                slPageNbg0
                0x06014330                slPageNbg2
                0x06014338                slPageNbg3
                0x060142e4                slCharNbg2
                0x060142fa                slCharNbg3
                0x060142c0                slCharRbg0
 *fill*         0x060143d4        0xc 00
 SLPROG         0x060143e0       0x10 C:\saturn\sgl302j/lib\libsgl.a(sglB058.o)
                0x060143e0                slPlaneNbg3
 SLPROG         0x060143f0       0xb4 C:\saturn\sgl302j/lib\libsgl.a(sglB034.o)
                0x060143f0                slMapNbg3
 *fill*         0x060144a4        0xc 00
 SLPROG         0x060144b0       0x10 C:\saturn\sgl302j/lib\libsgl.a(sglB073.o)
                0x060144b0                slScrPosNbg3
 SLPROG         0x060144c0        0xc C:\saturn\sgl302j/lib\libsgl.a(sglB063.o)
                0x060144c0                slPriority
 *fill*         0x060144cc        0x4 00
 SLPROG         0x060144d0       0x10 C:\saturn\sgl302j/lib\libsgl.a(sglB020.o)
                0x060144d0                slColorCalc
 SLPROG         0x060144e0        0xc C:\saturn\sgl302j/lib\libsgl.a(sglB023.o)
                0x060144e0                slColRate
 *fill*         0x060144ec        0x4 00
 SLPROG         0x060144f0        0xc C:\saturn\sgl302j/lib\libsgl.a(sglB056.o)
                0x060144f0                slPlaneNbg1
 *fill*         0x060144fc        0x4 00
 SLPROG         0x06014500       0xb4 C:\saturn\sgl302j/lib\libsgl.a(sglB032.o)
                0x06014500                slMapNbg1
 *fill*         0x060145b4        0xc 00
 SLPROG         0x060145c0        0xc C:\saturn\sgl302j/lib\libsgl.a(sglB090.o)
                0x060145c0                slLineScrollMode
 *fill*         0x060145cc        0x4 00
 SLPROG         0x060145d0        0x8 C:\saturn\sgl302j/lib\libsgl.a(sglB088.o)
                0x060145d0                slLineScrollTable1
 *fill*         0x060145d8        0x8 00
 SLPROG         0x060145e0        0xc C:\saturn\sgl302j/lib\libsgl.a(sglB071.o)
                0x060145e0                slScrPosNbg1
 *fill*         0x060145ec        0x4 00
 SLPROG         0x060145f0       0x10 C:\saturn\sgl302j/lib\libsgl.a(sglB057.o)
                0x060145f0                slPlaneNbg2
 SLPROG         0x06014600       0xb0 C:\saturn\sgl302j/lib\libsgl.a(sglB033.o)
                0x06014600                slMapNbg2
 SLPROG         0x060146b0       0x10 C:\saturn\sgl302j/lib\libsgl.a(sglB072.o)
                0x060146b0                slScrPosNbg2
 SLPROG         0x060146c0       0x20 C:\saturn\sgl302j/lib\libsgl.a(sglA00.o)
                0x060146d4                get_imask
                0x060146c0                set_imask
                0x060146c0                _builtin_set_imask
                0x060146d4                _builtin_get_imask
 SLPROG         0x060146e0       0x74 C:\saturn\sgl302j/lib\libsgl.a(sglJ00.o)
                0x060146e0                InitSlaveSH
                0x06014748                SlaveCommand
 *fill*         0x06014754        0xc 00
 SLPROG         0x06014760      0x42c C:\saturn\sgl302j/lib\libsgl.a(sglA20.o)
                0x06014760                slInitMatrix
                0x0601477e                slUnitMatrix
                0x0601476a                slPushUnitMatrix
 *fill*         0x06014b8c        0x4 00
 SLPROG         0x06014b90      0xbd0 C:\saturn\sgl302j/lib\libsgl.a(sglB000.o)
                0x06014b90                slInitScroll
                0x06014df0                TVSizeTbl
                0x06014ce0                setASC_4to8
                0x06014e70                TVModeTbl
                0x06014cb0                setASC_1to8
                0x06015048                SGL_ASCII_CG
 SLPROG         0x06015760      0x3d0 C:\saturn\sgl302j/lib\libsgl.a(sglJ01.o)
                0x06015760                SlaveControl
                0x06015b1c                ErasePolygonData
 SLPROG         0x06015b30      0x75c C:\saturn\sgl302j/lib\libsgl.a(sglI00.o)
                0x06015e20                slInitInterrupt
 *fill*         0x0601628c        0x4 00
 SLPROG         0x06016290      0x134 C:\saturn\sgl302j/lib\libsgl.a(sglC00.o)
                0x06016290                slInitSprite
 *fill*         0x060163c4        0xc 00
 SLPROG         0x060163d0      0x470 C:\saturn\sgl302j/lib\libsgl.a(sglH02.o)
                0x060167c0                smpc_pfr_tbl
                0x06016800                smpc_ptf_tbl
 SLPROG         0x06016840       0x60 C:\saturn\sgl302j/lib\libsgl.a(sglH04.o)
                0x0601686a                slComPrmSetTime
                0x06016840                slComPrmIntBack
                0x06016854                slComPrmSetMemory
 SLPROG         0x060168a0       0x40 C:\saturn\sgl302j/lib\libsgl.a(sglC20.o)
                0x060168a0                SpriteEntry
 SLPROG         0x060168e0       0xd4 C:\saturn\sgl302j/lib\libsgl.a(sglB035.o)
                0x060168e0                sl1MapRA
                0x06016972                rbank_set
 *fill*         0x060169b4        0xc 00
 SLPROG         0x060169c0      0x140 C:\saturn\sgl302j/lib\libsgl.a(sglJ03.o)
                0x060169c0                sbMakeDMATable
 SLPROG         0x06016b00     0x12b8 C:\saturn\sgl302j/lib\libsgl.a(sglJ02.o)
                0x06017d34                stvtc_1
                0x06017a6c                stvtc_4
                0x06017a2c                SetPolygon
                0x06017b24                stvtc_3
                0x06017d5c                stvtc_0
                0x06017a34                SetPosition
                0x06016ce8                sbCalcPolygon
                0x06017a20                SetTexture
                0x06016b00                sbMakePolygon
                0x06017d48                stvtc_2
 *fill*         0x06017db8        0x8 00
 SLPROG         0x06017dc0      0x470 C:\saturn\sgl302j/lib\libsgl.a(sglJ04.o)
                0x06017e84                sbMakeRotSprite
                0x06017e1e                sbMakeSprite
 SLPROG         0x06018230       0x3c C:\saturn\sgl302j/lib\libsgl.a(sglJ05.o)
                0x06018230                sbSortEntry
 *fill*         0x0601826c        0x4 00
 SLPROG         0x06018270       0xf0 C:\saturn\sgl302j/lib\libsgl.a(sglH03.o)
                0x060182d4                slSmpcIntBack
 SLPROG         0x06018360       0x6a C:\saturn\sgl302j/lib\libsgl.a(sglM01.o)
                0x0601838c                slSetDepthTbl
                0x060183bc                DepthWorkArea
                0x06018360                slSetDepthLimit
                0x060183ca                __slprog_end = .

.tors           0x060183d0        0x0
                0x060183d0                ___ctors = .
 *(.ctors)
                0x060183d0                ___ctors_end = .
                0x060183d0                ___dtors = .
 *(.dtors)
                0x060183d0                ___dtors_end = .

.data           0x060183d0    0x127b0
 *(.data)
 .data          0x060183d0       0x40 main.o
                0x060183d0                spritepos2
                0x06018400                spritepos1
 .data          0x06018410    0x11e60 assets.o
                0x06019210                pal_cloud
                0x06018410                pal_gradient
                0x06027890                texture_sprites010
                0x06027010                texture_sprites022
                0x06027810                texture_sprites011
                0x06018e10                cel_gradient
                0x06027990                texture_sprites008
                0x06027710                texture_sprites013
                0x06022e10                pic_sprites
                0x06018610                map_gradient
                0x06020410                map_map2
                0x06027d90                texture_sprites003
                0x06027610                texture_sprites015
                0x06023c90                texture_sprites037
                0x06022f50                tex_sprites
                0x06024890                texture_sprites035
                0x06026e90                texture_sprites025
                0x06027590                texture_sprites016
                0x06026d90                texture_sprites027
                0x06024e90                texture_sprites034
                0x06026d10                texture_sprites028
                0x06026c90                texture_sprites029
                0x06027910                texture_sprites009
                0x06027f90                texture_sprites002
                0x06028270                texture_sprites000
                0x06025a90                texture_sprites032
                0x06019c10                cel_cloud
                0x0601b110                cel_road
                0x06027690                texture_sprites014
                0x06027510                texture_sprites017
                0x06027410                texture_sprites019
                0x0601a910                map_road
                0x06026690                texture_sprites030
                0x06027d10                texture_sprites004
                0x060281f0                texture_sprites001
                0x06025490                texture_sprites033
                0x06021610                map_face
                0x06024290                texture_sprites036
                0x0601a710                pal_road
                0x06020c10                map_map1
                0x06027790                texture_sprites012
                0x06027a90                texture_sprites006
                0x06026e10                texture_sprites026
                0x06026f10                texture_sprites024
                0x06027490                texture_sprites018
                0x06026090                texture_sprites031
                0x06023690                texture_sprites038
                0x06027210                texture_sprites021
                0x06027a10                texture_sprites007
                0x06021410                pal_face
                0x06021e10                cel_face
                0x06019410                map_cloud
                0x06027b10                texture_sprites005
                0x06026f90                texture_sprites023
                0x06023090                texture_sprites039
 .data          0x0602a270      0x100 game.o
                0x0602a274                DIGITS
                0x0602a31e                ZERO_ATTR
                0x0602a314                ONE_ATTR
                0x0602a346                SCLERA_ATTR
                0x0602a332                SHOT_ATTR
                0x0602a2b0                SPR_SIZE
                0x0602a33c                CIRCLE_ATTR
                0x0602a270                scale
                0x0602a350                EYE_ATTR
                0x0602a2ce                EIGHT_ATTR
                0x0602a30a                TWO_ATTR
                0x0602a328                PUSH_ATTR
                0x0602a2ec                FIVE_ATTR
                0x0602a29c                SPR_ATTRS
                0x0602a2e2                SIX_ATTR
                0x0602a35a                PLAYER_ATTR
                0x0602a2c4                NINE_ATTR
                0x0602a2d8                SEVEN_ATTR
                0x0602a2f6                FOUR_ATTR
                0x0602a300                THREE_ATTR
 .data          0x0602a370       0x80 C:\saturn\sgl302j/lib\libsgl.a(sglIc0.o)
                0x0602a370                IntPrioMask
 .data          0x0602a3f0      0x380 c:/saturn/SH_COFF/sh-coff/bin/../lib/gcc/sh-coff/3.4-GNUSH_v0501/../../../../sh-coff/lib/m2\libc.a(impure.o)
                0x0602a76c                _impure_ptr
 .data          0x0602a770      0x410 c:/saturn/SH_COFF/sh-coff/bin/../lib/gcc/sh-coff/3.4-GNUSH_v0501/../../../../sh-coff/lib/m2\libc.a(mallocr.o)
                0x0602a778                __malloc_av_
                0x0602a774                __malloc_trim_threshold
                0x0602a770                __malloc_sbrk_base
                0x0602ab80                __edata = .

.bss            0x0602ab80     0x2744
                0x0602ab80                __bstart = .
 *(.bss)
 .bss           0x0602ab80      0x200 assets.o
                0x0602ab80                texture_sprites020
 .bss           0x0602ad80       0x30 game.o
                0x0602ad80                bgMode
                0x0602ad84                screenY
                0x0602ad88                screenX
                0x0602ad8c                scaleSpeed
                0x0602ad90                playerState
 .bss           0x0602adb0       0x10 linescroll.o
 .bss           0x0602adc0       0x10 tilemap.o
 .bss           0x0602add0       0x10 c:/saturn/SH_COFF/sh-coff/bin/../lib/gcc/sh-coff/3.4-GNUSH_v0501/m2\libgcc.a(__main.o)
 .bss           0x0602ade0       0x10 c:/saturn/SH_COFF/sh-coff/bin/../lib/gcc/sh-coff/3.4-GNUSH_v0501/../../../../sh-coff/lib/m2\libc.a(atexit.o)
 .bss           0x0602adf0       0x40 c:/saturn/SH_COFF/sh-coff/bin/../lib/gcc/sh-coff/3.4-GNUSH_v0501/../../../../sh-coff/lib/m2\libc.a(mallocr.o)
                0x0602ae20                __malloc_top_pad
                0x0602adf0                __malloc_current_mallinfo
                0x0602ae1c                __malloc_max_sbrked_mem
                0x0602ae18                __malloc_max_total_mem
 .bss           0x0602ae30       0x10 c:/saturn/SH_COFF/sh-coff/bin/../lib/gcc/sh-coff/3.4-GNUSH_v0501/../../../../sh-coff/lib/m2\libc.a(syscalls.o)
 *(COMMON)
 COMMON         0x0602ae40     0x2471 game.o
                                  0x0 (size before relaxing)
                0x0602ae40                sprites
                0x0602ca60                numSprites
                0x0602ca70                playfield
                0x0602d270                eye1Index
                0x0602d280                defaultSprite
                0x0602d2a4                bgLayers
                0x0602d2a8                eye2Index
                0x0602d2ac                gameState
                0x0602d2b0                dispFace
 *fill*         0x0602d2b1        0xf 00
 COMMON         0x0602d2c0        0x4 c:/saturn/SH_COFF/sh-coff/bin/../lib/gcc/sh-coff/3.4-GNUSH_v0501/../../../../sh-coff/lib/m2\libc.a(syscalls.o)
                                  0x0 (size before relaxing)
                0x0602d2c0                errno
                0x0602d2c4                __bend = .
                0x0602d2c4                _end = .
LOAD C:\saturn\sgl302j\SAMPLE\common/cinit.o
LOAD C:\saturn\sgl302j/lib/sglarea.o
LOAD main.o
LOAD assets.o
LOAD game.o
LOAD linescroll.o
LOAD scrollfunctions.o
LOAD spritelist.o
LOAD tilemap.o
LOAD C:\saturn\sgl302j/lib\libsgl.a
LOAD c:/saturn/SH_COFF/sh-coff/bin/../lib/gcc/sh-coff/3.4-GNUSH_v0501/m2\libgcc.a
LOAD c:/saturn/SH_COFF/sh-coff/bin/../lib/gcc/sh-coff/3.4-GNUSH_v0501/../../../../sh-coff/lib/m2\libc.a
LOAD c:/saturn/SH_COFF/sh-coff/bin/../lib/gcc/sh-coff/3.4-GNUSH_v0501/m2\libgcc.a
OUTPUT(sl.coff coff-sh)

.comment        0x0602d2d0      0x3a0
 .comment       0x0602d2d0       0x20 C:\saturn\sgl302j\SAMPLE\common/cinit.o
 .comment       0x0602d2f0       0x20 main.o
 .comment       0x0602d310       0x20 assets.o
 .comment       0x0602d330       0x20 game.o
 .comment       0x0602d350       0x20 linescroll.o
 .comment       0x0602d370       0x20 scrollfunctions.o
 .comment       0x0602d390       0x20 spritelist.o
 .comment       0x0602d3b0       0x20 tilemap.o
 .comment       0x0602d3d0       0x20 c:/saturn/SH_COFF/sh-coff/bin/../lib/gcc/sh-coff/3.4-GNUSH_v0501/m2\libgcc.a(__main.o)
 .comment       0x0602d3f0       0x20 c:/saturn/SH_COFF/sh-coff/bin/../lib/gcc/sh-coff/3.4-GNUSH_v0501/m2\libgcc.a(_si_to_df.o)
 .comment       0x0602d410       0x20 c:/saturn/SH_COFF/sh-coff/bin/../lib/gcc/sh-coff/3.4-GNUSH_v0501/m2\libgcc.a(_mul_df.o)
 .comment       0x0602d430       0x20 c:/saturn/SH_COFF/sh-coff/bin/../lib/gcc/sh-coff/3.4-GNUSH_v0501/m2\libgcc.a(_div_df.o)
 .comment       0x0602d450       0x20 c:/saturn/SH_COFF/sh-coff/bin/../lib/gcc/sh-coff/3.4-GNUSH_v0501/m2\libgcc.a(_df_to_si.o)
 .comment       0x0602d470       0x20 c:/saturn/SH_COFF/sh-coff/bin/../lib/gcc/sh-coff/3.4-GNUSH_v0501/m2\libgcc.a(_pack_df.o)
 .comment       0x0602d490       0x20 c:/saturn/SH_COFF/sh-coff/bin/../lib/gcc/sh-coff/3.4-GNUSH_v0501/m2\libgcc.a(_unpack_df.o)
 .comment       0x0602d4b0       0x20 c:/saturn/SH_COFF/sh-coff/bin/../lib/gcc/sh-coff/3.4-GNUSH_v0501/m2\libgcc.a(_thenan_df.o)
 .comment       0x0602d4d0       0x20 c:/saturn/SH_COFF/sh-coff/bin/../lib/gcc/sh-coff/3.4-GNUSH_v0501/m2\libgcc.a(_lshrdi3.o)
 .comment       0x0602d4f0       0x20 c:/saturn/SH_COFF/sh-coff/bin/../lib/gcc/sh-coff/3.4-GNUSH_v0501/m2\libgcc.a(_ashldi3.o)
 .comment       0x0602d510       0x20 c:/saturn/SH_COFF/sh-coff/bin/../lib/gcc/sh-coff/3.4-GNUSH_v0501/../../../../sh-coff/lib/m2\libc.a(atexit.o)
 .comment       0x0602d530       0x20 c:/saturn/SH_COFF/sh-coff/bin/../lib/gcc/sh-coff/3.4-GNUSH_v0501/../../../../sh-coff/lib/m2\libc.a(impure.o)
 .comment       0x0602d550       0x20 c:/saturn/SH_COFF/sh-coff/bin/../lib/gcc/sh-coff/3.4-GNUSH_v0501/../../../../sh-coff/lib/m2\libc.a(malloc.o)
 .comment       0x0602d570       0x20 c:/saturn/SH_COFF/sh-coff/bin/../lib/gcc/sh-coff/3.4-GNUSH_v0501/../../../../sh-coff/lib/m2\libc.a(mallocr.o)
 .comment       0x0602d590       0x20 c:/saturn/SH_COFF/sh-coff/bin/../lib/gcc/sh-coff/3.4-GNUSH_v0501/../../../../sh-coff/lib/m2\libc.a(freer.o)
 .comment       0x0602d5b0       0x20 c:/saturn/SH_COFF/sh-coff/bin/../lib/gcc/sh-coff/3.4-GNUSH_v0501/../../../../sh-coff/lib/m2\libc.a(mlock.o)
 .comment       0x0602d5d0       0x20 c:/saturn/SH_COFF/sh-coff/bin/../lib/gcc/sh-coff/3.4-GNUSH_v0501/../../../../sh-coff/lib/m2\libc.a(sbrkr.o)
 .comment       0x0602d5f0       0x20 c:/saturn/SH_COFF/sh-coff/bin/../lib/gcc/sh-coff/3.4-GNUSH_v0501/../../../../sh-coff/lib/m2\libc.a(syscalls.o)
 .comment       0x0602d610       0x20 c:/saturn/SH_COFF/sh-coff/bin/../lib/gcc/sh-coff/3.4-GNUSH_v0501/../../../../sh-coff/lib/m2\libc.a(abort.o)
 .comment       0x0602d630       0x20 c:/saturn/SH_COFF/sh-coff/bin/../lib/gcc/sh-coff/3.4-GNUSH_v0501/../../../../sh-coff/lib/m2\libc.a(signal.o)
 .comment       0x0602d650       0x20 c:/saturn/SH_COFF/sh-coff/bin/../lib/gcc/sh-coff/3.4-GNUSH_v0501/../../../../sh-coff/lib/m2\libc.a(signalr.o)
