Archive member included because of file (symbol)

C:\saturn\sgl302j/lib\libsgl.a(sglIc0.o)
                              game.o (slInitSystem)
C:\saturn\sgl302j/lib\libsgl.a(sglB001.o)
                              game.o (slTVOn)
C:\saturn\sgl302j/lib\libsgl.a(sglD00.o)
                              game.o (slDMACopy)
C:\saturn\sgl302j/lib\libsgl.a(sglB002.o)
                              game.o (slColRAMMode)
C:\saturn\sgl302j/lib\libsgl.a(sglB016.o)
                              game.o (slBack1ColSet)
C:\saturn\sgl302j/lib\libsgl.a(sglB038.o)
                              game.o (slRparaInitSet)
C:\saturn\sgl302j/lib\libsgl.a(sglB200.o)
                              game.o (slCharNbg1)
C:\saturn\sgl302j/lib\libsgl.a(sglB059.o)
                              game.o (slPlaneRA)
C:\saturn\sgl302j/lib\libsgl.a(sglB035.o)
                              game.o (sl1MapRA)
C:\saturn\sgl302j/lib\libsgl.a(sglB047.o)
                              game.o (slOverRA)
C:\saturn\sgl302j/lib\libsgl.a(sglB079.o)
                              game.o (slDispCenterR)
C:\saturn\sgl302j/lib\libsgl.a(sglB078.o)
                              game.o (slLookR)
C:\saturn\sgl302j/lib\libsgl.a(sglB056.o)
                              game.o (slPlaneNbg1)
C:\saturn\sgl302j/lib\libsgl.a(sglB032.o)
                              game.o (slMapNbg1)
C:\saturn\sgl302j/lib\libsgl.a(sglB071.o)
                              game.o (slScrPosNbg1)
C:\saturn\sgl302j/lib\libsgl.a(sglB063.o)
                              game.o (slPriority)
C:\saturn\sgl302j/lib\libsgl.a(sglB020.o)
                              game.o (slColorCalc)
C:\saturn\sgl302j/lib\libsgl.a(sglB023.o)
                              game.o (slColRate)
C:\saturn\sgl302j/lib\libsgl.a(sglB057.o)
                              game.o (slPlaneNbg2)
C:\saturn\sgl302j/lib\libsgl.a(sglB033.o)
                              game.o (slMapNbg2)
C:\saturn\sgl302j/lib\libsgl.a(sglB072.o)
                              game.o (slScrPosNbg2)
C:\saturn\sgl302j/lib\libsgl.a(sglB058.o)
                              game.o (slPlaneNbg3)
C:\saturn\sgl302j/lib\libsgl.a(sglB034.o)
                              game.o (slMapNbg3)
C:\saturn\sgl302j/lib\libsgl.a(sglB073.o)
                              game.o (slScrPosNbg3)
C:\saturn\sgl302j/lib\libsgl.a(sglB021.o)
                              game.o (slColorCalcOn)
C:\saturn\sgl302j/lib\libsgl.a(sglB015.o)
                              game.o (slScrAutoDisp)
C:\saturn\sgl302j/lib\libsgl.a(sglH00.o)
                              C:\saturn\sgl302j/lib\libsgl.a(sglIc0.o) (slInitPeripheral)
C:\saturn\sgl302j/lib\libsgl.a(sglF00.o)
                              game.o (slLocate)
C:\saturn\sgl302j/lib\libsgl.a(sglF05.o)
                              game.o (slPrint)
C:\saturn\sgl302j/lib\libsgl.a(sglB054.o)
                              game.o (slZoomR)
C:\saturn\sgl302j/lib\libsgl.a(sglF02.o)
                              game.o (slPrintHex)
C:\saturn\sgl302j/lib\libsgl.a(sglA07.o)
                              game.o (slDivFX)
C:\saturn\sgl302j/lib\libsgl.a(sglC06.o)
                              game.o (slDispSprite)
C:\saturn\sgl302j/lib\libsgl.a(sglF03.o)
                              game.o (slPrintFX)
C:\saturn\sgl302j/lib\libsgl.a(sglI01.o)
                              C:\saturn\sgl302j/lib\libsgl.a(sglIc0.o) (slInitSynch)
C:\saturn\sgl302j/lib\libsgl.a(sglA06.o)
                              game.o (slMulFX)
C:\saturn\sgl302j/lib\libsgl.a(sglA01.o)
                              game.o (slSin)
C:\saturn\sgl302j/lib\libsgl.a(sglA00.o)
                              C:\saturn\sgl302j/lib\libsgl.a(sglIc0.o) (_builtin_set_imask)
C:\saturn\sgl302j/lib\libsgl.a(sglK01.o)
                              C:\saturn\sgl302j/lib\libsgl.a(sglIc0.o) (SynchCount)
C:\saturn\sgl302j/lib\libsgl.a(sglJ00.o)
                              C:\saturn\sgl302j/lib\libsgl.a(sglIc0.o) (InitSlaveSH)
C:\saturn\sgl302j/lib\libsgl.a(sglA20.o)
                              C:\saturn\sgl302j/lib\libsgl.a(sglIc0.o) (slInitMatrix)
C:\saturn\sgl302j/lib\libsgl.a(sglB000.o)
                              C:\saturn\sgl302j/lib\libsgl.a(sglIc0.o) (slInitScroll)
C:\saturn\sgl302j/lib\libsgl.a(sglJ01.o)
                              C:\saturn\sgl302j/lib\libsgl.a(sglIc0.o) (SlaveControl)
C:\saturn\sgl302j/lib\libsgl.a(sglI00.o)
                              C:\saturn\sgl302j/lib\libsgl.a(sglIc0.o) (slInitInterrupt)
C:\saturn\sgl302j/lib\libsgl.a(sglC00.o)
                              C:\saturn\sgl302j/lib\libsgl.a(sglIc0.o) (slInitSprite)
C:\saturn\sgl302j/lib\libsgl.a(sglH02.o)
                              C:\saturn\sgl302j/lib\libsgl.a(sglH00.o) (smpc_pfr_tbl)
C:\saturn\sgl302j/lib\libsgl.a(sglH04.o)
                              C:\saturn\sgl302j/lib\libsgl.a(sglH00.o) (slComPrmIntBack)
C:\saturn\sgl302j/lib\libsgl.a(sglC20.o)
                              C:\saturn\sgl302j/lib\libsgl.a(sglC06.o) (SpriteEntry)
C:\saturn\sgl302j/lib\libsgl.a(sglJ03.o)
                              C:\saturn\sgl302j/lib\libsgl.a(sglJ01.o) (sbMakeDMATable)
C:\saturn\sgl302j/lib\libsgl.a(sglJ02.o)
                              C:\saturn\sgl302j/lib\libsgl.a(sglJ01.o) (sbMakePolygon)
C:\saturn\sgl302j/lib\libsgl.a(sglJ04.o)
                              C:\saturn\sgl302j/lib\libsgl.a(sglJ01.o) (sbMakeSprite)
C:\saturn\sgl302j/lib\libsgl.a(sglJ05.o)
                              C:\saturn\sgl302j/lib\libsgl.a(sglJ01.o) (sbSortEntry)
C:\saturn\sgl302j/lib\libsgl.a(sglH03.o)
                              C:\saturn\sgl302j/lib\libsgl.a(sglI00.o) (slSmpcIntBack)
C:\saturn\sgl302j/lib\libsgl.a(sglM01.o)
                              C:\saturn\sgl302j/lib\libsgl.a(sglJ02.o) (DepthWorkArea)
c:/saturn/SH_COFF/sh-coff/bin/../lib/gcc/sh-coff/3.4-GNUSH_v0501/m2\libgcc.a(__main.o)
                              C:\saturn\sgl302j\SAMPLE\common/cinit.o (__main)
c:/saturn/SH_COFF/sh-coff/bin/../lib/gcc/sh-coff/3.4-GNUSH_v0501/m2\libgcc.a(_ashiftrt_n.o)
                              game.o (__ashrsi3)
c:/saturn/SH_COFF/sh-coff/bin/../lib/gcc/sh-coff/3.4-GNUSH_v0501/m2\libgcc.a(_si_to_df.o)
                              game.o (__floatsidf)
c:/saturn/SH_COFF/sh-coff/bin/../lib/gcc/sh-coff/3.4-GNUSH_v0501/m2\libgcc.a(_mul_df.o)
                              game.o (__muldf3)
c:/saturn/SH_COFF/sh-coff/bin/../lib/gcc/sh-coff/3.4-GNUSH_v0501/m2\libgcc.a(_div_df.o)
                              game.o (__divdf3)
c:/saturn/SH_COFF/sh-coff/bin/../lib/gcc/sh-coff/3.4-GNUSH_v0501/m2\libgcc.a(_df_to_si.o)
                              game.o (__fixdfsi)
c:/saturn/SH_COFF/sh-coff/bin/../lib/gcc/sh-coff/3.4-GNUSH_v0501/m2\libgcc.a(_pack_df.o)
                              c:/saturn/SH_COFF/sh-coff/bin/../lib/gcc/sh-coff/3.4-GNUSH_v0501/m2\libgcc.a(_si_to_df.o) (__pack_d)
c:/saturn/SH_COFF/sh-coff/bin/../lib/gcc/sh-coff/3.4-GNUSH_v0501/m2\libgcc.a(_unpack_df.o)
                              c:/saturn/SH_COFF/sh-coff/bin/../lib/gcc/sh-coff/3.4-GNUSH_v0501/m2\libgcc.a(_mul_df.o) (__unpack_d)
c:/saturn/SH_COFF/sh-coff/bin/../lib/gcc/sh-coff/3.4-GNUSH_v0501/m2\libgcc.a(_thenan_df.o)
                              c:/saturn/SH_COFF/sh-coff/bin/../lib/gcc/sh-coff/3.4-GNUSH_v0501/m2\libgcc.a(_mul_df.o) (__thenan_df)
c:/saturn/SH_COFF/sh-coff/bin/../lib/gcc/sh-coff/3.4-GNUSH_v0501/m2\libgcc.a(_lshrdi3.o)
                              c:/saturn/SH_COFF/sh-coff/bin/../lib/gcc/sh-coff/3.4-GNUSH_v0501/m2\libgcc.a(_df_to_si.o) (__lshrdi3)
c:/saturn/SH_COFF/sh-coff/bin/../lib/gcc/sh-coff/3.4-GNUSH_v0501/m2\libgcc.a(_ashldi3.o)
                              c:/saturn/SH_COFF/sh-coff/bin/../lib/gcc/sh-coff/3.4-GNUSH_v0501/m2\libgcc.a(_pack_df.o) (__ashldi3)
c:/saturn/SH_COFF/sh-coff/bin/../lib/gcc/sh-coff/3.4-GNUSH_v0501/m2\libgcc.a(_ashiftlt.o)
                              c:/saturn/SH_COFF/sh-coff/bin/../lib/gcc/sh-coff/3.4-GNUSH_v0501/m2\libgcc.a(_lshrdi3.o) (__ashlsi3)
c:/saturn/SH_COFF/sh-coff/bin/../lib/gcc/sh-coff/3.4-GNUSH_v0501/m2\libgcc.a(_lshiftrt.o)
                              c:/saturn/SH_COFF/sh-coff/bin/../lib/gcc/sh-coff/3.4-GNUSH_v0501/m2\libgcc.a(_lshrdi3.o) (__lshrsi3)
c:/saturn/SH_COFF/sh-coff/bin/../lib/gcc/sh-coff/3.4-GNUSH_v0501/../../../../sh-coff/lib/m2\libc.a(memcpy.o)
                              game.o (memcpy)
c:/saturn/SH_COFF/sh-coff/bin/../lib/gcc/sh-coff/3.4-GNUSH_v0501/../../../../sh-coff/lib/m2\libc.a(malloc.o)
                              spritelist.o (malloc)
c:/saturn/SH_COFF/sh-coff/bin/../lib/gcc/sh-coff/3.4-GNUSH_v0501/../../../../sh-coff/lib/m2\libc.a(atexit.o)
                              c:/saturn/SH_COFF/sh-coff/bin/../lib/gcc/sh-coff/3.4-GNUSH_v0501/m2\libgcc.a(__main.o) (atexit)
c:/saturn/SH_COFF/sh-coff/bin/../lib/gcc/sh-coff/3.4-GNUSH_v0501/../../../../sh-coff/lib/m2\libc.a(impure.o)
                              c:/saturn/SH_COFF/sh-coff/bin/../lib/gcc/sh-coff/3.4-GNUSH_v0501/../../../../sh-coff/lib/m2\libc.a(malloc.o) (_impure_ptr)
c:/saturn/SH_COFF/sh-coff/bin/../lib/gcc/sh-coff/3.4-GNUSH_v0501/../../../../sh-coff/lib/m2\libc.a(mallocr.o)
                              c:/saturn/SH_COFF/sh-coff/bin/../lib/gcc/sh-coff/3.4-GNUSH_v0501/../../../../sh-coff/lib/m2\libc.a(malloc.o) (_malloc_r)
c:/saturn/SH_COFF/sh-coff/bin/../lib/gcc/sh-coff/3.4-GNUSH_v0501/../../../../sh-coff/lib/m2\libc.a(freer.o)
                              c:/saturn/SH_COFF/sh-coff/bin/../lib/gcc/sh-coff/3.4-GNUSH_v0501/../../../../sh-coff/lib/m2\libc.a(malloc.o) (_free_r)
c:/saturn/SH_COFF/sh-coff/bin/../lib/gcc/sh-coff/3.4-GNUSH_v0501/../../../../sh-coff/lib/m2\libc.a(mlock.o)
                              c:/saturn/SH_COFF/sh-coff/bin/../lib/gcc/sh-coff/3.4-GNUSH_v0501/../../../../sh-coff/lib/m2\libc.a(mallocr.o) (__malloc_lock)
c:/saturn/SH_COFF/sh-coff/bin/../lib/gcc/sh-coff/3.4-GNUSH_v0501/../../../../sh-coff/lib/m2\libc.a(sbrkr.o)
                              c:/saturn/SH_COFF/sh-coff/bin/../lib/gcc/sh-coff/3.4-GNUSH_v0501/../../../../sh-coff/lib/m2\libc.a(mallocr.o) (_sbrk_r)
c:/saturn/SH_COFF/sh-coff/bin/../lib/gcc/sh-coff/3.4-GNUSH_v0501/../../../../sh-coff/lib/m2\libc.a(syscalls.o)
                              c:/saturn/SH_COFF/sh-coff/bin/../lib/gcc/sh-coff/3.4-GNUSH_v0501/../../../../sh-coff/lib/m2\libc.a(sbrkr.o) (_sbrk)
c:/saturn/SH_COFF/sh-coff/bin/../lib/gcc/sh-coff/3.4-GNUSH_v0501/../../../../sh-coff/lib/m2\libc.a(trap.o)
                              c:/saturn/SH_COFF/sh-coff/bin/../lib/gcc/sh-coff/3.4-GNUSH_v0501/../../../../sh-coff/lib/m2\libc.a(syscalls.o) (__trap34)
c:/saturn/SH_COFF/sh-coff/bin/../lib/gcc/sh-coff/3.4-GNUSH_v0501/../../../../sh-coff/lib/m2\libc.a(abort.o)
                              c:/saturn/SH_COFF/sh-coff/bin/../lib/gcc/sh-coff/3.4-GNUSH_v0501/../../../../sh-coff/lib/m2\libc.a(syscalls.o) (abort)
c:/saturn/SH_COFF/sh-coff/bin/../lib/gcc/sh-coff/3.4-GNUSH_v0501/../../../../sh-coff/lib/m2\libc.a(signal.o)
                              c:/saturn/SH_COFF/sh-coff/bin/../lib/gcc/sh-coff/3.4-GNUSH_v0501/../../../../sh-coff/lib/m2\libc.a(abort.o) (raise)
c:/saturn/SH_COFF/sh-coff/bin/../lib/gcc/sh-coff/3.4-GNUSH_v0501/../../../../sh-coff/lib/m2\libc.a(signalr.o)
                              c:/saturn/SH_COFF/sh-coff/bin/../lib/gcc/sh-coff/3.4-GNUSH_v0501/../../../../sh-coff/lib/m2\libc.a(signal.o) (_kill_r)
c:/saturn/SH_COFF/sh-coff/bin/../lib/gcc/sh-coff/3.4-GNUSH_v0501/m2\libgcc.a(_udivsi3.o)
                              c:/saturn/SH_COFF/sh-coff/bin/../lib/gcc/sh-coff/3.4-GNUSH_v0501/../../../../sh-coff/lib/m2\libc.a(freer.o) (__udivsi3)

Allocating common symbols
Common symbol       size              file

eye1                0x4               game.o
eye2                0x4               game.o
defaultSprite       0x28              game.o
errno               0x4               c:/saturn/SH_COFF/sh-coff/bin/../lib/gcc/sh-coff/3.4-GNUSH_v0501/../../../../sh-coff/lib/m2\libc.a(syscalls.o)

Memory Configuration

Name             Origin             Length             Attributes
*default*        0x00000000         0xffffffff

Linker script and memory map


SLSTART         0x06004000       0x30
                0x06004000                ___Start = .
 *(SLSTART)
 SLSTART        0x06004000       0x28 C:\saturn\sgl302j/lib\libsgl.a(sglI00.o)
                0x06004002                slStartSGL
                0x06004000                SGL_Start

.text           0x06004040     0x3880
 *(.text)
 .text          0x06004040       0x50 C:\saturn\sgl302j\SAMPLE\common/cinit.o
                0x06004040                main
 .text          0x06004090       0x20 main.o
                0x06004090                ss_main
 .text          0x060040b0     0x1260 game.o
                0x060040bc                SCLERA_ATTR
                0x060040da                SHOT_ATTR
                0x060040b0                SPR_SIZE
                0x060040e4                CIRCLE_ATTR
                0x060040c6                EYE_ATTR
                0x06004230                runLevel
                0x060040d0                PLAYER_ATTR
 .text          0x06005310      0x100 scrollfunctions.o
                0x060053c0                MapRead
                0x060053e0                Pal2CRAM
                0x06005330                Map2VRAM
                0x06005390                MapWrite
                0x06005310                Cel2VRAM
 .text          0x06005410      0x200 spritelist.o
                0x06005410                createSpriteNode
                0x06005500                deleteSpriteNode
                0x06005440                addSpriteNode
 .text          0x06005610      0x128 C:\saturn\sgl302j/lib\libsgl.a(sglIc0.o)
                0x06005610                slInitSystem
 *fill*         0x06005738        0x8 00
 .text          0x06005740       0xc0 c:/saturn/SH_COFF/sh-coff/bin/../lib/gcc/sh-coff/3.4-GNUSH_v0501/m2\libgcc.a(__main.o)
                0x060057c0                __main
                0x06005740                __do_global_dtors
                0x06005780                __do_global_ctors
 .text          0x06005800       0x80 c:/saturn/SH_COFF/sh-coff/bin/../lib/gcc/sh-coff/3.4-GNUSH_v0501/m2\libgcc.a(_ashiftrt_n.o)
                0x06005800                __ashrsi3
 .text          0x06005880      0x110 c:/saturn/SH_COFF/sh-coff/bin/../lib/gcc/sh-coff/3.4-GNUSH_v0501/m2\libgcc.a(_si_to_df.o)
                0x06005890                __floatsidf
 .text          0x06005990      0x2c0 c:/saturn/SH_COFF/sh-coff/bin/../lib/gcc/sh-coff/3.4-GNUSH_v0501/m2\libgcc.a(_mul_df.o)
                0x060059b0                __muldf3
 .text          0x06005c50      0x180 c:/saturn/SH_COFF/sh-coff/bin/../lib/gcc/sh-coff/3.4-GNUSH_v0501/m2\libgcc.a(_div_df.o)
                0x06005c60                __divdf3
 .text          0x06005dd0       0x90 c:/saturn/SH_COFF/sh-coff/bin/../lib/gcc/sh-coff/3.4-GNUSH_v0501/m2\libgcc.a(_df_to_si.o)
                0x06005dd0                __fixdfsi
 .text          0x06005e60      0x270 c:/saturn/SH_COFF/sh-coff/bin/../lib/gcc/sh-coff/3.4-GNUSH_v0501/m2\libgcc.a(_pack_df.o)
                0x06005e80                __pack_d
 .text          0x060060d0      0x160 c:/saturn/SH_COFF/sh-coff/bin/../lib/gcc/sh-coff/3.4-GNUSH_v0501/m2\libgcc.a(_unpack_df.o)
                0x060060f0                __unpack_d
 .text          0x06006230       0x20 c:/saturn/SH_COFF/sh-coff/bin/../lib/gcc/sh-coff/3.4-GNUSH_v0501/m2\libgcc.a(_thenan_df.o)
                0x06006230                __thenan_df
 .text          0x06006250       0x90 c:/saturn/SH_COFF/sh-coff/bin/../lib/gcc/sh-coff/3.4-GNUSH_v0501/m2\libgcc.a(_lshrdi3.o)
                0x06006250                __lshrdi3
 .text          0x060062e0       0x90 c:/saturn/SH_COFF/sh-coff/bin/../lib/gcc/sh-coff/3.4-GNUSH_v0501/m2\libgcc.a(_ashldi3.o)
                0x060062e0                __ashldi3
 .text          0x06006370       0x90 c:/saturn/SH_COFF/sh-coff/bin/../lib/gcc/sh-coff/3.4-GNUSH_v0501/m2\libgcc.a(_ashiftlt.o)
                0x06006370                __ashlsi3
 .text          0x06006400       0x90 c:/saturn/SH_COFF/sh-coff/bin/../lib/gcc/sh-coff/3.4-GNUSH_v0501/m2\libgcc.a(_lshiftrt.o)
                0x06006400                __lshrsi3
 .text          0x06006490       0xa0 c:/saturn/SH_COFF/sh-coff/bin/../lib/gcc/sh-coff/3.4-GNUSH_v0501/../../../../sh-coff/lib/m2\libc.a(memcpy.o)
                0x06006490                memcpy
 .text          0x06006530       0x40 c:/saturn/SH_COFF/sh-coff/bin/../lib/gcc/sh-coff/3.4-GNUSH_v0501/../../../../sh-coff/lib/m2\libc.a(malloc.o)
                0x06006550                free
                0x06006530                malloc
 .text          0x06006570       0xa0 c:/saturn/SH_COFF/sh-coff/bin/../lib/gcc/sh-coff/3.4-GNUSH_v0501/../../../../sh-coff/lib/m2\libc.a(atexit.o)
                0x06006570                atexit
 .text          0x06006610       0x10 c:/saturn/SH_COFF/sh-coff/bin/../lib/gcc/sh-coff/3.4-GNUSH_v0501/../../../../sh-coff/lib/m2\libc.a(impure.o)
                0x06006610                _global_impure_ptr
 .text          0x06006620      0x680 c:/saturn/SH_COFF/sh-coff/bin/../lib/gcc/sh-coff/3.4-GNUSH_v0501/../../../../sh-coff/lib/m2\libc.a(mallocr.o)
                0x06006620                _malloc_r
 .text          0x06006ca0      0x3b0 c:/saturn/SH_COFF/sh-coff/bin/../lib/gcc/sh-coff/3.4-GNUSH_v0501/../../../../sh-coff/lib/m2\libc.a(freer.o)
                0x06006ca0                _malloc_trim_r
                0x06006da0                _free_r
 .text          0x06007050       0x20 c:/saturn/SH_COFF/sh-coff/bin/../lib/gcc/sh-coff/3.4-GNUSH_v0501/../../../../sh-coff/lib/m2\libc.a(mlock.o)
                0x06007050                __malloc_lock
                0x06007060                __malloc_unlock
 .text          0x06007070       0x50 c:/saturn/SH_COFF/sh-coff/bin/../lib/gcc/sh-coff/3.4-GNUSH_v0501/../../../../sh-coff/lib/m2\libc.a(sbrkr.o)
                0x06007070                _sbrk_r
 .text          0x060070c0      0x430 c:/saturn/SH_COFF/sh-coff/bin/../lib/gcc/sh-coff/3.4-GNUSH_v0501/../../../../sh-coff/lib/m2\libc.a(syscalls.o)
                0x06007270                _exit
                0x060072b0                _getpid
                0x06007330                _utime
                0x06007100                _write
                0x060070c0                _read
                0x06007250                _unlink
                0x06007210                _open
                0x060072d0                _stat
                0x06007260                isatty
                0x06007370                _wait
                0x06007290                _kill
                0x060072f0                _chmod
                0x060073b0                _execv
                0x06007390                _execve
                0x060074b0                __setup_argv_and_call_main
                0x06007400                _gettimeofday
                0x06007140                _link
                0x060072c0                _raise
                0x06007230                _creat
                0x060073d0                _pipe
                0x06007310                _chown
                0x060070e0                _lseek
                0x06007120                _close
                0x060073f0                _times
                0x060071f0                _fstat
                0x06007350                _fork
                0x06007170                _sbrk
 .text          0x060074f0       0x20 c:/saturn/SH_COFF/sh-coff/bin/../lib/gcc/sh-coff/3.4-GNUSH_v0501/../../../../sh-coff/lib/m2\libc.a(trap.o)
                0x060074f0                __trap34
 .text          0x06007510       0x20 c:/saturn/SH_COFF/sh-coff/bin/../lib/gcc/sh-coff/3.4-GNUSH_v0501/../../../../sh-coff/lib/m2\libc.a(abort.o)
                0x06007510                abort
 .text          0x06007530      0x2c0 c:/saturn/SH_COFF/sh-coff/bin/../lib/gcc/sh-coff/3.4-GNUSH_v0501/../../../../sh-coff/lib/m2\libc.a(signal.o)
                0x06007610                _raise_r
                0x060077d0                __sigtramp
                0x06007770                raise
                0x060077b0                _init_signal
                0x060076f0                __sigtramp_r
                0x06007790                signal
                0x06007580                _signal_r
                0x06007530                _init_signal_r
 .text          0x060077f0       0x60 c:/saturn/SH_COFF/sh-coff/bin/../lib/gcc/sh-coff/3.4-GNUSH_v0501/../../../../sh-coff/lib/m2\libc.a(signalr.o)
                0x06007840                _getpid_r
                0x060077f0                _kill_r
 .text          0x06007850       0x70 c:/saturn/SH_COFF/sh-coff/bin/../lib/gcc/sh-coff/3.4-GNUSH_v0501/m2\libgcc.a(_udivsi3.o)
                0x06007872                __udivsi3
 *(.strings)
                0x060078c0                __etext = .

SLPROG          0x060078c0    0x103e0
                0x060078c0                __slprog_start = .
 *(SLPROG)
 SLPROG         0x060078c0     0x6540 C:\saturn\sgl302j/lib/sglarea.o
                0x060078dc                SpriteBuf
                0x06007900                RemainEvent
                0x060078cc                SortList
                0x060078ca                MaxPolygons
                0x060078e8                CommandBuf
                0x060078fc                MaxWorks
                0x060078fe                WorkSize
                0x060078f4                PCM_WkSize
                0x060078ec                CLOfstBuf
                0x06007a00                RemainWork
                0x060078f0                PCM_Work
                0x060078c0                MasterStack
                0x060078c4                SlaveStack
                0x060078c8                MaxVertices
                0x060078f8                MaxEvents
                0x060078d8                Zbuffer
                0x060078e0                SpriteBufSize
                0x06009e00                WorkBuf
                0x060078d4                TransList
                0x060078e4                Pbuffer
                0x060078d0                SortListSize
                0x060078fa                EventSize
                0x06007e00                EventBuf
 SLPROG         0x0600de00       0x20 C:\saturn\sgl302j/lib\libsgl.a(sglB001.o)
                0x0600de00                slTVOn
                0x0600de0a                slTVOff
 SLPROG         0x0600de20       0x84 C:\saturn\sgl302j/lib\libsgl.a(sglD00.o)
                0x0600de20                slDMACopy
                0x0600de20                slCpuDMACopy
                0x0600de7a                slCashPurge
                0x0600de7a                CSH_AllClr
 *fill*         0x0600dea4        0xc 00
 SLPROG         0x0600deb0       0x1e C:\saturn\sgl302j/lib\libsgl.a(sglB002.o)
                0x0600deb0                slColRAMMode
 *fill*         0x0600dece        0x2 00
 SLPROG         0x0600ded0        0xc C:\saturn\sgl302j/lib\libsgl.a(sglB016.o)
                0x0600ded0                slBack1ColSet
 *fill*         0x0600dedc        0x4 00
 SLPROG         0x0600dee0       0x70 C:\saturn\sgl302j/lib\libsgl.a(sglB038.o)
                0x0600dee0                slRparaInitSet
 SLPROG         0x0600df50      0x114 C:\saturn\sgl302j/lib\libsgl.a(sglB200.o)
                0x0600df5c                slCharNbg0
                0x0600dfa2                slPageRbg0
                0x0600dfb8                slPageNbg1
                0x0600df68                slCharNbg1
                0x0600dfd4                slPageNbg0
                0x0600dfc0                slPageNbg2
                0x0600dfc8                slPageNbg3
                0x0600df74                slCharNbg2
                0x0600df8a                slCharNbg3
                0x0600df50                slCharRbg0
 *fill*         0x0600e064        0xc 00
 SLPROG         0x0600e070        0xc C:\saturn\sgl302j/lib\libsgl.a(sglB059.o)
                0x0600e070                slPlaneRA
 *fill*         0x0600e07c        0x4 00
 SLPROG         0x0600e080       0xd4 C:\saturn\sgl302j/lib\libsgl.a(sglB035.o)
                0x0600e080                sl1MapRA
                0x0600e112                rbank_set
 *fill*         0x0600e154        0xc 00
 SLPROG         0x0600e160        0xc C:\saturn\sgl302j/lib\libsgl.a(sglB047.o)
                0x0600e160                slOverRA
 *fill*         0x0600e16c        0x4 00
 SLPROG         0x0600e170       0x34 C:\saturn\sgl302j/lib\libsgl.a(sglB079.o)
                0x0600e170                slDispCenterR
 *fill*         0x0600e1a4        0xc 00
 SLPROG         0x0600e1b0       0x20 C:\saturn\sgl302j/lib\libsgl.a(sglB078.o)
                0x0600e1b0                slLookR
 SLPROG         0x0600e1d0        0xc C:\saturn\sgl302j/lib\libsgl.a(sglB056.o)
                0x0600e1d0                slPlaneNbg1
 *fill*         0x0600e1dc        0x4 00
 SLPROG         0x0600e1e0       0xb4 C:\saturn\sgl302j/lib\libsgl.a(sglB032.o)
                0x0600e1e0                slMapNbg1
 *fill*         0x0600e294        0xc 00
 SLPROG         0x0600e2a0        0xc C:\saturn\sgl302j/lib\libsgl.a(sglB071.o)
                0x0600e2a0                slScrPosNbg1
 *fill*         0x0600e2ac        0x4 00
 SLPROG         0x0600e2b0        0xc C:\saturn\sgl302j/lib\libsgl.a(sglB063.o)
                0x0600e2b0                slPriority
 *fill*         0x0600e2bc        0x4 00
 SLPROG         0x0600e2c0       0x10 C:\saturn\sgl302j/lib\libsgl.a(sglB020.o)
                0x0600e2c0                slColorCalc
 SLPROG         0x0600e2d0        0xc C:\saturn\sgl302j/lib\libsgl.a(sglB023.o)
                0x0600e2d0                slColRate
 *fill*         0x0600e2dc        0x4 00
 SLPROG         0x0600e2e0       0x10 C:\saturn\sgl302j/lib\libsgl.a(sglB057.o)
                0x0600e2e0                slPlaneNbg2
 SLPROG         0x0600e2f0       0xb0 C:\saturn\sgl302j/lib\libsgl.a(sglB033.o)
                0x0600e2f0                slMapNbg2
 SLPROG         0x0600e3a0       0x10 C:\saturn\sgl302j/lib\libsgl.a(sglB072.o)
                0x0600e3a0                slScrPosNbg2
 SLPROG         0x0600e3b0       0x10 C:\saturn\sgl302j/lib\libsgl.a(sglB058.o)
                0x0600e3b0                slPlaneNbg3
 SLPROG         0x0600e3c0       0xb4 C:\saturn\sgl302j/lib\libsgl.a(sglB034.o)
                0x0600e3c0                slMapNbg3
 *fill*         0x0600e474        0xc 00
 SLPROG         0x0600e480       0x10 C:\saturn\sgl302j/lib\libsgl.a(sglB073.o)
                0x0600e480                slScrPosNbg3
 SLPROG         0x0600e490        0xc C:\saturn\sgl302j/lib\libsgl.a(sglB021.o)
                0x0600e490                slColorCalcOn
 *fill*         0x0600e49c        0x4 00
 SLPROG         0x0600e4a0      0x40c C:\saturn\sgl302j/lib\libsgl.a(sglB015.o)
                0x0600e4a0                slScrAutoDisp
 *fill*         0x0600e8ac        0x4 00
 SLPROG         0x0600e8b0      0xfc8 C:\saturn\sgl302j/lib\libsgl.a(sglH00.o)
                0x0600e94c                slSetPortData1
                0x0600e93c                slGetPortData1
                0x0600f12a                slSetPortMode1
                0x0600f364                Smpc_Status
                0x0600e902                slSetPortDir2
                0x0600ef48                slSmpcCashSend
                0x0600e968                slGetPortSelect1
                0x0600ed4e                slIntBackCancel
                0x0600ea00                slSetPortExt1
                0x0600f110                slGetPortMode1
                0x0600f004                slSmpcCashBlow
                0x0600f2f4                slRequestCommand
                0x0600f394                SmpcStatusBuf
                0x0600e956                slSetPortData2
                0x0600ecb6                slSetResultBuffer
                0x0600e9ec                slGetPortExt1
                0x0600ea30                slSetPortExt2
                0x0600e8d0                slGetPortDir2
                0x0600e9f6                slGetPortExt2
                0x0600ed82                slClearReset
                0x0600ed78                slCheckReset
                0x0600e8d8                slSetPortDir1
                0x0600e9b0                slSetPortSelect2
                0x0600e97c                slSetPortSelect1
                0x0600f11c                slGetPortMode2
                0x0600e972                slGetPortSelect2
                0x0600e8c8                slGetPortDir1
                0x0600e944                slGetPortData2
                0x0600f0ea                slSetOptimize
                0x0600f0e0                slGetOptimize
                0x0600eba4                slSmpcDirectAccess
                0x0600f372                Per_Connect1
                0x0600ec24                slInitPeripheral
                0x0600ed42                slCheckIntBackSet
                0x0600f373                Per_Connect2
                0x0600f36c                Smpc_Peripheral
                0x0600f168                slSetPortMode2
                0x0600f368                Smpc_Result
 *fill*         0x0600f878        0x8 00
 SLPROG         0x0600f880       0x4e C:\saturn\sgl302j/lib\libsgl.a(sglF00.o)
                0x0600f89a                slLocate
                0x0600f890                slCurColor
                0x0600f8cc                CurrentScreen
                0x0600f880                slCurScrn
 *fill*         0x0600f8ce        0x2 00
 SLPROG         0x0600f8d0       0x1c C:\saturn\sgl302j/lib\libsgl.a(sglF05.o)
                0x0600f8d0                slPrint
 *fill*         0x0600f8ec        0x4 00
 SLPROG         0x0600f8f0        0xc C:\saturn\sgl302j/lib\libsgl.a(sglB054.o)
                0x0600f8f0                slZoomR
 *fill*         0x0600f8fc        0x4 00
 SLPROG         0x0600f900       0x3c C:\saturn\sgl302j/lib\libsgl.a(sglF02.o)
                0x0600f900                slPrintHex
 *fill*         0x0600f93c        0x4 00
 SLPROG         0x0600f940       0x14 C:\saturn\sgl302j/lib\libsgl.a(sglA07.o)
                0x0600f940                slDivFX
 *fill*         0x0600f954        0xc 00
 SLPROG         0x0600f960       0xfa C:\saturn\sgl302j/lib\libsgl.a(sglC06.o)
                0x0600f960                slDispSprite
 *fill*         0x0600fa5a        0x6 00
 SLPROG         0x0600fa60      0x12a C:\saturn\sgl302j/lib\libsgl.a(sglF03.o)
                0x0600fa60                slPrintFX
 *fill*         0x0600fb8a        0x6 00
 SLPROG         0x0600fb90      0x3a4 C:\saturn\sgl302j/lib\libsgl.a(sglI01.o)
                0x0600fd7a                RetPCMBuf
                0x0600feb4                Sound_Buf
                0x0600fb90                slInitSynch
                0x0600fca0                slRandom
                0x0600fe14                PCM_Buf
                0x0600fbaa                slSynch
                0x0600fcbe                PCM_EndCheck
 *fill*         0x0600ff34        0xc 00
 SLPROG         0x0600ff40        0xa C:\saturn\sgl302j/lib\libsgl.a(sglA06.o)
                0x0600ff40                slMulFX
 *fill*         0x0600ff4a        0x6 00
 SLPROG         0x0600ff50     0x411e C:\saturn\sgl302j/lib\libsgl.a(sglA01.o)
                0x0601002c                sin_cos_index_tbl
                0x0600ff50                slSin
                0x0601006c                sin_tbl
                0x0600ff98                GetSinCos
                0x0600ff74                slCos
 *fill*         0x0601406e        0x2 00
 SLPROG         0x06014070       0x20 C:\saturn\sgl302j/lib\libsgl.a(sglA00.o)
                0x06014084                get_imask
                0x06014070                set_imask
                0x06014070                _builtin_set_imask
                0x06014084                _builtin_get_imask
 SLPROG         0x06014090       0x74 C:\saturn\sgl302j/lib\libsgl.a(sglJ00.o)
                0x06014090                InitSlaveSH
                0x060140f8                SlaveCommand
 *fill*         0x06014104        0xc 00
 SLPROG         0x06014110      0x42c C:\saturn\sgl302j/lib\libsgl.a(sglA20.o)
                0x06014110                slInitMatrix
                0x0601412e                slUnitMatrix
                0x0601411a                slPushUnitMatrix
 *fill*         0x0601453c        0x4 00
 SLPROG         0x06014540      0xbd0 C:\saturn\sgl302j/lib\libsgl.a(sglB000.o)
                0x06014540                slInitScroll
                0x060147a0                TVSizeTbl
                0x06014690                setASC_4to8
                0x06014820                TVModeTbl
                0x06014660                setASC_1to8
                0x060149f8                SGL_ASCII_CG
 SLPROG         0x06015110      0x3d0 C:\saturn\sgl302j/lib\libsgl.a(sglJ01.o)
                0x06015110                SlaveControl
                0x060154cc                ErasePolygonData
 SLPROG         0x060154e0      0x75c C:\saturn\sgl302j/lib\libsgl.a(sglI00.o)
                0x060157d0                slInitInterrupt
 *fill*         0x06015c3c        0x4 00
 SLPROG         0x06015c40      0x134 C:\saturn\sgl302j/lib\libsgl.a(sglC00.o)
                0x06015c40                slInitSprite
 *fill*         0x06015d74        0xc 00
 SLPROG         0x06015d80      0x470 C:\saturn\sgl302j/lib\libsgl.a(sglH02.o)
                0x06016170                smpc_pfr_tbl
                0x060161b0                smpc_ptf_tbl
 SLPROG         0x060161f0       0x60 C:\saturn\sgl302j/lib\libsgl.a(sglH04.o)
                0x0601621a                slComPrmSetTime
                0x060161f0                slComPrmIntBack
                0x06016204                slComPrmSetMemory
 SLPROG         0x06016250       0x40 C:\saturn\sgl302j/lib\libsgl.a(sglC20.o)
                0x06016250                SpriteEntry
 SLPROG         0x06016290      0x140 C:\saturn\sgl302j/lib\libsgl.a(sglJ03.o)
                0x06016290                sbMakeDMATable
 SLPROG         0x060163d0     0x12b8 C:\saturn\sgl302j/lib\libsgl.a(sglJ02.o)
                0x06017604                stvtc_1
                0x0601733c                stvtc_4
                0x060172fc                SetPolygon
                0x060173f4                stvtc_3
                0x0601762c                stvtc_0
                0x06017304                SetPosition
                0x060165b8                sbCalcPolygon
                0x060172f0                SetTexture
                0x060163d0                sbMakePolygon
                0x06017618                stvtc_2
 *fill*         0x06017688        0x8 00
 SLPROG         0x06017690      0x470 C:\saturn\sgl302j/lib\libsgl.a(sglJ04.o)
                0x06017754                sbMakeRotSprite
                0x060176ee                sbMakeSprite
 SLPROG         0x06017b00       0x3c C:\saturn\sgl302j/lib\libsgl.a(sglJ05.o)
                0x06017b00                sbSortEntry
 *fill*         0x06017b3c        0x4 00
 SLPROG         0x06017b40       0xf0 C:\saturn\sgl302j/lib\libsgl.a(sglH03.o)
                0x06017ba4                slSmpcIntBack
 SLPROG         0x06017c30       0x6a C:\saturn\sgl302j/lib\libsgl.a(sglM01.o)
                0x06017c5c                slSetDepthTbl
                0x06017c8c                DepthWorkArea
                0x06017c30                slSetDepthLimit
                0x06017c9a                __slprog_end = .

.tors           0x06017ca0        0x0
                0x06017ca0                ___ctors = .
 *(.ctors)
                0x06017ca0                ___ctors_end = .
                0x06017ca0                ___dtors = .
 *(.dtors)
                0x06017ca0                ___dtors_end = .

.data           0x06017ca0     0xc6d0
 *(.data)
 .data          0x06017ca0     0xbeb0 assets.o
                0x06017ca0                pal_cloud
                0x0601f8a0                cel_map1
                0x060215a0                pic_sprites
                0x06021850                texture_sprites003
                0x060215c8                tex_sprites
                0x0601eea0                pal_map1
                0x060218d0                texture_sprites002
                0x06023950                texture_sprites000
                0x060186a0                cel_cloud
                0x06019ba0                cel_road
                0x060193a0                map_road
                0x060215f0                texture_sprites004
                0x060238d0                texture_sprites001
                0x0601fda0                map_face
                0x060191a0                pal_road
                0x0601f0a0                map_map1
                0x0601fba0                pal_face
                0x060205a0                cel_face
                0x06017ea0                map_cloud
 .data          0x06023b50       0x10 game.o
                0x06023b50                scale
 .data          0x06023b60       0x80 C:\saturn\sgl302j/lib\libsgl.a(sglIc0.o)
                0x06023b60                IntPrioMask
 .data          0x06023be0      0x380 c:/saturn/SH_COFF/sh-coff/bin/../lib/gcc/sh-coff/3.4-GNUSH_v0501/../../../../sh-coff/lib/m2\libc.a(impure.o)
                0x06023f5c                _impure_ptr
 .data          0x06023f60      0x410 c:/saturn/SH_COFF/sh-coff/bin/../lib/gcc/sh-coff/3.4-GNUSH_v0501/../../../../sh-coff/lib/m2\libc.a(mallocr.o)
                0x06023f68                __malloc_av_
                0x06023f64                __malloc_trim_threshold
                0x06023f60                __malloc_sbrk_base
                0x06024370                __edata = .

.bss            0x06024370       0xf4
                0x06024370                __bstart = .
 *(.bss)
 .bss           0x06024370       0x40 game.o
                0x0602437c                bg2X
                0x06024380                screenY
                0x06024370                bg3Y
                0x06024374                bg3X
                0x06024384                screenX
                0x06024388                headNode
                0x0602438c                scaleSpeed
                0x06024378                bg2Y
                0x06024390                playerState
 .bss           0x060243b0       0x10 c:/saturn/SH_COFF/sh-coff/bin/../lib/gcc/sh-coff/3.4-GNUSH_v0501/m2\libgcc.a(__main.o)
 .bss           0x060243c0       0x10 c:/saturn/SH_COFF/sh-coff/bin/../lib/gcc/sh-coff/3.4-GNUSH_v0501/../../../../sh-coff/lib/m2\libc.a(atexit.o)
 .bss           0x060243d0       0x40 c:/saturn/SH_COFF/sh-coff/bin/../lib/gcc/sh-coff/3.4-GNUSH_v0501/../../../../sh-coff/lib/m2\libc.a(mallocr.o)
                0x06024400                __malloc_top_pad
                0x060243d0                __malloc_current_mallinfo
                0x060243fc                __malloc_max_sbrked_mem
                0x060243f8                __malloc_max_total_mem
 .bss           0x06024410       0x10 c:/saturn/SH_COFF/sh-coff/bin/../lib/gcc/sh-coff/3.4-GNUSH_v0501/../../../../sh-coff/lib/m2\libc.a(syscalls.o)
 *(COMMON)
 COMMON         0x06024420       0x38 game.o
                                  0x0 (size before relaxing)
                0x06024420                eye1
                0x06024424                eye2
                0x06024430                defaultSprite
 *fill*         0x06024458        0x8 00
 COMMON         0x06024460        0x4 c:/saturn/SH_COFF/sh-coff/bin/../lib/gcc/sh-coff/3.4-GNUSH_v0501/../../../../sh-coff/lib/m2\libc.a(syscalls.o)
                                  0x0 (size before relaxing)
                0x06024460                errno
                0x06024464                __bend = .
                0x06024464                _end = .
LOAD C:\saturn\sgl302j\SAMPLE\common/cinit.o
LOAD C:\saturn\sgl302j/lib/sglarea.o
LOAD main.o
LOAD assets.o
LOAD game.o
LOAD scrollfunctions.o
LOAD spritelist.o
LOAD C:\saturn\sgl302j/lib\libsgl.a
LOAD c:/saturn/SH_COFF/sh-coff/bin/../lib/gcc/sh-coff/3.4-GNUSH_v0501/m2\libgcc.a
LOAD c:/saturn/SH_COFF/sh-coff/bin/../lib/gcc/sh-coff/3.4-GNUSH_v0501/../../../../sh-coff/lib/m2\libc.a
LOAD c:/saturn/SH_COFF/sh-coff/bin/../lib/gcc/sh-coff/3.4-GNUSH_v0501/m2\libgcc.a
OUTPUT(sl.coff coff-sh)

.comment        0x06024470      0x360
 .comment       0x06024470       0x20 C:\saturn\sgl302j\SAMPLE\common/cinit.o
 .comment       0x06024490       0x20 main.o
 .comment       0x060244b0       0x20 assets.o
 .comment       0x060244d0       0x20 game.o
 .comment       0x060244f0       0x20 scrollfunctions.o
 .comment       0x06024510       0x20 spritelist.o
 .comment       0x06024530       0x20 c:/saturn/SH_COFF/sh-coff/bin/../lib/gcc/sh-coff/3.4-GNUSH_v0501/m2\libgcc.a(__main.o)
 .comment       0x06024550       0x20 c:/saturn/SH_COFF/sh-coff/bin/../lib/gcc/sh-coff/3.4-GNUSH_v0501/m2\libgcc.a(_si_to_df.o)
 .comment       0x06024570       0x20 c:/saturn/SH_COFF/sh-coff/bin/../lib/gcc/sh-coff/3.4-GNUSH_v0501/m2\libgcc.a(_mul_df.o)
 .comment       0x06024590       0x20 c:/saturn/SH_COFF/sh-coff/bin/../lib/gcc/sh-coff/3.4-GNUSH_v0501/m2\libgcc.a(_div_df.o)
 .comment       0x060245b0       0x20 c:/saturn/SH_COFF/sh-coff/bin/../lib/gcc/sh-coff/3.4-GNUSH_v0501/m2\libgcc.a(_df_to_si.o)
 .comment       0x060245d0       0x20 c:/saturn/SH_COFF/sh-coff/bin/../lib/gcc/sh-coff/3.4-GNUSH_v0501/m2\libgcc.a(_pack_df.o)
 .comment       0x060245f0       0x20 c:/saturn/SH_COFF/sh-coff/bin/../lib/gcc/sh-coff/3.4-GNUSH_v0501/m2\libgcc.a(_unpack_df.o)
 .comment       0x06024610       0x20 c:/saturn/SH_COFF/sh-coff/bin/../lib/gcc/sh-coff/3.4-GNUSH_v0501/m2\libgcc.a(_thenan_df.o)
 .comment       0x06024630       0x20 c:/saturn/SH_COFF/sh-coff/bin/../lib/gcc/sh-coff/3.4-GNUSH_v0501/m2\libgcc.a(_lshrdi3.o)
 .comment       0x06024650       0x20 c:/saturn/SH_COFF/sh-coff/bin/../lib/gcc/sh-coff/3.4-GNUSH_v0501/m2\libgcc.a(_ashldi3.o)
 .comment       0x06024670       0x20 c:/saturn/SH_COFF/sh-coff/bin/../lib/gcc/sh-coff/3.4-GNUSH_v0501/../../../../sh-coff/lib/m2\libc.a(malloc.o)
 .comment       0x06024690       0x20 c:/saturn/SH_COFF/sh-coff/bin/../lib/gcc/sh-coff/3.4-GNUSH_v0501/../../../../sh-coff/lib/m2\libc.a(atexit.o)
 .comment       0x060246b0       0x20 c:/saturn/SH_COFF/sh-coff/bin/../lib/gcc/sh-coff/3.4-GNUSH_v0501/../../../../sh-coff/lib/m2\libc.a(impure.o)
 .comment       0x060246d0       0x20 c:/saturn/SH_COFF/sh-coff/bin/../lib/gcc/sh-coff/3.4-GNUSH_v0501/../../../../sh-coff/lib/m2\libc.a(mallocr.o)
 .comment       0x060246f0       0x20 c:/saturn/SH_COFF/sh-coff/bin/../lib/gcc/sh-coff/3.4-GNUSH_v0501/../../../../sh-coff/lib/m2\libc.a(freer.o)
 .comment       0x06024710       0x20 c:/saturn/SH_COFF/sh-coff/bin/../lib/gcc/sh-coff/3.4-GNUSH_v0501/../../../../sh-coff/lib/m2\libc.a(mlock.o)
 .comment       0x06024730       0x20 c:/saturn/SH_COFF/sh-coff/bin/../lib/gcc/sh-coff/3.4-GNUSH_v0501/../../../../sh-coff/lib/m2\libc.a(sbrkr.o)
 .comment       0x06024750       0x20 c:/saturn/SH_COFF/sh-coff/bin/../lib/gcc/sh-coff/3.4-GNUSH_v0501/../../../../sh-coff/lib/m2\libc.a(syscalls.o)
 .comment       0x06024770       0x20 c:/saturn/SH_COFF/sh-coff/bin/../lib/gcc/sh-coff/3.4-GNUSH_v0501/../../../../sh-coff/lib/m2\libc.a(abort.o)
 .comment       0x06024790       0x20 c:/saturn/SH_COFF/sh-coff/bin/../lib/gcc/sh-coff/3.4-GNUSH_v0501/../../../../sh-coff/lib/m2\libc.a(signal.o)
 .comment       0x060247b0       0x20 c:/saturn/SH_COFF/sh-coff/bin/../lib/gcc/sh-coff/3.4-GNUSH_v0501/../../../../sh-coff/lib/m2\libc.a(signalr.o)
