Archive member included because of file (symbol)

C:\saturn\sgl302j/lib\libsgl.a(sglIc0.o)
                              main.o (slInitSystem)
C:\saturn\sgl302j/lib\libsgl.a(sglH00.o)
                              C:\saturn\sgl302j/lib\libsgl.a(sglIc0.o) (slInitPeripheral)
C:\saturn\sgl302j/lib\libsgl.a(sglA04.o)
                              game.o (slAtan)
C:\saturn\sgl302j/lib\libsgl.a(sglA01.o)
                              game.o (slSin)
C:\saturn\sgl302j/lib\libsgl.a(sglA06.o)
                              game.o (slMulFX)
C:\saturn\sgl302j/lib\libsgl.a(sglF00.o)
                              game.o (slLocate)
C:\saturn\sgl302j/lib\libsgl.a(sglF05.o)
                              game.o (slPrint)
C:\saturn\sgl302j/lib\libsgl.a(sglF02.o)
                              game.o (slPrintHex)
C:\saturn\sgl302j/lib\libsgl.a(sglC06.o)
                              game.o (slDispSprite)
C:\saturn\sgl302j/lib\libsgl.a(sglI01.o)
                              C:\saturn\sgl302j/lib\libsgl.a(sglIc0.o) (slInitSynch)
C:\saturn\sgl302j/lib\libsgl.a(sglF03.o)
                              game.o (slPrintFX)
C:\saturn\sgl302j/lib\libsgl.a(sglB015.o)
                              game.o (slScrAutoDisp)
C:\saturn\sgl302j/lib\libsgl.a(sglB001.o)
                              game.o (slTVOn)
C:\saturn\sgl302j/lib\libsgl.a(sglD00.o)
                              game.o (slDMACopy)
C:\saturn\sgl302j/lib\libsgl.a(sglB002.o)
                              game.o (slColRAMMode)
C:\saturn\sgl302j/lib\libsgl.a(sglB016.o)
                              game.o (slBack1ColSet)
C:\saturn\sgl302j/lib\libsgl.a(sglB200.o)
                              linescroll.o (slCharNbg1)
C:\saturn\sgl302j/lib\libsgl.a(sglB058.o)
                              game.o (slPlaneNbg3)
C:\saturn\sgl302j/lib\libsgl.a(sglB034.o)
                              game.o (slMapNbg3)
C:\saturn\sgl302j/lib\libsgl.a(sglB073.o)
                              game.o (slScrPosNbg3)
C:\saturn\sgl302j/lib\libsgl.a(sglB063.o)
                              game.o (slPriority)
C:\saturn\sgl302j/lib\libsgl.a(sglB020.o)
                              game.o (slColorCalc)
C:\saturn\sgl302j/lib\libsgl.a(sglB023.o)
                              game.o (slColRate)
C:\saturn\sgl302j/lib\libsgl.a(sglB056.o)
                              linescroll.o (slPlaneNbg1)
C:\saturn\sgl302j/lib\libsgl.a(sglB032.o)
                              linescroll.o (slMapNbg1)
C:\saturn\sgl302j/lib\libsgl.a(sglB090.o)
                              linescroll.o (slLineScrollMode)
C:\saturn\sgl302j/lib\libsgl.a(sglB088.o)
                              linescroll.o (slLineScrollTable1)
C:\saturn\sgl302j/lib\libsgl.a(sglB071.o)
                              linescroll.o (slScrPosNbg1)
C:\saturn\sgl302j/lib\libsgl.a(sglB057.o)
                              tilemap.o (slPlaneNbg2)
C:\saturn\sgl302j/lib\libsgl.a(sglB033.o)
                              tilemap.o (slMapNbg2)
C:\saturn\sgl302j/lib\libsgl.a(sglB072.o)
                              tilemap.o (slScrPosNbg2)
C:\saturn\sgl302j/lib\libsgl.a(sglA00.o)
                              C:\saturn\sgl302j/lib\libsgl.a(sglIc0.o) (_builtin_set_imask)
C:\saturn\sgl302j/lib\libsgl.a(sglK01.o)
                              C:\saturn\sgl302j/lib\libsgl.a(sglIc0.o) (SynchCount)
C:\saturn\sgl302j/lib\libsgl.a(sglJ00.o)
                              C:\saturn\sgl302j/lib\libsgl.a(sglIc0.o) (InitSlaveSH)
C:\saturn\sgl302j/lib\libsgl.a(sglA20.o)
                              C:\saturn\sgl302j/lib\libsgl.a(sglIc0.o) (slInitMatrix)
C:\saturn\sgl302j/lib\libsgl.a(sglB000.o)
                              C:\saturn\sgl302j/lib\libsgl.a(sglIc0.o) (slInitScroll)
C:\saturn\sgl302j/lib\libsgl.a(sglJ01.o)
                              C:\saturn\sgl302j/lib\libsgl.a(sglIc0.o) (SlaveControl)
C:\saturn\sgl302j/lib\libsgl.a(sglI00.o)
                              C:\saturn\sgl302j/lib\libsgl.a(sglIc0.o) (slInitInterrupt)
C:\saturn\sgl302j/lib\libsgl.a(sglC00.o)
                              C:\saturn\sgl302j/lib\libsgl.a(sglIc0.o) (slInitSprite)
C:\saturn\sgl302j/lib\libsgl.a(sglH02.o)
                              C:\saturn\sgl302j/lib\libsgl.a(sglH00.o) (smpc_pfr_tbl)
C:\saturn\sgl302j/lib\libsgl.a(sglH04.o)
                              C:\saturn\sgl302j/lib\libsgl.a(sglH00.o) (slComPrmIntBack)
C:\saturn\sgl302j/lib\libsgl.a(sglC20.o)
                              C:\saturn\sgl302j/lib\libsgl.a(sglC06.o) (SpriteEntry)
C:\saturn\sgl302j/lib\libsgl.a(sglB035.o)
                              C:\saturn\sgl302j/lib\libsgl.a(sglB200.o) (rbank_set)
C:\saturn\sgl302j/lib\libsgl.a(sglJ03.o)
                              C:\saturn\sgl302j/lib\libsgl.a(sglJ01.o) (sbMakeDMATable)
C:\saturn\sgl302j/lib\libsgl.a(sglJ02.o)
                              C:\saturn\sgl302j/lib\libsgl.a(sglJ01.o) (sbMakePolygon)
C:\saturn\sgl302j/lib\libsgl.a(sglJ04.o)
                              C:\saturn\sgl302j/lib\libsgl.a(sglJ01.o) (sbMakeSprite)
C:\saturn\sgl302j/lib\libsgl.a(sglJ05.o)
                              C:\saturn\sgl302j/lib\libsgl.a(sglJ01.o) (sbSortEntry)
C:\saturn\sgl302j/lib\libsgl.a(sglH03.o)
                              C:\saturn\sgl302j/lib\libsgl.a(sglI00.o) (slSmpcIntBack)
C:\saturn\sgl302j/lib\libsgl.a(sglM01.o)
                              C:\saturn\sgl302j/lib\libsgl.a(sglJ02.o) (DepthWorkArea)
c:/saturn/SH_COFF/sh-coff/bin/../lib/gcc/sh-coff/3.4-GNUSH_v0501/m2\libgcc.a(__main.o)
                              C:\saturn\sgl302j\SAMPLE\common/cinit.o (__main)
c:/saturn/SH_COFF/sh-coff/bin/../lib/gcc/sh-coff/3.4-GNUSH_v0501/m2\libgcc.a(_si_to_df.o)
                              game.o (__floatsidf)
c:/saturn/SH_COFF/sh-coff/bin/../lib/gcc/sh-coff/3.4-GNUSH_v0501/m2\libgcc.a(_mul_df.o)
                              game.o (__muldf3)
c:/saturn/SH_COFF/sh-coff/bin/../lib/gcc/sh-coff/3.4-GNUSH_v0501/m2\libgcc.a(_div_df.o)
                              game.o (__divdf3)
c:/saturn/SH_COFF/sh-coff/bin/../lib/gcc/sh-coff/3.4-GNUSH_v0501/m2\libgcc.a(_df_to_si.o)
                              game.o (__fixdfsi)
c:/saturn/SH_COFF/sh-coff/bin/../lib/gcc/sh-coff/3.4-GNUSH_v0501/m2\libgcc.a(_ashiftlt.o)
                              game.o (__ashlsi3)
c:/saturn/SH_COFF/sh-coff/bin/../lib/gcc/sh-coff/3.4-GNUSH_v0501/m2\libgcc.a(_ashiftrt_n.o)
                              game.o (__ashrsi3)
c:/saturn/SH_COFF/sh-coff/bin/../lib/gcc/sh-coff/3.4-GNUSH_v0501/m2\libgcc.a(_pack_df.o)
                              c:/saturn/SH_COFF/sh-coff/bin/../lib/gcc/sh-coff/3.4-GNUSH_v0501/m2\libgcc.a(_si_to_df.o) (__pack_d)
c:/saturn/SH_COFF/sh-coff/bin/../lib/gcc/sh-coff/3.4-GNUSH_v0501/m2\libgcc.a(_unpack_df.o)
                              c:/saturn/SH_COFF/sh-coff/bin/../lib/gcc/sh-coff/3.4-GNUSH_v0501/m2\libgcc.a(_mul_df.o) (__unpack_d)
c:/saturn/SH_COFF/sh-coff/bin/../lib/gcc/sh-coff/3.4-GNUSH_v0501/m2\libgcc.a(_thenan_df.o)
                              c:/saturn/SH_COFF/sh-coff/bin/../lib/gcc/sh-coff/3.4-GNUSH_v0501/m2\libgcc.a(_mul_df.o) (__thenan_df)
c:/saturn/SH_COFF/sh-coff/bin/../lib/gcc/sh-coff/3.4-GNUSH_v0501/m2\libgcc.a(_lshrdi3.o)
                              c:/saturn/SH_COFF/sh-coff/bin/../lib/gcc/sh-coff/3.4-GNUSH_v0501/m2\libgcc.a(_df_to_si.o) (__lshrdi3)
c:/saturn/SH_COFF/sh-coff/bin/../lib/gcc/sh-coff/3.4-GNUSH_v0501/m2\libgcc.a(_ashldi3.o)
                              c:/saturn/SH_COFF/sh-coff/bin/../lib/gcc/sh-coff/3.4-GNUSH_v0501/m2\libgcc.a(_pack_df.o) (__ashldi3)
c:/saturn/SH_COFF/sh-coff/bin/../lib/gcc/sh-coff/3.4-GNUSH_v0501/m2\libgcc.a(_lshiftrt.o)
                              c:/saturn/SH_COFF/sh-coff/bin/../lib/gcc/sh-coff/3.4-GNUSH_v0501/m2\libgcc.a(_lshrdi3.o) (__lshrsi3)
c:/saturn/SH_COFF/sh-coff/bin/../lib/gcc/sh-coff/3.4-GNUSH_v0501/../../../../sh-coff/lib/m2\libc.a(memcpy.o)
                              game.o (memcpy)
c:/saturn/SH_COFF/sh-coff/bin/../lib/gcc/sh-coff/3.4-GNUSH_v0501/../../../../sh-coff/lib/m2\libc.a(memset.o)
                              spritelist.o (memset)
c:/saturn/SH_COFF/sh-coff/bin/../lib/gcc/sh-coff/3.4-GNUSH_v0501/../../../../sh-coff/lib/m2\libc.a(atexit.o)
                              c:/saturn/SH_COFF/sh-coff/bin/../lib/gcc/sh-coff/3.4-GNUSH_v0501/m2\libgcc.a(__main.o) (atexit)
c:/saturn/SH_COFF/sh-coff/bin/../lib/gcc/sh-coff/3.4-GNUSH_v0501/../../../../sh-coff/lib/m2\libc.a(impure.o)
                              c:/saturn/SH_COFF/sh-coff/bin/../lib/gcc/sh-coff/3.4-GNUSH_v0501/../../../../sh-coff/lib/m2\libc.a(atexit.o) (_impure_ptr)
c:/saturn/SH_COFF/sh-coff/bin/../lib/gcc/sh-coff/3.4-GNUSH_v0501/../../../../sh-coff/lib/m2\libc.a(malloc.o)
                              c:/saturn/SH_COFF/sh-coff/bin/../lib/gcc/sh-coff/3.4-GNUSH_v0501/../../../../sh-coff/lib/m2\libc.a(atexit.o) (malloc)
c:/saturn/SH_COFF/sh-coff/bin/../lib/gcc/sh-coff/3.4-GNUSH_v0501/../../../../sh-coff/lib/m2\libc.a(mallocr.o)
                              c:/saturn/SH_COFF/sh-coff/bin/../lib/gcc/sh-coff/3.4-GNUSH_v0501/../../../../sh-coff/lib/m2\libc.a(malloc.o) (_malloc_r)
c:/saturn/SH_COFF/sh-coff/bin/../lib/gcc/sh-coff/3.4-GNUSH_v0501/../../../../sh-coff/lib/m2\libc.a(freer.o)
                              c:/saturn/SH_COFF/sh-coff/bin/../lib/gcc/sh-coff/3.4-GNUSH_v0501/../../../../sh-coff/lib/m2\libc.a(malloc.o) (_free_r)
c:/saturn/SH_COFF/sh-coff/bin/../lib/gcc/sh-coff/3.4-GNUSH_v0501/../../../../sh-coff/lib/m2\libc.a(mlock.o)
                              c:/saturn/SH_COFF/sh-coff/bin/../lib/gcc/sh-coff/3.4-GNUSH_v0501/../../../../sh-coff/lib/m2\libc.a(mallocr.o) (__malloc_lock)
c:/saturn/SH_COFF/sh-coff/bin/../lib/gcc/sh-coff/3.4-GNUSH_v0501/../../../../sh-coff/lib/m2\libc.a(sbrkr.o)
                              c:/saturn/SH_COFF/sh-coff/bin/../lib/gcc/sh-coff/3.4-GNUSH_v0501/../../../../sh-coff/lib/m2\libc.a(mallocr.o) (_sbrk_r)
c:/saturn/SH_COFF/sh-coff/bin/../lib/gcc/sh-coff/3.4-GNUSH_v0501/../../../../sh-coff/lib/m2\libc.a(syscalls.o)
                              c:/saturn/SH_COFF/sh-coff/bin/../lib/gcc/sh-coff/3.4-GNUSH_v0501/../../../../sh-coff/lib/m2\libc.a(sbrkr.o) (_sbrk)
c:/saturn/SH_COFF/sh-coff/bin/../lib/gcc/sh-coff/3.4-GNUSH_v0501/../../../../sh-coff/lib/m2\libc.a(trap.o)
                              c:/saturn/SH_COFF/sh-coff/bin/../lib/gcc/sh-coff/3.4-GNUSH_v0501/../../../../sh-coff/lib/m2\libc.a(syscalls.o) (__trap34)
c:/saturn/SH_COFF/sh-coff/bin/../lib/gcc/sh-coff/3.4-GNUSH_v0501/../../../../sh-coff/lib/m2\libc.a(abort.o)
                              c:/saturn/SH_COFF/sh-coff/bin/../lib/gcc/sh-coff/3.4-GNUSH_v0501/../../../../sh-coff/lib/m2\libc.a(syscalls.o) (abort)
c:/saturn/SH_COFF/sh-coff/bin/../lib/gcc/sh-coff/3.4-GNUSH_v0501/../../../../sh-coff/lib/m2\libc.a(signal.o)
                              c:/saturn/SH_COFF/sh-coff/bin/../lib/gcc/sh-coff/3.4-GNUSH_v0501/../../../../sh-coff/lib/m2\libc.a(abort.o) (raise)
c:/saturn/SH_COFF/sh-coff/bin/../lib/gcc/sh-coff/3.4-GNUSH_v0501/../../../../sh-coff/lib/m2\libc.a(signalr.o)
                              c:/saturn/SH_COFF/sh-coff/bin/../lib/gcc/sh-coff/3.4-GNUSH_v0501/../../../../sh-coff/lib/m2\libc.a(signal.o) (_kill_r)
c:/saturn/SH_COFF/sh-coff/bin/../lib/gcc/sh-coff/3.4-GNUSH_v0501/m2\libgcc.a(_udivsi3.o)
                              c:/saturn/SH_COFF/sh-coff/bin/../lib/gcc/sh-coff/3.4-GNUSH_v0501/../../../../sh-coff/lib/m2\libc.a(freer.o) (__udivsi3)

Allocating common symbols
Common symbol       size              file

sprites             0x1c20            game.o
numSprites          0x1               game.o
playfield           0x800             game.o
eye1Index           0x4               game.o
defaultSprite       0x24              game.o
bgLayers            0x2               game.o
eye2Index           0x4               game.o
errno               0x4               c:/saturn/SH_COFF/sh-coff/bin/../lib/gcc/sh-coff/3.4-GNUSH_v0501/../../../../sh-coff/lib/m2\libc.a(syscalls.o)
gameState           0x4               game.o
dispFace            0x1               game.o

Memory Configuration

Name             Origin             Length             Attributes
*default*        0x00000000         0xffffffff

Linker script and memory map


SLSTART         0x06004000       0x30
                0x06004000                ___Start = .
 *(SLSTART)
 SLSTART        0x06004000       0x28 C:\saturn\sgl302j/lib\libsgl.a(sglI00.o)
                0x06004002                slStartSGL
                0x06004000                SGL_Start

.text           0x06004040     0x4480
 *(.text)
 .text          0x06004040       0x50 C:\saturn\sgl302j\SAMPLE\common/cinit.o
                0x06004040                main
 .text          0x06004090       0x70 main.o
                0x06004090                ss_main
 .text          0x06004100     0x1b60 game.o
                0x060046d0                loadSpritePos
                0x060046a0                loadLevel
                0x060056d0                runLevel
 .text          0x06005c60      0x1f0 linescroll.o
                0x06005db0                updateLinescroll
                0x06005c60                initLinescroll
 .text          0x06005e50       0xf0 scrollfunctions.o
                0x06005ef0                MapRead
                0x06005f10                Pal2CRAM
                0x06005e70                Map2VRAM
                0x06005ed0                MapWrite
                0x06005e50                Cel2VRAM
 .text          0x06005f40       0xd0 spritelist.o
                0x06005fc0                deleteSprite
                0x06005f40                addSprite
                0x06005ff0                clearSpriteList
 .text          0x06006010      0x1c0 tilemap.o
                0x06006010                initTilemap
                0x06006170                updateTilemap
 .text          0x060061d0      0x128 C:\saturn\sgl302j/lib\libsgl.a(sglIc0.o)
                0x060061d0                slInitSystem
 *fill*         0x060062f8        0x8 00
 .text          0x06006300       0xc0 c:/saturn/SH_COFF/sh-coff/bin/../lib/gcc/sh-coff/3.4-GNUSH_v0501/m2\libgcc.a(__main.o)
                0x06006380                __main
                0x06006300                __do_global_dtors
                0x06006340                __do_global_ctors
 .text          0x060063c0      0x110 c:/saturn/SH_COFF/sh-coff/bin/../lib/gcc/sh-coff/3.4-GNUSH_v0501/m2\libgcc.a(_si_to_df.o)
                0x060063d0                __floatsidf
 .text          0x060064d0      0x2c0 c:/saturn/SH_COFF/sh-coff/bin/../lib/gcc/sh-coff/3.4-GNUSH_v0501/m2\libgcc.a(_mul_df.o)
                0x060064f0                __muldf3
 .text          0x06006790      0x180 c:/saturn/SH_COFF/sh-coff/bin/../lib/gcc/sh-coff/3.4-GNUSH_v0501/m2\libgcc.a(_div_df.o)
                0x060067a0                __divdf3
 .text          0x06006910       0x90 c:/saturn/SH_COFF/sh-coff/bin/../lib/gcc/sh-coff/3.4-GNUSH_v0501/m2\libgcc.a(_df_to_si.o)
                0x06006910                __fixdfsi
 .text          0x060069a0       0x90 c:/saturn/SH_COFF/sh-coff/bin/../lib/gcc/sh-coff/3.4-GNUSH_v0501/m2\libgcc.a(_ashiftlt.o)
                0x060069a0                __ashlsi3
 .text          0x06006a30       0x80 c:/saturn/SH_COFF/sh-coff/bin/../lib/gcc/sh-coff/3.4-GNUSH_v0501/m2\libgcc.a(_ashiftrt_n.o)
                0x06006a30                __ashrsi3
 .text          0x06006ab0      0x270 c:/saturn/SH_COFF/sh-coff/bin/../lib/gcc/sh-coff/3.4-GNUSH_v0501/m2\libgcc.a(_pack_df.o)
                0x06006ad0                __pack_d
 .text          0x06006d20      0x160 c:/saturn/SH_COFF/sh-coff/bin/../lib/gcc/sh-coff/3.4-GNUSH_v0501/m2\libgcc.a(_unpack_df.o)
                0x06006d40                __unpack_d
 .text          0x06006e80       0x20 c:/saturn/SH_COFF/sh-coff/bin/../lib/gcc/sh-coff/3.4-GNUSH_v0501/m2\libgcc.a(_thenan_df.o)
                0x06006e80                __thenan_df
 .text          0x06006ea0       0x90 c:/saturn/SH_COFF/sh-coff/bin/../lib/gcc/sh-coff/3.4-GNUSH_v0501/m2\libgcc.a(_lshrdi3.o)
                0x06006ea0                __lshrdi3
 .text          0x06006f30       0x90 c:/saturn/SH_COFF/sh-coff/bin/../lib/gcc/sh-coff/3.4-GNUSH_v0501/m2\libgcc.a(_ashldi3.o)
                0x06006f30                __ashldi3
 .text          0x06006fc0       0x90 c:/saturn/SH_COFF/sh-coff/bin/../lib/gcc/sh-coff/3.4-GNUSH_v0501/m2\libgcc.a(_lshiftrt.o)
                0x06006fc0                __lshrsi3
 .text          0x06007050       0xa0 c:/saturn/SH_COFF/sh-coff/bin/../lib/gcc/sh-coff/3.4-GNUSH_v0501/../../../../sh-coff/lib/m2\libc.a(memcpy.o)
                0x06007050                memcpy
 .text          0x060070f0       0x40 c:/saturn/SH_COFF/sh-coff/bin/../lib/gcc/sh-coff/3.4-GNUSH_v0501/../../../../sh-coff/lib/m2\libc.a(memset.o)
                0x060070f0                memset
 .text          0x06007130       0xa0 c:/saturn/SH_COFF/sh-coff/bin/../lib/gcc/sh-coff/3.4-GNUSH_v0501/../../../../sh-coff/lib/m2\libc.a(atexit.o)
                0x06007130                atexit
 .text          0x060071d0       0x10 c:/saturn/SH_COFF/sh-coff/bin/../lib/gcc/sh-coff/3.4-GNUSH_v0501/../../../../sh-coff/lib/m2\libc.a(impure.o)
                0x060071d0                _global_impure_ptr
 .text          0x060071e0       0x40 c:/saturn/SH_COFF/sh-coff/bin/../lib/gcc/sh-coff/3.4-GNUSH_v0501/../../../../sh-coff/lib/m2\libc.a(malloc.o)
                0x06007200                free
                0x060071e0                malloc
 .text          0x06007220      0x680 c:/saturn/SH_COFF/sh-coff/bin/../lib/gcc/sh-coff/3.4-GNUSH_v0501/../../../../sh-coff/lib/m2\libc.a(mallocr.o)
                0x06007220                _malloc_r
 .text          0x060078a0      0x3b0 c:/saturn/SH_COFF/sh-coff/bin/../lib/gcc/sh-coff/3.4-GNUSH_v0501/../../../../sh-coff/lib/m2\libc.a(freer.o)
                0x060078a0                _malloc_trim_r
                0x060079a0                _free_r
 .text          0x06007c50       0x20 c:/saturn/SH_COFF/sh-coff/bin/../lib/gcc/sh-coff/3.4-GNUSH_v0501/../../../../sh-coff/lib/m2\libc.a(mlock.o)
                0x06007c50                __malloc_lock
                0x06007c60                __malloc_unlock
 .text          0x06007c70       0x50 c:/saturn/SH_COFF/sh-coff/bin/../lib/gcc/sh-coff/3.4-GNUSH_v0501/../../../../sh-coff/lib/m2\libc.a(sbrkr.o)
                0x06007c70                _sbrk_r
 .text          0x06007cc0      0x430 c:/saturn/SH_COFF/sh-coff/bin/../lib/gcc/sh-coff/3.4-GNUSH_v0501/../../../../sh-coff/lib/m2\libc.a(syscalls.o)
                0x06007e70                _exit
                0x06007eb0                _getpid
                0x06007f30                _utime
                0x06007d00                _write
                0x06007cc0                _read
                0x06007e50                _unlink
                0x06007e10                _open
                0x06007ed0                _stat
                0x06007e60                isatty
                0x06007f70                _wait
                0x06007e90                _kill
                0x06007ef0                _chmod
                0x06007fb0                _execv
                0x06007f90                _execve
                0x060080b0                __setup_argv_and_call_main
                0x06008000                _gettimeofday
                0x06007d40                _link
                0x06007ec0                _raise
                0x06007e30                _creat
                0x06007fd0                _pipe
                0x06007f10                _chown
                0x06007ce0                _lseek
                0x06007d20                _close
                0x06007ff0                _times
                0x06007df0                _fstat
                0x06007f50                _fork
                0x06007d70                _sbrk
 .text          0x060080f0       0x20 c:/saturn/SH_COFF/sh-coff/bin/../lib/gcc/sh-coff/3.4-GNUSH_v0501/../../../../sh-coff/lib/m2\libc.a(trap.o)
                0x060080f0                __trap34
 .text          0x06008110       0x20 c:/saturn/SH_COFF/sh-coff/bin/../lib/gcc/sh-coff/3.4-GNUSH_v0501/../../../../sh-coff/lib/m2\libc.a(abort.o)
                0x06008110                abort
 .text          0x06008130      0x2c0 c:/saturn/SH_COFF/sh-coff/bin/../lib/gcc/sh-coff/3.4-GNUSH_v0501/../../../../sh-coff/lib/m2\libc.a(signal.o)
                0x06008210                _raise_r
                0x060083d0                __sigtramp
                0x06008370                raise
                0x060083b0                _init_signal
                0x060082f0                __sigtramp_r
                0x06008390                signal
                0x06008180                _signal_r
                0x06008130                _init_signal_r
 .text          0x060083f0       0x60 c:/saturn/SH_COFF/sh-coff/bin/../lib/gcc/sh-coff/3.4-GNUSH_v0501/../../../../sh-coff/lib/m2\libc.a(signalr.o)
                0x06008440                _getpid_r
                0x060083f0                _kill_r
 .text          0x06008450       0x70 c:/saturn/SH_COFF/sh-coff/bin/../lib/gcc/sh-coff/3.4-GNUSH_v0501/m2\libgcc.a(_udivsi3.o)
                0x06008472                __udivsi3
 *(.strings)
                0x060084c0                __etext = .

SLPROG          0x060084c0    0x12390
                0x060084c0                __slprog_start = .
 *(SLPROG)
 SLPROG         0x060084c0     0x6540 C:\saturn\sgl302j/lib/sglarea.o
                0x060084dc                SpriteBuf
                0x06008500                RemainEvent
                0x060084cc                SortList
                0x060084ca                MaxPolygons
                0x060084e8                CommandBuf
                0x060084fc                MaxWorks
                0x060084fe                WorkSize
                0x060084f4                PCM_WkSize
                0x060084ec                CLOfstBuf
                0x06008600                RemainWork
                0x060084f0                PCM_Work
                0x060084c0                MasterStack
                0x060084c4                SlaveStack
                0x060084c8                MaxVertices
                0x060084f8                MaxEvents
                0x060084d8                Zbuffer
                0x060084e0                SpriteBufSize
                0x0600aa00                WorkBuf
                0x060084d4                TransList
                0x060084e4                Pbuffer
                0x060084d0                SortListSize
                0x060084fa                EventSize
                0x06008a00                EventBuf
 SLPROG         0x0600ea00      0xfc8 C:\saturn\sgl302j/lib\libsgl.a(sglH00.o)
                0x0600ea9c                slSetPortData1
                0x0600ea8c                slGetPortData1
                0x0600f27a                slSetPortMode1
                0x0600f4b4                Smpc_Status
                0x0600ea52                slSetPortDir2
                0x0600f098                slSmpcCashSend
                0x0600eab8                slGetPortSelect1
                0x0600ee9e                slIntBackCancel
                0x0600eb50                slSetPortExt1
                0x0600f260                slGetPortMode1
                0x0600f154                slSmpcCashBlow
                0x0600f444                slRequestCommand
                0x0600f4e4                SmpcStatusBuf
                0x0600eaa6                slSetPortData2
                0x0600ee06                slSetResultBuffer
                0x0600eb3c                slGetPortExt1
                0x0600eb80                slSetPortExt2
                0x0600ea20                slGetPortDir2
                0x0600eb46                slGetPortExt2
                0x0600eed2                slClearReset
                0x0600eec8                slCheckReset
                0x0600ea28                slSetPortDir1
                0x0600eb00                slSetPortSelect2
                0x0600eacc                slSetPortSelect1
                0x0600f26c                slGetPortMode2
                0x0600eac2                slGetPortSelect2
                0x0600ea18                slGetPortDir1
                0x0600ea94                slGetPortData2
                0x0600f23a                slSetOptimize
                0x0600f230                slGetOptimize
                0x0600ecf4                slSmpcDirectAccess
                0x0600f4c2                Per_Connect1
                0x0600ed74                slInitPeripheral
                0x0600ee92                slCheckIntBackSet
                0x0600f4c3                Per_Connect2
                0x0600f4bc                Smpc_Peripheral
                0x0600f2b8                slSetPortMode2
                0x0600f4b8                Smpc_Result
 *fill*         0x0600f9c8        0x8 00
 SLPROG         0x0600f9d0     0x20b6 C:\saturn\sgl302j/lib\libsgl.a(sglA04.o)
                0x0600fa84                atan_tbl
                0x0600f9d0                slAtan
 *fill*         0x06011a86        0xa 00
 SLPROG         0x06011a90     0x411e C:\saturn\sgl302j/lib\libsgl.a(sglA01.o)
                0x06011b6c                sin_cos_index_tbl
                0x06011a90                slSin
                0x06011bac                sin_tbl
                0x06011ad8                GetSinCos
                0x06011ab4                slCos
 *fill*         0x06015bae        0x2 00
 SLPROG         0x06015bb0        0xa C:\saturn\sgl302j/lib\libsgl.a(sglA06.o)
                0x06015bb0                slMulFX
 *fill*         0x06015bba        0x6 00
 SLPROG         0x06015bc0       0x4e C:\saturn\sgl302j/lib\libsgl.a(sglF00.o)
                0x06015bda                slLocate
                0x06015bd0                slCurColor
                0x06015c0c                CurrentScreen
                0x06015bc0                slCurScrn
 *fill*         0x06015c0e        0x2 00
 SLPROG         0x06015c10       0x1c C:\saturn\sgl302j/lib\libsgl.a(sglF05.o)
                0x06015c10                slPrint
 *fill*         0x06015c2c        0x4 00
 SLPROG         0x06015c30       0x3c C:\saturn\sgl302j/lib\libsgl.a(sglF02.o)
                0x06015c30                slPrintHex
 *fill*         0x06015c6c        0x4 00
 SLPROG         0x06015c70       0xfa C:\saturn\sgl302j/lib\libsgl.a(sglC06.o)
                0x06015c70                slDispSprite
 *fill*         0x06015d6a        0x6 00
 SLPROG         0x06015d70      0x3a4 C:\saturn\sgl302j/lib\libsgl.a(sglI01.o)
                0x06015f5a                RetPCMBuf
                0x06016094                Sound_Buf
                0x06015d70                slInitSynch
                0x06015e80                slRandom
                0x06015ff4                PCM_Buf
                0x06015d8a                slSynch
                0x06015e9e                PCM_EndCheck
 *fill*         0x06016114        0xc 00
 SLPROG         0x06016120      0x12a C:\saturn\sgl302j/lib\libsgl.a(sglF03.o)
                0x06016120                slPrintFX
 *fill*         0x0601624a        0x6 00
 SLPROG         0x06016250      0x40c C:\saturn\sgl302j/lib\libsgl.a(sglB015.o)
                0x06016250                slScrAutoDisp
 *fill*         0x0601665c        0x4 00
 SLPROG         0x06016660       0x20 C:\saturn\sgl302j/lib\libsgl.a(sglB001.o)
                0x06016660                slTVOn
                0x0601666a                slTVOff
 SLPROG         0x06016680       0x84 C:\saturn\sgl302j/lib\libsgl.a(sglD00.o)
                0x06016680                slDMACopy
                0x06016680                slCpuDMACopy
                0x060166da                slCashPurge
                0x060166da                CSH_AllClr
 *fill*         0x06016704        0xc 00
 SLPROG         0x06016710       0x1e C:\saturn\sgl302j/lib\libsgl.a(sglB002.o)
                0x06016710                slColRAMMode
 *fill*         0x0601672e        0x2 00
 SLPROG         0x06016730        0xc C:\saturn\sgl302j/lib\libsgl.a(sglB016.o)
                0x06016730                slBack1ColSet
 *fill*         0x0601673c        0x4 00
 SLPROG         0x06016740      0x114 C:\saturn\sgl302j/lib\libsgl.a(sglB200.o)
                0x0601674c                slCharNbg0
                0x06016792                slPageRbg0
                0x060167a8                slPageNbg1
                0x06016758                slCharNbg1
                0x060167c4                slPageNbg0
                0x060167b0                slPageNbg2
                0x060167b8                slPageNbg3
                0x06016764                slCharNbg2
                0x0601677a                slCharNbg3
                0x06016740                slCharRbg0
 *fill*         0x06016854        0xc 00
 SLPROG         0x06016860       0x10 C:\saturn\sgl302j/lib\libsgl.a(sglB058.o)
                0x06016860                slPlaneNbg3
 SLPROG         0x06016870       0xb4 C:\saturn\sgl302j/lib\libsgl.a(sglB034.o)
                0x06016870                slMapNbg3
 *fill*         0x06016924        0xc 00
 SLPROG         0x06016930       0x10 C:\saturn\sgl302j/lib\libsgl.a(sglB073.o)
                0x06016930                slScrPosNbg3
 SLPROG         0x06016940        0xc C:\saturn\sgl302j/lib\libsgl.a(sglB063.o)
                0x06016940                slPriority
 *fill*         0x0601694c        0x4 00
 SLPROG         0x06016950       0x10 C:\saturn\sgl302j/lib\libsgl.a(sglB020.o)
                0x06016950                slColorCalc
 SLPROG         0x06016960        0xc C:\saturn\sgl302j/lib\libsgl.a(sglB023.o)
                0x06016960                slColRate
 *fill*         0x0601696c        0x4 00
 SLPROG         0x06016970        0xc C:\saturn\sgl302j/lib\libsgl.a(sglB056.o)
                0x06016970                slPlaneNbg1
 *fill*         0x0601697c        0x4 00
 SLPROG         0x06016980       0xb4 C:\saturn\sgl302j/lib\libsgl.a(sglB032.o)
                0x06016980                slMapNbg1
 *fill*         0x06016a34        0xc 00
 SLPROG         0x06016a40        0xc C:\saturn\sgl302j/lib\libsgl.a(sglB090.o)
                0x06016a40                slLineScrollMode
 *fill*         0x06016a4c        0x4 00
 SLPROG         0x06016a50        0x8 C:\saturn\sgl302j/lib\libsgl.a(sglB088.o)
                0x06016a50                slLineScrollTable1
 *fill*         0x06016a58        0x8 00
 SLPROG         0x06016a60        0xc C:\saturn\sgl302j/lib\libsgl.a(sglB071.o)
                0x06016a60                slScrPosNbg1
 *fill*         0x06016a6c        0x4 00
 SLPROG         0x06016a70       0x10 C:\saturn\sgl302j/lib\libsgl.a(sglB057.o)
                0x06016a70                slPlaneNbg2
 SLPROG         0x06016a80       0xb0 C:\saturn\sgl302j/lib\libsgl.a(sglB033.o)
                0x06016a80                slMapNbg2
 SLPROG         0x06016b30       0x10 C:\saturn\sgl302j/lib\libsgl.a(sglB072.o)
                0x06016b30                slScrPosNbg2
 SLPROG         0x06016b40       0x20 C:\saturn\sgl302j/lib\libsgl.a(sglA00.o)
                0x06016b54                get_imask
                0x06016b40                set_imask
                0x06016b40                _builtin_set_imask
                0x06016b54                _builtin_get_imask
 SLPROG         0x06016b60       0x74 C:\saturn\sgl302j/lib\libsgl.a(sglJ00.o)
                0x06016b60                InitSlaveSH
                0x06016bc8                SlaveCommand
 *fill*         0x06016bd4        0xc 00
 SLPROG         0x06016be0      0x42c C:\saturn\sgl302j/lib\libsgl.a(sglA20.o)
                0x06016be0                slInitMatrix
                0x06016bfe                slUnitMatrix
                0x06016bea                slPushUnitMatrix
 *fill*         0x0601700c        0x4 00
 SLPROG         0x06017010      0xbd0 C:\saturn\sgl302j/lib\libsgl.a(sglB000.o)
                0x06017010                slInitScroll
                0x06017270                TVSizeTbl
                0x06017160                setASC_4to8
                0x060172f0                TVModeTbl
                0x06017130                setASC_1to8
                0x060174c8                SGL_ASCII_CG
 SLPROG         0x06017be0      0x3d0 C:\saturn\sgl302j/lib\libsgl.a(sglJ01.o)
                0x06017be0                SlaveControl
                0x06017f9c                ErasePolygonData
 SLPROG         0x06017fb0      0x75c C:\saturn\sgl302j/lib\libsgl.a(sglI00.o)
                0x060182a0                slInitInterrupt
 *fill*         0x0601870c        0x4 00
 SLPROG         0x06018710      0x134 C:\saturn\sgl302j/lib\libsgl.a(sglC00.o)
                0x06018710                slInitSprite
 *fill*         0x06018844        0xc 00
 SLPROG         0x06018850      0x470 C:\saturn\sgl302j/lib\libsgl.a(sglH02.o)
                0x06018c40                smpc_pfr_tbl
                0x06018c80                smpc_ptf_tbl
 SLPROG         0x06018cc0       0x60 C:\saturn\sgl302j/lib\libsgl.a(sglH04.o)
                0x06018cea                slComPrmSetTime
                0x06018cc0                slComPrmIntBack
                0x06018cd4                slComPrmSetMemory
 SLPROG         0x06018d20       0x40 C:\saturn\sgl302j/lib\libsgl.a(sglC20.o)
                0x06018d20                SpriteEntry
 SLPROG         0x06018d60       0xd4 C:\saturn\sgl302j/lib\libsgl.a(sglB035.o)
                0x06018d60                sl1MapRA
                0x06018df2                rbank_set
 *fill*         0x06018e34        0xc 00
 SLPROG         0x06018e40      0x140 C:\saturn\sgl302j/lib\libsgl.a(sglJ03.o)
                0x06018e40                sbMakeDMATable
 SLPROG         0x06018f80     0x12b8 C:\saturn\sgl302j/lib\libsgl.a(sglJ02.o)
                0x0601a1b4                stvtc_1
                0x06019eec                stvtc_4
                0x06019eac                SetPolygon
                0x06019fa4                stvtc_3
                0x0601a1dc                stvtc_0
                0x06019eb4                SetPosition
                0x06019168                sbCalcPolygon
                0x06019ea0                SetTexture
                0x06018f80                sbMakePolygon
                0x0601a1c8                stvtc_2
 *fill*         0x0601a238        0x8 00
 SLPROG         0x0601a240      0x470 C:\saturn\sgl302j/lib\libsgl.a(sglJ04.o)
                0x0601a304                sbMakeRotSprite
                0x0601a29e                sbMakeSprite
 SLPROG         0x0601a6b0       0x3c C:\saturn\sgl302j/lib\libsgl.a(sglJ05.o)
                0x0601a6b0                sbSortEntry
 *fill*         0x0601a6ec        0x4 00
 SLPROG         0x0601a6f0       0xf0 C:\saturn\sgl302j/lib\libsgl.a(sglH03.o)
                0x0601a754                slSmpcIntBack
 SLPROG         0x0601a7e0       0x6a C:\saturn\sgl302j/lib\libsgl.a(sglM01.o)
                0x0601a80c                slSetDepthTbl
                0x0601a83c                DepthWorkArea
                0x0601a7e0                slSetDepthLimit
                0x0601a84a                __slprog_end = .

.tors           0x0601a850        0x0
                0x0601a850                ___ctors = .
 *(.ctors)
                0x0601a850                ___ctors_end = .
                0x0601a850                ___dtors = .
 *(.dtors)
                0x0601a850                ___dtors_end = .

.data           0x0601a850     0xf640
 *(.data)
 .data          0x0601a850       0xb0 main.o
                0x0601a850                spritepos2
                0x0601a880                spritepos1
 .data          0x0601a900     0xec60 assets.o
                0x0601b700                pal_cloud
                0x0601a900                pal_gradient
                0x06026b80                texture_sprites010
                0x06026300                texture_sprites022
                0x06026b00                texture_sprites011
                0x0601b300                cel_gradient
                0x06026c80                texture_sprites008
                0x06026a00                texture_sprites013
                0x06025300                pic_sprites
                0x0601ab00                map_gradient
                0x06022900                map_map2
                0x06027080                texture_sprites003
                0x06026900                texture_sprites015
                0x06025780                texture_sprites037
                0x06025440                tex_sprites
                0x06025980                texture_sprites035
                0x06026180                texture_sprites025
                0x06026880                texture_sprites016
                0x06026080                texture_sprites027
                0x06025a80                texture_sprites034
                0x06026000                texture_sprites028
                0x06025f80                texture_sprites029
                0x06026c00                texture_sprites009
                0x06027280                texture_sprites002
                0x06027560                texture_sprites000
                0x06025c80                texture_sprites032
                0x0601c100                cel_cloud
                0x0601d600                cel_road
                0x06026980                texture_sprites014
                0x06026800                texture_sprites017
                0x06026700                texture_sprites019
                0x0601ce00                map_road
                0x06025e80                texture_sprites030
                0x06027000                texture_sprites004
                0x060274e0                texture_sprites001
                0x06025b80                texture_sprites033
                0x06023b00                map_face
                0x06025880                texture_sprites036
                0x0601cc00                pal_road
                0x06023100                map_map1
                0x06026a80                texture_sprites012
                0x06026d80                texture_sprites006
                0x06026100                texture_sprites026
                0x06026200                texture_sprites024
                0x06026780                texture_sprites018
                0x06025d80                texture_sprites031
                0x06025680                texture_sprites038
                0x06026500                texture_sprites021
                0x06026d00                texture_sprites007
                0x06023900                pal_face
                0x06024300                cel_face
                0x0601b900                map_cloud
                0x06026e00                texture_sprites005
                0x06026280                texture_sprites023
                0x06025580                texture_sprites039
 .data          0x06029560      0x120 game.o
                0x06029564                DIGITS
                0x06029622                ZERO_ATTR
                0x06029618                ONE_ATTR
                0x0602964a                SCLERA_ATTR
                0x06029636                SHOT_ATTR
                0x060295b4                SPR_SIZE
                0x06029640                CIRCLE_ATTR
                0x06029560                scale
                0x06029654                EYE_ATTR
                0x060295d2                EIGHT_ATTR
                0x0602960e                TWO_ATTR
                0x0602962c                PUSH_ATTR
                0x060295f0                FIVE_ATTR
                0x060295a0                SPR_ATTRS
                0x060295e6                SIX_ATTR
                0x0602965e                PLAYER_ATTR
                0x060295c8                NINE_ATTR
                0x060295dc                SEVEN_ATTR
                0x060295fa                FOUR_ATTR
                0x06029604                THREE_ATTR
                0x0602958c                POINTS
 .data          0x06029680       0x80 C:\saturn\sgl302j/lib\libsgl.a(sglIc0.o)
                0x06029680                IntPrioMask
 .data          0x06029700      0x380 c:/saturn/SH_COFF/sh-coff/bin/../lib/gcc/sh-coff/3.4-GNUSH_v0501/../../../../sh-coff/lib/m2\libc.a(impure.o)
                0x06029a7c                _impure_ptr
 .data          0x06029a80      0x410 c:/saturn/SH_COFF/sh-coff/bin/../lib/gcc/sh-coff/3.4-GNUSH_v0501/../../../../sh-coff/lib/m2\libc.a(mallocr.o)
                0x06029a88                __malloc_av_
                0x06029a84                __malloc_trim_threshold
                0x06029a80                __malloc_sbrk_base
                0x06029e90                __edata = .

.bss            0x06029e90     0x2754
                0x06029e90                __bstart = .
 *(.bss)
 .bss           0x06029e90      0x200 assets.o
                0x06029e90                texture_sprites020
 .bss           0x0602a090       0x40 game.o
                0x0602a090                bgMode
                0x0602a094                screenY
                0x0602a098                screenX
                0x0602a09c                scaleSpeed
                0x0602a0a0                playerState
 .bss           0x0602a0d0       0x10 linescroll.o
 .bss           0x0602a0e0       0x10 tilemap.o
 .bss           0x0602a0f0       0x10 c:/saturn/SH_COFF/sh-coff/bin/../lib/gcc/sh-coff/3.4-GNUSH_v0501/m2\libgcc.a(__main.o)
 .bss           0x0602a100       0x10 c:/saturn/SH_COFF/sh-coff/bin/../lib/gcc/sh-coff/3.4-GNUSH_v0501/../../../../sh-coff/lib/m2\libc.a(atexit.o)
 .bss           0x0602a110       0x40 c:/saturn/SH_COFF/sh-coff/bin/../lib/gcc/sh-coff/3.4-GNUSH_v0501/../../../../sh-coff/lib/m2\libc.a(mallocr.o)
                0x0602a140                __malloc_top_pad
                0x0602a110                __malloc_current_mallinfo
                0x0602a13c                __malloc_max_sbrked_mem
                0x0602a138                __malloc_max_total_mem
 .bss           0x0602a150       0x10 c:/saturn/SH_COFF/sh-coff/bin/../lib/gcc/sh-coff/3.4-GNUSH_v0501/../../../../sh-coff/lib/m2\libc.a(syscalls.o)
 *(COMMON)
 COMMON         0x0602a160     0x2471 game.o
                                  0x0 (size before relaxing)
                0x0602a160                sprites
                0x0602bd80                numSprites
                0x0602bd90                playfield
                0x0602c590                eye1Index
                0x0602c5a0                defaultSprite
                0x0602c5c4                bgLayers
                0x0602c5c8                eye2Index
                0x0602c5cc                gameState
                0x0602c5d0                dispFace
 *fill*         0x0602c5d1        0xf 00
 COMMON         0x0602c5e0        0x4 c:/saturn/SH_COFF/sh-coff/bin/../lib/gcc/sh-coff/3.4-GNUSH_v0501/../../../../sh-coff/lib/m2\libc.a(syscalls.o)
                                  0x0 (size before relaxing)
                0x0602c5e0                errno
                0x0602c5e4                __bend = .
                0x0602c5e4                _end = .
LOAD C:\saturn\sgl302j\SAMPLE\common/cinit.o
LOAD C:\saturn\sgl302j/lib/sglarea.o
LOAD main.o
LOAD assets.o
LOAD game.o
LOAD linescroll.o
LOAD scrollfunctions.o
LOAD spritelist.o
LOAD tilemap.o
LOAD C:\saturn\sgl302j/lib\libsgl.a
LOAD c:/saturn/SH_COFF/sh-coff/bin/../lib/gcc/sh-coff/3.4-GNUSH_v0501/m2\libgcc.a
LOAD c:/saturn/SH_COFF/sh-coff/bin/../lib/gcc/sh-coff/3.4-GNUSH_v0501/../../../../sh-coff/lib/m2\libc.a
LOAD c:/saturn/SH_COFF/sh-coff/bin/../lib/gcc/sh-coff/3.4-GNUSH_v0501/m2\libgcc.a
OUTPUT(sl.coff coff-sh)

.comment        0x0602c5f0      0x3a0
 .comment       0x0602c5f0       0x20 C:\saturn\sgl302j\SAMPLE\common/cinit.o
 .comment       0x0602c610       0x20 main.o
 .comment       0x0602c630       0x20 assets.o
 .comment       0x0602c650       0x20 game.o
 .comment       0x0602c670       0x20 linescroll.o
 .comment       0x0602c690       0x20 scrollfunctions.o
 .comment       0x0602c6b0       0x20 spritelist.o
 .comment       0x0602c6d0       0x20 tilemap.o
 .comment       0x0602c6f0       0x20 c:/saturn/SH_COFF/sh-coff/bin/../lib/gcc/sh-coff/3.4-GNUSH_v0501/m2\libgcc.a(__main.o)
 .comment       0x0602c710       0x20 c:/saturn/SH_COFF/sh-coff/bin/../lib/gcc/sh-coff/3.4-GNUSH_v0501/m2\libgcc.a(_si_to_df.o)
 .comment       0x0602c730       0x20 c:/saturn/SH_COFF/sh-coff/bin/../lib/gcc/sh-coff/3.4-GNUSH_v0501/m2\libgcc.a(_mul_df.o)
 .comment       0x0602c750       0x20 c:/saturn/SH_COFF/sh-coff/bin/../lib/gcc/sh-coff/3.4-GNUSH_v0501/m2\libgcc.a(_div_df.o)
 .comment       0x0602c770       0x20 c:/saturn/SH_COFF/sh-coff/bin/../lib/gcc/sh-coff/3.4-GNUSH_v0501/m2\libgcc.a(_df_to_si.o)
 .comment       0x0602c790       0x20 c:/saturn/SH_COFF/sh-coff/bin/../lib/gcc/sh-coff/3.4-GNUSH_v0501/m2\libgcc.a(_pack_df.o)
 .comment       0x0602c7b0       0x20 c:/saturn/SH_COFF/sh-coff/bin/../lib/gcc/sh-coff/3.4-GNUSH_v0501/m2\libgcc.a(_unpack_df.o)
 .comment       0x0602c7d0       0x20 c:/saturn/SH_COFF/sh-coff/bin/../lib/gcc/sh-coff/3.4-GNUSH_v0501/m2\libgcc.a(_thenan_df.o)
 .comment       0x0602c7f0       0x20 c:/saturn/SH_COFF/sh-coff/bin/../lib/gcc/sh-coff/3.4-GNUSH_v0501/m2\libgcc.a(_lshrdi3.o)
 .comment       0x0602c810       0x20 c:/saturn/SH_COFF/sh-coff/bin/../lib/gcc/sh-coff/3.4-GNUSH_v0501/m2\libgcc.a(_ashldi3.o)
 .comment       0x0602c830       0x20 c:/saturn/SH_COFF/sh-coff/bin/../lib/gcc/sh-coff/3.4-GNUSH_v0501/../../../../sh-coff/lib/m2\libc.a(atexit.o)
 .comment       0x0602c850       0x20 c:/saturn/SH_COFF/sh-coff/bin/../lib/gcc/sh-coff/3.4-GNUSH_v0501/../../../../sh-coff/lib/m2\libc.a(impure.o)
 .comment       0x0602c870       0x20 c:/saturn/SH_COFF/sh-coff/bin/../lib/gcc/sh-coff/3.4-GNUSH_v0501/../../../../sh-coff/lib/m2\libc.a(malloc.o)
 .comment       0x0602c890       0x20 c:/saturn/SH_COFF/sh-coff/bin/../lib/gcc/sh-coff/3.4-GNUSH_v0501/../../../../sh-coff/lib/m2\libc.a(mallocr.o)
 .comment       0x0602c8b0       0x20 c:/saturn/SH_COFF/sh-coff/bin/../lib/gcc/sh-coff/3.4-GNUSH_v0501/../../../../sh-coff/lib/m2\libc.a(freer.o)
 .comment       0x0602c8d0       0x20 c:/saturn/SH_COFF/sh-coff/bin/../lib/gcc/sh-coff/3.4-GNUSH_v0501/../../../../sh-coff/lib/m2\libc.a(mlock.o)
 .comment       0x0602c8f0       0x20 c:/saturn/SH_COFF/sh-coff/bin/../lib/gcc/sh-coff/3.4-GNUSH_v0501/../../../../sh-coff/lib/m2\libc.a(sbrkr.o)
 .comment       0x0602c910       0x20 c:/saturn/SH_COFF/sh-coff/bin/../lib/gcc/sh-coff/3.4-GNUSH_v0501/../../../../sh-coff/lib/m2\libc.a(syscalls.o)
 .comment       0x0602c930       0x20 c:/saturn/SH_COFF/sh-coff/bin/../lib/gcc/sh-coff/3.4-GNUSH_v0501/../../../../sh-coff/lib/m2\libc.a(abort.o)
 .comment       0x0602c950       0x20 c:/saturn/SH_COFF/sh-coff/bin/../lib/gcc/sh-coff/3.4-GNUSH_v0501/../../../../sh-coff/lib/m2\libc.a(signal.o)
 .comment       0x0602c970       0x20 c:/saturn/SH_COFF/sh-coff/bin/../lib/gcc/sh-coff/3.4-GNUSH_v0501/../../../../sh-coff/lib/m2\libc.a(signalr.o)
