Archive member included because of file (symbol)

C:\saturn\sgl302j/lib\libsgl.a(sglF00.o)
                              main.o (slLocate)
C:\saturn\sgl302j/lib\libsgl.a(sglF05.o)
                              main.o (slPrint)
C:\saturn\sgl302j/lib\libsgl.a(sglH00.o)
                              main.o (Smpc_Peripheral)
C:\saturn\sgl302j/lib\libsgl.a(sglB002.o)
                              main.o (slColRAMMode)
C:\saturn\sgl302j/lib\libsgl.a(sglB016.o)
                              main.o (slBack1ColSet)
C:\saturn\sgl302j/lib\libsgl.a(sglB038.o)
                              main.o (slRparaInitSet)
C:\saturn\sgl302j/lib\libsgl.a(sglB200.o)
                              main.o (slCharNbg1)
C:\saturn\sgl302j/lib\libsgl.a(sglB059.o)
                              main.o (slPlaneRA)
C:\saturn\sgl302j/lib\libsgl.a(sglB035.o)
                              main.o (sl1MapRA)
C:\saturn\sgl302j/lib\libsgl.a(sglB047.o)
                              main.o (slOverRA)
C:\saturn\sgl302j/lib\libsgl.a(sglB023.o)
                              main.o (slColRate)
C:\saturn\sgl302j/lib\libsgl.a(sglB079.o)
                              main.o (slDispCenterR)
C:\saturn\sgl302j/lib\libsgl.a(sglB078.o)
                              main.o (slLookR)
C:\saturn\sgl302j/lib\libsgl.a(sglB056.o)
                              main.o (slPlaneNbg1)
C:\saturn\sgl302j/lib\libsgl.a(sglB032.o)
                              main.o (slMapNbg1)
C:\saturn\sgl302j/lib\libsgl.a(sglB071.o)
                              main.o (slScrPosNbg1)
C:\saturn\sgl302j/lib\libsgl.a(sglB063.o)
                              main.o (slPriority)
C:\saturn\sgl302j/lib\libsgl.a(sglB020.o)
                              main.o (slColorCalc)
C:\saturn\sgl302j/lib\libsgl.a(sglB057.o)
                              main.o (slPlaneNbg2)
C:\saturn\sgl302j/lib\libsgl.a(sglB033.o)
                              main.o (slMapNbg2)
C:\saturn\sgl302j/lib\libsgl.a(sglB072.o)
                              main.o (slScrPosNbg2)
C:\saturn\sgl302j/lib\libsgl.a(sglB058.o)
                              main.o (slPlaneNbg3)
C:\saturn\sgl302j/lib\libsgl.a(sglB034.o)
                              main.o (slMapNbg3)
C:\saturn\sgl302j/lib\libsgl.a(sglB073.o)
                              main.o (slScrPosNbg3)
C:\saturn\sgl302j/lib\libsgl.a(sglB021.o)
                              main.o (slColorCalcOn)
C:\saturn\sgl302j/lib\libsgl.a(sglB015.o)
                              main.o (slScrAutoDisp)
C:\saturn\sgl302j/lib\libsgl.a(sglB054.o)
                              main.o (slZoomR)
C:\saturn\sgl302j/lib\libsgl.a(sglI01.o)
                              main.o (slSynch)
C:\saturn\sgl302j/lib\libsgl.a(sglA01.o)
                              main.o (slSin)
C:\saturn\sgl302j/lib\libsgl.a(sglA07.o)
                              main.o (slDivFX)
C:\saturn\sgl302j/lib\libsgl.a(sglA06.o)
                              main.o (slMulFX)
C:\saturn\sgl302j/lib\libsgl.a(sglC06.o)
                              main.o (slDispSprite)
C:\saturn\sgl302j/lib\libsgl.a(sglIc0.o)
                              main.o (slInitSystem)
C:\saturn\sgl302j/lib\libsgl.a(sglB001.o)
                              main.o (slTVOn)
C:\saturn\sgl302j/lib\libsgl.a(sglD00.o)
                              main.o (slDMACopy)
C:\saturn\sgl302j/lib\libsgl.a(sglH02.o)
                              C:\saturn\sgl302j/lib\libsgl.a(sglH00.o) (smpc_pfr_tbl)
C:\saturn\sgl302j/lib\libsgl.a(sglH04.o)
                              C:\saturn\sgl302j/lib\libsgl.a(sglH00.o) (slComPrmIntBack)
C:\saturn\sgl302j/lib\libsgl.a(sglC20.o)
                              C:\saturn\sgl302j/lib\libsgl.a(sglC06.o) (SpriteEntry)
C:\saturn\sgl302j/lib\libsgl.a(sglA00.o)
                              C:\saturn\sgl302j/lib\libsgl.a(sglIc0.o) (_builtin_set_imask)
C:\saturn\sgl302j/lib\libsgl.a(sglK01.o)
                              C:\saturn\sgl302j/lib\libsgl.a(sglIc0.o) (SynchCount)
C:\saturn\sgl302j/lib\libsgl.a(sglJ00.o)
                              C:\saturn\sgl302j/lib\libsgl.a(sglIc0.o) (InitSlaveSH)
C:\saturn\sgl302j/lib\libsgl.a(sglA20.o)
                              C:\saturn\sgl302j/lib\libsgl.a(sglIc0.o) (slInitMatrix)
C:\saturn\sgl302j/lib\libsgl.a(sglB000.o)
                              C:\saturn\sgl302j/lib\libsgl.a(sglIc0.o) (slInitScroll)
C:\saturn\sgl302j/lib\libsgl.a(sglJ01.o)
                              C:\saturn\sgl302j/lib\libsgl.a(sglIc0.o) (SlaveControl)
C:\saturn\sgl302j/lib\libsgl.a(sglI00.o)
                              C:\saturn\sgl302j/lib\libsgl.a(sglIc0.o) (slInitInterrupt)
C:\saturn\sgl302j/lib\libsgl.a(sglC00.o)
                              C:\saturn\sgl302j/lib\libsgl.a(sglIc0.o) (slInitSprite)
C:\saturn\sgl302j/lib\libsgl.a(sglJ03.o)
                              C:\saturn\sgl302j/lib\libsgl.a(sglJ01.o) (sbMakeDMATable)
C:\saturn\sgl302j/lib\libsgl.a(sglJ02.o)
                              C:\saturn\sgl302j/lib\libsgl.a(sglJ01.o) (sbMakePolygon)
C:\saturn\sgl302j/lib\libsgl.a(sglJ04.o)
                              C:\saturn\sgl302j/lib\libsgl.a(sglJ01.o) (sbMakeSprite)
C:\saturn\sgl302j/lib\libsgl.a(sglJ05.o)
                              C:\saturn\sgl302j/lib\libsgl.a(sglJ01.o) (sbSortEntry)
C:\saturn\sgl302j/lib\libsgl.a(sglH03.o)
                              C:\saturn\sgl302j/lib\libsgl.a(sglI00.o) (slSmpcIntBack)
C:\saturn\sgl302j/lib\libsgl.a(sglM01.o)
                              C:\saturn\sgl302j/lib\libsgl.a(sglJ02.o) (DepthWorkArea)
c:/saturn/SH_COFF/sh-coff/bin/../lib/gcc/sh-coff/3.4-GNUSH_v0501/m2\libgcc.a(__main.o)
                              C:\saturn\sgl302j\SAMPLE\common/cinit.o (__main)
c:/saturn/SH_COFF/sh-coff/bin/../lib/gcc/sh-coff/3.4-GNUSH_v0501/m2\libgcc.a(_si_to_df.o)
                              main.o (__floatsidf)
c:/saturn/SH_COFF/sh-coff/bin/../lib/gcc/sh-coff/3.4-GNUSH_v0501/m2\libgcc.a(_mul_df.o)
                              main.o (__muldf3)
c:/saturn/SH_COFF/sh-coff/bin/../lib/gcc/sh-coff/3.4-GNUSH_v0501/m2\libgcc.a(_div_df.o)
                              main.o (__divdf3)
c:/saturn/SH_COFF/sh-coff/bin/../lib/gcc/sh-coff/3.4-GNUSH_v0501/m2\libgcc.a(_df_to_si.o)
                              main.o (__fixdfsi)
c:/saturn/SH_COFF/sh-coff/bin/../lib/gcc/sh-coff/3.4-GNUSH_v0501/m2\libgcc.a(_ashiftrt_n.o)
                              main.o (__ashrsi3)
c:/saturn/SH_COFF/sh-coff/bin/../lib/gcc/sh-coff/3.4-GNUSH_v0501/m2\libgcc.a(_pack_df.o)
                              c:/saturn/SH_COFF/sh-coff/bin/../lib/gcc/sh-coff/3.4-GNUSH_v0501/m2\libgcc.a(_si_to_df.o) (__pack_d)
c:/saturn/SH_COFF/sh-coff/bin/../lib/gcc/sh-coff/3.4-GNUSH_v0501/m2\libgcc.a(_unpack_df.o)
                              c:/saturn/SH_COFF/sh-coff/bin/../lib/gcc/sh-coff/3.4-GNUSH_v0501/m2\libgcc.a(_mul_df.o) (__unpack_d)
c:/saturn/SH_COFF/sh-coff/bin/../lib/gcc/sh-coff/3.4-GNUSH_v0501/m2\libgcc.a(_thenan_df.o)
                              c:/saturn/SH_COFF/sh-coff/bin/../lib/gcc/sh-coff/3.4-GNUSH_v0501/m2\libgcc.a(_mul_df.o) (__thenan_df)
c:/saturn/SH_COFF/sh-coff/bin/../lib/gcc/sh-coff/3.4-GNUSH_v0501/m2\libgcc.a(_lshrdi3.o)
                              c:/saturn/SH_COFF/sh-coff/bin/../lib/gcc/sh-coff/3.4-GNUSH_v0501/m2\libgcc.a(_df_to_si.o) (__lshrdi3)
c:/saturn/SH_COFF/sh-coff/bin/../lib/gcc/sh-coff/3.4-GNUSH_v0501/m2\libgcc.a(_ashldi3.o)
                              c:/saturn/SH_COFF/sh-coff/bin/../lib/gcc/sh-coff/3.4-GNUSH_v0501/m2\libgcc.a(_pack_df.o) (__ashldi3)
c:/saturn/SH_COFF/sh-coff/bin/../lib/gcc/sh-coff/3.4-GNUSH_v0501/m2\libgcc.a(_ashiftlt.o)
                              c:/saturn/SH_COFF/sh-coff/bin/../lib/gcc/sh-coff/3.4-GNUSH_v0501/m2\libgcc.a(_lshrdi3.o) (__ashlsi3)
c:/saturn/SH_COFF/sh-coff/bin/../lib/gcc/sh-coff/3.4-GNUSH_v0501/m2\libgcc.a(_lshiftrt.o)
                              c:/saturn/SH_COFF/sh-coff/bin/../lib/gcc/sh-coff/3.4-GNUSH_v0501/m2\libgcc.a(_lshrdi3.o) (__lshrsi3)
c:/saturn/SH_COFF/sh-coff/bin/../lib/gcc/sh-coff/3.4-GNUSH_v0501/../../../../sh-coff/lib/m2\libc.a(malloc.o)
                              main.o (malloc)
c:/saturn/SH_COFF/sh-coff/bin/../lib/gcc/sh-coff/3.4-GNUSH_v0501/../../../../sh-coff/lib/m2\libc.a(memcpy.o)
                              main.o (memcpy)
c:/saturn/SH_COFF/sh-coff/bin/../lib/gcc/sh-coff/3.4-GNUSH_v0501/../../../../sh-coff/lib/m2\libc.a(atexit.o)
                              c:/saturn/SH_COFF/sh-coff/bin/../lib/gcc/sh-coff/3.4-GNUSH_v0501/m2\libgcc.a(__main.o) (atexit)
c:/saturn/SH_COFF/sh-coff/bin/../lib/gcc/sh-coff/3.4-GNUSH_v0501/../../../../sh-coff/lib/m2\libc.a(impure.o)
                              c:/saturn/SH_COFF/sh-coff/bin/../lib/gcc/sh-coff/3.4-GNUSH_v0501/../../../../sh-coff/lib/m2\libc.a(malloc.o) (_impure_ptr)
c:/saturn/SH_COFF/sh-coff/bin/../lib/gcc/sh-coff/3.4-GNUSH_v0501/../../../../sh-coff/lib/m2\libc.a(mallocr.o)
                              c:/saturn/SH_COFF/sh-coff/bin/../lib/gcc/sh-coff/3.4-GNUSH_v0501/../../../../sh-coff/lib/m2\libc.a(malloc.o) (_malloc_r)
c:/saturn/SH_COFF/sh-coff/bin/../lib/gcc/sh-coff/3.4-GNUSH_v0501/../../../../sh-coff/lib/m2\libc.a(freer.o)
                              c:/saturn/SH_COFF/sh-coff/bin/../lib/gcc/sh-coff/3.4-GNUSH_v0501/../../../../sh-coff/lib/m2\libc.a(malloc.o) (_free_r)
c:/saturn/SH_COFF/sh-coff/bin/../lib/gcc/sh-coff/3.4-GNUSH_v0501/../../../../sh-coff/lib/m2\libc.a(mlock.o)
                              c:/saturn/SH_COFF/sh-coff/bin/../lib/gcc/sh-coff/3.4-GNUSH_v0501/../../../../sh-coff/lib/m2\libc.a(mallocr.o) (__malloc_lock)
c:/saturn/SH_COFF/sh-coff/bin/../lib/gcc/sh-coff/3.4-GNUSH_v0501/../../../../sh-coff/lib/m2\libc.a(sbrkr.o)
                              c:/saturn/SH_COFF/sh-coff/bin/../lib/gcc/sh-coff/3.4-GNUSH_v0501/../../../../sh-coff/lib/m2\libc.a(mallocr.o) (_sbrk_r)
c:/saturn/SH_COFF/sh-coff/bin/../lib/gcc/sh-coff/3.4-GNUSH_v0501/../../../../sh-coff/lib/m2\libc.a(syscalls.o)
                              c:/saturn/SH_COFF/sh-coff/bin/../lib/gcc/sh-coff/3.4-GNUSH_v0501/../../../../sh-coff/lib/m2\libc.a(sbrkr.o) (_sbrk)
c:/saturn/SH_COFF/sh-coff/bin/../lib/gcc/sh-coff/3.4-GNUSH_v0501/../../../../sh-coff/lib/m2\libc.a(trap.o)
                              c:/saturn/SH_COFF/sh-coff/bin/../lib/gcc/sh-coff/3.4-GNUSH_v0501/../../../../sh-coff/lib/m2\libc.a(syscalls.o) (__trap34)
c:/saturn/SH_COFF/sh-coff/bin/../lib/gcc/sh-coff/3.4-GNUSH_v0501/../../../../sh-coff/lib/m2\libc.a(abort.o)
                              c:/saturn/SH_COFF/sh-coff/bin/../lib/gcc/sh-coff/3.4-GNUSH_v0501/../../../../sh-coff/lib/m2\libc.a(syscalls.o) (abort)
c:/saturn/SH_COFF/sh-coff/bin/../lib/gcc/sh-coff/3.4-GNUSH_v0501/../../../../sh-coff/lib/m2\libc.a(signal.o)
                              c:/saturn/SH_COFF/sh-coff/bin/../lib/gcc/sh-coff/3.4-GNUSH_v0501/../../../../sh-coff/lib/m2\libc.a(abort.o) (raise)
c:/saturn/SH_COFF/sh-coff/bin/../lib/gcc/sh-coff/3.4-GNUSH_v0501/../../../../sh-coff/lib/m2\libc.a(signalr.o)
                              c:/saturn/SH_COFF/sh-coff/bin/../lib/gcc/sh-coff/3.4-GNUSH_v0501/../../../../sh-coff/lib/m2\libc.a(signal.o) (_kill_r)
c:/saturn/SH_COFF/sh-coff/bin/../lib/gcc/sh-coff/3.4-GNUSH_v0501/m2\libgcc.a(_udivsi3.o)
                              c:/saturn/SH_COFF/sh-coff/bin/../lib/gcc/sh-coff/3.4-GNUSH_v0501/../../../../sh-coff/lib/m2\libc.a(freer.o) (__udivsi3)

Allocating common symbols
Common symbol       size              file

defaultSprite       0x28              main.o
errno               0x4               c:/saturn/SH_COFF/sh-coff/bin/../lib/gcc/sh-coff/3.4-GNUSH_v0501/../../../../sh-coff/lib/m2\libc.a(syscalls.o)

Memory Configuration

Name             Origin             Length             Attributes
*default*        0x00000000         0xffffffff

Linker script and memory map


SLSTART         0x06004000       0x30
                0x06004000                ___Start = .
 *(SLSTART)
 SLSTART        0x06004000       0x28 C:\saturn\sgl302j/lib\libsgl.a(sglI00.o)
                0x06004002                slStartSGL
                0x06004000                SGL_Start

.text           0x06004040     0x36d0
 *(.text)
 .text          0x06004040       0x50 C:\saturn\sgl302j\SAMPLE\common/cinit.o
                0x06004040                main
 .text          0x06004090     0x12d0 main.o
                0x06005220                ss_main
                0x06004e60                updateSprites
                0x06004410                initVDP2
                0x060042b0                handleInput
                0x06004a60                updateBG
                0x060040c0                createSpriteNode
                0x06004370                initSprites
                0x060046f0                setShotVelocity
                0x060040a6                SHOT_ATTR
                0x06004770                handleSpriteCollision
                0x06004090                SPR_SIZE
                0x060040b0                CIRCLE_ATTR
                0x06004950                handleGroundCollision
                0x060041b0                deleteSpriteNode
                0x060048d0                writeBlock
                0x06004ce0                checkShotCollision
                0x0600409c                PLAYER_ATTR
                0x060040f0                addSpriteNode
                0x060050b0                dispSprites
 .text          0x06005360      0x100 scrollfunctions.o
                0x06005410                MapRead
                0x06005430                Pal2CRAM
                0x06005380                Map2VRAM
                0x060053e0                MapWrite
                0x06005360                Cel2VRAM
 .text          0x06005460      0x128 C:\saturn\sgl302j/lib\libsgl.a(sglIc0.o)
                0x06005460                slInitSystem
 *fill*         0x06005588        0x8 00
 .text          0x06005590       0xc0 c:/saturn/SH_COFF/sh-coff/bin/../lib/gcc/sh-coff/3.4-GNUSH_v0501/m2\libgcc.a(__main.o)
                0x06005610                __main
                0x06005590                __do_global_dtors
                0x060055d0                __do_global_ctors
 .text          0x06005650      0x110 c:/saturn/SH_COFF/sh-coff/bin/../lib/gcc/sh-coff/3.4-GNUSH_v0501/m2\libgcc.a(_si_to_df.o)
                0x06005660                __floatsidf
 .text          0x06005760      0x2c0 c:/saturn/SH_COFF/sh-coff/bin/../lib/gcc/sh-coff/3.4-GNUSH_v0501/m2\libgcc.a(_mul_df.o)
                0x06005780                __muldf3
 .text          0x06005a20      0x180 c:/saturn/SH_COFF/sh-coff/bin/../lib/gcc/sh-coff/3.4-GNUSH_v0501/m2\libgcc.a(_div_df.o)
                0x06005a30                __divdf3
 .text          0x06005ba0       0x90 c:/saturn/SH_COFF/sh-coff/bin/../lib/gcc/sh-coff/3.4-GNUSH_v0501/m2\libgcc.a(_df_to_si.o)
                0x06005ba0                __fixdfsi
 .text          0x06005c30       0x80 c:/saturn/SH_COFF/sh-coff/bin/../lib/gcc/sh-coff/3.4-GNUSH_v0501/m2\libgcc.a(_ashiftrt_n.o)
                0x06005c30                __ashrsi3
 .text          0x06005cb0      0x270 c:/saturn/SH_COFF/sh-coff/bin/../lib/gcc/sh-coff/3.4-GNUSH_v0501/m2\libgcc.a(_pack_df.o)
                0x06005cd0                __pack_d
 .text          0x06005f20      0x160 c:/saturn/SH_COFF/sh-coff/bin/../lib/gcc/sh-coff/3.4-GNUSH_v0501/m2\libgcc.a(_unpack_df.o)
                0x06005f40                __unpack_d
 .text          0x06006080       0x20 c:/saturn/SH_COFF/sh-coff/bin/../lib/gcc/sh-coff/3.4-GNUSH_v0501/m2\libgcc.a(_thenan_df.o)
                0x06006080                __thenan_df
 .text          0x060060a0       0x90 c:/saturn/SH_COFF/sh-coff/bin/../lib/gcc/sh-coff/3.4-GNUSH_v0501/m2\libgcc.a(_lshrdi3.o)
                0x060060a0                __lshrdi3
 .text          0x06006130       0x90 c:/saturn/SH_COFF/sh-coff/bin/../lib/gcc/sh-coff/3.4-GNUSH_v0501/m2\libgcc.a(_ashldi3.o)
                0x06006130                __ashldi3
 .text          0x060061c0       0x90 c:/saturn/SH_COFF/sh-coff/bin/../lib/gcc/sh-coff/3.4-GNUSH_v0501/m2\libgcc.a(_ashiftlt.o)
                0x060061c0                __ashlsi3
 .text          0x06006250       0x90 c:/saturn/SH_COFF/sh-coff/bin/../lib/gcc/sh-coff/3.4-GNUSH_v0501/m2\libgcc.a(_lshiftrt.o)
                0x06006250                __lshrsi3
 .text          0x060062e0       0x40 c:/saturn/SH_COFF/sh-coff/bin/../lib/gcc/sh-coff/3.4-GNUSH_v0501/../../../../sh-coff/lib/m2\libc.a(malloc.o)
                0x06006300                free
                0x060062e0                malloc
 .text          0x06006320       0xa0 c:/saturn/SH_COFF/sh-coff/bin/../lib/gcc/sh-coff/3.4-GNUSH_v0501/../../../../sh-coff/lib/m2\libc.a(memcpy.o)
                0x06006320                memcpy
 .text          0x060063c0       0xa0 c:/saturn/SH_COFF/sh-coff/bin/../lib/gcc/sh-coff/3.4-GNUSH_v0501/../../../../sh-coff/lib/m2\libc.a(atexit.o)
                0x060063c0                atexit
 .text          0x06006460       0x10 c:/saturn/SH_COFF/sh-coff/bin/../lib/gcc/sh-coff/3.4-GNUSH_v0501/../../../../sh-coff/lib/m2\libc.a(impure.o)
                0x06006460                _global_impure_ptr
 .text          0x06006470      0x680 c:/saturn/SH_COFF/sh-coff/bin/../lib/gcc/sh-coff/3.4-GNUSH_v0501/../../../../sh-coff/lib/m2\libc.a(mallocr.o)
                0x06006470                _malloc_r
 .text          0x06006af0      0x3b0 c:/saturn/SH_COFF/sh-coff/bin/../lib/gcc/sh-coff/3.4-GNUSH_v0501/../../../../sh-coff/lib/m2\libc.a(freer.o)
                0x06006af0                _malloc_trim_r
                0x06006bf0                _free_r
 .text          0x06006ea0       0x20 c:/saturn/SH_COFF/sh-coff/bin/../lib/gcc/sh-coff/3.4-GNUSH_v0501/../../../../sh-coff/lib/m2\libc.a(mlock.o)
                0x06006ea0                __malloc_lock
                0x06006eb0                __malloc_unlock
 .text          0x06006ec0       0x50 c:/saturn/SH_COFF/sh-coff/bin/../lib/gcc/sh-coff/3.4-GNUSH_v0501/../../../../sh-coff/lib/m2\libc.a(sbrkr.o)
                0x06006ec0                _sbrk_r
 .text          0x06006f10      0x430 c:/saturn/SH_COFF/sh-coff/bin/../lib/gcc/sh-coff/3.4-GNUSH_v0501/../../../../sh-coff/lib/m2\libc.a(syscalls.o)
                0x060070c0                _exit
                0x06007100                _getpid
                0x06007180                _utime
                0x06006f50                _write
                0x06006f10                _read
                0x060070a0                _unlink
                0x06007060                _open
                0x06007120                _stat
                0x060070b0                isatty
                0x060071c0                _wait
                0x060070e0                _kill
                0x06007140                _chmod
                0x06007200                _execv
                0x060071e0                _execve
                0x06007300                __setup_argv_and_call_main
                0x06007250                _gettimeofday
                0x06006f90                _link
                0x06007110                _raise
                0x06007080                _creat
                0x06007220                _pipe
                0x06007160                _chown
                0x06006f30                _lseek
                0x06006f70                _close
                0x06007240                _times
                0x06007040                _fstat
                0x060071a0                _fork
                0x06006fc0                _sbrk
 .text          0x06007340       0x20 c:/saturn/SH_COFF/sh-coff/bin/../lib/gcc/sh-coff/3.4-GNUSH_v0501/../../../../sh-coff/lib/m2\libc.a(trap.o)
                0x06007340                __trap34
 .text          0x06007360       0x20 c:/saturn/SH_COFF/sh-coff/bin/../lib/gcc/sh-coff/3.4-GNUSH_v0501/../../../../sh-coff/lib/m2\libc.a(abort.o)
                0x06007360                abort
 .text          0x06007380      0x2c0 c:/saturn/SH_COFF/sh-coff/bin/../lib/gcc/sh-coff/3.4-GNUSH_v0501/../../../../sh-coff/lib/m2\libc.a(signal.o)
                0x06007460                _raise_r
                0x06007620                __sigtramp
                0x060075c0                raise
                0x06007600                _init_signal
                0x06007540                __sigtramp_r
                0x060075e0                signal
                0x060073d0                _signal_r
                0x06007380                _init_signal_r
 .text          0x06007640       0x60 c:/saturn/SH_COFF/sh-coff/bin/../lib/gcc/sh-coff/3.4-GNUSH_v0501/../../../../sh-coff/lib/m2\libc.a(signalr.o)
                0x06007690                _getpid_r
                0x06007640                _kill_r
 .text          0x060076a0       0x70 c:/saturn/SH_COFF/sh-coff/bin/../lib/gcc/sh-coff/3.4-GNUSH_v0501/m2\libgcc.a(_udivsi3.o)
                0x060076c2                __udivsi3
 *(.strings)
                0x06007710                __etext = .

SLPROG          0x06007720    0x10270
                0x06007720                __slprog_start = .
 *(SLPROG)
 SLPROG         0x06007720     0x6540 C:\saturn\sgl302j/lib/sglarea.o
                0x0600773c                SpriteBuf
                0x06007760                RemainEvent
                0x0600772c                SortList
                0x0600772a                MaxPolygons
                0x06007748                CommandBuf
                0x0600775c                MaxWorks
                0x0600775e                WorkSize
                0x06007754                PCM_WkSize
                0x0600774c                CLOfstBuf
                0x06007860                RemainWork
                0x06007750                PCM_Work
                0x06007720                MasterStack
                0x06007724                SlaveStack
                0x06007728                MaxVertices
                0x06007758                MaxEvents
                0x06007738                Zbuffer
                0x06007740                SpriteBufSize
                0x06009c60                WorkBuf
                0x06007734                TransList
                0x06007744                Pbuffer
                0x06007730                SortListSize
                0x0600775a                EventSize
                0x06007c60                EventBuf
 SLPROG         0x0600dc60       0x4e C:\saturn\sgl302j/lib\libsgl.a(sglF00.o)
                0x0600dc7a                slLocate
                0x0600dc70                slCurColor
                0x0600dcac                CurrentScreen
                0x0600dc60                slCurScrn
 *fill*         0x0600dcae        0x2 00
 SLPROG         0x0600dcb0       0x1c C:\saturn\sgl302j/lib\libsgl.a(sglF05.o)
                0x0600dcb0                slPrint
 *fill*         0x0600dccc        0x4 00
 SLPROG         0x0600dcd0      0xfc8 C:\saturn\sgl302j/lib\libsgl.a(sglH00.o)
                0x0600dd6c                slSetPortData1
                0x0600dd5c                slGetPortData1
                0x0600e54a                slSetPortMode1
                0x0600e784                Smpc_Status
                0x0600dd22                slSetPortDir2
                0x0600e368                slSmpcCashSend
                0x0600dd88                slGetPortSelect1
                0x0600e16e                slIntBackCancel
                0x0600de20                slSetPortExt1
                0x0600e530                slGetPortMode1
                0x0600e424                slSmpcCashBlow
                0x0600e714                slRequestCommand
                0x0600e7b4                SmpcStatusBuf
                0x0600dd76                slSetPortData2
                0x0600e0d6                slSetResultBuffer
                0x0600de0c                slGetPortExt1
                0x0600de50                slSetPortExt2
                0x0600dcf0                slGetPortDir2
                0x0600de16                slGetPortExt2
                0x0600e1a2                slClearReset
                0x0600e198                slCheckReset
                0x0600dcf8                slSetPortDir1
                0x0600ddd0                slSetPortSelect2
                0x0600dd9c                slSetPortSelect1
                0x0600e53c                slGetPortMode2
                0x0600dd92                slGetPortSelect2
                0x0600dce8                slGetPortDir1
                0x0600dd64                slGetPortData2
                0x0600e50a                slSetOptimize
                0x0600e500                slGetOptimize
                0x0600dfc4                slSmpcDirectAccess
                0x0600e792                Per_Connect1
                0x0600e044                slInitPeripheral
                0x0600e162                slCheckIntBackSet
                0x0600e793                Per_Connect2
                0x0600e78c                Smpc_Peripheral
                0x0600e588                slSetPortMode2
                0x0600e788                Smpc_Result
 *fill*         0x0600ec98        0x8 00
 SLPROG         0x0600eca0       0x1e C:\saturn\sgl302j/lib\libsgl.a(sglB002.o)
                0x0600eca0                slColRAMMode
 *fill*         0x0600ecbe        0x2 00
 SLPROG         0x0600ecc0        0xc C:\saturn\sgl302j/lib\libsgl.a(sglB016.o)
                0x0600ecc0                slBack1ColSet
 *fill*         0x0600eccc        0x4 00
 SLPROG         0x0600ecd0       0x70 C:\saturn\sgl302j/lib\libsgl.a(sglB038.o)
                0x0600ecd0                slRparaInitSet
 SLPROG         0x0600ed40      0x114 C:\saturn\sgl302j/lib\libsgl.a(sglB200.o)
                0x0600ed4c                slCharNbg0
                0x0600ed92                slPageRbg0
                0x0600eda8                slPageNbg1
                0x0600ed58                slCharNbg1
                0x0600edc4                slPageNbg0
                0x0600edb0                slPageNbg2
                0x0600edb8                slPageNbg3
                0x0600ed64                slCharNbg2
                0x0600ed7a                slCharNbg3
                0x0600ed40                slCharRbg0
 *fill*         0x0600ee54        0xc 00
 SLPROG         0x0600ee60        0xc C:\saturn\sgl302j/lib\libsgl.a(sglB059.o)
                0x0600ee60                slPlaneRA
 *fill*         0x0600ee6c        0x4 00
 SLPROG         0x0600ee70       0xd4 C:\saturn\sgl302j/lib\libsgl.a(sglB035.o)
                0x0600ee70                sl1MapRA
                0x0600ef02                rbank_set
 *fill*         0x0600ef44        0xc 00
 SLPROG         0x0600ef50        0xc C:\saturn\sgl302j/lib\libsgl.a(sglB047.o)
                0x0600ef50                slOverRA
 *fill*         0x0600ef5c        0x4 00
 SLPROG         0x0600ef60        0xc C:\saturn\sgl302j/lib\libsgl.a(sglB023.o)
                0x0600ef60                slColRate
 *fill*         0x0600ef6c        0x4 00
 SLPROG         0x0600ef70       0x34 C:\saturn\sgl302j/lib\libsgl.a(sglB079.o)
                0x0600ef70                slDispCenterR
 *fill*         0x0600efa4        0xc 00
 SLPROG         0x0600efb0       0x20 C:\saturn\sgl302j/lib\libsgl.a(sglB078.o)
                0x0600efb0                slLookR
 SLPROG         0x0600efd0        0xc C:\saturn\sgl302j/lib\libsgl.a(sglB056.o)
                0x0600efd0                slPlaneNbg1
 *fill*         0x0600efdc        0x4 00
 SLPROG         0x0600efe0       0xb4 C:\saturn\sgl302j/lib\libsgl.a(sglB032.o)
                0x0600efe0                slMapNbg1
 *fill*         0x0600f094        0xc 00
 SLPROG         0x0600f0a0        0xc C:\saturn\sgl302j/lib\libsgl.a(sglB071.o)
                0x0600f0a0                slScrPosNbg1
 *fill*         0x0600f0ac        0x4 00
 SLPROG         0x0600f0b0        0xc C:\saturn\sgl302j/lib\libsgl.a(sglB063.o)
                0x0600f0b0                slPriority
 *fill*         0x0600f0bc        0x4 00
 SLPROG         0x0600f0c0       0x10 C:\saturn\sgl302j/lib\libsgl.a(sglB020.o)
                0x0600f0c0                slColorCalc
 SLPROG         0x0600f0d0       0x10 C:\saturn\sgl302j/lib\libsgl.a(sglB057.o)
                0x0600f0d0                slPlaneNbg2
 SLPROG         0x0600f0e0       0xb0 C:\saturn\sgl302j/lib\libsgl.a(sglB033.o)
                0x0600f0e0                slMapNbg2
 SLPROG         0x0600f190       0x10 C:\saturn\sgl302j/lib\libsgl.a(sglB072.o)
                0x0600f190                slScrPosNbg2
 SLPROG         0x0600f1a0       0x10 C:\saturn\sgl302j/lib\libsgl.a(sglB058.o)
                0x0600f1a0                slPlaneNbg3
 SLPROG         0x0600f1b0       0xb4 C:\saturn\sgl302j/lib\libsgl.a(sglB034.o)
                0x0600f1b0                slMapNbg3
 *fill*         0x0600f264        0xc 00
 SLPROG         0x0600f270       0x10 C:\saturn\sgl302j/lib\libsgl.a(sglB073.o)
                0x0600f270                slScrPosNbg3
 SLPROG         0x0600f280        0xc C:\saturn\sgl302j/lib\libsgl.a(sglB021.o)
                0x0600f280                slColorCalcOn
 *fill*         0x0600f28c        0x4 00
 SLPROG         0x0600f290      0x40c C:\saturn\sgl302j/lib\libsgl.a(sglB015.o)
                0x0600f290                slScrAutoDisp
 *fill*         0x0600f69c        0x4 00
 SLPROG         0x0600f6a0        0xc C:\saturn\sgl302j/lib\libsgl.a(sglB054.o)
                0x0600f6a0                slZoomR
 *fill*         0x0600f6ac        0x4 00
 SLPROG         0x0600f6b0      0x3a4 C:\saturn\sgl302j/lib\libsgl.a(sglI01.o)
                0x0600f89a                RetPCMBuf
                0x0600f9d4                Sound_Buf
                0x0600f6b0                slInitSynch
                0x0600f7c0                slRandom
                0x0600f934                PCM_Buf
                0x0600f6ca                slSynch
                0x0600f7de                PCM_EndCheck
 *fill*         0x0600fa54        0xc 00
 SLPROG         0x0600fa60     0x411e C:\saturn\sgl302j/lib\libsgl.a(sglA01.o)
                0x0600fb3c                sin_cos_index_tbl
                0x0600fa60                slSin
                0x0600fb7c                sin_tbl
                0x0600faa8                GetSinCos
                0x0600fa84                slCos
 *fill*         0x06013b7e        0x2 00
 SLPROG         0x06013b80       0x14 C:\saturn\sgl302j/lib\libsgl.a(sglA07.o)
                0x06013b80                slDivFX
 *fill*         0x06013b94        0xc 00
 SLPROG         0x06013ba0        0xa C:\saturn\sgl302j/lib\libsgl.a(sglA06.o)
                0x06013ba0                slMulFX
 *fill*         0x06013baa        0x6 00
 SLPROG         0x06013bb0       0xfa C:\saturn\sgl302j/lib\libsgl.a(sglC06.o)
                0x06013bb0                slDispSprite
 *fill*         0x06013caa        0x6 00
 SLPROG         0x06013cb0       0x20 C:\saturn\sgl302j/lib\libsgl.a(sglB001.o)
                0x06013cb0                slTVOn
                0x06013cba                slTVOff
 SLPROG         0x06013cd0       0x84 C:\saturn\sgl302j/lib\libsgl.a(sglD00.o)
                0x06013cd0                slDMACopy
                0x06013cd0                slCpuDMACopy
                0x06013d2a                slCashPurge
                0x06013d2a                CSH_AllClr
 *fill*         0x06013d54        0xc 00
 SLPROG         0x06013d60      0x470 C:\saturn\sgl302j/lib\libsgl.a(sglH02.o)
                0x06014150                smpc_pfr_tbl
                0x06014190                smpc_ptf_tbl
 SLPROG         0x060141d0       0x60 C:\saturn\sgl302j/lib\libsgl.a(sglH04.o)
                0x060141fa                slComPrmSetTime
                0x060141d0                slComPrmIntBack
                0x060141e4                slComPrmSetMemory
 SLPROG         0x06014230       0x40 C:\saturn\sgl302j/lib\libsgl.a(sglC20.o)
                0x06014230                SpriteEntry
 SLPROG         0x06014270       0x20 C:\saturn\sgl302j/lib\libsgl.a(sglA00.o)
                0x06014284                get_imask
                0x06014270                set_imask
                0x06014270                _builtin_set_imask
                0x06014284                _builtin_get_imask
 SLPROG         0x06014290       0x74 C:\saturn\sgl302j/lib\libsgl.a(sglJ00.o)
                0x06014290                InitSlaveSH
                0x060142f8                SlaveCommand
 *fill*         0x06014304        0xc 00
 SLPROG         0x06014310      0x42c C:\saturn\sgl302j/lib\libsgl.a(sglA20.o)
                0x06014310                slInitMatrix
                0x0601432e                slUnitMatrix
                0x0601431a                slPushUnitMatrix
 *fill*         0x0601473c        0x4 00
 SLPROG         0x06014740      0xbd0 C:\saturn\sgl302j/lib\libsgl.a(sglB000.o)
                0x06014740                slInitScroll
                0x060149a0                TVSizeTbl
                0x06014890                setASC_4to8
                0x06014a20                TVModeTbl
                0x06014860                setASC_1to8
                0x06014bf8                SGL_ASCII_CG
 SLPROG         0x06015310      0x3d0 C:\saturn\sgl302j/lib\libsgl.a(sglJ01.o)
                0x06015310                SlaveControl
                0x060156cc                ErasePolygonData
 SLPROG         0x060156e0      0x75c C:\saturn\sgl302j/lib\libsgl.a(sglI00.o)
                0x060159d0                slInitInterrupt
 *fill*         0x06015e3c        0x4 00
 SLPROG         0x06015e40      0x134 C:\saturn\sgl302j/lib\libsgl.a(sglC00.o)
                0x06015e40                slInitSprite
 *fill*         0x06015f74        0xc 00
 SLPROG         0x06015f80      0x140 C:\saturn\sgl302j/lib\libsgl.a(sglJ03.o)
                0x06015f80                sbMakeDMATable
 SLPROG         0x060160c0     0x12b8 C:\saturn\sgl302j/lib\libsgl.a(sglJ02.o)
                0x060172f4                stvtc_1
                0x0601702c                stvtc_4
                0x06016fec                SetPolygon
                0x060170e4                stvtc_3
                0x0601731c                stvtc_0
                0x06016ff4                SetPosition
                0x060162a8                sbCalcPolygon
                0x06016fe0                SetTexture
                0x060160c0                sbMakePolygon
                0x06017308                stvtc_2
 *fill*         0x06017378        0x8 00
 SLPROG         0x06017380      0x470 C:\saturn\sgl302j/lib\libsgl.a(sglJ04.o)
                0x06017444                sbMakeRotSprite
                0x060173de                sbMakeSprite
 SLPROG         0x060177f0       0x3c C:\saturn\sgl302j/lib\libsgl.a(sglJ05.o)
                0x060177f0                sbSortEntry
 *fill*         0x0601782c        0x4 00
 SLPROG         0x06017830       0xf0 C:\saturn\sgl302j/lib\libsgl.a(sglH03.o)
                0x06017894                slSmpcIntBack
 SLPROG         0x06017920       0x6a C:\saturn\sgl302j/lib\libsgl.a(sglM01.o)
                0x0601794c                slSetDepthTbl
                0x0601797c                DepthWorkArea
                0x06017920                slSetDepthLimit
                0x0601798a                __slprog_end = .

.tors           0x06017990        0x0
                0x06017990                ___ctors = .
 *(.ctors)
                0x06017990                ___ctors_end = .
                0x06017990                ___dtors = .
 *(.dtors)
                0x06017990                ___dtors_end = .

.data           0x06017990     0xc3d0
 *(.data)
 .data          0x06017990       0x10 main.o
                0x06017990                scale
 .data          0x060179a0     0xbbb0 assets.o
                0x060179a0                pal_cloud
                0x0601f5a0                cel_map1
                0x060212a0                pic_sprites
                0x060212b8                tex_sprites
                0x0601eba0                pal_map1
                0x060212d0                texture_sprites002
                0x06023350                texture_sprites000
                0x060183a0                cel_cloud
                0x060198a0                cel_road
                0x060190a0                map_road
                0x060232d0                texture_sprites001
                0x0601faa0                map_face
                0x06018ea0                pal_road
                0x0601eda0                map_map1
                0x0601f8a0                pal_face
                0x060202a0                cel_face
                0x06017ba0                map_cloud
 .data          0x06023550       0x80 C:\saturn\sgl302j/lib\libsgl.a(sglIc0.o)
                0x06023550                IntPrioMask
 .data          0x060235d0      0x380 c:/saturn/SH_COFF/sh-coff/bin/../lib/gcc/sh-coff/3.4-GNUSH_v0501/../../../../sh-coff/lib/m2\libc.a(impure.o)
                0x0602394c                _impure_ptr
 .data          0x06023950      0x410 c:/saturn/SH_COFF/sh-coff/bin/../lib/gcc/sh-coff/3.4-GNUSH_v0501/../../../../sh-coff/lib/m2\libc.a(mallocr.o)
                0x06023958                __malloc_av_
                0x06023954                __malloc_trim_threshold
                0x06023950                __malloc_sbrk_base
                0x06023d60                __edata = .

.bss            0x06023d60       0xd4
                0x06023d60                __bstart = .
 *(.bss)
 .bss           0x06023d60       0x30 main.o
                0x06023d64                bg2X
                0x06023d68                screenY
                0x06023d74                state
                0x06023d6c                screenX
                0x06023d78                headNode
                0x06023d70                scaleSpeed
                0x06023d60                bg2Y
 .bss           0x06023d90       0x10 c:/saturn/SH_COFF/sh-coff/bin/../lib/gcc/sh-coff/3.4-GNUSH_v0501/m2\libgcc.a(__main.o)
 .bss           0x06023da0       0x10 c:/saturn/SH_COFF/sh-coff/bin/../lib/gcc/sh-coff/3.4-GNUSH_v0501/../../../../sh-coff/lib/m2\libc.a(atexit.o)
 .bss           0x06023db0       0x40 c:/saturn/SH_COFF/sh-coff/bin/../lib/gcc/sh-coff/3.4-GNUSH_v0501/../../../../sh-coff/lib/m2\libc.a(mallocr.o)
                0x06023de0                __malloc_top_pad
                0x06023db0                __malloc_current_mallinfo
                0x06023ddc                __malloc_max_sbrked_mem
                0x06023dd8                __malloc_max_total_mem
 .bss           0x06023df0       0x10 c:/saturn/SH_COFF/sh-coff/bin/../lib/gcc/sh-coff/3.4-GNUSH_v0501/../../../../sh-coff/lib/m2\libc.a(syscalls.o)
 *(COMMON)
 COMMON         0x06023e00       0x28 main.o
                                  0x0 (size before relaxing)
                0x06023e00                defaultSprite
 *fill*         0x06023e28        0x8 00
 COMMON         0x06023e30        0x4 c:/saturn/SH_COFF/sh-coff/bin/../lib/gcc/sh-coff/3.4-GNUSH_v0501/../../../../sh-coff/lib/m2\libc.a(syscalls.o)
                                  0x0 (size before relaxing)
                0x06023e30                errno
                0x06023e34                __bend = .
                0x06023e34                _end = .
LOAD C:\saturn\sgl302j\SAMPLE\common/cinit.o
LOAD C:\saturn\sgl302j/lib/sglarea.o
LOAD main.o
LOAD assets.o
LOAD scrollfunctions.o
LOAD C:\saturn\sgl302j/lib\libsgl.a
LOAD c:/saturn/SH_COFF/sh-coff/bin/../lib/gcc/sh-coff/3.4-GNUSH_v0501/m2\libgcc.a
LOAD c:/saturn/SH_COFF/sh-coff/bin/../lib/gcc/sh-coff/3.4-GNUSH_v0501/../../../../sh-coff/lib/m2\libc.a
LOAD c:/saturn/SH_COFF/sh-coff/bin/../lib/gcc/sh-coff/3.4-GNUSH_v0501/m2\libgcc.a
OUTPUT(sl.coff coff-sh)

.comment        0x06023e40      0x320
 .comment       0x06023e40       0x20 C:\saturn\sgl302j\SAMPLE\common/cinit.o
 .comment       0x06023e60       0x20 main.o
 .comment       0x06023e80       0x20 assets.o
 .comment       0x06023ea0       0x20 scrollfunctions.o
 .comment       0x06023ec0       0x20 c:/saturn/SH_COFF/sh-coff/bin/../lib/gcc/sh-coff/3.4-GNUSH_v0501/m2\libgcc.a(__main.o)
 .comment       0x06023ee0       0x20 c:/saturn/SH_COFF/sh-coff/bin/../lib/gcc/sh-coff/3.4-GNUSH_v0501/m2\libgcc.a(_si_to_df.o)
 .comment       0x06023f00       0x20 c:/saturn/SH_COFF/sh-coff/bin/../lib/gcc/sh-coff/3.4-GNUSH_v0501/m2\libgcc.a(_mul_df.o)
 .comment       0x06023f20       0x20 c:/saturn/SH_COFF/sh-coff/bin/../lib/gcc/sh-coff/3.4-GNUSH_v0501/m2\libgcc.a(_div_df.o)
 .comment       0x06023f40       0x20 c:/saturn/SH_COFF/sh-coff/bin/../lib/gcc/sh-coff/3.4-GNUSH_v0501/m2\libgcc.a(_df_to_si.o)
 .comment       0x06023f60       0x20 c:/saturn/SH_COFF/sh-coff/bin/../lib/gcc/sh-coff/3.4-GNUSH_v0501/m2\libgcc.a(_pack_df.o)
 .comment       0x06023f80       0x20 c:/saturn/SH_COFF/sh-coff/bin/../lib/gcc/sh-coff/3.4-GNUSH_v0501/m2\libgcc.a(_unpack_df.o)
 .comment       0x06023fa0       0x20 c:/saturn/SH_COFF/sh-coff/bin/../lib/gcc/sh-coff/3.4-GNUSH_v0501/m2\libgcc.a(_thenan_df.o)
 .comment       0x06023fc0       0x20 c:/saturn/SH_COFF/sh-coff/bin/../lib/gcc/sh-coff/3.4-GNUSH_v0501/m2\libgcc.a(_lshrdi3.o)
 .comment       0x06023fe0       0x20 c:/saturn/SH_COFF/sh-coff/bin/../lib/gcc/sh-coff/3.4-GNUSH_v0501/m2\libgcc.a(_ashldi3.o)
 .comment       0x06024000       0x20 c:/saturn/SH_COFF/sh-coff/bin/../lib/gcc/sh-coff/3.4-GNUSH_v0501/../../../../sh-coff/lib/m2\libc.a(malloc.o)
 .comment       0x06024020       0x20 c:/saturn/SH_COFF/sh-coff/bin/../lib/gcc/sh-coff/3.4-GNUSH_v0501/../../../../sh-coff/lib/m2\libc.a(atexit.o)
 .comment       0x06024040       0x20 c:/saturn/SH_COFF/sh-coff/bin/../lib/gcc/sh-coff/3.4-GNUSH_v0501/../../../../sh-coff/lib/m2\libc.a(impure.o)
 .comment       0x06024060       0x20 c:/saturn/SH_COFF/sh-coff/bin/../lib/gcc/sh-coff/3.4-GNUSH_v0501/../../../../sh-coff/lib/m2\libc.a(mallocr.o)
 .comment       0x06024080       0x20 c:/saturn/SH_COFF/sh-coff/bin/../lib/gcc/sh-coff/3.4-GNUSH_v0501/../../../../sh-coff/lib/m2\libc.a(freer.o)
 .comment       0x060240a0       0x20 c:/saturn/SH_COFF/sh-coff/bin/../lib/gcc/sh-coff/3.4-GNUSH_v0501/../../../../sh-coff/lib/m2\libc.a(mlock.o)
 .comment       0x060240c0       0x20 c:/saturn/SH_COFF/sh-coff/bin/../lib/gcc/sh-coff/3.4-GNUSH_v0501/../../../../sh-coff/lib/m2\libc.a(sbrkr.o)
 .comment       0x060240e0       0x20 c:/saturn/SH_COFF/sh-coff/bin/../lib/gcc/sh-coff/3.4-GNUSH_v0501/../../../../sh-coff/lib/m2\libc.a(syscalls.o)
 .comment       0x06024100       0x20 c:/saturn/SH_COFF/sh-coff/bin/../lib/gcc/sh-coff/3.4-GNUSH_v0501/../../../../sh-coff/lib/m2\libc.a(abort.o)
 .comment       0x06024120       0x20 c:/saturn/SH_COFF/sh-coff/bin/../lib/gcc/sh-coff/3.4-GNUSH_v0501/../../../../sh-coff/lib/m2\libc.a(signal.o)
 .comment       0x06024140       0x20 c:/saturn/SH_COFF/sh-coff/bin/../lib/gcc/sh-coff/3.4-GNUSH_v0501/../../../../sh-coff/lib/m2\libc.a(signalr.o)
