Archive member included because of file (symbol)

C:\saturn\sgl302j/lib\libsgl.a(sglIc0.o)
                              main.o (slInitSystem)
C:\saturn\sgl302j/lib\libsgl.a(sglH00.o)
                              C:\saturn\sgl302j/lib\libsgl.a(sglIc0.o) (slInitPeripheral)
C:\saturn\sgl302j/lib\libsgl.a(sglF00.o)
                              game.o (slLocate)
C:\saturn\sgl302j/lib\libsgl.a(sglF05.o)
                              game.o (slPrint)
C:\saturn\sgl302j/lib\libsgl.a(sglF03.o)
                              game.o (slPrintFX)
C:\saturn\sgl302j/lib\libsgl.a(sglB015.o)
                              game.o (slScrAutoDisp)
C:\saturn\sgl302j/lib\libsgl.a(sglI01.o)
                              C:\saturn\sgl302j/lib\libsgl.a(sglIc0.o) (slInitSynch)
C:\saturn\sgl302j/lib\libsgl.a(sglA01.o)
                              game.o (slSin)
C:\saturn\sgl302j/lib\libsgl.a(sglF02.o)
                              game.o (slPrintHex)
C:\saturn\sgl302j/lib\libsgl.a(sglC06.o)
                              game.o (slDispSprite)
C:\saturn\sgl302j/lib\libsgl.a(sglA06.o)
                              game.o (slMulFX)
C:\saturn\sgl302j/lib\libsgl.a(sglB001.o)
                              game.o (slTVOn)
C:\saturn\sgl302j/lib\libsgl.a(sglD00.o)
                              game.o (slDMACopy)
C:\saturn\sgl302j/lib\libsgl.a(sglB002.o)
                              game.o (slColRAMMode)
C:\saturn\sgl302j/lib\libsgl.a(sglB016.o)
                              game.o (slBack1ColSet)
C:\saturn\sgl302j/lib\libsgl.a(sglB200.o)
                              linescroll.o (slCharNbg1)
C:\saturn\sgl302j/lib\libsgl.a(sglB058.o)
                              game.o (slPlaneNbg3)
C:\saturn\sgl302j/lib\libsgl.a(sglB034.o)
                              game.o (slMapNbg3)
C:\saturn\sgl302j/lib\libsgl.a(sglB073.o)
                              game.o (slScrPosNbg3)
C:\saturn\sgl302j/lib\libsgl.a(sglB063.o)
                              game.o (slPriority)
C:\saturn\sgl302j/lib\libsgl.a(sglB020.o)
                              game.o (slColorCalc)
C:\saturn\sgl302j/lib\libsgl.a(sglB023.o)
                              game.o (slColRate)
C:\saturn\sgl302j/lib\libsgl.a(sglB056.o)
                              linescroll.o (slPlaneNbg1)
C:\saturn\sgl302j/lib\libsgl.a(sglB032.o)
                              linescroll.o (slMapNbg1)
C:\saturn\sgl302j/lib\libsgl.a(sglB090.o)
                              linescroll.o (slLineScrollMode)
C:\saturn\sgl302j/lib\libsgl.a(sglB088.o)
                              linescroll.o (slLineScrollTable1)
C:\saturn\sgl302j/lib\libsgl.a(sglB071.o)
                              linescroll.o (slScrPosNbg1)
C:\saturn\sgl302j/lib\libsgl.a(sglB057.o)
                              tilemap.o (slPlaneNbg2)
C:\saturn\sgl302j/lib\libsgl.a(sglB033.o)
                              tilemap.o (slMapNbg2)
C:\saturn\sgl302j/lib\libsgl.a(sglB072.o)
                              tilemap.o (slScrPosNbg2)
C:\saturn\sgl302j/lib\libsgl.a(sglA00.o)
                              C:\saturn\sgl302j/lib\libsgl.a(sglIc0.o) (_builtin_set_imask)
C:\saturn\sgl302j/lib\libsgl.a(sglK01.o)
                              C:\saturn\sgl302j/lib\libsgl.a(sglIc0.o) (SynchCount)
C:\saturn\sgl302j/lib\libsgl.a(sglJ00.o)
                              C:\saturn\sgl302j/lib\libsgl.a(sglIc0.o) (InitSlaveSH)
C:\saturn\sgl302j/lib\libsgl.a(sglA20.o)
                              C:\saturn\sgl302j/lib\libsgl.a(sglIc0.o) (slInitMatrix)
C:\saturn\sgl302j/lib\libsgl.a(sglB000.o)
                              C:\saturn\sgl302j/lib\libsgl.a(sglIc0.o) (slInitScroll)
C:\saturn\sgl302j/lib\libsgl.a(sglJ01.o)
                              C:\saturn\sgl302j/lib\libsgl.a(sglIc0.o) (SlaveControl)
C:\saturn\sgl302j/lib\libsgl.a(sglI00.o)
                              C:\saturn\sgl302j/lib\libsgl.a(sglIc0.o) (slInitInterrupt)
C:\saturn\sgl302j/lib\libsgl.a(sglC00.o)
                              C:\saturn\sgl302j/lib\libsgl.a(sglIc0.o) (slInitSprite)
C:\saturn\sgl302j/lib\libsgl.a(sglH02.o)
                              C:\saturn\sgl302j/lib\libsgl.a(sglH00.o) (smpc_pfr_tbl)
C:\saturn\sgl302j/lib\libsgl.a(sglH04.o)
                              C:\saturn\sgl302j/lib\libsgl.a(sglH00.o) (slComPrmIntBack)
C:\saturn\sgl302j/lib\libsgl.a(sglC20.o)
                              C:\saturn\sgl302j/lib\libsgl.a(sglC06.o) (SpriteEntry)
C:\saturn\sgl302j/lib\libsgl.a(sglB035.o)
                              C:\saturn\sgl302j/lib\libsgl.a(sglB200.o) (rbank_set)
C:\saturn\sgl302j/lib\libsgl.a(sglJ03.o)
                              C:\saturn\sgl302j/lib\libsgl.a(sglJ01.o) (sbMakeDMATable)
C:\saturn\sgl302j/lib\libsgl.a(sglJ02.o)
                              C:\saturn\sgl302j/lib\libsgl.a(sglJ01.o) (sbMakePolygon)
C:\saturn\sgl302j/lib\libsgl.a(sglJ04.o)
                              C:\saturn\sgl302j/lib\libsgl.a(sglJ01.o) (sbMakeSprite)
C:\saturn\sgl302j/lib\libsgl.a(sglJ05.o)
                              C:\saturn\sgl302j/lib\libsgl.a(sglJ01.o) (sbSortEntry)
C:\saturn\sgl302j/lib\libsgl.a(sglH03.o)
                              C:\saturn\sgl302j/lib\libsgl.a(sglI00.o) (slSmpcIntBack)
C:\saturn\sgl302j/lib\libsgl.a(sglM01.o)
                              C:\saturn\sgl302j/lib\libsgl.a(sglJ02.o) (DepthWorkArea)
c:/saturn/SH_COFF/sh-coff/bin/../lib/gcc/sh-coff/3.4-GNUSH_v0501/m2\libgcc.a(__main.o)
                              C:\saturn\sgl302j\SAMPLE\common/cinit.o (__main)
c:/saturn/SH_COFF/sh-coff/bin/../lib/gcc/sh-coff/3.4-GNUSH_v0501/m2\libgcc.a(_si_to_df.o)
                              game.o (__floatsidf)
c:/saturn/SH_COFF/sh-coff/bin/../lib/gcc/sh-coff/3.4-GNUSH_v0501/m2\libgcc.a(_mul_df.o)
                              game.o (__muldf3)
c:/saturn/SH_COFF/sh-coff/bin/../lib/gcc/sh-coff/3.4-GNUSH_v0501/m2\libgcc.a(_div_df.o)
                              game.o (__divdf3)
c:/saturn/SH_COFF/sh-coff/bin/../lib/gcc/sh-coff/3.4-GNUSH_v0501/m2\libgcc.a(_df_to_si.o)
                              game.o (__fixdfsi)
c:/saturn/SH_COFF/sh-coff/bin/../lib/gcc/sh-coff/3.4-GNUSH_v0501/m2\libgcc.a(_ashiftrt_n.o)
                              game.o (__ashrsi3)
c:/saturn/SH_COFF/sh-coff/bin/../lib/gcc/sh-coff/3.4-GNUSH_v0501/m2\libgcc.a(_pack_df.o)
                              c:/saturn/SH_COFF/sh-coff/bin/../lib/gcc/sh-coff/3.4-GNUSH_v0501/m2\libgcc.a(_si_to_df.o) (__pack_d)
c:/saturn/SH_COFF/sh-coff/bin/../lib/gcc/sh-coff/3.4-GNUSH_v0501/m2\libgcc.a(_unpack_df.o)
                              c:/saturn/SH_COFF/sh-coff/bin/../lib/gcc/sh-coff/3.4-GNUSH_v0501/m2\libgcc.a(_mul_df.o) (__unpack_d)
c:/saturn/SH_COFF/sh-coff/bin/../lib/gcc/sh-coff/3.4-GNUSH_v0501/m2\libgcc.a(_thenan_df.o)
                              c:/saturn/SH_COFF/sh-coff/bin/../lib/gcc/sh-coff/3.4-GNUSH_v0501/m2\libgcc.a(_mul_df.o) (__thenan_df)
c:/saturn/SH_COFF/sh-coff/bin/../lib/gcc/sh-coff/3.4-GNUSH_v0501/m2\libgcc.a(_lshrdi3.o)
                              c:/saturn/SH_COFF/sh-coff/bin/../lib/gcc/sh-coff/3.4-GNUSH_v0501/m2\libgcc.a(_df_to_si.o) (__lshrdi3)
c:/saturn/SH_COFF/sh-coff/bin/../lib/gcc/sh-coff/3.4-GNUSH_v0501/m2\libgcc.a(_ashldi3.o)
                              c:/saturn/SH_COFF/sh-coff/bin/../lib/gcc/sh-coff/3.4-GNUSH_v0501/m2\libgcc.a(_pack_df.o) (__ashldi3)
c:/saturn/SH_COFF/sh-coff/bin/../lib/gcc/sh-coff/3.4-GNUSH_v0501/m2\libgcc.a(_ashiftlt.o)
                              c:/saturn/SH_COFF/sh-coff/bin/../lib/gcc/sh-coff/3.4-GNUSH_v0501/m2\libgcc.a(_lshrdi3.o) (__ashlsi3)
c:/saturn/SH_COFF/sh-coff/bin/../lib/gcc/sh-coff/3.4-GNUSH_v0501/m2\libgcc.a(_lshiftrt.o)
                              c:/saturn/SH_COFF/sh-coff/bin/../lib/gcc/sh-coff/3.4-GNUSH_v0501/m2\libgcc.a(_lshrdi3.o) (__lshrsi3)
c:/saturn/SH_COFF/sh-coff/bin/../lib/gcc/sh-coff/3.4-GNUSH_v0501/../../../../sh-coff/lib/m2\libc.a(memcpy.o)
                              game.o (memcpy)
c:/saturn/SH_COFF/sh-coff/bin/../lib/gcc/sh-coff/3.4-GNUSH_v0501/../../../../sh-coff/lib/m2\libc.a(memset.o)
                              spritelist.o (memset)
c:/saturn/SH_COFF/sh-coff/bin/../lib/gcc/sh-coff/3.4-GNUSH_v0501/../../../../sh-coff/lib/m2\libc.a(atexit.o)
                              c:/saturn/SH_COFF/sh-coff/bin/../lib/gcc/sh-coff/3.4-GNUSH_v0501/m2\libgcc.a(__main.o) (atexit)
c:/saturn/SH_COFF/sh-coff/bin/../lib/gcc/sh-coff/3.4-GNUSH_v0501/../../../../sh-coff/lib/m2\libc.a(impure.o)
                              c:/saturn/SH_COFF/sh-coff/bin/../lib/gcc/sh-coff/3.4-GNUSH_v0501/../../../../sh-coff/lib/m2\libc.a(atexit.o) (_impure_ptr)
c:/saturn/SH_COFF/sh-coff/bin/../lib/gcc/sh-coff/3.4-GNUSH_v0501/../../../../sh-coff/lib/m2\libc.a(malloc.o)
                              c:/saturn/SH_COFF/sh-coff/bin/../lib/gcc/sh-coff/3.4-GNUSH_v0501/../../../../sh-coff/lib/m2\libc.a(atexit.o) (malloc)
c:/saturn/SH_COFF/sh-coff/bin/../lib/gcc/sh-coff/3.4-GNUSH_v0501/../../../../sh-coff/lib/m2\libc.a(mallocr.o)
                              c:/saturn/SH_COFF/sh-coff/bin/../lib/gcc/sh-coff/3.4-GNUSH_v0501/../../../../sh-coff/lib/m2\libc.a(malloc.o) (_malloc_r)
c:/saturn/SH_COFF/sh-coff/bin/../lib/gcc/sh-coff/3.4-GNUSH_v0501/../../../../sh-coff/lib/m2\libc.a(freer.o)
                              c:/saturn/SH_COFF/sh-coff/bin/../lib/gcc/sh-coff/3.4-GNUSH_v0501/../../../../sh-coff/lib/m2\libc.a(malloc.o) (_free_r)
c:/saturn/SH_COFF/sh-coff/bin/../lib/gcc/sh-coff/3.4-GNUSH_v0501/../../../../sh-coff/lib/m2\libc.a(mlock.o)
                              c:/saturn/SH_COFF/sh-coff/bin/../lib/gcc/sh-coff/3.4-GNUSH_v0501/../../../../sh-coff/lib/m2\libc.a(mallocr.o) (__malloc_lock)
c:/saturn/SH_COFF/sh-coff/bin/../lib/gcc/sh-coff/3.4-GNUSH_v0501/../../../../sh-coff/lib/m2\libc.a(sbrkr.o)
                              c:/saturn/SH_COFF/sh-coff/bin/../lib/gcc/sh-coff/3.4-GNUSH_v0501/../../../../sh-coff/lib/m2\libc.a(mallocr.o) (_sbrk_r)
c:/saturn/SH_COFF/sh-coff/bin/../lib/gcc/sh-coff/3.4-GNUSH_v0501/../../../../sh-coff/lib/m2\libc.a(syscalls.o)
                              c:/saturn/SH_COFF/sh-coff/bin/../lib/gcc/sh-coff/3.4-GNUSH_v0501/../../../../sh-coff/lib/m2\libc.a(sbrkr.o) (_sbrk)
c:/saturn/SH_COFF/sh-coff/bin/../lib/gcc/sh-coff/3.4-GNUSH_v0501/../../../../sh-coff/lib/m2\libc.a(trap.o)
                              c:/saturn/SH_COFF/sh-coff/bin/../lib/gcc/sh-coff/3.4-GNUSH_v0501/../../../../sh-coff/lib/m2\libc.a(syscalls.o) (__trap34)
c:/saturn/SH_COFF/sh-coff/bin/../lib/gcc/sh-coff/3.4-GNUSH_v0501/../../../../sh-coff/lib/m2\libc.a(abort.o)
                              c:/saturn/SH_COFF/sh-coff/bin/../lib/gcc/sh-coff/3.4-GNUSH_v0501/../../../../sh-coff/lib/m2\libc.a(syscalls.o) (abort)
c:/saturn/SH_COFF/sh-coff/bin/../lib/gcc/sh-coff/3.4-GNUSH_v0501/../../../../sh-coff/lib/m2\libc.a(signal.o)
                              c:/saturn/SH_COFF/sh-coff/bin/../lib/gcc/sh-coff/3.4-GNUSH_v0501/../../../../sh-coff/lib/m2\libc.a(abort.o) (raise)
c:/saturn/SH_COFF/sh-coff/bin/../lib/gcc/sh-coff/3.4-GNUSH_v0501/../../../../sh-coff/lib/m2\libc.a(signalr.o)
                              c:/saturn/SH_COFF/sh-coff/bin/../lib/gcc/sh-coff/3.4-GNUSH_v0501/../../../../sh-coff/lib/m2\libc.a(signal.o) (_kill_r)
c:/saturn/SH_COFF/sh-coff/bin/../lib/gcc/sh-coff/3.4-GNUSH_v0501/m2\libgcc.a(_udivsi3.o)
                              c:/saturn/SH_COFF/sh-coff/bin/../lib/gcc/sh-coff/3.4-GNUSH_v0501/../../../../sh-coff/lib/m2\libc.a(freer.o) (__udivsi3)

Allocating common symbols
Common symbol       size              file

sprites             0x1c20            game.o
numSprites          0x1               game.o
playfield           0x800             game.o
eye1Index           0x4               game.o
defaultSprite       0x24              game.o
bgLayers            0x2               game.o
eye2Index           0x4               game.o
errno               0x4               c:/saturn/SH_COFF/sh-coff/bin/../lib/gcc/sh-coff/3.4-GNUSH_v0501/../../../../sh-coff/lib/m2\libc.a(syscalls.o)
gameState           0x4               game.o
dispFace            0x1               game.o

Memory Configuration

Name             Origin             Length             Attributes
*default*        0x00000000         0xffffffff

Linker script and memory map


SLSTART         0x06004000       0x30
                0x06004000                ___Start = .
 *(SLSTART)
 SLSTART        0x06004000       0x28 C:\saturn\sgl302j/lib\libsgl.a(sglI00.o)
                0x06004002                slStartSGL
                0x06004000                SGL_Start

.text           0x06004040     0x3fa0
 *(.text)
 .text          0x06004040       0x50 C:\saturn\sgl302j\SAMPLE\common/cinit.o
                0x06004040                main
 .text          0x06004090       0x70 main.o
                0x06004090                ss_main
 .text          0x06004100     0x1680 game.o
                0x06004ff0                loadSpritePos
                0x06004fc0                loadLevel
                0x060051f0                runLevel
 .text          0x06005780      0x1f0 linescroll.o
                0x060058d0                updateLinescroll
                0x06005780                initLinescroll
 .text          0x06005970       0xf0 scrollfunctions.o
                0x06005a10                MapRead
                0x06005a30                Pal2CRAM
                0x06005990                Map2VRAM
                0x060059f0                MapWrite
                0x06005970                Cel2VRAM
 .text          0x06005a60       0xd0 spritelist.o
                0x06005ae0                deleteSprite
                0x06005a60                addSprite
                0x06005b10                clearSpriteList
 .text          0x06005b30      0x1c0 tilemap.o
                0x06005b30                initTilemap
                0x06005c90                updateTilemap
 .text          0x06005cf0      0x128 C:\saturn\sgl302j/lib\libsgl.a(sglIc0.o)
                0x06005cf0                slInitSystem
 *fill*         0x06005e18        0x8 00
 .text          0x06005e20       0xc0 c:/saturn/SH_COFF/sh-coff/bin/../lib/gcc/sh-coff/3.4-GNUSH_v0501/m2\libgcc.a(__main.o)
                0x06005ea0                __main
                0x06005e20                __do_global_dtors
                0x06005e60                __do_global_ctors
 .text          0x06005ee0      0x110 c:/saturn/SH_COFF/sh-coff/bin/../lib/gcc/sh-coff/3.4-GNUSH_v0501/m2\libgcc.a(_si_to_df.o)
                0x06005ef0                __floatsidf
 .text          0x06005ff0      0x2c0 c:/saturn/SH_COFF/sh-coff/bin/../lib/gcc/sh-coff/3.4-GNUSH_v0501/m2\libgcc.a(_mul_df.o)
                0x06006010                __muldf3
 .text          0x060062b0      0x180 c:/saturn/SH_COFF/sh-coff/bin/../lib/gcc/sh-coff/3.4-GNUSH_v0501/m2\libgcc.a(_div_df.o)
                0x060062c0                __divdf3
 .text          0x06006430       0x90 c:/saturn/SH_COFF/sh-coff/bin/../lib/gcc/sh-coff/3.4-GNUSH_v0501/m2\libgcc.a(_df_to_si.o)
                0x06006430                __fixdfsi
 .text          0x060064c0       0x80 c:/saturn/SH_COFF/sh-coff/bin/../lib/gcc/sh-coff/3.4-GNUSH_v0501/m2\libgcc.a(_ashiftrt_n.o)
                0x060064c0                __ashrsi3
 .text          0x06006540      0x270 c:/saturn/SH_COFF/sh-coff/bin/../lib/gcc/sh-coff/3.4-GNUSH_v0501/m2\libgcc.a(_pack_df.o)
                0x06006560                __pack_d
 .text          0x060067b0      0x160 c:/saturn/SH_COFF/sh-coff/bin/../lib/gcc/sh-coff/3.4-GNUSH_v0501/m2\libgcc.a(_unpack_df.o)
                0x060067d0                __unpack_d
 .text          0x06006910       0x20 c:/saturn/SH_COFF/sh-coff/bin/../lib/gcc/sh-coff/3.4-GNUSH_v0501/m2\libgcc.a(_thenan_df.o)
                0x06006910                __thenan_df
 .text          0x06006930       0x90 c:/saturn/SH_COFF/sh-coff/bin/../lib/gcc/sh-coff/3.4-GNUSH_v0501/m2\libgcc.a(_lshrdi3.o)
                0x06006930                __lshrdi3
 .text          0x060069c0       0x90 c:/saturn/SH_COFF/sh-coff/bin/../lib/gcc/sh-coff/3.4-GNUSH_v0501/m2\libgcc.a(_ashldi3.o)
                0x060069c0                __ashldi3
 .text          0x06006a50       0x90 c:/saturn/SH_COFF/sh-coff/bin/../lib/gcc/sh-coff/3.4-GNUSH_v0501/m2\libgcc.a(_ashiftlt.o)
                0x06006a50                __ashlsi3
 .text          0x06006ae0       0x90 c:/saturn/SH_COFF/sh-coff/bin/../lib/gcc/sh-coff/3.4-GNUSH_v0501/m2\libgcc.a(_lshiftrt.o)
                0x06006ae0                __lshrsi3
 .text          0x06006b70       0xa0 c:/saturn/SH_COFF/sh-coff/bin/../lib/gcc/sh-coff/3.4-GNUSH_v0501/../../../../sh-coff/lib/m2\libc.a(memcpy.o)
                0x06006b70                memcpy
 .text          0x06006c10       0x40 c:/saturn/SH_COFF/sh-coff/bin/../lib/gcc/sh-coff/3.4-GNUSH_v0501/../../../../sh-coff/lib/m2\libc.a(memset.o)
                0x06006c10                memset
 .text          0x06006c50       0xa0 c:/saturn/SH_COFF/sh-coff/bin/../lib/gcc/sh-coff/3.4-GNUSH_v0501/../../../../sh-coff/lib/m2\libc.a(atexit.o)
                0x06006c50                atexit
 .text          0x06006cf0       0x10 c:/saturn/SH_COFF/sh-coff/bin/../lib/gcc/sh-coff/3.4-GNUSH_v0501/../../../../sh-coff/lib/m2\libc.a(impure.o)
                0x06006cf0                _global_impure_ptr
 .text          0x06006d00       0x40 c:/saturn/SH_COFF/sh-coff/bin/../lib/gcc/sh-coff/3.4-GNUSH_v0501/../../../../sh-coff/lib/m2\libc.a(malloc.o)
                0x06006d20                free
                0x06006d00                malloc
 .text          0x06006d40      0x680 c:/saturn/SH_COFF/sh-coff/bin/../lib/gcc/sh-coff/3.4-GNUSH_v0501/../../../../sh-coff/lib/m2\libc.a(mallocr.o)
                0x06006d40                _malloc_r
 .text          0x060073c0      0x3b0 c:/saturn/SH_COFF/sh-coff/bin/../lib/gcc/sh-coff/3.4-GNUSH_v0501/../../../../sh-coff/lib/m2\libc.a(freer.o)
                0x060073c0                _malloc_trim_r
                0x060074c0                _free_r
 .text          0x06007770       0x20 c:/saturn/SH_COFF/sh-coff/bin/../lib/gcc/sh-coff/3.4-GNUSH_v0501/../../../../sh-coff/lib/m2\libc.a(mlock.o)
                0x06007770                __malloc_lock
                0x06007780                __malloc_unlock
 .text          0x06007790       0x50 c:/saturn/SH_COFF/sh-coff/bin/../lib/gcc/sh-coff/3.4-GNUSH_v0501/../../../../sh-coff/lib/m2\libc.a(sbrkr.o)
                0x06007790                _sbrk_r
 .text          0x060077e0      0x430 c:/saturn/SH_COFF/sh-coff/bin/../lib/gcc/sh-coff/3.4-GNUSH_v0501/../../../../sh-coff/lib/m2\libc.a(syscalls.o)
                0x06007990                _exit
                0x060079d0                _getpid
                0x06007a50                _utime
                0x06007820                _write
                0x060077e0                _read
                0x06007970                _unlink
                0x06007930                _open
                0x060079f0                _stat
                0x06007980                isatty
                0x06007a90                _wait
                0x060079b0                _kill
                0x06007a10                _chmod
                0x06007ad0                _execv
                0x06007ab0                _execve
                0x06007bd0                __setup_argv_and_call_main
                0x06007b20                _gettimeofday
                0x06007860                _link
                0x060079e0                _raise
                0x06007950                _creat
                0x06007af0                _pipe
                0x06007a30                _chown
                0x06007800                _lseek
                0x06007840                _close
                0x06007b10                _times
                0x06007910                _fstat
                0x06007a70                _fork
                0x06007890                _sbrk
 .text          0x06007c10       0x20 c:/saturn/SH_COFF/sh-coff/bin/../lib/gcc/sh-coff/3.4-GNUSH_v0501/../../../../sh-coff/lib/m2\libc.a(trap.o)
                0x06007c10                __trap34
 .text          0x06007c30       0x20 c:/saturn/SH_COFF/sh-coff/bin/../lib/gcc/sh-coff/3.4-GNUSH_v0501/../../../../sh-coff/lib/m2\libc.a(abort.o)
                0x06007c30                abort
 .text          0x06007c50      0x2c0 c:/saturn/SH_COFF/sh-coff/bin/../lib/gcc/sh-coff/3.4-GNUSH_v0501/../../../../sh-coff/lib/m2\libc.a(signal.o)
                0x06007d30                _raise_r
                0x06007ef0                __sigtramp
                0x06007e90                raise
                0x06007ed0                _init_signal
                0x06007e10                __sigtramp_r
                0x06007eb0                signal
                0x06007ca0                _signal_r
                0x06007c50                _init_signal_r
 .text          0x06007f10       0x60 c:/saturn/SH_COFF/sh-coff/bin/../lib/gcc/sh-coff/3.4-GNUSH_v0501/../../../../sh-coff/lib/m2\libc.a(signalr.o)
                0x06007f60                _getpid_r
                0x06007f10                _kill_r
 .text          0x06007f70       0x70 c:/saturn/SH_COFF/sh-coff/bin/../lib/gcc/sh-coff/3.4-GNUSH_v0501/m2\libgcc.a(_udivsi3.o)
                0x06007f92                __udivsi3
 *(.strings)
                0x06007fe0                __etext = .

SLPROG          0x06007fe0    0x102d0
                0x06007fe0                __slprog_start = .
 *(SLPROG)
 SLPROG         0x06007fe0     0x6540 C:\saturn\sgl302j/lib/sglarea.o
                0x06007ffc                SpriteBuf
                0x06008020                RemainEvent
                0x06007fec                SortList
                0x06007fea                MaxPolygons
                0x06008008                CommandBuf
                0x0600801c                MaxWorks
                0x0600801e                WorkSize
                0x06008014                PCM_WkSize
                0x0600800c                CLOfstBuf
                0x06008120                RemainWork
                0x06008010                PCM_Work
                0x06007fe0                MasterStack
                0x06007fe4                SlaveStack
                0x06007fe8                MaxVertices
                0x06008018                MaxEvents
                0x06007ff8                Zbuffer
                0x06008000                SpriteBufSize
                0x0600a520                WorkBuf
                0x06007ff4                TransList
                0x06008004                Pbuffer
                0x06007ff0                SortListSize
                0x0600801a                EventSize
                0x06008520                EventBuf
 SLPROG         0x0600e520      0xfc8 C:\saturn\sgl302j/lib\libsgl.a(sglH00.o)
                0x0600e5bc                slSetPortData1
                0x0600e5ac                slGetPortData1
                0x0600ed9a                slSetPortMode1
                0x0600efd4                Smpc_Status
                0x0600e572                slSetPortDir2
                0x0600ebb8                slSmpcCashSend
                0x0600e5d8                slGetPortSelect1
                0x0600e9be                slIntBackCancel
                0x0600e670                slSetPortExt1
                0x0600ed80                slGetPortMode1
                0x0600ec74                slSmpcCashBlow
                0x0600ef64                slRequestCommand
                0x0600f004                SmpcStatusBuf
                0x0600e5c6                slSetPortData2
                0x0600e926                slSetResultBuffer
                0x0600e65c                slGetPortExt1
                0x0600e6a0                slSetPortExt2
                0x0600e540                slGetPortDir2
                0x0600e666                slGetPortExt2
                0x0600e9f2                slClearReset
                0x0600e9e8                slCheckReset
                0x0600e548                slSetPortDir1
                0x0600e620                slSetPortSelect2
                0x0600e5ec                slSetPortSelect1
                0x0600ed8c                slGetPortMode2
                0x0600e5e2                slGetPortSelect2
                0x0600e538                slGetPortDir1
                0x0600e5b4                slGetPortData2
                0x0600ed5a                slSetOptimize
                0x0600ed50                slGetOptimize
                0x0600e814                slSmpcDirectAccess
                0x0600efe2                Per_Connect1
                0x0600e894                slInitPeripheral
                0x0600e9b2                slCheckIntBackSet
                0x0600efe3                Per_Connect2
                0x0600efdc                Smpc_Peripheral
                0x0600edd8                slSetPortMode2
                0x0600efd8                Smpc_Result
 *fill*         0x0600f4e8        0x8 00
 SLPROG         0x0600f4f0       0x4e C:\saturn\sgl302j/lib\libsgl.a(sglF00.o)
                0x0600f50a                slLocate
                0x0600f500                slCurColor
                0x0600f53c                CurrentScreen
                0x0600f4f0                slCurScrn
 *fill*         0x0600f53e        0x2 00
 SLPROG         0x0600f540       0x1c C:\saturn\sgl302j/lib\libsgl.a(sglF05.o)
                0x0600f540                slPrint
 *fill*         0x0600f55c        0x4 00
 SLPROG         0x0600f560      0x12a C:\saturn\sgl302j/lib\libsgl.a(sglF03.o)
                0x0600f560                slPrintFX
 *fill*         0x0600f68a        0x6 00
 SLPROG         0x0600f690      0x40c C:\saturn\sgl302j/lib\libsgl.a(sglB015.o)
                0x0600f690                slScrAutoDisp
 *fill*         0x0600fa9c        0x4 00
 SLPROG         0x0600faa0      0x3a4 C:\saturn\sgl302j/lib\libsgl.a(sglI01.o)
                0x0600fc8a                RetPCMBuf
                0x0600fdc4                Sound_Buf
                0x0600faa0                slInitSynch
                0x0600fbb0                slRandom
                0x0600fd24                PCM_Buf
                0x0600faba                slSynch
                0x0600fbce                PCM_EndCheck
 *fill*         0x0600fe44        0xc 00
 SLPROG         0x0600fe50     0x411e C:\saturn\sgl302j/lib\libsgl.a(sglA01.o)
                0x0600ff2c                sin_cos_index_tbl
                0x0600fe50                slSin
                0x0600ff6c                sin_tbl
                0x0600fe98                GetSinCos
                0x0600fe74                slCos
 *fill*         0x06013f6e        0x2 00
 SLPROG         0x06013f70       0x3c C:\saturn\sgl302j/lib\libsgl.a(sglF02.o)
                0x06013f70                slPrintHex
 *fill*         0x06013fac        0x4 00
 SLPROG         0x06013fb0       0xfa C:\saturn\sgl302j/lib\libsgl.a(sglC06.o)
                0x06013fb0                slDispSprite
 *fill*         0x060140aa        0x6 00
 SLPROG         0x060140b0        0xa C:\saturn\sgl302j/lib\libsgl.a(sglA06.o)
                0x060140b0                slMulFX
 *fill*         0x060140ba        0x6 00
 SLPROG         0x060140c0       0x20 C:\saturn\sgl302j/lib\libsgl.a(sglB001.o)
                0x060140c0                slTVOn
                0x060140ca                slTVOff
 SLPROG         0x060140e0       0x84 C:\saturn\sgl302j/lib\libsgl.a(sglD00.o)
                0x060140e0                slDMACopy
                0x060140e0                slCpuDMACopy
                0x0601413a                slCashPurge
                0x0601413a                CSH_AllClr
 *fill*         0x06014164        0xc 00
 SLPROG         0x06014170       0x1e C:\saturn\sgl302j/lib\libsgl.a(sglB002.o)
                0x06014170                slColRAMMode
 *fill*         0x0601418e        0x2 00
 SLPROG         0x06014190        0xc C:\saturn\sgl302j/lib\libsgl.a(sglB016.o)
                0x06014190                slBack1ColSet
 *fill*         0x0601419c        0x4 00
 SLPROG         0x060141a0      0x114 C:\saturn\sgl302j/lib\libsgl.a(sglB200.o)
                0x060141ac                slCharNbg0
                0x060141f2                slPageRbg0
                0x06014208                slPageNbg1
                0x060141b8                slCharNbg1
                0x06014224                slPageNbg0
                0x06014210                slPageNbg2
                0x06014218                slPageNbg3
                0x060141c4                slCharNbg2
                0x060141da                slCharNbg3
                0x060141a0                slCharRbg0
 *fill*         0x060142b4        0xc 00
 SLPROG         0x060142c0       0x10 C:\saturn\sgl302j/lib\libsgl.a(sglB058.o)
                0x060142c0                slPlaneNbg3
 SLPROG         0x060142d0       0xb4 C:\saturn\sgl302j/lib\libsgl.a(sglB034.o)
                0x060142d0                slMapNbg3
 *fill*         0x06014384        0xc 00
 SLPROG         0x06014390       0x10 C:\saturn\sgl302j/lib\libsgl.a(sglB073.o)
                0x06014390                slScrPosNbg3
 SLPROG         0x060143a0        0xc C:\saturn\sgl302j/lib\libsgl.a(sglB063.o)
                0x060143a0                slPriority
 *fill*         0x060143ac        0x4 00
 SLPROG         0x060143b0       0x10 C:\saturn\sgl302j/lib\libsgl.a(sglB020.o)
                0x060143b0                slColorCalc
 SLPROG         0x060143c0        0xc C:\saturn\sgl302j/lib\libsgl.a(sglB023.o)
                0x060143c0                slColRate
 *fill*         0x060143cc        0x4 00
 SLPROG         0x060143d0        0xc C:\saturn\sgl302j/lib\libsgl.a(sglB056.o)
                0x060143d0                slPlaneNbg1
 *fill*         0x060143dc        0x4 00
 SLPROG         0x060143e0       0xb4 C:\saturn\sgl302j/lib\libsgl.a(sglB032.o)
                0x060143e0                slMapNbg1
 *fill*         0x06014494        0xc 00
 SLPROG         0x060144a0        0xc C:\saturn\sgl302j/lib\libsgl.a(sglB090.o)
                0x060144a0                slLineScrollMode
 *fill*         0x060144ac        0x4 00
 SLPROG         0x060144b0        0x8 C:\saturn\sgl302j/lib\libsgl.a(sglB088.o)
                0x060144b0                slLineScrollTable1
 *fill*         0x060144b8        0x8 00
 SLPROG         0x060144c0        0xc C:\saturn\sgl302j/lib\libsgl.a(sglB071.o)
                0x060144c0                slScrPosNbg1
 *fill*         0x060144cc        0x4 00
 SLPROG         0x060144d0       0x10 C:\saturn\sgl302j/lib\libsgl.a(sglB057.o)
                0x060144d0                slPlaneNbg2
 SLPROG         0x060144e0       0xb0 C:\saturn\sgl302j/lib\libsgl.a(sglB033.o)
                0x060144e0                slMapNbg2
 SLPROG         0x06014590       0x10 C:\saturn\sgl302j/lib\libsgl.a(sglB072.o)
                0x06014590                slScrPosNbg2
 SLPROG         0x060145a0       0x20 C:\saturn\sgl302j/lib\libsgl.a(sglA00.o)
                0x060145b4                get_imask
                0x060145a0                set_imask
                0x060145a0                _builtin_set_imask
                0x060145b4                _builtin_get_imask
 SLPROG         0x060145c0       0x74 C:\saturn\sgl302j/lib\libsgl.a(sglJ00.o)
                0x060145c0                InitSlaveSH
                0x06014628                SlaveCommand
 *fill*         0x06014634        0xc 00
 SLPROG         0x06014640      0x42c C:\saturn\sgl302j/lib\libsgl.a(sglA20.o)
                0x06014640                slInitMatrix
                0x0601465e                slUnitMatrix
                0x0601464a                slPushUnitMatrix
 *fill*         0x06014a6c        0x4 00
 SLPROG         0x06014a70      0xbd0 C:\saturn\sgl302j/lib\libsgl.a(sglB000.o)
                0x06014a70                slInitScroll
                0x06014cd0                TVSizeTbl
                0x06014bc0                setASC_4to8
                0x06014d50                TVModeTbl
                0x06014b90                setASC_1to8
                0x06014f28                SGL_ASCII_CG
 SLPROG         0x06015640      0x3d0 C:\saturn\sgl302j/lib\libsgl.a(sglJ01.o)
                0x06015640                SlaveControl
                0x060159fc                ErasePolygonData
 SLPROG         0x06015a10      0x75c C:\saturn\sgl302j/lib\libsgl.a(sglI00.o)
                0x06015d00                slInitInterrupt
 *fill*         0x0601616c        0x4 00
 SLPROG         0x06016170      0x134 C:\saturn\sgl302j/lib\libsgl.a(sglC00.o)
                0x06016170                slInitSprite
 *fill*         0x060162a4        0xc 00
 SLPROG         0x060162b0      0x470 C:\saturn\sgl302j/lib\libsgl.a(sglH02.o)
                0x060166a0                smpc_pfr_tbl
                0x060166e0                smpc_ptf_tbl
 SLPROG         0x06016720       0x60 C:\saturn\sgl302j/lib\libsgl.a(sglH04.o)
                0x0601674a                slComPrmSetTime
                0x06016720                slComPrmIntBack
                0x06016734                slComPrmSetMemory
 SLPROG         0x06016780       0x40 C:\saturn\sgl302j/lib\libsgl.a(sglC20.o)
                0x06016780                SpriteEntry
 SLPROG         0x060167c0       0xd4 C:\saturn\sgl302j/lib\libsgl.a(sglB035.o)
                0x060167c0                sl1MapRA
                0x06016852                rbank_set
 *fill*         0x06016894        0xc 00
 SLPROG         0x060168a0      0x140 C:\saturn\sgl302j/lib\libsgl.a(sglJ03.o)
                0x060168a0                sbMakeDMATable
 SLPROG         0x060169e0     0x12b8 C:\saturn\sgl302j/lib\libsgl.a(sglJ02.o)
                0x06017c14                stvtc_1
                0x0601794c                stvtc_4
                0x0601790c                SetPolygon
                0x06017a04                stvtc_3
                0x06017c3c                stvtc_0
                0x06017914                SetPosition
                0x06016bc8                sbCalcPolygon
                0x06017900                SetTexture
                0x060169e0                sbMakePolygon
                0x06017c28                stvtc_2
 *fill*         0x06017c98        0x8 00
 SLPROG         0x06017ca0      0x470 C:\saturn\sgl302j/lib\libsgl.a(sglJ04.o)
                0x06017d64                sbMakeRotSprite
                0x06017cfe                sbMakeSprite
 SLPROG         0x06018110       0x3c C:\saturn\sgl302j/lib\libsgl.a(sglJ05.o)
                0x06018110                sbSortEntry
 *fill*         0x0601814c        0x4 00
 SLPROG         0x06018150       0xf0 C:\saturn\sgl302j/lib\libsgl.a(sglH03.o)
                0x060181b4                slSmpcIntBack
 SLPROG         0x06018240       0x6a C:\saturn\sgl302j/lib\libsgl.a(sglM01.o)
                0x0601826c                slSetDepthTbl
                0x0601829c                DepthWorkArea
                0x06018240                slSetDepthLimit
                0x060182aa                __slprog_end = .

.tors           0x060182b0        0x0
                0x060182b0                ___ctors = .
 *(.ctors)
                0x060182b0                ___ctors_end = .
                0x060182b0                ___dtors = .
 *(.dtors)
                0x060182b0                ___dtors_end = .

.data           0x060182b0     0xe6b0
 *(.data)
 .data          0x060182b0       0x50 main.o
                0x060182b0                spritepos2
                0x060182f0                spritepos1
 .data          0x06018300     0xddd0 assets.o
                0x06019100                pal_cloud
                0x06018300                pal_gradient
                0x060236f0                texture_sprites010
                0x06022e70                texture_sprites022
                0x06023670                texture_sprites011
                0x06018d00                cel_gradient
                0x060237f0                texture_sprites008
                0x06023570                texture_sprites013
                0x06022d00                pic_sprites
                0x06018500                map_gradient
                0x06020300                map_map2
                0x06023bf0                texture_sprites003
                0x06023470                texture_sprites015
                0x06022db8                tex_sprites
                0x060233f0                texture_sprites016
                0x06023770                texture_sprites009
                0x06023df0                texture_sprites002
                0x060240d0                texture_sprites000
                0x06019b00                cel_cloud
                0x0601b000                cel_road
                0x060234f0                texture_sprites014
                0x06023370                texture_sprites017
                0x06023270                texture_sprites019
                0x0601a800                map_road
                0x06023b70                texture_sprites004
                0x06024050                texture_sprites001
                0x06021500                map_face
                0x0601a600                pal_road
                0x06020b00                map_map1
                0x060235f0                texture_sprites012
                0x060238f0                texture_sprites006
                0x060232f0                texture_sprites018
                0x06023070                texture_sprites021
                0x06023870                texture_sprites007
                0x06021300                pal_face
                0x06021d00                cel_face
                0x06019300                map_cloud
                0x06023970                texture_sprites005
 .data          0x060260d0       0x80 game.o
                0x060260d0                bgMode
                0x0602611e                SCLERA_ATTR
                0x0602610a                SHOT_ATTR
                0x060260ec                SPR_SIZE
                0x06026114                CIRCLE_ATTR
                0x060260d4                scale
                0x06026128                EYE_ATTR
                0x06026100                PUSH_ATTR
                0x060260d8                SPR_ATTRS
                0x06026132                PLAYER_ATTR
 .data          0x06026150       0x80 C:\saturn\sgl302j/lib\libsgl.a(sglIc0.o)
                0x06026150                IntPrioMask
 .data          0x060261d0      0x380 c:/saturn/SH_COFF/sh-coff/bin/../lib/gcc/sh-coff/3.4-GNUSH_v0501/../../../../sh-coff/lib/m2\libc.a(impure.o)
                0x0602654c                _impure_ptr
 .data          0x06026550      0x410 c:/saturn/SH_COFF/sh-coff/bin/../lib/gcc/sh-coff/3.4-GNUSH_v0501/../../../../sh-coff/lib/m2\libc.a(mallocr.o)
                0x06026558                __malloc_av_
                0x06026554                __malloc_trim_threshold
                0x06026550                __malloc_sbrk_base
                0x06026960                __edata = .

.bss            0x06026960     0x2734
                0x06026960                __bstart = .
 *(.bss)
 .bss           0x06026960      0x200 assets.o
                0x06026960                texture_sprites020
 .bss           0x06026b60       0x20 game.o
                0x06026b60                screenY
                0x06026b64                screenX
                0x06026b68                scaleSpeed
                0x06026b6c                playerState
 .bss           0x06026b80       0x10 linescroll.o
 .bss           0x06026b90       0x10 tilemap.o
 .bss           0x06026ba0       0x10 c:/saturn/SH_COFF/sh-coff/bin/../lib/gcc/sh-coff/3.4-GNUSH_v0501/m2\libgcc.a(__main.o)
 .bss           0x06026bb0       0x10 c:/saturn/SH_COFF/sh-coff/bin/../lib/gcc/sh-coff/3.4-GNUSH_v0501/../../../../sh-coff/lib/m2\libc.a(atexit.o)
 .bss           0x06026bc0       0x40 c:/saturn/SH_COFF/sh-coff/bin/../lib/gcc/sh-coff/3.4-GNUSH_v0501/../../../../sh-coff/lib/m2\libc.a(mallocr.o)
                0x06026bf0                __malloc_top_pad
                0x06026bc0                __malloc_current_mallinfo
                0x06026bec                __malloc_max_sbrked_mem
                0x06026be8                __malloc_max_total_mem
 .bss           0x06026c00       0x10 c:/saturn/SH_COFF/sh-coff/bin/../lib/gcc/sh-coff/3.4-GNUSH_v0501/../../../../sh-coff/lib/m2\libc.a(syscalls.o)
 *(COMMON)
 COMMON         0x06026c10     0x2471 game.o
                                  0x0 (size before relaxing)
                0x06026c10                sprites
                0x06028830                numSprites
                0x06028840                playfield
                0x06029040                eye1Index
                0x06029050                defaultSprite
                0x06029074                bgLayers
                0x06029078                eye2Index
                0x0602907c                gameState
                0x06029080                dispFace
 *fill*         0x06029081        0xf 00
 COMMON         0x06029090        0x4 c:/saturn/SH_COFF/sh-coff/bin/../lib/gcc/sh-coff/3.4-GNUSH_v0501/../../../../sh-coff/lib/m2\libc.a(syscalls.o)
                                  0x0 (size before relaxing)
                0x06029090                errno
                0x06029094                __bend = .
                0x06029094                _end = .
LOAD C:\saturn\sgl302j\SAMPLE\common/cinit.o
LOAD C:\saturn\sgl302j/lib/sglarea.o
LOAD main.o
LOAD assets.o
LOAD game.o
LOAD linescroll.o
LOAD scrollfunctions.o
LOAD spritelist.o
LOAD tilemap.o
LOAD C:\saturn\sgl302j/lib\libsgl.a
LOAD c:/saturn/SH_COFF/sh-coff/bin/../lib/gcc/sh-coff/3.4-GNUSH_v0501/m2\libgcc.a
LOAD c:/saturn/SH_COFF/sh-coff/bin/../lib/gcc/sh-coff/3.4-GNUSH_v0501/../../../../sh-coff/lib/m2\libc.a
LOAD c:/saturn/SH_COFF/sh-coff/bin/../lib/gcc/sh-coff/3.4-GNUSH_v0501/m2\libgcc.a
OUTPUT(sl.coff coff-sh)

.comment        0x060290a0      0x3a0
 .comment       0x060290a0       0x20 C:\saturn\sgl302j\SAMPLE\common/cinit.o
 .comment       0x060290c0       0x20 main.o
 .comment       0x060290e0       0x20 assets.o
 .comment       0x06029100       0x20 game.o
 .comment       0x06029120       0x20 linescroll.o
 .comment       0x06029140       0x20 scrollfunctions.o
 .comment       0x06029160       0x20 spritelist.o
 .comment       0x06029180       0x20 tilemap.o
 .comment       0x060291a0       0x20 c:/saturn/SH_COFF/sh-coff/bin/../lib/gcc/sh-coff/3.4-GNUSH_v0501/m2\libgcc.a(__main.o)
 .comment       0x060291c0       0x20 c:/saturn/SH_COFF/sh-coff/bin/../lib/gcc/sh-coff/3.4-GNUSH_v0501/m2\libgcc.a(_si_to_df.o)
 .comment       0x060291e0       0x20 c:/saturn/SH_COFF/sh-coff/bin/../lib/gcc/sh-coff/3.4-GNUSH_v0501/m2\libgcc.a(_mul_df.o)
 .comment       0x06029200       0x20 c:/saturn/SH_COFF/sh-coff/bin/../lib/gcc/sh-coff/3.4-GNUSH_v0501/m2\libgcc.a(_div_df.o)
 .comment       0x06029220       0x20 c:/saturn/SH_COFF/sh-coff/bin/../lib/gcc/sh-coff/3.4-GNUSH_v0501/m2\libgcc.a(_df_to_si.o)
 .comment       0x06029240       0x20 c:/saturn/SH_COFF/sh-coff/bin/../lib/gcc/sh-coff/3.4-GNUSH_v0501/m2\libgcc.a(_pack_df.o)
 .comment       0x06029260       0x20 c:/saturn/SH_COFF/sh-coff/bin/../lib/gcc/sh-coff/3.4-GNUSH_v0501/m2\libgcc.a(_unpack_df.o)
 .comment       0x06029280       0x20 c:/saturn/SH_COFF/sh-coff/bin/../lib/gcc/sh-coff/3.4-GNUSH_v0501/m2\libgcc.a(_thenan_df.o)
 .comment       0x060292a0       0x20 c:/saturn/SH_COFF/sh-coff/bin/../lib/gcc/sh-coff/3.4-GNUSH_v0501/m2\libgcc.a(_lshrdi3.o)
 .comment       0x060292c0       0x20 c:/saturn/SH_COFF/sh-coff/bin/../lib/gcc/sh-coff/3.4-GNUSH_v0501/m2\libgcc.a(_ashldi3.o)
 .comment       0x060292e0       0x20 c:/saturn/SH_COFF/sh-coff/bin/../lib/gcc/sh-coff/3.4-GNUSH_v0501/../../../../sh-coff/lib/m2\libc.a(atexit.o)
 .comment       0x06029300       0x20 c:/saturn/SH_COFF/sh-coff/bin/../lib/gcc/sh-coff/3.4-GNUSH_v0501/../../../../sh-coff/lib/m2\libc.a(impure.o)
 .comment       0x06029320       0x20 c:/saturn/SH_COFF/sh-coff/bin/../lib/gcc/sh-coff/3.4-GNUSH_v0501/../../../../sh-coff/lib/m2\libc.a(malloc.o)
 .comment       0x06029340       0x20 c:/saturn/SH_COFF/sh-coff/bin/../lib/gcc/sh-coff/3.4-GNUSH_v0501/../../../../sh-coff/lib/m2\libc.a(mallocr.o)
 .comment       0x06029360       0x20 c:/saturn/SH_COFF/sh-coff/bin/../lib/gcc/sh-coff/3.4-GNUSH_v0501/../../../../sh-coff/lib/m2\libc.a(freer.o)
 .comment       0x06029380       0x20 c:/saturn/SH_COFF/sh-coff/bin/../lib/gcc/sh-coff/3.4-GNUSH_v0501/../../../../sh-coff/lib/m2\libc.a(mlock.o)
 .comment       0x060293a0       0x20 c:/saturn/SH_COFF/sh-coff/bin/../lib/gcc/sh-coff/3.4-GNUSH_v0501/../../../../sh-coff/lib/m2\libc.a(sbrkr.o)
 .comment       0x060293c0       0x20 c:/saturn/SH_COFF/sh-coff/bin/../lib/gcc/sh-coff/3.4-GNUSH_v0501/../../../../sh-coff/lib/m2\libc.a(syscalls.o)
 .comment       0x060293e0       0x20 c:/saturn/SH_COFF/sh-coff/bin/../lib/gcc/sh-coff/3.4-GNUSH_v0501/../../../../sh-coff/lib/m2\libc.a(abort.o)
 .comment       0x06029400       0x20 c:/saturn/SH_COFF/sh-coff/bin/../lib/gcc/sh-coff/3.4-GNUSH_v0501/../../../../sh-coff/lib/m2\libc.a(signal.o)
 .comment       0x06029420       0x20 c:/saturn/SH_COFF/sh-coff/bin/../lib/gcc/sh-coff/3.4-GNUSH_v0501/../../../../sh-coff/lib/m2\libc.a(signalr.o)
