Archive member included because of file (symbol)

C:\saturn\sgl302j/lib\libsgl.a(sglIc0.o)
                              main.o (slInitSystem)
C:\saturn\sgl302j/lib\libsgl.a(sglH00.o)
                              C:\saturn\sgl302j/lib\libsgl.a(sglIc0.o) (slInitPeripheral)
C:\saturn\sgl302j/lib\libsgl.a(sglF00.o)
                              game.o (slLocate)
C:\saturn\sgl302j/lib\libsgl.a(sglF05.o)
                              game.o (slPrint)
C:\saturn\sgl302j/lib\libsgl.a(sglB072.o)
                              game.o (slScrPosNbg2)
C:\saturn\sgl302j/lib\libsgl.a(sglB073.o)
                              game.o (slScrPosNbg3)
C:\saturn\sgl302j/lib\libsgl.a(sglF03.o)
                              game.o (slPrintFX)
C:\saturn\sgl302j/lib\libsgl.a(sglB015.o)
                              game.o (slScrAutoDisp)
C:\saturn\sgl302j/lib\libsgl.a(sglI01.o)
                              C:\saturn\sgl302j/lib\libsgl.a(sglIc0.o) (slInitSynch)
C:\saturn\sgl302j/lib\libsgl.a(sglA01.o)
                              game.o (slSin)
C:\saturn\sgl302j/lib\libsgl.a(sglF02.o)
                              game.o (slPrintHex)
C:\saturn\sgl302j/lib\libsgl.a(sglC06.o)
                              game.o (slDispSprite)
C:\saturn\sgl302j/lib\libsgl.a(sglA06.o)
                              game.o (slMulFX)
C:\saturn\sgl302j/lib\libsgl.a(sglB001.o)
                              game.o (slTVOn)
C:\saturn\sgl302j/lib\libsgl.a(sglD00.o)
                              game.o (slDMACopy)
C:\saturn\sgl302j/lib\libsgl.a(sglB002.o)
                              game.o (slColRAMMode)
C:\saturn\sgl302j/lib\libsgl.a(sglB016.o)
                              game.o (slBack1ColSet)
C:\saturn\sgl302j/lib\libsgl.a(sglB200.o)
                              game.o (slCharNbg1)
C:\saturn\sgl302j/lib\libsgl.a(sglB056.o)
                              game.o (slPlaneNbg1)
C:\saturn\sgl302j/lib\libsgl.a(sglB032.o)
                              game.o (slMapNbg1)
C:\saturn\sgl302j/lib\libsgl.a(sglB071.o)
                              game.o (slScrPosNbg1)
C:\saturn\sgl302j/lib\libsgl.a(sglB063.o)
                              game.o (slPriority)
C:\saturn\sgl302j/lib\libsgl.a(sglB020.o)
                              game.o (slColorCalc)
C:\saturn\sgl302j/lib\libsgl.a(sglB023.o)
                              game.o (slColRate)
C:\saturn\sgl302j/lib\libsgl.a(sglB057.o)
                              game.o (slPlaneNbg2)
C:\saturn\sgl302j/lib\libsgl.a(sglB033.o)
                              game.o (slMapNbg2)
C:\saturn\sgl302j/lib\libsgl.a(sglB058.o)
                              game.o (slPlaneNbg3)
C:\saturn\sgl302j/lib\libsgl.a(sglB034.o)
                              game.o (slMapNbg3)
C:\saturn\sgl302j/lib\libsgl.a(sglB021.o)
                              game.o (slColorCalcOn)
C:\saturn\sgl302j/lib\libsgl.a(sglA00.o)
                              C:\saturn\sgl302j/lib\libsgl.a(sglIc0.o) (_builtin_set_imask)
C:\saturn\sgl302j/lib\libsgl.a(sglK01.o)
                              C:\saturn\sgl302j/lib\libsgl.a(sglIc0.o) (SynchCount)
C:\saturn\sgl302j/lib\libsgl.a(sglJ00.o)
                              C:\saturn\sgl302j/lib\libsgl.a(sglIc0.o) (InitSlaveSH)
C:\saturn\sgl302j/lib\libsgl.a(sglA20.o)
                              C:\saturn\sgl302j/lib\libsgl.a(sglIc0.o) (slInitMatrix)
C:\saturn\sgl302j/lib\libsgl.a(sglB000.o)
                              C:\saturn\sgl302j/lib\libsgl.a(sglIc0.o) (slInitScroll)
C:\saturn\sgl302j/lib\libsgl.a(sglJ01.o)
                              C:\saturn\sgl302j/lib\libsgl.a(sglIc0.o) (SlaveControl)
C:\saturn\sgl302j/lib\libsgl.a(sglI00.o)
                              C:\saturn\sgl302j/lib\libsgl.a(sglIc0.o) (slInitInterrupt)
C:\saturn\sgl302j/lib\libsgl.a(sglC00.o)
                              C:\saturn\sgl302j/lib\libsgl.a(sglIc0.o) (slInitSprite)
C:\saturn\sgl302j/lib\libsgl.a(sglH02.o)
                              C:\saturn\sgl302j/lib\libsgl.a(sglH00.o) (smpc_pfr_tbl)
C:\saturn\sgl302j/lib\libsgl.a(sglH04.o)
                              C:\saturn\sgl302j/lib\libsgl.a(sglH00.o) (slComPrmIntBack)
C:\saturn\sgl302j/lib\libsgl.a(sglC20.o)
                              C:\saturn\sgl302j/lib\libsgl.a(sglC06.o) (SpriteEntry)
C:\saturn\sgl302j/lib\libsgl.a(sglB035.o)
                              C:\saturn\sgl302j/lib\libsgl.a(sglB200.o) (rbank_set)
C:\saturn\sgl302j/lib\libsgl.a(sglJ03.o)
                              C:\saturn\sgl302j/lib\libsgl.a(sglJ01.o) (sbMakeDMATable)
C:\saturn\sgl302j/lib\libsgl.a(sglJ02.o)
                              C:\saturn\sgl302j/lib\libsgl.a(sglJ01.o) (sbMakePolygon)
C:\saturn\sgl302j/lib\libsgl.a(sglJ04.o)
                              C:\saturn\sgl302j/lib\libsgl.a(sglJ01.o) (sbMakeSprite)
C:\saturn\sgl302j/lib\libsgl.a(sglJ05.o)
                              C:\saturn\sgl302j/lib\libsgl.a(sglJ01.o) (sbSortEntry)
C:\saturn\sgl302j/lib\libsgl.a(sglH03.o)
                              C:\saturn\sgl302j/lib\libsgl.a(sglI00.o) (slSmpcIntBack)
C:\saturn\sgl302j/lib\libsgl.a(sglM01.o)
                              C:\saturn\sgl302j/lib\libsgl.a(sglJ02.o) (DepthWorkArea)
c:/saturn/SH_COFF/sh-coff/bin/../lib/gcc/sh-coff/3.4-GNUSH_v0501/m2\libgcc.a(__main.o)
                              C:\saturn\sgl302j\SAMPLE\common/cinit.o (__main)
c:/saturn/SH_COFF/sh-coff/bin/../lib/gcc/sh-coff/3.4-GNUSH_v0501/m2\libgcc.a(_si_to_df.o)
                              game.o (__floatsidf)
c:/saturn/SH_COFF/sh-coff/bin/../lib/gcc/sh-coff/3.4-GNUSH_v0501/m2\libgcc.a(_df_to_si.o)
                              game.o (__fixdfsi)
c:/saturn/SH_COFF/sh-coff/bin/../lib/gcc/sh-coff/3.4-GNUSH_v0501/m2\libgcc.a(_mul_df.o)
                              game.o (__muldf3)
c:/saturn/SH_COFF/sh-coff/bin/../lib/gcc/sh-coff/3.4-GNUSH_v0501/m2\libgcc.a(_div_df.o)
                              game.o (__divdf3)
c:/saturn/SH_COFF/sh-coff/bin/../lib/gcc/sh-coff/3.4-GNUSH_v0501/m2\libgcc.a(_ashiftrt_n.o)
                              game.o (__ashrsi3)
c:/saturn/SH_COFF/sh-coff/bin/../lib/gcc/sh-coff/3.4-GNUSH_v0501/m2\libgcc.a(_pack_df.o)
                              c:/saturn/SH_COFF/sh-coff/bin/../lib/gcc/sh-coff/3.4-GNUSH_v0501/m2\libgcc.a(_si_to_df.o) (__pack_d)
c:/saturn/SH_COFF/sh-coff/bin/../lib/gcc/sh-coff/3.4-GNUSH_v0501/m2\libgcc.a(_unpack_df.o)
                              c:/saturn/SH_COFF/sh-coff/bin/../lib/gcc/sh-coff/3.4-GNUSH_v0501/m2\libgcc.a(_df_to_si.o) (__unpack_d)
c:/saturn/SH_COFF/sh-coff/bin/../lib/gcc/sh-coff/3.4-GNUSH_v0501/m2\libgcc.a(_lshrdi3.o)
                              c:/saturn/SH_COFF/sh-coff/bin/../lib/gcc/sh-coff/3.4-GNUSH_v0501/m2\libgcc.a(_df_to_si.o) (__lshrdi3)
c:/saturn/SH_COFF/sh-coff/bin/../lib/gcc/sh-coff/3.4-GNUSH_v0501/m2\libgcc.a(_thenan_df.o)
                              c:/saturn/SH_COFF/sh-coff/bin/../lib/gcc/sh-coff/3.4-GNUSH_v0501/m2\libgcc.a(_mul_df.o) (__thenan_df)
c:/saturn/SH_COFF/sh-coff/bin/../lib/gcc/sh-coff/3.4-GNUSH_v0501/m2\libgcc.a(_ashldi3.o)
                              c:/saturn/SH_COFF/sh-coff/bin/../lib/gcc/sh-coff/3.4-GNUSH_v0501/m2\libgcc.a(_pack_df.o) (__ashldi3)
c:/saturn/SH_COFF/sh-coff/bin/../lib/gcc/sh-coff/3.4-GNUSH_v0501/m2\libgcc.a(_ashiftlt.o)
                              c:/saturn/SH_COFF/sh-coff/bin/../lib/gcc/sh-coff/3.4-GNUSH_v0501/m2\libgcc.a(_lshrdi3.o) (__ashlsi3)
c:/saturn/SH_COFF/sh-coff/bin/../lib/gcc/sh-coff/3.4-GNUSH_v0501/m2\libgcc.a(_lshiftrt.o)
                              c:/saturn/SH_COFF/sh-coff/bin/../lib/gcc/sh-coff/3.4-GNUSH_v0501/m2\libgcc.a(_lshrdi3.o) (__lshrsi3)
c:/saturn/SH_COFF/sh-coff/bin/../lib/gcc/sh-coff/3.4-GNUSH_v0501/../../../../sh-coff/lib/m2\libc.a(memcpy.o)
                              game.o (memcpy)
c:/saturn/SH_COFF/sh-coff/bin/../lib/gcc/sh-coff/3.4-GNUSH_v0501/../../../../sh-coff/lib/m2\libc.a(memset.o)
                              spritelist.o (memset)
c:/saturn/SH_COFF/sh-coff/bin/../lib/gcc/sh-coff/3.4-GNUSH_v0501/../../../../sh-coff/lib/m2\libc.a(atexit.o)
                              c:/saturn/SH_COFF/sh-coff/bin/../lib/gcc/sh-coff/3.4-GNUSH_v0501/m2\libgcc.a(__main.o) (atexit)
c:/saturn/SH_COFF/sh-coff/bin/../lib/gcc/sh-coff/3.4-GNUSH_v0501/../../../../sh-coff/lib/m2\libc.a(impure.o)
                              c:/saturn/SH_COFF/sh-coff/bin/../lib/gcc/sh-coff/3.4-GNUSH_v0501/../../../../sh-coff/lib/m2\libc.a(atexit.o) (_impure_ptr)
c:/saturn/SH_COFF/sh-coff/bin/../lib/gcc/sh-coff/3.4-GNUSH_v0501/../../../../sh-coff/lib/m2\libc.a(malloc.o)
                              c:/saturn/SH_COFF/sh-coff/bin/../lib/gcc/sh-coff/3.4-GNUSH_v0501/../../../../sh-coff/lib/m2\libc.a(atexit.o) (malloc)
c:/saturn/SH_COFF/sh-coff/bin/../lib/gcc/sh-coff/3.4-GNUSH_v0501/../../../../sh-coff/lib/m2\libc.a(mallocr.o)
                              c:/saturn/SH_COFF/sh-coff/bin/../lib/gcc/sh-coff/3.4-GNUSH_v0501/../../../../sh-coff/lib/m2\libc.a(malloc.o) (_malloc_r)
c:/saturn/SH_COFF/sh-coff/bin/../lib/gcc/sh-coff/3.4-GNUSH_v0501/../../../../sh-coff/lib/m2\libc.a(freer.o)
                              c:/saturn/SH_COFF/sh-coff/bin/../lib/gcc/sh-coff/3.4-GNUSH_v0501/../../../../sh-coff/lib/m2\libc.a(malloc.o) (_free_r)
c:/saturn/SH_COFF/sh-coff/bin/../lib/gcc/sh-coff/3.4-GNUSH_v0501/../../../../sh-coff/lib/m2\libc.a(mlock.o)
                              c:/saturn/SH_COFF/sh-coff/bin/../lib/gcc/sh-coff/3.4-GNUSH_v0501/../../../../sh-coff/lib/m2\libc.a(mallocr.o) (__malloc_lock)
c:/saturn/SH_COFF/sh-coff/bin/../lib/gcc/sh-coff/3.4-GNUSH_v0501/../../../../sh-coff/lib/m2\libc.a(sbrkr.o)
                              c:/saturn/SH_COFF/sh-coff/bin/../lib/gcc/sh-coff/3.4-GNUSH_v0501/../../../../sh-coff/lib/m2\libc.a(mallocr.o) (_sbrk_r)
c:/saturn/SH_COFF/sh-coff/bin/../lib/gcc/sh-coff/3.4-GNUSH_v0501/../../../../sh-coff/lib/m2\libc.a(syscalls.o)
                              c:/saturn/SH_COFF/sh-coff/bin/../lib/gcc/sh-coff/3.4-GNUSH_v0501/../../../../sh-coff/lib/m2\libc.a(sbrkr.o) (_sbrk)
c:/saturn/SH_COFF/sh-coff/bin/../lib/gcc/sh-coff/3.4-GNUSH_v0501/../../../../sh-coff/lib/m2\libc.a(trap.o)
                              c:/saturn/SH_COFF/sh-coff/bin/../lib/gcc/sh-coff/3.4-GNUSH_v0501/../../../../sh-coff/lib/m2\libc.a(syscalls.o) (__trap34)
c:/saturn/SH_COFF/sh-coff/bin/../lib/gcc/sh-coff/3.4-GNUSH_v0501/../../../../sh-coff/lib/m2\libc.a(abort.o)
                              c:/saturn/SH_COFF/sh-coff/bin/../lib/gcc/sh-coff/3.4-GNUSH_v0501/../../../../sh-coff/lib/m2\libc.a(syscalls.o) (abort)
c:/saturn/SH_COFF/sh-coff/bin/../lib/gcc/sh-coff/3.4-GNUSH_v0501/../../../../sh-coff/lib/m2\libc.a(signal.o)
                              c:/saturn/SH_COFF/sh-coff/bin/../lib/gcc/sh-coff/3.4-GNUSH_v0501/../../../../sh-coff/lib/m2\libc.a(abort.o) (raise)
c:/saturn/SH_COFF/sh-coff/bin/../lib/gcc/sh-coff/3.4-GNUSH_v0501/../../../../sh-coff/lib/m2\libc.a(signalr.o)
                              c:/saturn/SH_COFF/sh-coff/bin/../lib/gcc/sh-coff/3.4-GNUSH_v0501/../../../../sh-coff/lib/m2\libc.a(signal.o) (_kill_r)
c:/saturn/SH_COFF/sh-coff/bin/../lib/gcc/sh-coff/3.4-GNUSH_v0501/m2\libgcc.a(_udivsi3.o)
                              c:/saturn/SH_COFF/sh-coff/bin/../lib/gcc/sh-coff/3.4-GNUSH_v0501/../../../../sh-coff/lib/m2\libc.a(freer.o) (__udivsi3)

Allocating common symbols
Common symbol       size              file

sprites             0x1c20            game.o
numSprites          0x1               game.o
playfield           0x800             game.o
eye1Index           0x4               game.o
defaultSprite       0x24              game.o
eye2Index           0x4               game.o
errno               0x4               c:/saturn/SH_COFF/sh-coff/bin/../lib/gcc/sh-coff/3.4-GNUSH_v0501/../../../../sh-coff/lib/m2\libc.a(syscalls.o)
gameState           0x4               game.o
dispFace            0x1               game.o

Memory Configuration

Name             Origin             Length             Attributes
*default*        0x00000000         0xffffffff

Linker script and memory map


SLSTART         0x06004000       0x30
                0x06004000                ___Start = .
 *(SLSTART)
 SLSTART        0x06004000       0x28 C:\saturn\sgl302j/lib\libsgl.a(sglI00.o)
                0x06004002                slStartSGL
                0x06004000                SGL_Start

.text           0x06004040     0x3bb0
 *(.text)
 .text          0x06004040       0x50 C:\saturn\sgl302j\SAMPLE\common/cinit.o
                0x06004040                main
 .text          0x06004090       0x70 main.o
                0x06004090                ss_main
 .text          0x06004100     0x1640 game.o
                0x06004f30                loadSpritePos
                0x06004f00                loadLevel
                0x06005120                runLevel
 .text          0x06005740       0xf0 scrollfunctions.o
                0x060057e0                MapRead
                0x06005800                Pal2CRAM
                0x06005760                Map2VRAM
                0x060057c0                MapWrite
                0x06005740                Cel2VRAM
 .text          0x06005830       0xd0 spritelist.o
                0x060058b0                deleteSprite
                0x06005830                addSprite
                0x060058e0                clearSpriteList
 .text          0x06005900      0x128 C:\saturn\sgl302j/lib\libsgl.a(sglIc0.o)
                0x06005900                slInitSystem
 *fill*         0x06005a28        0x8 00
 .text          0x06005a30       0xc0 c:/saturn/SH_COFF/sh-coff/bin/../lib/gcc/sh-coff/3.4-GNUSH_v0501/m2\libgcc.a(__main.o)
                0x06005ab0                __main
                0x06005a30                __do_global_dtors
                0x06005a70                __do_global_ctors
 .text          0x06005af0      0x110 c:/saturn/SH_COFF/sh-coff/bin/../lib/gcc/sh-coff/3.4-GNUSH_v0501/m2\libgcc.a(_si_to_df.o)
                0x06005b00                __floatsidf
 .text          0x06005c00       0x90 c:/saturn/SH_COFF/sh-coff/bin/../lib/gcc/sh-coff/3.4-GNUSH_v0501/m2\libgcc.a(_df_to_si.o)
                0x06005c00                __fixdfsi
 .text          0x06005c90      0x2c0 c:/saturn/SH_COFF/sh-coff/bin/../lib/gcc/sh-coff/3.4-GNUSH_v0501/m2\libgcc.a(_mul_df.o)
                0x06005cb0                __muldf3
 .text          0x06005f50      0x180 c:/saturn/SH_COFF/sh-coff/bin/../lib/gcc/sh-coff/3.4-GNUSH_v0501/m2\libgcc.a(_div_df.o)
                0x06005f60                __divdf3
 .text          0x060060d0       0x80 c:/saturn/SH_COFF/sh-coff/bin/../lib/gcc/sh-coff/3.4-GNUSH_v0501/m2\libgcc.a(_ashiftrt_n.o)
                0x060060d0                __ashrsi3
 .text          0x06006150      0x270 c:/saturn/SH_COFF/sh-coff/bin/../lib/gcc/sh-coff/3.4-GNUSH_v0501/m2\libgcc.a(_pack_df.o)
                0x06006170                __pack_d
 .text          0x060063c0      0x160 c:/saturn/SH_COFF/sh-coff/bin/../lib/gcc/sh-coff/3.4-GNUSH_v0501/m2\libgcc.a(_unpack_df.o)
                0x060063e0                __unpack_d
 .text          0x06006520       0x90 c:/saturn/SH_COFF/sh-coff/bin/../lib/gcc/sh-coff/3.4-GNUSH_v0501/m2\libgcc.a(_lshrdi3.o)
                0x06006520                __lshrdi3
 .text          0x060065b0       0x20 c:/saturn/SH_COFF/sh-coff/bin/../lib/gcc/sh-coff/3.4-GNUSH_v0501/m2\libgcc.a(_thenan_df.o)
                0x060065b0                __thenan_df
 .text          0x060065d0       0x90 c:/saturn/SH_COFF/sh-coff/bin/../lib/gcc/sh-coff/3.4-GNUSH_v0501/m2\libgcc.a(_ashldi3.o)
                0x060065d0                __ashldi3
 .text          0x06006660       0x90 c:/saturn/SH_COFF/sh-coff/bin/../lib/gcc/sh-coff/3.4-GNUSH_v0501/m2\libgcc.a(_ashiftlt.o)
                0x06006660                __ashlsi3
 .text          0x060066f0       0x90 c:/saturn/SH_COFF/sh-coff/bin/../lib/gcc/sh-coff/3.4-GNUSH_v0501/m2\libgcc.a(_lshiftrt.o)
                0x060066f0                __lshrsi3
 .text          0x06006780       0xa0 c:/saturn/SH_COFF/sh-coff/bin/../lib/gcc/sh-coff/3.4-GNUSH_v0501/../../../../sh-coff/lib/m2\libc.a(memcpy.o)
                0x06006780                memcpy
 .text          0x06006820       0x40 c:/saturn/SH_COFF/sh-coff/bin/../lib/gcc/sh-coff/3.4-GNUSH_v0501/../../../../sh-coff/lib/m2\libc.a(memset.o)
                0x06006820                memset
 .text          0x06006860       0xa0 c:/saturn/SH_COFF/sh-coff/bin/../lib/gcc/sh-coff/3.4-GNUSH_v0501/../../../../sh-coff/lib/m2\libc.a(atexit.o)
                0x06006860                atexit
 .text          0x06006900       0x10 c:/saturn/SH_COFF/sh-coff/bin/../lib/gcc/sh-coff/3.4-GNUSH_v0501/../../../../sh-coff/lib/m2\libc.a(impure.o)
                0x06006900                _global_impure_ptr
 .text          0x06006910       0x40 c:/saturn/SH_COFF/sh-coff/bin/../lib/gcc/sh-coff/3.4-GNUSH_v0501/../../../../sh-coff/lib/m2\libc.a(malloc.o)
                0x06006930                free
                0x06006910                malloc
 .text          0x06006950      0x680 c:/saturn/SH_COFF/sh-coff/bin/../lib/gcc/sh-coff/3.4-GNUSH_v0501/../../../../sh-coff/lib/m2\libc.a(mallocr.o)
                0x06006950                _malloc_r
 .text          0x06006fd0      0x3b0 c:/saturn/SH_COFF/sh-coff/bin/../lib/gcc/sh-coff/3.4-GNUSH_v0501/../../../../sh-coff/lib/m2\libc.a(freer.o)
                0x06006fd0                _malloc_trim_r
                0x060070d0                _free_r
 .text          0x06007380       0x20 c:/saturn/SH_COFF/sh-coff/bin/../lib/gcc/sh-coff/3.4-GNUSH_v0501/../../../../sh-coff/lib/m2\libc.a(mlock.o)
                0x06007380                __malloc_lock
                0x06007390                __malloc_unlock
 .text          0x060073a0       0x50 c:/saturn/SH_COFF/sh-coff/bin/../lib/gcc/sh-coff/3.4-GNUSH_v0501/../../../../sh-coff/lib/m2\libc.a(sbrkr.o)
                0x060073a0                _sbrk_r
 .text          0x060073f0      0x430 c:/saturn/SH_COFF/sh-coff/bin/../lib/gcc/sh-coff/3.4-GNUSH_v0501/../../../../sh-coff/lib/m2\libc.a(syscalls.o)
                0x060075a0                _exit
                0x060075e0                _getpid
                0x06007660                _utime
                0x06007430                _write
                0x060073f0                _read
                0x06007580                _unlink
                0x06007540                _open
                0x06007600                _stat
                0x06007590                isatty
                0x060076a0                _wait
                0x060075c0                _kill
                0x06007620                _chmod
                0x060076e0                _execv
                0x060076c0                _execve
                0x060077e0                __setup_argv_and_call_main
                0x06007730                _gettimeofday
                0x06007470                _link
                0x060075f0                _raise
                0x06007560                _creat
                0x06007700                _pipe
                0x06007640                _chown
                0x06007410                _lseek
                0x06007450                _close
                0x06007720                _times
                0x06007520                _fstat
                0x06007680                _fork
                0x060074a0                _sbrk
 .text          0x06007820       0x20 c:/saturn/SH_COFF/sh-coff/bin/../lib/gcc/sh-coff/3.4-GNUSH_v0501/../../../../sh-coff/lib/m2\libc.a(trap.o)
                0x06007820                __trap34
 .text          0x06007840       0x20 c:/saturn/SH_COFF/sh-coff/bin/../lib/gcc/sh-coff/3.4-GNUSH_v0501/../../../../sh-coff/lib/m2\libc.a(abort.o)
                0x06007840                abort
 .text          0x06007860      0x2c0 c:/saturn/SH_COFF/sh-coff/bin/../lib/gcc/sh-coff/3.4-GNUSH_v0501/../../../../sh-coff/lib/m2\libc.a(signal.o)
                0x06007940                _raise_r
                0x06007b00                __sigtramp
                0x06007aa0                raise
                0x06007ae0                _init_signal
                0x06007a20                __sigtramp_r
                0x06007ac0                signal
                0x060078b0                _signal_r
                0x06007860                _init_signal_r
 .text          0x06007b20       0x60 c:/saturn/SH_COFF/sh-coff/bin/../lib/gcc/sh-coff/3.4-GNUSH_v0501/../../../../sh-coff/lib/m2\libc.a(signalr.o)
                0x06007b70                _getpid_r
                0x06007b20                _kill_r
 .text          0x06007b80       0x70 c:/saturn/SH_COFF/sh-coff/bin/../lib/gcc/sh-coff/3.4-GNUSH_v0501/m2\libgcc.a(_udivsi3.o)
                0x06007ba2                __udivsi3
 *(.strings)
                0x06007bf0                __etext = .

SLPROG          0x06007c00    0x102c0
                0x06007c00                __slprog_start = .
 *(SLPROG)
 SLPROG         0x06007c00     0x6540 C:\saturn\sgl302j/lib/sglarea.o
                0x06007c1c                SpriteBuf
                0x06007c40                RemainEvent
                0x06007c0c                SortList
                0x06007c0a                MaxPolygons
                0x06007c28                CommandBuf
                0x06007c3c                MaxWorks
                0x06007c3e                WorkSize
                0x06007c34                PCM_WkSize
                0x06007c2c                CLOfstBuf
                0x06007d40                RemainWork
                0x06007c30                PCM_Work
                0x06007c00                MasterStack
                0x06007c04                SlaveStack
                0x06007c08                MaxVertices
                0x06007c38                MaxEvents
                0x06007c18                Zbuffer
                0x06007c20                SpriteBufSize
                0x0600a140                WorkBuf
                0x06007c14                TransList
                0x06007c24                Pbuffer
                0x06007c10                SortListSize
                0x06007c3a                EventSize
                0x06008140                EventBuf
 SLPROG         0x0600e140      0xfc8 C:\saturn\sgl302j/lib\libsgl.a(sglH00.o)
                0x0600e1dc                slSetPortData1
                0x0600e1cc                slGetPortData1
                0x0600e9ba                slSetPortMode1
                0x0600ebf4                Smpc_Status
                0x0600e192                slSetPortDir2
                0x0600e7d8                slSmpcCashSend
                0x0600e1f8                slGetPortSelect1
                0x0600e5de                slIntBackCancel
                0x0600e290                slSetPortExt1
                0x0600e9a0                slGetPortMode1
                0x0600e894                slSmpcCashBlow
                0x0600eb84                slRequestCommand
                0x0600ec24                SmpcStatusBuf
                0x0600e1e6                slSetPortData2
                0x0600e546                slSetResultBuffer
                0x0600e27c                slGetPortExt1
                0x0600e2c0                slSetPortExt2
                0x0600e160                slGetPortDir2
                0x0600e286                slGetPortExt2
                0x0600e612                slClearReset
                0x0600e608                slCheckReset
                0x0600e168                slSetPortDir1
                0x0600e240                slSetPortSelect2
                0x0600e20c                slSetPortSelect1
                0x0600e9ac                slGetPortMode2
                0x0600e202                slGetPortSelect2
                0x0600e158                slGetPortDir1
                0x0600e1d4                slGetPortData2
                0x0600e97a                slSetOptimize
                0x0600e970                slGetOptimize
                0x0600e434                slSmpcDirectAccess
                0x0600ec02                Per_Connect1
                0x0600e4b4                slInitPeripheral
                0x0600e5d2                slCheckIntBackSet
                0x0600ec03                Per_Connect2
                0x0600ebfc                Smpc_Peripheral
                0x0600e9f8                slSetPortMode2
                0x0600ebf8                Smpc_Result
 *fill*         0x0600f108        0x8 00
 SLPROG         0x0600f110       0x4e C:\saturn\sgl302j/lib\libsgl.a(sglF00.o)
                0x0600f12a                slLocate
                0x0600f120                slCurColor
                0x0600f15c                CurrentScreen
                0x0600f110                slCurScrn
 *fill*         0x0600f15e        0x2 00
 SLPROG         0x0600f160       0x1c C:\saturn\sgl302j/lib\libsgl.a(sglF05.o)
                0x0600f160                slPrint
 *fill*         0x0600f17c        0x4 00
 SLPROG         0x0600f180       0x10 C:\saturn\sgl302j/lib\libsgl.a(sglB072.o)
                0x0600f180                slScrPosNbg2
 SLPROG         0x0600f190       0x10 C:\saturn\sgl302j/lib\libsgl.a(sglB073.o)
                0x0600f190                slScrPosNbg3
 SLPROG         0x0600f1a0      0x12a C:\saturn\sgl302j/lib\libsgl.a(sglF03.o)
                0x0600f1a0                slPrintFX
 *fill*         0x0600f2ca        0x6 00
 SLPROG         0x0600f2d0      0x40c C:\saturn\sgl302j/lib\libsgl.a(sglB015.o)
                0x0600f2d0                slScrAutoDisp
 *fill*         0x0600f6dc        0x4 00
 SLPROG         0x0600f6e0      0x3a4 C:\saturn\sgl302j/lib\libsgl.a(sglI01.o)
                0x0600f8ca                RetPCMBuf
                0x0600fa04                Sound_Buf
                0x0600f6e0                slInitSynch
                0x0600f7f0                slRandom
                0x0600f964                PCM_Buf
                0x0600f6fa                slSynch
                0x0600f80e                PCM_EndCheck
 *fill*         0x0600fa84        0xc 00
 SLPROG         0x0600fa90     0x411e C:\saturn\sgl302j/lib\libsgl.a(sglA01.o)
                0x0600fb6c                sin_cos_index_tbl
                0x0600fa90                slSin
                0x0600fbac                sin_tbl
                0x0600fad8                GetSinCos
                0x0600fab4                slCos
 *fill*         0x06013bae        0x2 00
 SLPROG         0x06013bb0       0x3c C:\saturn\sgl302j/lib\libsgl.a(sglF02.o)
                0x06013bb0                slPrintHex
 *fill*         0x06013bec        0x4 00
 SLPROG         0x06013bf0       0xfa C:\saturn\sgl302j/lib\libsgl.a(sglC06.o)
                0x06013bf0                slDispSprite
 *fill*         0x06013cea        0x6 00
 SLPROG         0x06013cf0        0xa C:\saturn\sgl302j/lib\libsgl.a(sglA06.o)
                0x06013cf0                slMulFX
 *fill*         0x06013cfa        0x6 00
 SLPROG         0x06013d00       0x20 C:\saturn\sgl302j/lib\libsgl.a(sglB001.o)
                0x06013d00                slTVOn
                0x06013d0a                slTVOff
 SLPROG         0x06013d20       0x84 C:\saturn\sgl302j/lib\libsgl.a(sglD00.o)
                0x06013d20                slDMACopy
                0x06013d20                slCpuDMACopy
                0x06013d7a                slCashPurge
                0x06013d7a                CSH_AllClr
 *fill*         0x06013da4        0xc 00
 SLPROG         0x06013db0       0x1e C:\saturn\sgl302j/lib\libsgl.a(sglB002.o)
                0x06013db0                slColRAMMode
 *fill*         0x06013dce        0x2 00
 SLPROG         0x06013dd0        0xc C:\saturn\sgl302j/lib\libsgl.a(sglB016.o)
                0x06013dd0                slBack1ColSet
 *fill*         0x06013ddc        0x4 00
 SLPROG         0x06013de0      0x114 C:\saturn\sgl302j/lib\libsgl.a(sglB200.o)
                0x06013dec                slCharNbg0
                0x06013e32                slPageRbg0
                0x06013e48                slPageNbg1
                0x06013df8                slCharNbg1
                0x06013e64                slPageNbg0
                0x06013e50                slPageNbg2
                0x06013e58                slPageNbg3
                0x06013e04                slCharNbg2
                0x06013e1a                slCharNbg3
                0x06013de0                slCharRbg0
 *fill*         0x06013ef4        0xc 00
 SLPROG         0x06013f00        0xc C:\saturn\sgl302j/lib\libsgl.a(sglB056.o)
                0x06013f00                slPlaneNbg1
 *fill*         0x06013f0c        0x4 00
 SLPROG         0x06013f10       0xb4 C:\saturn\sgl302j/lib\libsgl.a(sglB032.o)
                0x06013f10                slMapNbg1
 *fill*         0x06013fc4        0xc 00
 SLPROG         0x06013fd0        0xc C:\saturn\sgl302j/lib\libsgl.a(sglB071.o)
                0x06013fd0                slScrPosNbg1
 *fill*         0x06013fdc        0x4 00
 SLPROG         0x06013fe0        0xc C:\saturn\sgl302j/lib\libsgl.a(sglB063.o)
                0x06013fe0                slPriority
 *fill*         0x06013fec        0x4 00
 SLPROG         0x06013ff0       0x10 C:\saturn\sgl302j/lib\libsgl.a(sglB020.o)
                0x06013ff0                slColorCalc
 SLPROG         0x06014000        0xc C:\saturn\sgl302j/lib\libsgl.a(sglB023.o)
                0x06014000                slColRate
 *fill*         0x0601400c        0x4 00
 SLPROG         0x06014010       0x10 C:\saturn\sgl302j/lib\libsgl.a(sglB057.o)
                0x06014010                slPlaneNbg2
 SLPROG         0x06014020       0xb0 C:\saturn\sgl302j/lib\libsgl.a(sglB033.o)
                0x06014020                slMapNbg2
 SLPROG         0x060140d0       0x10 C:\saturn\sgl302j/lib\libsgl.a(sglB058.o)
                0x060140d0                slPlaneNbg3
 SLPROG         0x060140e0       0xb4 C:\saturn\sgl302j/lib\libsgl.a(sglB034.o)
                0x060140e0                slMapNbg3
 *fill*         0x06014194        0xc 00
 SLPROG         0x060141a0        0xc C:\saturn\sgl302j/lib\libsgl.a(sglB021.o)
                0x060141a0                slColorCalcOn
 *fill*         0x060141ac        0x4 00
 SLPROG         0x060141b0       0x20 C:\saturn\sgl302j/lib\libsgl.a(sglA00.o)
                0x060141c4                get_imask
                0x060141b0                set_imask
                0x060141b0                _builtin_set_imask
                0x060141c4                _builtin_get_imask
 SLPROG         0x060141d0       0x74 C:\saturn\sgl302j/lib\libsgl.a(sglJ00.o)
                0x060141d0                InitSlaveSH
                0x06014238                SlaveCommand
 *fill*         0x06014244        0xc 00
 SLPROG         0x06014250      0x42c C:\saturn\sgl302j/lib\libsgl.a(sglA20.o)
                0x06014250                slInitMatrix
                0x0601426e                slUnitMatrix
                0x0601425a                slPushUnitMatrix
 *fill*         0x0601467c        0x4 00
 SLPROG         0x06014680      0xbd0 C:\saturn\sgl302j/lib\libsgl.a(sglB000.o)
                0x06014680                slInitScroll
                0x060148e0                TVSizeTbl
                0x060147d0                setASC_4to8
                0x06014960                TVModeTbl
                0x060147a0                setASC_1to8
                0x06014b38                SGL_ASCII_CG
 SLPROG         0x06015250      0x3d0 C:\saturn\sgl302j/lib\libsgl.a(sglJ01.o)
                0x06015250                SlaveControl
                0x0601560c                ErasePolygonData
 SLPROG         0x06015620      0x75c C:\saturn\sgl302j/lib\libsgl.a(sglI00.o)
                0x06015910                slInitInterrupt
 *fill*         0x06015d7c        0x4 00
 SLPROG         0x06015d80      0x134 C:\saturn\sgl302j/lib\libsgl.a(sglC00.o)
                0x06015d80                slInitSprite
 *fill*         0x06015eb4        0xc 00
 SLPROG         0x06015ec0      0x470 C:\saturn\sgl302j/lib\libsgl.a(sglH02.o)
                0x060162b0                smpc_pfr_tbl
                0x060162f0                smpc_ptf_tbl
 SLPROG         0x06016330       0x60 C:\saturn\sgl302j/lib\libsgl.a(sglH04.o)
                0x0601635a                slComPrmSetTime
                0x06016330                slComPrmIntBack
                0x06016344                slComPrmSetMemory
 SLPROG         0x06016390       0x40 C:\saturn\sgl302j/lib\libsgl.a(sglC20.o)
                0x06016390                SpriteEntry
 SLPROG         0x060163d0       0xd4 C:\saturn\sgl302j/lib\libsgl.a(sglB035.o)
                0x060163d0                sl1MapRA
                0x06016462                rbank_set
 *fill*         0x060164a4        0xc 00
 SLPROG         0x060164b0      0x140 C:\saturn\sgl302j/lib\libsgl.a(sglJ03.o)
                0x060164b0                sbMakeDMATable
 SLPROG         0x060165f0     0x12b8 C:\saturn\sgl302j/lib\libsgl.a(sglJ02.o)
                0x06017824                stvtc_1
                0x0601755c                stvtc_4
                0x0601751c                SetPolygon
                0x06017614                stvtc_3
                0x0601784c                stvtc_0
                0x06017524                SetPosition
                0x060167d8                sbCalcPolygon
                0x06017510                SetTexture
                0x060165f0                sbMakePolygon
                0x06017838                stvtc_2
 *fill*         0x060178a8        0x8 00
 SLPROG         0x060178b0      0x470 C:\saturn\sgl302j/lib\libsgl.a(sglJ04.o)
                0x06017974                sbMakeRotSprite
                0x0601790e                sbMakeSprite
 SLPROG         0x06017d20       0x3c C:\saturn\sgl302j/lib\libsgl.a(sglJ05.o)
                0x06017d20                sbSortEntry
 *fill*         0x06017d5c        0x4 00
 SLPROG         0x06017d60       0xf0 C:\saturn\sgl302j/lib\libsgl.a(sglH03.o)
                0x06017dc4                slSmpcIntBack
 SLPROG         0x06017e50       0x6a C:\saturn\sgl302j/lib\libsgl.a(sglM01.o)
                0x06017e7c                slSetDepthTbl
                0x06017eac                DepthWorkArea
                0x06017e50                slSetDepthLimit
                0x06017eba                __slprog_end = .

.tors           0x06017ec0        0x0
                0x06017ec0                ___ctors = .
 *(.ctors)
                0x06017ec0                ___ctors_end = .
                0x06017ec0                ___dtors = .
 *(.dtors)
                0x06017ec0                ___dtors_end = .

.data           0x06017ec0     0xd8b0
 *(.data)
 .data          0x06017ec0       0x50 main.o
                0x06017ec0                spritepos2
                0x06017f00                spritepos1
 .data          0x06017f10     0xcfd0 assets.o
                0x06017f10                pal_cloud
                0x06022500                texture_sprites010
                0x06021c80                texture_sprites022
                0x06022480                texture_sprites011
                0x06022600                texture_sprites008
                0x06022380                texture_sprites013
                0x06021b10                pic_sprites
                0x0601f110                map_map2
                0x06022a00                texture_sprites003
                0x06022280                texture_sprites015
                0x06021bc8                tex_sprites
                0x06022200                texture_sprites016
                0x06022580                texture_sprites009
                0x06022c00                texture_sprites002
                0x06022ee0                texture_sprites000
                0x06018910                cel_cloud
                0x06019e10                cel_road
                0x06022300                texture_sprites014
                0x06022180                texture_sprites017
                0x06022080                texture_sprites019
                0x06019610                map_road
                0x06022980                texture_sprites004
                0x06022e60                texture_sprites001
                0x06020310                map_face
                0x06019410                pal_road
                0x0601f910                map_map1
                0x06022400                texture_sprites012
                0x06022700                texture_sprites006
                0x06022100                texture_sprites018
                0x06021e80                texture_sprites021
                0x06022680                texture_sprites007
                0x06020110                pal_face
                0x06020b10                cel_face
                0x06018110                map_cloud
                0x06022780                texture_sprites005
 .data          0x06024ee0       0x80 game.o
                0x06024f2a                SCLERA_ATTR
                0x06024f16                SHOT_ATTR
                0x06024ef8                SPR_SIZE
                0x06024f20                CIRCLE_ATTR
                0x06024ee0                scale
                0x06024f34                EYE_ATTR
                0x06024f0c                PUSH_ATTR
                0x06024ee4                SPR_ATTRS
                0x06024f3e                PLAYER_ATTR
 .data          0x06024f60       0x80 C:\saturn\sgl302j/lib\libsgl.a(sglIc0.o)
                0x06024f60                IntPrioMask
 .data          0x06024fe0      0x380 c:/saturn/SH_COFF/sh-coff/bin/../lib/gcc/sh-coff/3.4-GNUSH_v0501/../../../../sh-coff/lib/m2\libc.a(impure.o)
                0x0602535c                _impure_ptr
 .data          0x06025360      0x410 c:/saturn/SH_COFF/sh-coff/bin/../lib/gcc/sh-coff/3.4-GNUSH_v0501/../../../../sh-coff/lib/m2\libc.a(mallocr.o)
                0x06025368                __malloc_av_
                0x06025364                __malloc_trim_threshold
                0x06025360                __malloc_sbrk_base
                0x06025770                __edata = .

.bss            0x06025770     0x2714
                0x06025770                __bstart = .
 *(.bss)
 .bss           0x06025770      0x200 assets.o
                0x06025770                texture_sprites020
 .bss           0x06025970       0x30 game.o
                0x0602597c                bg2X
                0x06025980                screenY
                0x06025970                bg3Y
                0x06025974                bg3X
                0x06025984                screenX
                0x06025988                scaleSpeed
                0x06025978                bg2Y
                0x0602598c                playerState
 .bss           0x060259a0       0x10 c:/saturn/SH_COFF/sh-coff/bin/../lib/gcc/sh-coff/3.4-GNUSH_v0501/m2\libgcc.a(__main.o)
 .bss           0x060259b0       0x10 c:/saturn/SH_COFF/sh-coff/bin/../lib/gcc/sh-coff/3.4-GNUSH_v0501/../../../../sh-coff/lib/m2\libc.a(atexit.o)
 .bss           0x060259c0       0x40 c:/saturn/SH_COFF/sh-coff/bin/../lib/gcc/sh-coff/3.4-GNUSH_v0501/../../../../sh-coff/lib/m2\libc.a(mallocr.o)
                0x060259f0                __malloc_top_pad
                0x060259c0                __malloc_current_mallinfo
                0x060259ec                __malloc_max_sbrked_mem
                0x060259e8                __malloc_max_total_mem
 .bss           0x06025a00       0x10 c:/saturn/SH_COFF/sh-coff/bin/../lib/gcc/sh-coff/3.4-GNUSH_v0501/../../../../sh-coff/lib/m2\libc.a(syscalls.o)
 *(COMMON)
 COMMON         0x06025a10     0x246d game.o
                                  0x0 (size before relaxing)
                0x06025a10                sprites
                0x06027630                numSprites
                0x06027640                playfield
                0x06027e40                eye1Index
                0x06027e50                defaultSprite
                0x06027e74                eye2Index
                0x06027e78                gameState
                0x06027e7c                dispFace
 *fill*         0x06027e7d        0x3 00
 COMMON         0x06027e80        0x4 c:/saturn/SH_COFF/sh-coff/bin/../lib/gcc/sh-coff/3.4-GNUSH_v0501/../../../../sh-coff/lib/m2\libc.a(syscalls.o)
                                  0x0 (size before relaxing)
                0x06027e80                errno
                0x06027e84                __bend = .
                0x06027e84                _end = .
LOAD C:\saturn\sgl302j\SAMPLE\common/cinit.o
LOAD C:\saturn\sgl302j/lib/sglarea.o
LOAD main.o
LOAD assets.o
LOAD game.o
LOAD scrollfunctions.o
LOAD spritelist.o
LOAD C:\saturn\sgl302j/lib\libsgl.a
LOAD c:/saturn/SH_COFF/sh-coff/bin/../lib/gcc/sh-coff/3.4-GNUSH_v0501/m2\libgcc.a
LOAD c:/saturn/SH_COFF/sh-coff/bin/../lib/gcc/sh-coff/3.4-GNUSH_v0501/../../../../sh-coff/lib/m2\libc.a
LOAD c:/saturn/SH_COFF/sh-coff/bin/../lib/gcc/sh-coff/3.4-GNUSH_v0501/m2\libgcc.a
OUTPUT(sl.coff coff-sh)

.comment        0x06027e90      0x360
 .comment       0x06027e90       0x20 C:\saturn\sgl302j\SAMPLE\common/cinit.o
 .comment       0x06027eb0       0x20 main.o
 .comment       0x06027ed0       0x20 assets.o
 .comment       0x06027ef0       0x20 game.o
 .comment       0x06027f10       0x20 scrollfunctions.o
 .comment       0x06027f30       0x20 spritelist.o
 .comment       0x06027f50       0x20 c:/saturn/SH_COFF/sh-coff/bin/../lib/gcc/sh-coff/3.4-GNUSH_v0501/m2\libgcc.a(__main.o)
 .comment       0x06027f70       0x20 c:/saturn/SH_COFF/sh-coff/bin/../lib/gcc/sh-coff/3.4-GNUSH_v0501/m2\libgcc.a(_si_to_df.o)
 .comment       0x06027f90       0x20 c:/saturn/SH_COFF/sh-coff/bin/../lib/gcc/sh-coff/3.4-GNUSH_v0501/m2\libgcc.a(_df_to_si.o)
 .comment       0x06027fb0       0x20 c:/saturn/SH_COFF/sh-coff/bin/../lib/gcc/sh-coff/3.4-GNUSH_v0501/m2\libgcc.a(_mul_df.o)
 .comment       0x06027fd0       0x20 c:/saturn/SH_COFF/sh-coff/bin/../lib/gcc/sh-coff/3.4-GNUSH_v0501/m2\libgcc.a(_div_df.o)
 .comment       0x06027ff0       0x20 c:/saturn/SH_COFF/sh-coff/bin/../lib/gcc/sh-coff/3.4-GNUSH_v0501/m2\libgcc.a(_pack_df.o)
 .comment       0x06028010       0x20 c:/saturn/SH_COFF/sh-coff/bin/../lib/gcc/sh-coff/3.4-GNUSH_v0501/m2\libgcc.a(_unpack_df.o)
 .comment       0x06028030       0x20 c:/saturn/SH_COFF/sh-coff/bin/../lib/gcc/sh-coff/3.4-GNUSH_v0501/m2\libgcc.a(_lshrdi3.o)
 .comment       0x06028050       0x20 c:/saturn/SH_COFF/sh-coff/bin/../lib/gcc/sh-coff/3.4-GNUSH_v0501/m2\libgcc.a(_thenan_df.o)
 .comment       0x06028070       0x20 c:/saturn/SH_COFF/sh-coff/bin/../lib/gcc/sh-coff/3.4-GNUSH_v0501/m2\libgcc.a(_ashldi3.o)
 .comment       0x06028090       0x20 c:/saturn/SH_COFF/sh-coff/bin/../lib/gcc/sh-coff/3.4-GNUSH_v0501/../../../../sh-coff/lib/m2\libc.a(atexit.o)
 .comment       0x060280b0       0x20 c:/saturn/SH_COFF/sh-coff/bin/../lib/gcc/sh-coff/3.4-GNUSH_v0501/../../../../sh-coff/lib/m2\libc.a(impure.o)
 .comment       0x060280d0       0x20 c:/saturn/SH_COFF/sh-coff/bin/../lib/gcc/sh-coff/3.4-GNUSH_v0501/../../../../sh-coff/lib/m2\libc.a(malloc.o)
 .comment       0x060280f0       0x20 c:/saturn/SH_COFF/sh-coff/bin/../lib/gcc/sh-coff/3.4-GNUSH_v0501/../../../../sh-coff/lib/m2\libc.a(mallocr.o)
 .comment       0x06028110       0x20 c:/saturn/SH_COFF/sh-coff/bin/../lib/gcc/sh-coff/3.4-GNUSH_v0501/../../../../sh-coff/lib/m2\libc.a(freer.o)
 .comment       0x06028130       0x20 c:/saturn/SH_COFF/sh-coff/bin/../lib/gcc/sh-coff/3.4-GNUSH_v0501/../../../../sh-coff/lib/m2\libc.a(mlock.o)
 .comment       0x06028150       0x20 c:/saturn/SH_COFF/sh-coff/bin/../lib/gcc/sh-coff/3.4-GNUSH_v0501/../../../../sh-coff/lib/m2\libc.a(sbrkr.o)
 .comment       0x06028170       0x20 c:/saturn/SH_COFF/sh-coff/bin/../lib/gcc/sh-coff/3.4-GNUSH_v0501/../../../../sh-coff/lib/m2\libc.a(syscalls.o)
 .comment       0x06028190       0x20 c:/saturn/SH_COFF/sh-coff/bin/../lib/gcc/sh-coff/3.4-GNUSH_v0501/../../../../sh-coff/lib/m2\libc.a(abort.o)
 .comment       0x060281b0       0x20 c:/saturn/SH_COFF/sh-coff/bin/../lib/gcc/sh-coff/3.4-GNUSH_v0501/../../../../sh-coff/lib/m2\libc.a(signal.o)
 .comment       0x060281d0       0x20 c:/saturn/SH_COFF/sh-coff/bin/../lib/gcc/sh-coff/3.4-GNUSH_v0501/../../../../sh-coff/lib/m2\libc.a(signalr.o)
