Archive member included because of file (symbol)

C:\saturn\sgl302j/lib\libsgl.a(sglIc0.o)
                              main.o (slInitSystem)
C:\saturn\sgl302j/lib\libsgl.a(sglH00.o)
                              C:\saturn\sgl302j/lib\libsgl.a(sglIc0.o) (slInitPeripheral)
C:\saturn\sgl302j/lib\libsgl.a(sglF00.o)
                              game.o (slLocate)
C:\saturn\sgl302j/lib\libsgl.a(sglF05.o)
                              game.o (slPrint)
C:\saturn\sgl302j/lib\libsgl.a(sglB072.o)
                              game.o (slScrPosNbg2)
C:\saturn\sgl302j/lib\libsgl.a(sglB073.o)
                              game.o (slScrPosNbg3)
C:\saturn\sgl302j/lib\libsgl.a(sglF03.o)
                              game.o (slPrintFX)
C:\saturn\sgl302j/lib\libsgl.a(sglB015.o)
                              game.o (slScrAutoDisp)
C:\saturn\sgl302j/lib\libsgl.a(sglI01.o)
                              C:\saturn\sgl302j/lib\libsgl.a(sglIc0.o) (slInitSynch)
C:\saturn\sgl302j/lib\libsgl.a(sglA01.o)
                              game.o (slSin)
C:\saturn\sgl302j/lib\libsgl.a(sglA06.o)
                              game.o (slMulFX)
C:\saturn\sgl302j/lib\libsgl.a(sglF02.o)
                              game.o (slPrintHex)
C:\saturn\sgl302j/lib\libsgl.a(sglC06.o)
                              game.o (slDispSprite)
C:\saturn\sgl302j/lib\libsgl.a(sglB001.o)
                              game.o (slTVOn)
C:\saturn\sgl302j/lib\libsgl.a(sglD00.o)
                              game.o (slDMACopy)
C:\saturn\sgl302j/lib\libsgl.a(sglB002.o)
                              game.o (slColRAMMode)
C:\saturn\sgl302j/lib\libsgl.a(sglB016.o)
                              game.o (slBack1ColSet)
C:\saturn\sgl302j/lib\libsgl.a(sglB200.o)
                              game.o (slCharNbg1)
C:\saturn\sgl302j/lib\libsgl.a(sglB056.o)
                              game.o (slPlaneNbg1)
C:\saturn\sgl302j/lib\libsgl.a(sglB032.o)
                              game.o (slMapNbg1)
C:\saturn\sgl302j/lib\libsgl.a(sglB071.o)
                              game.o (slScrPosNbg1)
C:\saturn\sgl302j/lib\libsgl.a(sglB063.o)
                              game.o (slPriority)
C:\saturn\sgl302j/lib\libsgl.a(sglB020.o)
                              game.o (slColorCalc)
C:\saturn\sgl302j/lib\libsgl.a(sglB023.o)
                              game.o (slColRate)
C:\saturn\sgl302j/lib\libsgl.a(sglB057.o)
                              game.o (slPlaneNbg2)
C:\saturn\sgl302j/lib\libsgl.a(sglB033.o)
                              game.o (slMapNbg2)
C:\saturn\sgl302j/lib\libsgl.a(sglB058.o)
                              game.o (slPlaneNbg3)
C:\saturn\sgl302j/lib\libsgl.a(sglB034.o)
                              game.o (slMapNbg3)
C:\saturn\sgl302j/lib\libsgl.a(sglB021.o)
                              game.o (slColorCalcOn)
C:\saturn\sgl302j/lib\libsgl.a(sglA00.o)
                              C:\saturn\sgl302j/lib\libsgl.a(sglIc0.o) (_builtin_set_imask)
C:\saturn\sgl302j/lib\libsgl.a(sglK01.o)
                              C:\saturn\sgl302j/lib\libsgl.a(sglIc0.o) (SynchCount)
C:\saturn\sgl302j/lib\libsgl.a(sglJ00.o)
                              C:\saturn\sgl302j/lib\libsgl.a(sglIc0.o) (InitSlaveSH)
C:\saturn\sgl302j/lib\libsgl.a(sglA20.o)
                              C:\saturn\sgl302j/lib\libsgl.a(sglIc0.o) (slInitMatrix)
C:\saturn\sgl302j/lib\libsgl.a(sglB000.o)
                              C:\saturn\sgl302j/lib\libsgl.a(sglIc0.o) (slInitScroll)
C:\saturn\sgl302j/lib\libsgl.a(sglJ01.o)
                              C:\saturn\sgl302j/lib\libsgl.a(sglIc0.o) (SlaveControl)
C:\saturn\sgl302j/lib\libsgl.a(sglI00.o)
                              C:\saturn\sgl302j/lib\libsgl.a(sglIc0.o) (slInitInterrupt)
C:\saturn\sgl302j/lib\libsgl.a(sglC00.o)
                              C:\saturn\sgl302j/lib\libsgl.a(sglIc0.o) (slInitSprite)
C:\saturn\sgl302j/lib\libsgl.a(sglH02.o)
                              C:\saturn\sgl302j/lib\libsgl.a(sglH00.o) (smpc_pfr_tbl)
C:\saturn\sgl302j/lib\libsgl.a(sglH04.o)
                              C:\saturn\sgl302j/lib\libsgl.a(sglH00.o) (slComPrmIntBack)
C:\saturn\sgl302j/lib\libsgl.a(sglC20.o)
                              C:\saturn\sgl302j/lib\libsgl.a(sglC06.o) (SpriteEntry)
C:\saturn\sgl302j/lib\libsgl.a(sglB035.o)
                              C:\saturn\sgl302j/lib\libsgl.a(sglB200.o) (rbank_set)
C:\saturn\sgl302j/lib\libsgl.a(sglJ03.o)
                              C:\saturn\sgl302j/lib\libsgl.a(sglJ01.o) (sbMakeDMATable)
C:\saturn\sgl302j/lib\libsgl.a(sglJ02.o)
                              C:\saturn\sgl302j/lib\libsgl.a(sglJ01.o) (sbMakePolygon)
C:\saturn\sgl302j/lib\libsgl.a(sglJ04.o)
                              C:\saturn\sgl302j/lib\libsgl.a(sglJ01.o) (sbMakeSprite)
C:\saturn\sgl302j/lib\libsgl.a(sglJ05.o)
                              C:\saturn\sgl302j/lib\libsgl.a(sglJ01.o) (sbSortEntry)
C:\saturn\sgl302j/lib\libsgl.a(sglH03.o)
                              C:\saturn\sgl302j/lib\libsgl.a(sglI00.o) (slSmpcIntBack)
C:\saturn\sgl302j/lib\libsgl.a(sglM01.o)
                              C:\saturn\sgl302j/lib\libsgl.a(sglJ02.o) (DepthWorkArea)
c:/saturn/SH_COFF/sh-coff/bin/../lib/gcc/sh-coff/3.4-GNUSH_v0501/m2\libgcc.a(__main.o)
                              C:\saturn\sgl302j\SAMPLE\common/cinit.o (__main)
c:/saturn/SH_COFF/sh-coff/bin/../lib/gcc/sh-coff/3.4-GNUSH_v0501/m2\libgcc.a(_si_to_df.o)
                              game.o (__floatsidf)
c:/saturn/SH_COFF/sh-coff/bin/../lib/gcc/sh-coff/3.4-GNUSH_v0501/m2\libgcc.a(_mul_df.o)
                              game.o (__muldf3)
c:/saturn/SH_COFF/sh-coff/bin/../lib/gcc/sh-coff/3.4-GNUSH_v0501/m2\libgcc.a(_div_df.o)
                              game.o (__divdf3)
c:/saturn/SH_COFF/sh-coff/bin/../lib/gcc/sh-coff/3.4-GNUSH_v0501/m2\libgcc.a(_df_to_si.o)
                              game.o (__fixdfsi)
c:/saturn/SH_COFF/sh-coff/bin/../lib/gcc/sh-coff/3.4-GNUSH_v0501/m2\libgcc.a(_ashiftrt_n.o)
                              game.o (__ashrsi3)
c:/saturn/SH_COFF/sh-coff/bin/../lib/gcc/sh-coff/3.4-GNUSH_v0501/m2\libgcc.a(_pack_df.o)
                              c:/saturn/SH_COFF/sh-coff/bin/../lib/gcc/sh-coff/3.4-GNUSH_v0501/m2\libgcc.a(_si_to_df.o) (__pack_d)
c:/saturn/SH_COFF/sh-coff/bin/../lib/gcc/sh-coff/3.4-GNUSH_v0501/m2\libgcc.a(_unpack_df.o)
                              c:/saturn/SH_COFF/sh-coff/bin/../lib/gcc/sh-coff/3.4-GNUSH_v0501/m2\libgcc.a(_mul_df.o) (__unpack_d)
c:/saturn/SH_COFF/sh-coff/bin/../lib/gcc/sh-coff/3.4-GNUSH_v0501/m2\libgcc.a(_thenan_df.o)
                              c:/saturn/SH_COFF/sh-coff/bin/../lib/gcc/sh-coff/3.4-GNUSH_v0501/m2\libgcc.a(_mul_df.o) (__thenan_df)
c:/saturn/SH_COFF/sh-coff/bin/../lib/gcc/sh-coff/3.4-GNUSH_v0501/m2\libgcc.a(_lshrdi3.o)
                              c:/saturn/SH_COFF/sh-coff/bin/../lib/gcc/sh-coff/3.4-GNUSH_v0501/m2\libgcc.a(_df_to_si.o) (__lshrdi3)
c:/saturn/SH_COFF/sh-coff/bin/../lib/gcc/sh-coff/3.4-GNUSH_v0501/m2\libgcc.a(_ashldi3.o)
                              c:/saturn/SH_COFF/sh-coff/bin/../lib/gcc/sh-coff/3.4-GNUSH_v0501/m2\libgcc.a(_pack_df.o) (__ashldi3)
c:/saturn/SH_COFF/sh-coff/bin/../lib/gcc/sh-coff/3.4-GNUSH_v0501/m2\libgcc.a(_ashiftlt.o)
                              c:/saturn/SH_COFF/sh-coff/bin/../lib/gcc/sh-coff/3.4-GNUSH_v0501/m2\libgcc.a(_lshrdi3.o) (__ashlsi3)
c:/saturn/SH_COFF/sh-coff/bin/../lib/gcc/sh-coff/3.4-GNUSH_v0501/m2\libgcc.a(_lshiftrt.o)
                              c:/saturn/SH_COFF/sh-coff/bin/../lib/gcc/sh-coff/3.4-GNUSH_v0501/m2\libgcc.a(_lshrdi3.o) (__lshrsi3)
c:/saturn/SH_COFF/sh-coff/bin/../lib/gcc/sh-coff/3.4-GNUSH_v0501/../../../../sh-coff/lib/m2\libc.a(memcpy.o)
                              game.o (memcpy)
c:/saturn/SH_COFF/sh-coff/bin/../lib/gcc/sh-coff/3.4-GNUSH_v0501/../../../../sh-coff/lib/m2\libc.a(memset.o)
                              spritelist.o (memset)
c:/saturn/SH_COFF/sh-coff/bin/../lib/gcc/sh-coff/3.4-GNUSH_v0501/../../../../sh-coff/lib/m2\libc.a(atexit.o)
                              c:/saturn/SH_COFF/sh-coff/bin/../lib/gcc/sh-coff/3.4-GNUSH_v0501/m2\libgcc.a(__main.o) (atexit)
c:/saturn/SH_COFF/sh-coff/bin/../lib/gcc/sh-coff/3.4-GNUSH_v0501/../../../../sh-coff/lib/m2\libc.a(impure.o)
                              c:/saturn/SH_COFF/sh-coff/bin/../lib/gcc/sh-coff/3.4-GNUSH_v0501/../../../../sh-coff/lib/m2\libc.a(atexit.o) (_impure_ptr)
c:/saturn/SH_COFF/sh-coff/bin/../lib/gcc/sh-coff/3.4-GNUSH_v0501/../../../../sh-coff/lib/m2\libc.a(malloc.o)
                              c:/saturn/SH_COFF/sh-coff/bin/../lib/gcc/sh-coff/3.4-GNUSH_v0501/../../../../sh-coff/lib/m2\libc.a(atexit.o) (malloc)
c:/saturn/SH_COFF/sh-coff/bin/../lib/gcc/sh-coff/3.4-GNUSH_v0501/../../../../sh-coff/lib/m2\libc.a(mallocr.o)
                              c:/saturn/SH_COFF/sh-coff/bin/../lib/gcc/sh-coff/3.4-GNUSH_v0501/../../../../sh-coff/lib/m2\libc.a(malloc.o) (_malloc_r)
c:/saturn/SH_COFF/sh-coff/bin/../lib/gcc/sh-coff/3.4-GNUSH_v0501/../../../../sh-coff/lib/m2\libc.a(freer.o)
                              c:/saturn/SH_COFF/sh-coff/bin/../lib/gcc/sh-coff/3.4-GNUSH_v0501/../../../../sh-coff/lib/m2\libc.a(malloc.o) (_free_r)
c:/saturn/SH_COFF/sh-coff/bin/../lib/gcc/sh-coff/3.4-GNUSH_v0501/../../../../sh-coff/lib/m2\libc.a(mlock.o)
                              c:/saturn/SH_COFF/sh-coff/bin/../lib/gcc/sh-coff/3.4-GNUSH_v0501/../../../../sh-coff/lib/m2\libc.a(mallocr.o) (__malloc_lock)
c:/saturn/SH_COFF/sh-coff/bin/../lib/gcc/sh-coff/3.4-GNUSH_v0501/../../../../sh-coff/lib/m2\libc.a(sbrkr.o)
                              c:/saturn/SH_COFF/sh-coff/bin/../lib/gcc/sh-coff/3.4-GNUSH_v0501/../../../../sh-coff/lib/m2\libc.a(mallocr.o) (_sbrk_r)
c:/saturn/SH_COFF/sh-coff/bin/../lib/gcc/sh-coff/3.4-GNUSH_v0501/../../../../sh-coff/lib/m2\libc.a(syscalls.o)
                              c:/saturn/SH_COFF/sh-coff/bin/../lib/gcc/sh-coff/3.4-GNUSH_v0501/../../../../sh-coff/lib/m2\libc.a(sbrkr.o) (_sbrk)
c:/saturn/SH_COFF/sh-coff/bin/../lib/gcc/sh-coff/3.4-GNUSH_v0501/../../../../sh-coff/lib/m2\libc.a(trap.o)
                              c:/saturn/SH_COFF/sh-coff/bin/../lib/gcc/sh-coff/3.4-GNUSH_v0501/../../../../sh-coff/lib/m2\libc.a(syscalls.o) (__trap34)
c:/saturn/SH_COFF/sh-coff/bin/../lib/gcc/sh-coff/3.4-GNUSH_v0501/../../../../sh-coff/lib/m2\libc.a(abort.o)
                              c:/saturn/SH_COFF/sh-coff/bin/../lib/gcc/sh-coff/3.4-GNUSH_v0501/../../../../sh-coff/lib/m2\libc.a(syscalls.o) (abort)
c:/saturn/SH_COFF/sh-coff/bin/../lib/gcc/sh-coff/3.4-GNUSH_v0501/../../../../sh-coff/lib/m2\libc.a(signal.o)
                              c:/saturn/SH_COFF/sh-coff/bin/../lib/gcc/sh-coff/3.4-GNUSH_v0501/../../../../sh-coff/lib/m2\libc.a(abort.o) (raise)
c:/saturn/SH_COFF/sh-coff/bin/../lib/gcc/sh-coff/3.4-GNUSH_v0501/../../../../sh-coff/lib/m2\libc.a(signalr.o)
                              c:/saturn/SH_COFF/sh-coff/bin/../lib/gcc/sh-coff/3.4-GNUSH_v0501/../../../../sh-coff/lib/m2\libc.a(signal.o) (_kill_r)
c:/saturn/SH_COFF/sh-coff/bin/../lib/gcc/sh-coff/3.4-GNUSH_v0501/m2\libgcc.a(_udivsi3.o)
                              c:/saturn/SH_COFF/sh-coff/bin/../lib/gcc/sh-coff/3.4-GNUSH_v0501/../../../../sh-coff/lib/m2\libc.a(freer.o) (__udivsi3)

Allocating common symbols
Common symbol       size              file

sprites             0x1c20            game.o
numSprites          0x1               game.o
playfield           0x800             game.o
eye1Index           0x4               game.o
defaultSprite       0x24              game.o
eye2Index           0x4               game.o
errno               0x4               c:/saturn/SH_COFF/sh-coff/bin/../lib/gcc/sh-coff/3.4-GNUSH_v0501/../../../../sh-coff/lib/m2\libc.a(syscalls.o)
gameState           0x4               game.o
dispFace            0x1               game.o

Memory Configuration

Name             Origin             Length             Attributes
*default*        0x00000000         0xffffffff

Linker script and memory map


SLSTART         0x06004000       0x30
                0x06004000                ___Start = .
 *(SLSTART)
 SLSTART        0x06004000       0x28 C:\saturn\sgl302j/lib\libsgl.a(sglI00.o)
                0x06004002                slStartSGL
                0x06004000                SGL_Start

.text           0x06004040     0x3b20
 *(.text)
 .text          0x06004040       0x50 C:\saturn\sgl302j\SAMPLE\common/cinit.o
                0x06004040                main
 .text          0x06004090       0x70 main.o
                0x06004090                ss_main
 .text          0x06004100     0x15e0 game.o
                0x06004ef0                loadSpritePos
                0x06004ec0                loadLevel
                0x060050e0                runLevel
 .text          0x060056e0       0xf0 scrollfunctions.o
                0x06005780                MapRead
                0x060057a0                Pal2CRAM
                0x06005700                Map2VRAM
                0x06005760                MapWrite
                0x060056e0                Cel2VRAM
 .text          0x060057d0       0xa0 spritelist.o
                0x060057d0                addSprite
                0x06005850                clearSpriteList
 .text          0x06005870      0x128 C:\saturn\sgl302j/lib\libsgl.a(sglIc0.o)
                0x06005870                slInitSystem
 *fill*         0x06005998        0x8 00
 .text          0x060059a0       0xc0 c:/saturn/SH_COFF/sh-coff/bin/../lib/gcc/sh-coff/3.4-GNUSH_v0501/m2\libgcc.a(__main.o)
                0x06005a20                __main
                0x060059a0                __do_global_dtors
                0x060059e0                __do_global_ctors
 .text          0x06005a60      0x110 c:/saturn/SH_COFF/sh-coff/bin/../lib/gcc/sh-coff/3.4-GNUSH_v0501/m2\libgcc.a(_si_to_df.o)
                0x06005a70                __floatsidf
 .text          0x06005b70      0x2c0 c:/saturn/SH_COFF/sh-coff/bin/../lib/gcc/sh-coff/3.4-GNUSH_v0501/m2\libgcc.a(_mul_df.o)
                0x06005b90                __muldf3
 .text          0x06005e30      0x180 c:/saturn/SH_COFF/sh-coff/bin/../lib/gcc/sh-coff/3.4-GNUSH_v0501/m2\libgcc.a(_div_df.o)
                0x06005e40                __divdf3
 .text          0x06005fb0       0x90 c:/saturn/SH_COFF/sh-coff/bin/../lib/gcc/sh-coff/3.4-GNUSH_v0501/m2\libgcc.a(_df_to_si.o)
                0x06005fb0                __fixdfsi
 .text          0x06006040       0x80 c:/saturn/SH_COFF/sh-coff/bin/../lib/gcc/sh-coff/3.4-GNUSH_v0501/m2\libgcc.a(_ashiftrt_n.o)
                0x06006040                __ashrsi3
 .text          0x060060c0      0x270 c:/saturn/SH_COFF/sh-coff/bin/../lib/gcc/sh-coff/3.4-GNUSH_v0501/m2\libgcc.a(_pack_df.o)
                0x060060e0                __pack_d
 .text          0x06006330      0x160 c:/saturn/SH_COFF/sh-coff/bin/../lib/gcc/sh-coff/3.4-GNUSH_v0501/m2\libgcc.a(_unpack_df.o)
                0x06006350                __unpack_d
 .text          0x06006490       0x20 c:/saturn/SH_COFF/sh-coff/bin/../lib/gcc/sh-coff/3.4-GNUSH_v0501/m2\libgcc.a(_thenan_df.o)
                0x06006490                __thenan_df
 .text          0x060064b0       0x90 c:/saturn/SH_COFF/sh-coff/bin/../lib/gcc/sh-coff/3.4-GNUSH_v0501/m2\libgcc.a(_lshrdi3.o)
                0x060064b0                __lshrdi3
 .text          0x06006540       0x90 c:/saturn/SH_COFF/sh-coff/bin/../lib/gcc/sh-coff/3.4-GNUSH_v0501/m2\libgcc.a(_ashldi3.o)
                0x06006540                __ashldi3
 .text          0x060065d0       0x90 c:/saturn/SH_COFF/sh-coff/bin/../lib/gcc/sh-coff/3.4-GNUSH_v0501/m2\libgcc.a(_ashiftlt.o)
                0x060065d0                __ashlsi3
 .text          0x06006660       0x90 c:/saturn/SH_COFF/sh-coff/bin/../lib/gcc/sh-coff/3.4-GNUSH_v0501/m2\libgcc.a(_lshiftrt.o)
                0x06006660                __lshrsi3
 .text          0x060066f0       0xa0 c:/saturn/SH_COFF/sh-coff/bin/../lib/gcc/sh-coff/3.4-GNUSH_v0501/../../../../sh-coff/lib/m2\libc.a(memcpy.o)
                0x060066f0                memcpy
 .text          0x06006790       0x40 c:/saturn/SH_COFF/sh-coff/bin/../lib/gcc/sh-coff/3.4-GNUSH_v0501/../../../../sh-coff/lib/m2\libc.a(memset.o)
                0x06006790                memset
 .text          0x060067d0       0xa0 c:/saturn/SH_COFF/sh-coff/bin/../lib/gcc/sh-coff/3.4-GNUSH_v0501/../../../../sh-coff/lib/m2\libc.a(atexit.o)
                0x060067d0                atexit
 .text          0x06006870       0x10 c:/saturn/SH_COFF/sh-coff/bin/../lib/gcc/sh-coff/3.4-GNUSH_v0501/../../../../sh-coff/lib/m2\libc.a(impure.o)
                0x06006870                _global_impure_ptr
 .text          0x06006880       0x40 c:/saturn/SH_COFF/sh-coff/bin/../lib/gcc/sh-coff/3.4-GNUSH_v0501/../../../../sh-coff/lib/m2\libc.a(malloc.o)
                0x060068a0                free
                0x06006880                malloc
 .text          0x060068c0      0x680 c:/saturn/SH_COFF/sh-coff/bin/../lib/gcc/sh-coff/3.4-GNUSH_v0501/../../../../sh-coff/lib/m2\libc.a(mallocr.o)
                0x060068c0                _malloc_r
 .text          0x06006f40      0x3b0 c:/saturn/SH_COFF/sh-coff/bin/../lib/gcc/sh-coff/3.4-GNUSH_v0501/../../../../sh-coff/lib/m2\libc.a(freer.o)
                0x06006f40                _malloc_trim_r
                0x06007040                _free_r
 .text          0x060072f0       0x20 c:/saturn/SH_COFF/sh-coff/bin/../lib/gcc/sh-coff/3.4-GNUSH_v0501/../../../../sh-coff/lib/m2\libc.a(mlock.o)
                0x060072f0                __malloc_lock
                0x06007300                __malloc_unlock
 .text          0x06007310       0x50 c:/saturn/SH_COFF/sh-coff/bin/../lib/gcc/sh-coff/3.4-GNUSH_v0501/../../../../sh-coff/lib/m2\libc.a(sbrkr.o)
                0x06007310                _sbrk_r
 .text          0x06007360      0x430 c:/saturn/SH_COFF/sh-coff/bin/../lib/gcc/sh-coff/3.4-GNUSH_v0501/../../../../sh-coff/lib/m2\libc.a(syscalls.o)
                0x06007510                _exit
                0x06007550                _getpid
                0x060075d0                _utime
                0x060073a0                _write
                0x06007360                _read
                0x060074f0                _unlink
                0x060074b0                _open
                0x06007570                _stat
                0x06007500                isatty
                0x06007610                _wait
                0x06007530                _kill
                0x06007590                _chmod
                0x06007650                _execv
                0x06007630                _execve
                0x06007750                __setup_argv_and_call_main
                0x060076a0                _gettimeofday
                0x060073e0                _link
                0x06007560                _raise
                0x060074d0                _creat
                0x06007670                _pipe
                0x060075b0                _chown
                0x06007380                _lseek
                0x060073c0                _close
                0x06007690                _times
                0x06007490                _fstat
                0x060075f0                _fork
                0x06007410                _sbrk
 .text          0x06007790       0x20 c:/saturn/SH_COFF/sh-coff/bin/../lib/gcc/sh-coff/3.4-GNUSH_v0501/../../../../sh-coff/lib/m2\libc.a(trap.o)
                0x06007790                __trap34
 .text          0x060077b0       0x20 c:/saturn/SH_COFF/sh-coff/bin/../lib/gcc/sh-coff/3.4-GNUSH_v0501/../../../../sh-coff/lib/m2\libc.a(abort.o)
                0x060077b0                abort
 .text          0x060077d0      0x2c0 c:/saturn/SH_COFF/sh-coff/bin/../lib/gcc/sh-coff/3.4-GNUSH_v0501/../../../../sh-coff/lib/m2\libc.a(signal.o)
                0x060078b0                _raise_r
                0x06007a70                __sigtramp
                0x06007a10                raise
                0x06007a50                _init_signal
                0x06007990                __sigtramp_r
                0x06007a30                signal
                0x06007820                _signal_r
                0x060077d0                _init_signal_r
 .text          0x06007a90       0x60 c:/saturn/SH_COFF/sh-coff/bin/../lib/gcc/sh-coff/3.4-GNUSH_v0501/../../../../sh-coff/lib/m2\libc.a(signalr.o)
                0x06007ae0                _getpid_r
                0x06007a90                _kill_r
 .text          0x06007af0       0x70 c:/saturn/SH_COFF/sh-coff/bin/../lib/gcc/sh-coff/3.4-GNUSH_v0501/m2\libgcc.a(_udivsi3.o)
                0x06007b12                __udivsi3
 *(.strings)
                0x06007b60                __etext = .

SLPROG          0x06007b60    0x102c0
                0x06007b60                __slprog_start = .
 *(SLPROG)
 SLPROG         0x06007b60     0x6540 C:\saturn\sgl302j/lib/sglarea.o
                0x06007b7c                SpriteBuf
                0x06007ba0                RemainEvent
                0x06007b6c                SortList
                0x06007b6a                MaxPolygons
                0x06007b88                CommandBuf
                0x06007b9c                MaxWorks
                0x06007b9e                WorkSize
                0x06007b94                PCM_WkSize
                0x06007b8c                CLOfstBuf
                0x06007ca0                RemainWork
                0x06007b90                PCM_Work
                0x06007b60                MasterStack
                0x06007b64                SlaveStack
                0x06007b68                MaxVertices
                0x06007b98                MaxEvents
                0x06007b78                Zbuffer
                0x06007b80                SpriteBufSize
                0x0600a0a0                WorkBuf
                0x06007b74                TransList
                0x06007b84                Pbuffer
                0x06007b70                SortListSize
                0x06007b9a                EventSize
                0x060080a0                EventBuf
 SLPROG         0x0600e0a0      0xfc8 C:\saturn\sgl302j/lib\libsgl.a(sglH00.o)
                0x0600e13c                slSetPortData1
                0x0600e12c                slGetPortData1
                0x0600e91a                slSetPortMode1
                0x0600eb54                Smpc_Status
                0x0600e0f2                slSetPortDir2
                0x0600e738                slSmpcCashSend
                0x0600e158                slGetPortSelect1
                0x0600e53e                slIntBackCancel
                0x0600e1f0                slSetPortExt1
                0x0600e900                slGetPortMode1
                0x0600e7f4                slSmpcCashBlow
                0x0600eae4                slRequestCommand
                0x0600eb84                SmpcStatusBuf
                0x0600e146                slSetPortData2
                0x0600e4a6                slSetResultBuffer
                0x0600e1dc                slGetPortExt1
                0x0600e220                slSetPortExt2
                0x0600e0c0                slGetPortDir2
                0x0600e1e6                slGetPortExt2
                0x0600e572                slClearReset
                0x0600e568                slCheckReset
                0x0600e0c8                slSetPortDir1
                0x0600e1a0                slSetPortSelect2
                0x0600e16c                slSetPortSelect1
                0x0600e90c                slGetPortMode2
                0x0600e162                slGetPortSelect2
                0x0600e0b8                slGetPortDir1
                0x0600e134                slGetPortData2
                0x0600e8da                slSetOptimize
                0x0600e8d0                slGetOptimize
                0x0600e394                slSmpcDirectAccess
                0x0600eb62                Per_Connect1
                0x0600e414                slInitPeripheral
                0x0600e532                slCheckIntBackSet
                0x0600eb63                Per_Connect2
                0x0600eb5c                Smpc_Peripheral
                0x0600e958                slSetPortMode2
                0x0600eb58                Smpc_Result
 *fill*         0x0600f068        0x8 00
 SLPROG         0x0600f070       0x4e C:\saturn\sgl302j/lib\libsgl.a(sglF00.o)
                0x0600f08a                slLocate
                0x0600f080                slCurColor
                0x0600f0bc                CurrentScreen
                0x0600f070                slCurScrn
 *fill*         0x0600f0be        0x2 00
 SLPROG         0x0600f0c0       0x1c C:\saturn\sgl302j/lib\libsgl.a(sglF05.o)
                0x0600f0c0                slPrint
 *fill*         0x0600f0dc        0x4 00
 SLPROG         0x0600f0e0       0x10 C:\saturn\sgl302j/lib\libsgl.a(sglB072.o)
                0x0600f0e0                slScrPosNbg2
 SLPROG         0x0600f0f0       0x10 C:\saturn\sgl302j/lib\libsgl.a(sglB073.o)
                0x0600f0f0                slScrPosNbg3
 SLPROG         0x0600f100      0x12a C:\saturn\sgl302j/lib\libsgl.a(sglF03.o)
                0x0600f100                slPrintFX
 *fill*         0x0600f22a        0x6 00
 SLPROG         0x0600f230      0x40c C:\saturn\sgl302j/lib\libsgl.a(sglB015.o)
                0x0600f230                slScrAutoDisp
 *fill*         0x0600f63c        0x4 00
 SLPROG         0x0600f640      0x3a4 C:\saturn\sgl302j/lib\libsgl.a(sglI01.o)
                0x0600f82a                RetPCMBuf
                0x0600f964                Sound_Buf
                0x0600f640                slInitSynch
                0x0600f750                slRandom
                0x0600f8c4                PCM_Buf
                0x0600f65a                slSynch
                0x0600f76e                PCM_EndCheck
 *fill*         0x0600f9e4        0xc 00
 SLPROG         0x0600f9f0     0x411e C:\saturn\sgl302j/lib\libsgl.a(sglA01.o)
                0x0600facc                sin_cos_index_tbl
                0x0600f9f0                slSin
                0x0600fb0c                sin_tbl
                0x0600fa38                GetSinCos
                0x0600fa14                slCos
 *fill*         0x06013b0e        0x2 00
 SLPROG         0x06013b10        0xa C:\saturn\sgl302j/lib\libsgl.a(sglA06.o)
                0x06013b10                slMulFX
 *fill*         0x06013b1a        0x6 00
 SLPROG         0x06013b20       0x3c C:\saturn\sgl302j/lib\libsgl.a(sglF02.o)
                0x06013b20                slPrintHex
 *fill*         0x06013b5c        0x4 00
 SLPROG         0x06013b60       0xfa C:\saturn\sgl302j/lib\libsgl.a(sglC06.o)
                0x06013b60                slDispSprite
 *fill*         0x06013c5a        0x6 00
 SLPROG         0x06013c60       0x20 C:\saturn\sgl302j/lib\libsgl.a(sglB001.o)
                0x06013c60                slTVOn
                0x06013c6a                slTVOff
 SLPROG         0x06013c80       0x84 C:\saturn\sgl302j/lib\libsgl.a(sglD00.o)
                0x06013c80                slDMACopy
                0x06013c80                slCpuDMACopy
                0x06013cda                slCashPurge
                0x06013cda                CSH_AllClr
 *fill*         0x06013d04        0xc 00
 SLPROG         0x06013d10       0x1e C:\saturn\sgl302j/lib\libsgl.a(sglB002.o)
                0x06013d10                slColRAMMode
 *fill*         0x06013d2e        0x2 00
 SLPROG         0x06013d30        0xc C:\saturn\sgl302j/lib\libsgl.a(sglB016.o)
                0x06013d30                slBack1ColSet
 *fill*         0x06013d3c        0x4 00
 SLPROG         0x06013d40      0x114 C:\saturn\sgl302j/lib\libsgl.a(sglB200.o)
                0x06013d4c                slCharNbg0
                0x06013d92                slPageRbg0
                0x06013da8                slPageNbg1
                0x06013d58                slCharNbg1
                0x06013dc4                slPageNbg0
                0x06013db0                slPageNbg2
                0x06013db8                slPageNbg3
                0x06013d64                slCharNbg2
                0x06013d7a                slCharNbg3
                0x06013d40                slCharRbg0
 *fill*         0x06013e54        0xc 00
 SLPROG         0x06013e60        0xc C:\saturn\sgl302j/lib\libsgl.a(sglB056.o)
                0x06013e60                slPlaneNbg1
 *fill*         0x06013e6c        0x4 00
 SLPROG         0x06013e70       0xb4 C:\saturn\sgl302j/lib\libsgl.a(sglB032.o)
                0x06013e70                slMapNbg1
 *fill*         0x06013f24        0xc 00
 SLPROG         0x06013f30        0xc C:\saturn\sgl302j/lib\libsgl.a(sglB071.o)
                0x06013f30                slScrPosNbg1
 *fill*         0x06013f3c        0x4 00
 SLPROG         0x06013f40        0xc C:\saturn\sgl302j/lib\libsgl.a(sglB063.o)
                0x06013f40                slPriority
 *fill*         0x06013f4c        0x4 00
 SLPROG         0x06013f50       0x10 C:\saturn\sgl302j/lib\libsgl.a(sglB020.o)
                0x06013f50                slColorCalc
 SLPROG         0x06013f60        0xc C:\saturn\sgl302j/lib\libsgl.a(sglB023.o)
                0x06013f60                slColRate
 *fill*         0x06013f6c        0x4 00
 SLPROG         0x06013f70       0x10 C:\saturn\sgl302j/lib\libsgl.a(sglB057.o)
                0x06013f70                slPlaneNbg2
 SLPROG         0x06013f80       0xb0 C:\saturn\sgl302j/lib\libsgl.a(sglB033.o)
                0x06013f80                slMapNbg2
 SLPROG         0x06014030       0x10 C:\saturn\sgl302j/lib\libsgl.a(sglB058.o)
                0x06014030                slPlaneNbg3
 SLPROG         0x06014040       0xb4 C:\saturn\sgl302j/lib\libsgl.a(sglB034.o)
                0x06014040                slMapNbg3
 *fill*         0x060140f4        0xc 00
 SLPROG         0x06014100        0xc C:\saturn\sgl302j/lib\libsgl.a(sglB021.o)
                0x06014100                slColorCalcOn
 *fill*         0x0601410c        0x4 00
 SLPROG         0x06014110       0x20 C:\saturn\sgl302j/lib\libsgl.a(sglA00.o)
                0x06014124                get_imask
                0x06014110                set_imask
                0x06014110                _builtin_set_imask
                0x06014124                _builtin_get_imask
 SLPROG         0x06014130       0x74 C:\saturn\sgl302j/lib\libsgl.a(sglJ00.o)
                0x06014130                InitSlaveSH
                0x06014198                SlaveCommand
 *fill*         0x060141a4        0xc 00
 SLPROG         0x060141b0      0x42c C:\saturn\sgl302j/lib\libsgl.a(sglA20.o)
                0x060141b0                slInitMatrix
                0x060141ce                slUnitMatrix
                0x060141ba                slPushUnitMatrix
 *fill*         0x060145dc        0x4 00
 SLPROG         0x060145e0      0xbd0 C:\saturn\sgl302j/lib\libsgl.a(sglB000.o)
                0x060145e0                slInitScroll
                0x06014840                TVSizeTbl
                0x06014730                setASC_4to8
                0x060148c0                TVModeTbl
                0x06014700                setASC_1to8
                0x06014a98                SGL_ASCII_CG
 SLPROG         0x060151b0      0x3d0 C:\saturn\sgl302j/lib\libsgl.a(sglJ01.o)
                0x060151b0                SlaveControl
                0x0601556c                ErasePolygonData
 SLPROG         0x06015580      0x75c C:\saturn\sgl302j/lib\libsgl.a(sglI00.o)
                0x06015870                slInitInterrupt
 *fill*         0x06015cdc        0x4 00
 SLPROG         0x06015ce0      0x134 C:\saturn\sgl302j/lib\libsgl.a(sglC00.o)
                0x06015ce0                slInitSprite
 *fill*         0x06015e14        0xc 00
 SLPROG         0x06015e20      0x470 C:\saturn\sgl302j/lib\libsgl.a(sglH02.o)
                0x06016210                smpc_pfr_tbl
                0x06016250                smpc_ptf_tbl
 SLPROG         0x06016290       0x60 C:\saturn\sgl302j/lib\libsgl.a(sglH04.o)
                0x060162ba                slComPrmSetTime
                0x06016290                slComPrmIntBack
                0x060162a4                slComPrmSetMemory
 SLPROG         0x060162f0       0x40 C:\saturn\sgl302j/lib\libsgl.a(sglC20.o)
                0x060162f0                SpriteEntry
 SLPROG         0x06016330       0xd4 C:\saturn\sgl302j/lib\libsgl.a(sglB035.o)
                0x06016330                sl1MapRA
                0x060163c2                rbank_set
 *fill*         0x06016404        0xc 00
 SLPROG         0x06016410      0x140 C:\saturn\sgl302j/lib\libsgl.a(sglJ03.o)
                0x06016410                sbMakeDMATable
 SLPROG         0x06016550     0x12b8 C:\saturn\sgl302j/lib\libsgl.a(sglJ02.o)
                0x06017784                stvtc_1
                0x060174bc                stvtc_4
                0x0601747c                SetPolygon
                0x06017574                stvtc_3
                0x060177ac                stvtc_0
                0x06017484                SetPosition
                0x06016738                sbCalcPolygon
                0x06017470                SetTexture
                0x06016550                sbMakePolygon
                0x06017798                stvtc_2
 *fill*         0x06017808        0x8 00
 SLPROG         0x06017810      0x470 C:\saturn\sgl302j/lib\libsgl.a(sglJ04.o)
                0x060178d4                sbMakeRotSprite
                0x0601786e                sbMakeSprite
 SLPROG         0x06017c80       0x3c C:\saturn\sgl302j/lib\libsgl.a(sglJ05.o)
                0x06017c80                sbSortEntry
 *fill*         0x06017cbc        0x4 00
 SLPROG         0x06017cc0       0xf0 C:\saturn\sgl302j/lib\libsgl.a(sglH03.o)
                0x06017d24                slSmpcIntBack
 SLPROG         0x06017db0       0x6a C:\saturn\sgl302j/lib\libsgl.a(sglM01.o)
                0x06017ddc                slSetDepthTbl
                0x06017e0c                DepthWorkArea
                0x06017db0                slSetDepthLimit
                0x06017e1a                __slprog_end = .

.tors           0x06017e20        0x0
                0x06017e20                ___ctors = .
 *(.ctors)
                0x06017e20                ___ctors_end = .
                0x06017e20                ___dtors = .
 *(.dtors)
                0x06017e20                ___dtors_end = .

.data           0x06017e20     0xce90
 *(.data)
 .data          0x06017e20       0x50 main.o
                0x06017e20                spritepos2
                0x06017e60                spritepos1
 .data          0x06017e70     0xc5e0 assets.o
                0x06017e70                pal_cloud
                0x06021a70                pic_sprites
                0x0601f070                map_map2
                0x06022150                texture_sprites003
                0x06021ab0                tex_sprites
                0x060221d0                texture_sprites002
                0x06024250                texture_sprites000
                0x06018870                cel_cloud
                0x06019d70                cel_road
                0x06019570                map_road
                0x06021ef0                texture_sprites004
                0x060241d0                texture_sprites001
                0x06020270                map_face
                0x06019370                pal_road
                0x0601f870                map_map1
                0x06021cf0                texture_sprites006
                0x06021af0                texture_sprites007
                0x06020070                pal_face
                0x06020a70                cel_face
                0x06018070                map_cloud
 .data          0x06024450       0x50 game.o
                0x06024460                SCLERA_ATTR
                0x0602447e                SHOT_ATTR
                0x06024454                SPR_SIZE
                0x06024488                CIRCLE_ATTR
                0x06024450                scale
                0x0602446a                EYE_ATTR
                0x06024474                PLAYER_ATTR
 .data          0x060244a0       0x80 C:\saturn\sgl302j/lib\libsgl.a(sglIc0.o)
                0x060244a0                IntPrioMask
 .data          0x06024520      0x380 c:/saturn/SH_COFF/sh-coff/bin/../lib/gcc/sh-coff/3.4-GNUSH_v0501/../../../../sh-coff/lib/m2\libc.a(impure.o)
                0x0602489c                _impure_ptr
 .data          0x060248a0      0x410 c:/saturn/SH_COFF/sh-coff/bin/../lib/gcc/sh-coff/3.4-GNUSH_v0501/../../../../sh-coff/lib/m2\libc.a(mallocr.o)
                0x060248a8                __malloc_av_
                0x060248a4                __malloc_trim_threshold
                0x060248a0                __malloc_sbrk_base
                0x06024cb0                __edata = .

.bss            0x06024cb0     0x2714
                0x06024cb0                __bstart = .
 *(.bss)
 .bss           0x06024cb0      0x200 assets.o
                0x06024cb0                texture_sprites005
 .bss           0x06024eb0       0x30 game.o
                0x06024ebc                bg2X
                0x06024ec0                screenY
                0x06024eb0                bg3Y
                0x06024eb4                bg3X
                0x06024ec4                screenX
                0x06024ec8                scaleSpeed
                0x06024eb8                bg2Y
                0x06024ecc                playerState
 .bss           0x06024ee0       0x10 c:/saturn/SH_COFF/sh-coff/bin/../lib/gcc/sh-coff/3.4-GNUSH_v0501/m2\libgcc.a(__main.o)
 .bss           0x06024ef0       0x10 c:/saturn/SH_COFF/sh-coff/bin/../lib/gcc/sh-coff/3.4-GNUSH_v0501/../../../../sh-coff/lib/m2\libc.a(atexit.o)
 .bss           0x06024f00       0x40 c:/saturn/SH_COFF/sh-coff/bin/../lib/gcc/sh-coff/3.4-GNUSH_v0501/../../../../sh-coff/lib/m2\libc.a(mallocr.o)
                0x06024f30                __malloc_top_pad
                0x06024f00                __malloc_current_mallinfo
                0x06024f2c                __malloc_max_sbrked_mem
                0x06024f28                __malloc_max_total_mem
 .bss           0x06024f40       0x10 c:/saturn/SH_COFF/sh-coff/bin/../lib/gcc/sh-coff/3.4-GNUSH_v0501/../../../../sh-coff/lib/m2\libc.a(syscalls.o)
 *(COMMON)
 COMMON         0x06024f50     0x246d game.o
                                  0x0 (size before relaxing)
                0x06024f50                sprites
                0x06026b70                numSprites
                0x06026b80                playfield
                0x06027380                eye1Index
                0x06027390                defaultSprite
                0x060273b4                eye2Index
                0x060273b8                gameState
                0x060273bc                dispFace
 *fill*         0x060273bd        0x3 00
 COMMON         0x060273c0        0x4 c:/saturn/SH_COFF/sh-coff/bin/../lib/gcc/sh-coff/3.4-GNUSH_v0501/../../../../sh-coff/lib/m2\libc.a(syscalls.o)
                                  0x0 (size before relaxing)
                0x060273c0                errno
                0x060273c4                __bend = .
                0x060273c4                _end = .
LOAD C:\saturn\sgl302j\SAMPLE\common/cinit.o
LOAD C:\saturn\sgl302j/lib/sglarea.o
LOAD main.o
LOAD assets.o
LOAD game.o
LOAD scrollfunctions.o
LOAD spritelist.o
LOAD C:\saturn\sgl302j/lib\libsgl.a
LOAD c:/saturn/SH_COFF/sh-coff/bin/../lib/gcc/sh-coff/3.4-GNUSH_v0501/m2\libgcc.a
LOAD c:/saturn/SH_COFF/sh-coff/bin/../lib/gcc/sh-coff/3.4-GNUSH_v0501/../../../../sh-coff/lib/m2\libc.a
LOAD c:/saturn/SH_COFF/sh-coff/bin/../lib/gcc/sh-coff/3.4-GNUSH_v0501/m2\libgcc.a
OUTPUT(sl.coff coff-sh)

.comment        0x060273d0      0x360
 .comment       0x060273d0       0x20 C:\saturn\sgl302j\SAMPLE\common/cinit.o
 .comment       0x060273f0       0x20 main.o
 .comment       0x06027410       0x20 assets.o
 .comment       0x06027430       0x20 game.o
 .comment       0x06027450       0x20 scrollfunctions.o
 .comment       0x06027470       0x20 spritelist.o
 .comment       0x06027490       0x20 c:/saturn/SH_COFF/sh-coff/bin/../lib/gcc/sh-coff/3.4-GNUSH_v0501/m2\libgcc.a(__main.o)
 .comment       0x060274b0       0x20 c:/saturn/SH_COFF/sh-coff/bin/../lib/gcc/sh-coff/3.4-GNUSH_v0501/m2\libgcc.a(_si_to_df.o)
 .comment       0x060274d0       0x20 c:/saturn/SH_COFF/sh-coff/bin/../lib/gcc/sh-coff/3.4-GNUSH_v0501/m2\libgcc.a(_mul_df.o)
 .comment       0x060274f0       0x20 c:/saturn/SH_COFF/sh-coff/bin/../lib/gcc/sh-coff/3.4-GNUSH_v0501/m2\libgcc.a(_div_df.o)
 .comment       0x06027510       0x20 c:/saturn/SH_COFF/sh-coff/bin/../lib/gcc/sh-coff/3.4-GNUSH_v0501/m2\libgcc.a(_df_to_si.o)
 .comment       0x06027530       0x20 c:/saturn/SH_COFF/sh-coff/bin/../lib/gcc/sh-coff/3.4-GNUSH_v0501/m2\libgcc.a(_pack_df.o)
 .comment       0x06027550       0x20 c:/saturn/SH_COFF/sh-coff/bin/../lib/gcc/sh-coff/3.4-GNUSH_v0501/m2\libgcc.a(_unpack_df.o)
 .comment       0x06027570       0x20 c:/saturn/SH_COFF/sh-coff/bin/../lib/gcc/sh-coff/3.4-GNUSH_v0501/m2\libgcc.a(_thenan_df.o)
 .comment       0x06027590       0x20 c:/saturn/SH_COFF/sh-coff/bin/../lib/gcc/sh-coff/3.4-GNUSH_v0501/m2\libgcc.a(_lshrdi3.o)
 .comment       0x060275b0       0x20 c:/saturn/SH_COFF/sh-coff/bin/../lib/gcc/sh-coff/3.4-GNUSH_v0501/m2\libgcc.a(_ashldi3.o)
 .comment       0x060275d0       0x20 c:/saturn/SH_COFF/sh-coff/bin/../lib/gcc/sh-coff/3.4-GNUSH_v0501/../../../../sh-coff/lib/m2\libc.a(atexit.o)
 .comment       0x060275f0       0x20 c:/saturn/SH_COFF/sh-coff/bin/../lib/gcc/sh-coff/3.4-GNUSH_v0501/../../../../sh-coff/lib/m2\libc.a(impure.o)
 .comment       0x06027610       0x20 c:/saturn/SH_COFF/sh-coff/bin/../lib/gcc/sh-coff/3.4-GNUSH_v0501/../../../../sh-coff/lib/m2\libc.a(malloc.o)
 .comment       0x06027630       0x20 c:/saturn/SH_COFF/sh-coff/bin/../lib/gcc/sh-coff/3.4-GNUSH_v0501/../../../../sh-coff/lib/m2\libc.a(mallocr.o)
 .comment       0x06027650       0x20 c:/saturn/SH_COFF/sh-coff/bin/../lib/gcc/sh-coff/3.4-GNUSH_v0501/../../../../sh-coff/lib/m2\libc.a(freer.o)
 .comment       0x06027670       0x20 c:/saturn/SH_COFF/sh-coff/bin/../lib/gcc/sh-coff/3.4-GNUSH_v0501/../../../../sh-coff/lib/m2\libc.a(mlock.o)
 .comment       0x06027690       0x20 c:/saturn/SH_COFF/sh-coff/bin/../lib/gcc/sh-coff/3.4-GNUSH_v0501/../../../../sh-coff/lib/m2\libc.a(sbrkr.o)
 .comment       0x060276b0       0x20 c:/saturn/SH_COFF/sh-coff/bin/../lib/gcc/sh-coff/3.4-GNUSH_v0501/../../../../sh-coff/lib/m2\libc.a(syscalls.o)
 .comment       0x060276d0       0x20 c:/saturn/SH_COFF/sh-coff/bin/../lib/gcc/sh-coff/3.4-GNUSH_v0501/../../../../sh-coff/lib/m2\libc.a(abort.o)
 .comment       0x060276f0       0x20 c:/saturn/SH_COFF/sh-coff/bin/../lib/gcc/sh-coff/3.4-GNUSH_v0501/../../../../sh-coff/lib/m2\libc.a(signal.o)
 .comment       0x06027710       0x20 c:/saturn/SH_COFF/sh-coff/bin/../lib/gcc/sh-coff/3.4-GNUSH_v0501/../../../../sh-coff/lib/m2\libc.a(signalr.o)
