Archive member included because of file (symbol)

C:\saturn\sgl302j/lib\libsgl.a(sglIc0.o)
                              main.o (slInitSystem)
C:\saturn\sgl302j/lib\libsgl.a(sglH00.o)
                              C:\saturn\sgl302j/lib\libsgl.a(sglIc0.o) (slInitPeripheral)
C:\saturn\sgl302j/lib\libsgl.a(sglF00.o)
                              game.o (slLocate)
C:\saturn\sgl302j/lib\libsgl.a(sglF02.o)
                              game.o (slPrintHex)
C:\saturn\sgl302j/lib\libsgl.a(sglC06.o)
                              game.o (slDispSprite)
C:\saturn\sgl302j/lib\libsgl.a(sglA06.o)
                              game.o (slMulFX)
C:\saturn\sgl302j/lib\libsgl.a(sglA04.o)
                              game.o (slAtan)
C:\saturn\sgl302j/lib\libsgl.a(sglA01.o)
                              game.o (slSin)
C:\saturn\sgl302j/lib\libsgl.a(sglI01.o)
                              C:\saturn\sgl302j/lib\libsgl.a(sglIc0.o) (slInitSynch)
C:\saturn\sgl302j/lib\libsgl.a(sglF03.o)
                              game.o (slPrintFX)
C:\saturn\sgl302j/lib\libsgl.a(sglB015.o)
                              game.o (slScrAutoDisp)
C:\saturn\sgl302j/lib\libsgl.a(sglB001.o)
                              game.o (slTVOn)
C:\saturn\sgl302j/lib\libsgl.a(sglD00.o)
                              game.o (slDMACopy)
C:\saturn\sgl302j/lib\libsgl.a(sglB002.o)
                              game.o (slColRAMMode)
C:\saturn\sgl302j/lib\libsgl.a(sglB016.o)
                              game.o (slBack1ColSet)
C:\saturn\sgl302j/lib\libsgl.a(sglB200.o)
                              linescroll.o (slCharNbg1)
C:\saturn\sgl302j/lib\libsgl.a(sglB058.o)
                              game.o (slPlaneNbg3)
C:\saturn\sgl302j/lib\libsgl.a(sglB034.o)
                              game.o (slMapNbg3)
C:\saturn\sgl302j/lib\libsgl.a(sglB073.o)
                              game.o (slScrPosNbg3)
C:\saturn\sgl302j/lib\libsgl.a(sglB063.o)
                              game.o (slPriority)
C:\saturn\sgl302j/lib\libsgl.a(sglB020.o)
                              game.o (slColorCalc)
C:\saturn\sgl302j/lib\libsgl.a(sglB023.o)
                              game.o (slColRate)
C:\saturn\sgl302j/lib\libsgl.a(sglF05.o)
                              game.o (slPrint)
C:\saturn\sgl302j/lib\libsgl.a(sglB056.o)
                              linescroll.o (slPlaneNbg1)
C:\saturn\sgl302j/lib\libsgl.a(sglB032.o)
                              linescroll.o (slMapNbg1)
C:\saturn\sgl302j/lib\libsgl.a(sglB090.o)
                              linescroll.o (slLineScrollMode)
C:\saturn\sgl302j/lib\libsgl.a(sglB088.o)
                              linescroll.o (slLineScrollTable1)
C:\saturn\sgl302j/lib\libsgl.a(sglB071.o)
                              linescroll.o (slScrPosNbg1)
C:\saturn\sgl302j/lib\libsgl.a(sglB057.o)
                              tilemap.o (slPlaneNbg2)
C:\saturn\sgl302j/lib\libsgl.a(sglB033.o)
                              tilemap.o (slMapNbg2)
C:\saturn\sgl302j/lib\libsgl.a(sglB072.o)
                              tilemap.o (slScrPosNbg2)
C:\saturn\sgl302j/lib\libsgl.a(sglA00.o)
                              C:\saturn\sgl302j/lib\libsgl.a(sglIc0.o) (_builtin_set_imask)
C:\saturn\sgl302j/lib\libsgl.a(sglK01.o)
                              C:\saturn\sgl302j/lib\libsgl.a(sglIc0.o) (SynchCount)
C:\saturn\sgl302j/lib\libsgl.a(sglJ00.o)
                              C:\saturn\sgl302j/lib\libsgl.a(sglIc0.o) (InitSlaveSH)
C:\saturn\sgl302j/lib\libsgl.a(sglA20.o)
                              C:\saturn\sgl302j/lib\libsgl.a(sglIc0.o) (slInitMatrix)
C:\saturn\sgl302j/lib\libsgl.a(sglB000.o)
                              C:\saturn\sgl302j/lib\libsgl.a(sglIc0.o) (slInitScroll)
C:\saturn\sgl302j/lib\libsgl.a(sglJ01.o)
                              C:\saturn\sgl302j/lib\libsgl.a(sglIc0.o) (SlaveControl)
C:\saturn\sgl302j/lib\libsgl.a(sglI00.o)
                              C:\saturn\sgl302j/lib\libsgl.a(sglIc0.o) (slInitInterrupt)
C:\saturn\sgl302j/lib\libsgl.a(sglC00.o)
                              C:\saturn\sgl302j/lib\libsgl.a(sglIc0.o) (slInitSprite)
C:\saturn\sgl302j/lib\libsgl.a(sglH02.o)
                              C:\saturn\sgl302j/lib\libsgl.a(sglH00.o) (smpc_pfr_tbl)
C:\saturn\sgl302j/lib\libsgl.a(sglH04.o)
                              C:\saturn\sgl302j/lib\libsgl.a(sglH00.o) (slComPrmIntBack)
C:\saturn\sgl302j/lib\libsgl.a(sglC20.o)
                              C:\saturn\sgl302j/lib\libsgl.a(sglC06.o) (SpriteEntry)
C:\saturn\sgl302j/lib\libsgl.a(sglB035.o)
                              C:\saturn\sgl302j/lib\libsgl.a(sglB200.o) (rbank_set)
C:\saturn\sgl302j/lib\libsgl.a(sglJ03.o)
                              C:\saturn\sgl302j/lib\libsgl.a(sglJ01.o) (sbMakeDMATable)
C:\saturn\sgl302j/lib\libsgl.a(sglJ02.o)
                              C:\saturn\sgl302j/lib\libsgl.a(sglJ01.o) (sbMakePolygon)
C:\saturn\sgl302j/lib\libsgl.a(sglJ04.o)
                              C:\saturn\sgl302j/lib\libsgl.a(sglJ01.o) (sbMakeSprite)
C:\saturn\sgl302j/lib\libsgl.a(sglJ05.o)
                              C:\saturn\sgl302j/lib\libsgl.a(sglJ01.o) (sbSortEntry)
C:\saturn\sgl302j/lib\libsgl.a(sglH03.o)
                              C:\saturn\sgl302j/lib\libsgl.a(sglI00.o) (slSmpcIntBack)
C:\saturn\sgl302j/lib\libsgl.a(sglM01.o)
                              C:\saturn\sgl302j/lib\libsgl.a(sglJ02.o) (DepthWorkArea)
c:/saturn/SH_COFF/sh-coff/bin/../lib/gcc/sh-coff/3.4-GNUSH_v0501/m2\libgcc.a(__main.o)
                              C:\saturn\sgl302j\SAMPLE\common/cinit.o (__main)
c:/saturn/SH_COFF/sh-coff/bin/../lib/gcc/sh-coff/3.4-GNUSH_v0501/m2\libgcc.a(_si_to_df.o)
                              game.o (__floatsidf)
c:/saturn/SH_COFF/sh-coff/bin/../lib/gcc/sh-coff/3.4-GNUSH_v0501/m2\libgcc.a(_mul_df.o)
                              game.o (__muldf3)
c:/saturn/SH_COFF/sh-coff/bin/../lib/gcc/sh-coff/3.4-GNUSH_v0501/m2\libgcc.a(_div_df.o)
                              game.o (__divdf3)
c:/saturn/SH_COFF/sh-coff/bin/../lib/gcc/sh-coff/3.4-GNUSH_v0501/m2\libgcc.a(_df_to_si.o)
                              game.o (__fixdfsi)
c:/saturn/SH_COFF/sh-coff/bin/../lib/gcc/sh-coff/3.4-GNUSH_v0501/m2\libgcc.a(_ashiftlt.o)
                              game.o (__ashlsi3)
c:/saturn/SH_COFF/sh-coff/bin/../lib/gcc/sh-coff/3.4-GNUSH_v0501/m2\libgcc.a(_ashiftrt_n.o)
                              game.o (__ashrsi3)
c:/saturn/SH_COFF/sh-coff/bin/../lib/gcc/sh-coff/3.4-GNUSH_v0501/m2\libgcc.a(_pack_df.o)
                              c:/saturn/SH_COFF/sh-coff/bin/../lib/gcc/sh-coff/3.4-GNUSH_v0501/m2\libgcc.a(_si_to_df.o) (__pack_d)
c:/saturn/SH_COFF/sh-coff/bin/../lib/gcc/sh-coff/3.4-GNUSH_v0501/m2\libgcc.a(_unpack_df.o)
                              c:/saturn/SH_COFF/sh-coff/bin/../lib/gcc/sh-coff/3.4-GNUSH_v0501/m2\libgcc.a(_mul_df.o) (__unpack_d)
c:/saturn/SH_COFF/sh-coff/bin/../lib/gcc/sh-coff/3.4-GNUSH_v0501/m2\libgcc.a(_thenan_df.o)
                              c:/saturn/SH_COFF/sh-coff/bin/../lib/gcc/sh-coff/3.4-GNUSH_v0501/m2\libgcc.a(_mul_df.o) (__thenan_df)
c:/saturn/SH_COFF/sh-coff/bin/../lib/gcc/sh-coff/3.4-GNUSH_v0501/m2\libgcc.a(_lshrdi3.o)
                              c:/saturn/SH_COFF/sh-coff/bin/../lib/gcc/sh-coff/3.4-GNUSH_v0501/m2\libgcc.a(_df_to_si.o) (__lshrdi3)
c:/saturn/SH_COFF/sh-coff/bin/../lib/gcc/sh-coff/3.4-GNUSH_v0501/m2\libgcc.a(_ashldi3.o)
                              c:/saturn/SH_COFF/sh-coff/bin/../lib/gcc/sh-coff/3.4-GNUSH_v0501/m2\libgcc.a(_pack_df.o) (__ashldi3)
c:/saturn/SH_COFF/sh-coff/bin/../lib/gcc/sh-coff/3.4-GNUSH_v0501/m2\libgcc.a(_lshiftrt.o)
                              c:/saturn/SH_COFF/sh-coff/bin/../lib/gcc/sh-coff/3.4-GNUSH_v0501/m2\libgcc.a(_lshrdi3.o) (__lshrsi3)
c:/saturn/SH_COFF/sh-coff/bin/../lib/gcc/sh-coff/3.4-GNUSH_v0501/../../../../sh-coff/lib/m2\libc.a(memcpy.o)
                              game.o (memcpy)
c:/saturn/SH_COFF/sh-coff/bin/../lib/gcc/sh-coff/3.4-GNUSH_v0501/../../../../sh-coff/lib/m2\libc.a(memset.o)
                              spritelist.o (memset)
c:/saturn/SH_COFF/sh-coff/bin/../lib/gcc/sh-coff/3.4-GNUSH_v0501/../../../../sh-coff/lib/m2\libc.a(atexit.o)
                              c:/saturn/SH_COFF/sh-coff/bin/../lib/gcc/sh-coff/3.4-GNUSH_v0501/m2\libgcc.a(__main.o) (atexit)
c:/saturn/SH_COFF/sh-coff/bin/../lib/gcc/sh-coff/3.4-GNUSH_v0501/../../../../sh-coff/lib/m2\libc.a(impure.o)
                              c:/saturn/SH_COFF/sh-coff/bin/../lib/gcc/sh-coff/3.4-GNUSH_v0501/../../../../sh-coff/lib/m2\libc.a(atexit.o) (_impure_ptr)
c:/saturn/SH_COFF/sh-coff/bin/../lib/gcc/sh-coff/3.4-GNUSH_v0501/../../../../sh-coff/lib/m2\libc.a(malloc.o)
                              c:/saturn/SH_COFF/sh-coff/bin/../lib/gcc/sh-coff/3.4-GNUSH_v0501/../../../../sh-coff/lib/m2\libc.a(atexit.o) (malloc)
c:/saturn/SH_COFF/sh-coff/bin/../lib/gcc/sh-coff/3.4-GNUSH_v0501/../../../../sh-coff/lib/m2\libc.a(mallocr.o)
                              c:/saturn/SH_COFF/sh-coff/bin/../lib/gcc/sh-coff/3.4-GNUSH_v0501/../../../../sh-coff/lib/m2\libc.a(malloc.o) (_malloc_r)
c:/saturn/SH_COFF/sh-coff/bin/../lib/gcc/sh-coff/3.4-GNUSH_v0501/../../../../sh-coff/lib/m2\libc.a(freer.o)
                              c:/saturn/SH_COFF/sh-coff/bin/../lib/gcc/sh-coff/3.4-GNUSH_v0501/../../../../sh-coff/lib/m2\libc.a(malloc.o) (_free_r)
c:/saturn/SH_COFF/sh-coff/bin/../lib/gcc/sh-coff/3.4-GNUSH_v0501/../../../../sh-coff/lib/m2\libc.a(mlock.o)
                              c:/saturn/SH_COFF/sh-coff/bin/../lib/gcc/sh-coff/3.4-GNUSH_v0501/../../../../sh-coff/lib/m2\libc.a(mallocr.o) (__malloc_lock)
c:/saturn/SH_COFF/sh-coff/bin/../lib/gcc/sh-coff/3.4-GNUSH_v0501/../../../../sh-coff/lib/m2\libc.a(sbrkr.o)
                              c:/saturn/SH_COFF/sh-coff/bin/../lib/gcc/sh-coff/3.4-GNUSH_v0501/../../../../sh-coff/lib/m2\libc.a(mallocr.o) (_sbrk_r)
c:/saturn/SH_COFF/sh-coff/bin/../lib/gcc/sh-coff/3.4-GNUSH_v0501/../../../../sh-coff/lib/m2\libc.a(syscalls.o)
                              c:/saturn/SH_COFF/sh-coff/bin/../lib/gcc/sh-coff/3.4-GNUSH_v0501/../../../../sh-coff/lib/m2\libc.a(sbrkr.o) (_sbrk)
c:/saturn/SH_COFF/sh-coff/bin/../lib/gcc/sh-coff/3.4-GNUSH_v0501/../../../../sh-coff/lib/m2\libc.a(trap.o)
                              c:/saturn/SH_COFF/sh-coff/bin/../lib/gcc/sh-coff/3.4-GNUSH_v0501/../../../../sh-coff/lib/m2\libc.a(syscalls.o) (__trap34)
c:/saturn/SH_COFF/sh-coff/bin/../lib/gcc/sh-coff/3.4-GNUSH_v0501/../../../../sh-coff/lib/m2\libc.a(abort.o)
                              c:/saturn/SH_COFF/sh-coff/bin/../lib/gcc/sh-coff/3.4-GNUSH_v0501/../../../../sh-coff/lib/m2\libc.a(syscalls.o) (abort)
c:/saturn/SH_COFF/sh-coff/bin/../lib/gcc/sh-coff/3.4-GNUSH_v0501/../../../../sh-coff/lib/m2\libc.a(signal.o)
                              c:/saturn/SH_COFF/sh-coff/bin/../lib/gcc/sh-coff/3.4-GNUSH_v0501/../../../../sh-coff/lib/m2\libc.a(abort.o) (raise)
c:/saturn/SH_COFF/sh-coff/bin/../lib/gcc/sh-coff/3.4-GNUSH_v0501/../../../../sh-coff/lib/m2\libc.a(signalr.o)
                              c:/saturn/SH_COFF/sh-coff/bin/../lib/gcc/sh-coff/3.4-GNUSH_v0501/../../../../sh-coff/lib/m2\libc.a(signal.o) (_kill_r)
c:/saturn/SH_COFF/sh-coff/bin/../lib/gcc/sh-coff/3.4-GNUSH_v0501/m2\libgcc.a(_udivsi3.o)
                              c:/saturn/SH_COFF/sh-coff/bin/../lib/gcc/sh-coff/3.4-GNUSH_v0501/../../../../sh-coff/lib/m2\libc.a(freer.o) (__udivsi3)

Allocating common symbols
Common symbol       size              file

sprites             0x1c20            game.o
numSprites          0x1               game.o
playfield           0x800             game.o
eye1Index           0x4               game.o
defaultSprite       0x24              game.o
bgLayers            0x2               game.o
eye2Index           0x4               game.o
errno               0x4               c:/saturn/SH_COFF/sh-coff/bin/../lib/gcc/sh-coff/3.4-GNUSH_v0501/../../../../sh-coff/lib/m2\libc.a(syscalls.o)
gameState           0x4               game.o
dispFace            0x1               game.o

Memory Configuration

Name             Origin             Length             Attributes
*default*        0x00000000         0xffffffff

Linker script and memory map


SLSTART         0x06004000       0x30
                0x06004000                ___Start = .
 *(SLSTART)
 SLSTART        0x06004000       0x28 C:\saturn\sgl302j/lib\libsgl.a(sglI00.o)
                0x06004002                slStartSGL
                0x06004000                SGL_Start

.text           0x06004040     0x44a0
 *(.text)
 .text          0x06004040       0x50 C:\saturn\sgl302j\SAMPLE\common/cinit.o
                0x06004040                main
 .text          0x06004090       0x70 main.o
                0x06004090                ss_main
 .text          0x06004100     0x1b80 game.o
                0x060045e0                loadSpritePos
                0x060045b0                loadLevel
                0x060056d0                runLevel
 .text          0x06005c80      0x1f0 linescroll.o
                0x06005dd0                updateLinescroll
                0x06005c80                initLinescroll
 .text          0x06005e70       0xf0 scrollfunctions.o
                0x06005f10                MapRead
                0x06005f30                Pal2CRAM
                0x06005e90                Map2VRAM
                0x06005ef0                MapWrite
                0x06005e70                Cel2VRAM
 .text          0x06005f60       0xd0 spritelist.o
                0x06005fe0                deleteSprite
                0x06005f60                addSprite
                0x06006010                clearSpriteList
 .text          0x06006030      0x1c0 tilemap.o
                0x06006030                initTilemap
                0x06006190                updateTilemap
 .text          0x060061f0      0x128 C:\saturn\sgl302j/lib\libsgl.a(sglIc0.o)
                0x060061f0                slInitSystem
 *fill*         0x06006318        0x8 00
 .text          0x06006320       0xc0 c:/saturn/SH_COFF/sh-coff/bin/../lib/gcc/sh-coff/3.4-GNUSH_v0501/m2\libgcc.a(__main.o)
                0x060063a0                __main
                0x06006320                __do_global_dtors
                0x06006360                __do_global_ctors
 .text          0x060063e0      0x110 c:/saturn/SH_COFF/sh-coff/bin/../lib/gcc/sh-coff/3.4-GNUSH_v0501/m2\libgcc.a(_si_to_df.o)
                0x060063f0                __floatsidf
 .text          0x060064f0      0x2c0 c:/saturn/SH_COFF/sh-coff/bin/../lib/gcc/sh-coff/3.4-GNUSH_v0501/m2\libgcc.a(_mul_df.o)
                0x06006510                __muldf3
 .text          0x060067b0      0x180 c:/saturn/SH_COFF/sh-coff/bin/../lib/gcc/sh-coff/3.4-GNUSH_v0501/m2\libgcc.a(_div_df.o)
                0x060067c0                __divdf3
 .text          0x06006930       0x90 c:/saturn/SH_COFF/sh-coff/bin/../lib/gcc/sh-coff/3.4-GNUSH_v0501/m2\libgcc.a(_df_to_si.o)
                0x06006930                __fixdfsi
 .text          0x060069c0       0x90 c:/saturn/SH_COFF/sh-coff/bin/../lib/gcc/sh-coff/3.4-GNUSH_v0501/m2\libgcc.a(_ashiftlt.o)
                0x060069c0                __ashlsi3
 .text          0x06006a50       0x80 c:/saturn/SH_COFF/sh-coff/bin/../lib/gcc/sh-coff/3.4-GNUSH_v0501/m2\libgcc.a(_ashiftrt_n.o)
                0x06006a50                __ashrsi3
 .text          0x06006ad0      0x270 c:/saturn/SH_COFF/sh-coff/bin/../lib/gcc/sh-coff/3.4-GNUSH_v0501/m2\libgcc.a(_pack_df.o)
                0x06006af0                __pack_d
 .text          0x06006d40      0x160 c:/saturn/SH_COFF/sh-coff/bin/../lib/gcc/sh-coff/3.4-GNUSH_v0501/m2\libgcc.a(_unpack_df.o)
                0x06006d60                __unpack_d
 .text          0x06006ea0       0x20 c:/saturn/SH_COFF/sh-coff/bin/../lib/gcc/sh-coff/3.4-GNUSH_v0501/m2\libgcc.a(_thenan_df.o)
                0x06006ea0                __thenan_df
 .text          0x06006ec0       0x90 c:/saturn/SH_COFF/sh-coff/bin/../lib/gcc/sh-coff/3.4-GNUSH_v0501/m2\libgcc.a(_lshrdi3.o)
                0x06006ec0                __lshrdi3
 .text          0x06006f50       0x90 c:/saturn/SH_COFF/sh-coff/bin/../lib/gcc/sh-coff/3.4-GNUSH_v0501/m2\libgcc.a(_ashldi3.o)
                0x06006f50                __ashldi3
 .text          0x06006fe0       0x90 c:/saturn/SH_COFF/sh-coff/bin/../lib/gcc/sh-coff/3.4-GNUSH_v0501/m2\libgcc.a(_lshiftrt.o)
                0x06006fe0                __lshrsi3
 .text          0x06007070       0xa0 c:/saturn/SH_COFF/sh-coff/bin/../lib/gcc/sh-coff/3.4-GNUSH_v0501/../../../../sh-coff/lib/m2\libc.a(memcpy.o)
                0x06007070                memcpy
 .text          0x06007110       0x40 c:/saturn/SH_COFF/sh-coff/bin/../lib/gcc/sh-coff/3.4-GNUSH_v0501/../../../../sh-coff/lib/m2\libc.a(memset.o)
                0x06007110                memset
 .text          0x06007150       0xa0 c:/saturn/SH_COFF/sh-coff/bin/../lib/gcc/sh-coff/3.4-GNUSH_v0501/../../../../sh-coff/lib/m2\libc.a(atexit.o)
                0x06007150                atexit
 .text          0x060071f0       0x10 c:/saturn/SH_COFF/sh-coff/bin/../lib/gcc/sh-coff/3.4-GNUSH_v0501/../../../../sh-coff/lib/m2\libc.a(impure.o)
                0x060071f0                _global_impure_ptr
 .text          0x06007200       0x40 c:/saturn/SH_COFF/sh-coff/bin/../lib/gcc/sh-coff/3.4-GNUSH_v0501/../../../../sh-coff/lib/m2\libc.a(malloc.o)
                0x06007220                free
                0x06007200                malloc
 .text          0x06007240      0x680 c:/saturn/SH_COFF/sh-coff/bin/../lib/gcc/sh-coff/3.4-GNUSH_v0501/../../../../sh-coff/lib/m2\libc.a(mallocr.o)
                0x06007240                _malloc_r
 .text          0x060078c0      0x3b0 c:/saturn/SH_COFF/sh-coff/bin/../lib/gcc/sh-coff/3.4-GNUSH_v0501/../../../../sh-coff/lib/m2\libc.a(freer.o)
                0x060078c0                _malloc_trim_r
                0x060079c0                _free_r
 .text          0x06007c70       0x20 c:/saturn/SH_COFF/sh-coff/bin/../lib/gcc/sh-coff/3.4-GNUSH_v0501/../../../../sh-coff/lib/m2\libc.a(mlock.o)
                0x06007c70                __malloc_lock
                0x06007c80                __malloc_unlock
 .text          0x06007c90       0x50 c:/saturn/SH_COFF/sh-coff/bin/../lib/gcc/sh-coff/3.4-GNUSH_v0501/../../../../sh-coff/lib/m2\libc.a(sbrkr.o)
                0x06007c90                _sbrk_r
 .text          0x06007ce0      0x430 c:/saturn/SH_COFF/sh-coff/bin/../lib/gcc/sh-coff/3.4-GNUSH_v0501/../../../../sh-coff/lib/m2\libc.a(syscalls.o)
                0x06007e90                _exit
                0x06007ed0                _getpid
                0x06007f50                _utime
                0x06007d20                _write
                0x06007ce0                _read
                0x06007e70                _unlink
                0x06007e30                _open
                0x06007ef0                _stat
                0x06007e80                isatty
                0x06007f90                _wait
                0x06007eb0                _kill
                0x06007f10                _chmod
                0x06007fd0                _execv
                0x06007fb0                _execve
                0x060080d0                __setup_argv_and_call_main
                0x06008020                _gettimeofday
                0x06007d60                _link
                0x06007ee0                _raise
                0x06007e50                _creat
                0x06007ff0                _pipe
                0x06007f30                _chown
                0x06007d00                _lseek
                0x06007d40                _close
                0x06008010                _times
                0x06007e10                _fstat
                0x06007f70                _fork
                0x06007d90                _sbrk
 .text          0x06008110       0x20 c:/saturn/SH_COFF/sh-coff/bin/../lib/gcc/sh-coff/3.4-GNUSH_v0501/../../../../sh-coff/lib/m2\libc.a(trap.o)
                0x06008110                __trap34
 .text          0x06008130       0x20 c:/saturn/SH_COFF/sh-coff/bin/../lib/gcc/sh-coff/3.4-GNUSH_v0501/../../../../sh-coff/lib/m2\libc.a(abort.o)
                0x06008130                abort
 .text          0x06008150      0x2c0 c:/saturn/SH_COFF/sh-coff/bin/../lib/gcc/sh-coff/3.4-GNUSH_v0501/../../../../sh-coff/lib/m2\libc.a(signal.o)
                0x06008230                _raise_r
                0x060083f0                __sigtramp
                0x06008390                raise
                0x060083d0                _init_signal
                0x06008310                __sigtramp_r
                0x060083b0                signal
                0x060081a0                _signal_r
                0x06008150                _init_signal_r
 .text          0x06008410       0x60 c:/saturn/SH_COFF/sh-coff/bin/../lib/gcc/sh-coff/3.4-GNUSH_v0501/../../../../sh-coff/lib/m2\libc.a(signalr.o)
                0x06008460                _getpid_r
                0x06008410                _kill_r
 .text          0x06008470       0x70 c:/saturn/SH_COFF/sh-coff/bin/../lib/gcc/sh-coff/3.4-GNUSH_v0501/m2\libgcc.a(_udivsi3.o)
                0x06008492                __udivsi3
 *(.strings)
                0x060084e0                __etext = .

SLPROG          0x060084e0    0x12390
                0x060084e0                __slprog_start = .
 *(SLPROG)
 SLPROG         0x060084e0     0x6540 C:\saturn\sgl302j/lib/sglarea.o
                0x060084fc                SpriteBuf
                0x06008520                RemainEvent
                0x060084ec                SortList
                0x060084ea                MaxPolygons
                0x06008508                CommandBuf
                0x0600851c                MaxWorks
                0x0600851e                WorkSize
                0x06008514                PCM_WkSize
                0x0600850c                CLOfstBuf
                0x06008620                RemainWork
                0x06008510                PCM_Work
                0x060084e0                MasterStack
                0x060084e4                SlaveStack
                0x060084e8                MaxVertices
                0x06008518                MaxEvents
                0x060084f8                Zbuffer
                0x06008500                SpriteBufSize
                0x0600aa20                WorkBuf
                0x060084f4                TransList
                0x06008504                Pbuffer
                0x060084f0                SortListSize
                0x0600851a                EventSize
                0x06008a20                EventBuf
 SLPROG         0x0600ea20      0xfc8 C:\saturn\sgl302j/lib\libsgl.a(sglH00.o)
                0x0600eabc                slSetPortData1
                0x0600eaac                slGetPortData1
                0x0600f29a                slSetPortMode1
                0x0600f4d4                Smpc_Status
                0x0600ea72                slSetPortDir2
                0x0600f0b8                slSmpcCashSend
                0x0600ead8                slGetPortSelect1
                0x0600eebe                slIntBackCancel
                0x0600eb70                slSetPortExt1
                0x0600f280                slGetPortMode1
                0x0600f174                slSmpcCashBlow
                0x0600f464                slRequestCommand
                0x0600f504                SmpcStatusBuf
                0x0600eac6                slSetPortData2
                0x0600ee26                slSetResultBuffer
                0x0600eb5c                slGetPortExt1
                0x0600eba0                slSetPortExt2
                0x0600ea40                slGetPortDir2
                0x0600eb66                slGetPortExt2
                0x0600eef2                slClearReset
                0x0600eee8                slCheckReset
                0x0600ea48                slSetPortDir1
                0x0600eb20                slSetPortSelect2
                0x0600eaec                slSetPortSelect1
                0x0600f28c                slGetPortMode2
                0x0600eae2                slGetPortSelect2
                0x0600ea38                slGetPortDir1
                0x0600eab4                slGetPortData2
                0x0600f25a                slSetOptimize
                0x0600f250                slGetOptimize
                0x0600ed14                slSmpcDirectAccess
                0x0600f4e2                Per_Connect1
                0x0600ed94                slInitPeripheral
                0x0600eeb2                slCheckIntBackSet
                0x0600f4e3                Per_Connect2
                0x0600f4dc                Smpc_Peripheral
                0x0600f2d8                slSetPortMode2
                0x0600f4d8                Smpc_Result
 *fill*         0x0600f9e8        0x8 00
 SLPROG         0x0600f9f0       0x4e C:\saturn\sgl302j/lib\libsgl.a(sglF00.o)
                0x0600fa0a                slLocate
                0x0600fa00                slCurColor
                0x0600fa3c                CurrentScreen
                0x0600f9f0                slCurScrn
 *fill*         0x0600fa3e        0x2 00
 SLPROG         0x0600fa40       0x3c C:\saturn\sgl302j/lib\libsgl.a(sglF02.o)
                0x0600fa40                slPrintHex
 *fill*         0x0600fa7c        0x4 00
 SLPROG         0x0600fa80       0xfa C:\saturn\sgl302j/lib\libsgl.a(sglC06.o)
                0x0600fa80                slDispSprite
 *fill*         0x0600fb7a        0x6 00
 SLPROG         0x0600fb80        0xa C:\saturn\sgl302j/lib\libsgl.a(sglA06.o)
                0x0600fb80                slMulFX
 *fill*         0x0600fb8a        0x6 00
 SLPROG         0x0600fb90     0x20b6 C:\saturn\sgl302j/lib\libsgl.a(sglA04.o)
                0x0600fc44                atan_tbl
                0x0600fb90                slAtan
 *fill*         0x06011c46        0xa 00
 SLPROG         0x06011c50     0x411e C:\saturn\sgl302j/lib\libsgl.a(sglA01.o)
                0x06011d2c                sin_cos_index_tbl
                0x06011c50                slSin
                0x06011d6c                sin_tbl
                0x06011c98                GetSinCos
                0x06011c74                slCos
 *fill*         0x06015d6e        0x2 00
 SLPROG         0x06015d70      0x3a4 C:\saturn\sgl302j/lib\libsgl.a(sglI01.o)
                0x06015f5a                RetPCMBuf
                0x06016094                Sound_Buf
                0x06015d70                slInitSynch
                0x06015e80                slRandom
                0x06015ff4                PCM_Buf
                0x06015d8a                slSynch
                0x06015e9e                PCM_EndCheck
 *fill*         0x06016114        0xc 00
 SLPROG         0x06016120      0x12a C:\saturn\sgl302j/lib\libsgl.a(sglF03.o)
                0x06016120                slPrintFX
 *fill*         0x0601624a        0x6 00
 SLPROG         0x06016250      0x40c C:\saturn\sgl302j/lib\libsgl.a(sglB015.o)
                0x06016250                slScrAutoDisp
 *fill*         0x0601665c        0x4 00
 SLPROG         0x06016660       0x20 C:\saturn\sgl302j/lib\libsgl.a(sglB001.o)
                0x06016660                slTVOn
                0x0601666a                slTVOff
 SLPROG         0x06016680       0x84 C:\saturn\sgl302j/lib\libsgl.a(sglD00.o)
                0x06016680                slDMACopy
                0x06016680                slCpuDMACopy
                0x060166da                slCashPurge
                0x060166da                CSH_AllClr
 *fill*         0x06016704        0xc 00
 SLPROG         0x06016710       0x1e C:\saturn\sgl302j/lib\libsgl.a(sglB002.o)
                0x06016710                slColRAMMode
 *fill*         0x0601672e        0x2 00
 SLPROG         0x06016730        0xc C:\saturn\sgl302j/lib\libsgl.a(sglB016.o)
                0x06016730                slBack1ColSet
 *fill*         0x0601673c        0x4 00
 SLPROG         0x06016740      0x114 C:\saturn\sgl302j/lib\libsgl.a(sglB200.o)
                0x0601674c                slCharNbg0
                0x06016792                slPageRbg0
                0x060167a8                slPageNbg1
                0x06016758                slCharNbg1
                0x060167c4                slPageNbg0
                0x060167b0                slPageNbg2
                0x060167b8                slPageNbg3
                0x06016764                slCharNbg2
                0x0601677a                slCharNbg3
                0x06016740                slCharRbg0
 *fill*         0x06016854        0xc 00
 SLPROG         0x06016860       0x10 C:\saturn\sgl302j/lib\libsgl.a(sglB058.o)
                0x06016860                slPlaneNbg3
 SLPROG         0x06016870       0xb4 C:\saturn\sgl302j/lib\libsgl.a(sglB034.o)
                0x06016870                slMapNbg3
 *fill*         0x06016924        0xc 00
 SLPROG         0x06016930       0x10 C:\saturn\sgl302j/lib\libsgl.a(sglB073.o)
                0x06016930                slScrPosNbg3
 SLPROG         0x06016940        0xc C:\saturn\sgl302j/lib\libsgl.a(sglB063.o)
                0x06016940                slPriority
 *fill*         0x0601694c        0x4 00
 SLPROG         0x06016950       0x10 C:\saturn\sgl302j/lib\libsgl.a(sglB020.o)
                0x06016950                slColorCalc
 SLPROG         0x06016960        0xc C:\saturn\sgl302j/lib\libsgl.a(sglB023.o)
                0x06016960                slColRate
 *fill*         0x0601696c        0x4 00
 SLPROG         0x06016970       0x1c C:\saturn\sgl302j/lib\libsgl.a(sglF05.o)
                0x06016970                slPrint
 *fill*         0x0601698c        0x4 00
 SLPROG         0x06016990        0xc C:\saturn\sgl302j/lib\libsgl.a(sglB056.o)
                0x06016990                slPlaneNbg1
 *fill*         0x0601699c        0x4 00
 SLPROG         0x060169a0       0xb4 C:\saturn\sgl302j/lib\libsgl.a(sglB032.o)
                0x060169a0                slMapNbg1
 *fill*         0x06016a54        0xc 00
 SLPROG         0x06016a60        0xc C:\saturn\sgl302j/lib\libsgl.a(sglB090.o)
                0x06016a60                slLineScrollMode
 *fill*         0x06016a6c        0x4 00
 SLPROG         0x06016a70        0x8 C:\saturn\sgl302j/lib\libsgl.a(sglB088.o)
                0x06016a70                slLineScrollTable1
 *fill*         0x06016a78        0x8 00
 SLPROG         0x06016a80        0xc C:\saturn\sgl302j/lib\libsgl.a(sglB071.o)
                0x06016a80                slScrPosNbg1
 *fill*         0x06016a8c        0x4 00
 SLPROG         0x06016a90       0x10 C:\saturn\sgl302j/lib\libsgl.a(sglB057.o)
                0x06016a90                slPlaneNbg2
 SLPROG         0x06016aa0       0xb0 C:\saturn\sgl302j/lib\libsgl.a(sglB033.o)
                0x06016aa0                slMapNbg2
 SLPROG         0x06016b50       0x10 C:\saturn\sgl302j/lib\libsgl.a(sglB072.o)
                0x06016b50                slScrPosNbg2
 SLPROG         0x06016b60       0x20 C:\saturn\sgl302j/lib\libsgl.a(sglA00.o)
                0x06016b74                get_imask
                0x06016b60                set_imask
                0x06016b60                _builtin_set_imask
                0x06016b74                _builtin_get_imask
 SLPROG         0x06016b80       0x74 C:\saturn\sgl302j/lib\libsgl.a(sglJ00.o)
                0x06016b80                InitSlaveSH
                0x06016be8                SlaveCommand
 *fill*         0x06016bf4        0xc 00
 SLPROG         0x06016c00      0x42c C:\saturn\sgl302j/lib\libsgl.a(sglA20.o)
                0x06016c00                slInitMatrix
                0x06016c1e                slUnitMatrix
                0x06016c0a                slPushUnitMatrix
 *fill*         0x0601702c        0x4 00
 SLPROG         0x06017030      0xbd0 C:\saturn\sgl302j/lib\libsgl.a(sglB000.o)
                0x06017030                slInitScroll
                0x06017290                TVSizeTbl
                0x06017180                setASC_4to8
                0x06017310                TVModeTbl
                0x06017150                setASC_1to8
                0x060174e8                SGL_ASCII_CG
 SLPROG         0x06017c00      0x3d0 C:\saturn\sgl302j/lib\libsgl.a(sglJ01.o)
                0x06017c00                SlaveControl
                0x06017fbc                ErasePolygonData
 SLPROG         0x06017fd0      0x75c C:\saturn\sgl302j/lib\libsgl.a(sglI00.o)
                0x060182c0                slInitInterrupt
 *fill*         0x0601872c        0x4 00
 SLPROG         0x06018730      0x134 C:\saturn\sgl302j/lib\libsgl.a(sglC00.o)
                0x06018730                slInitSprite
 *fill*         0x06018864        0xc 00
 SLPROG         0x06018870      0x470 C:\saturn\sgl302j/lib\libsgl.a(sglH02.o)
                0x06018c60                smpc_pfr_tbl
                0x06018ca0                smpc_ptf_tbl
 SLPROG         0x06018ce0       0x60 C:\saturn\sgl302j/lib\libsgl.a(sglH04.o)
                0x06018d0a                slComPrmSetTime
                0x06018ce0                slComPrmIntBack
                0x06018cf4                slComPrmSetMemory
 SLPROG         0x06018d40       0x40 C:\saturn\sgl302j/lib\libsgl.a(sglC20.o)
                0x06018d40                SpriteEntry
 SLPROG         0x06018d80       0xd4 C:\saturn\sgl302j/lib\libsgl.a(sglB035.o)
                0x06018d80                sl1MapRA
                0x06018e12                rbank_set
 *fill*         0x06018e54        0xc 00
 SLPROG         0x06018e60      0x140 C:\saturn\sgl302j/lib\libsgl.a(sglJ03.o)
                0x06018e60                sbMakeDMATable
 SLPROG         0x06018fa0     0x12b8 C:\saturn\sgl302j/lib\libsgl.a(sglJ02.o)
                0x0601a1d4                stvtc_1
                0x06019f0c                stvtc_4
                0x06019ecc                SetPolygon
                0x06019fc4                stvtc_3
                0x0601a1fc                stvtc_0
                0x06019ed4                SetPosition
                0x06019188                sbCalcPolygon
                0x06019ec0                SetTexture
                0x06018fa0                sbMakePolygon
                0x0601a1e8                stvtc_2
 *fill*         0x0601a258        0x8 00
 SLPROG         0x0601a260      0x470 C:\saturn\sgl302j/lib\libsgl.a(sglJ04.o)
                0x0601a324                sbMakeRotSprite
                0x0601a2be                sbMakeSprite
 SLPROG         0x0601a6d0       0x3c C:\saturn\sgl302j/lib\libsgl.a(sglJ05.o)
                0x0601a6d0                sbSortEntry
 *fill*         0x0601a70c        0x4 00
 SLPROG         0x0601a710       0xf0 C:\saturn\sgl302j/lib\libsgl.a(sglH03.o)
                0x0601a774                slSmpcIntBack
 SLPROG         0x0601a800       0x6a C:\saturn\sgl302j/lib\libsgl.a(sglM01.o)
                0x0601a82c                slSetDepthTbl
                0x0601a85c                DepthWorkArea
                0x0601a800                slSetDepthLimit
                0x0601a86a                __slprog_end = .

.tors           0x0601a870        0x0
                0x0601a870                ___ctors = .
 *(.ctors)
                0x0601a870                ___ctors_end = .
                0x0601a870                ___dtors = .
 *(.dtors)
                0x0601a870                ___dtors_end = .

.data           0x0601a870     0xf6e0
 *(.data)
 .data          0x0601a870       0xb0 main.o
                0x0601a870                spritepos2
                0x0601a8a0                spritepos1
 .data          0x0601a920     0xecf0 assets.o
                0x0601b720                pal_cloud
                0x0601a920                pal_gradient
                0x06026c30                texture_sprites010
                0x060263b0                texture_sprites022
                0x06026bb0                texture_sprites011
                0x0601b320                cel_gradient
                0x06026d30                texture_sprites008
                0x06026ab0                texture_sprites013
                0x06025320                pic_sprites
                0x0601ab20                map_gradient
                0x06022920                map_map2
                0x06027130                texture_sprites003
                0x060269b0                texture_sprites015
                0x060255b0                texture_sprites040
                0x06025830                texture_sprites037
                0x06025468                tex_sprites
                0x06025a30                texture_sprites035
                0x06026230                texture_sprites025
                0x06026930                texture_sprites016
                0x06026130                texture_sprites027
                0x06025b30                texture_sprites034
                0x060260b0                texture_sprites028
                0x06026030                texture_sprites029
                0x06026cb0                texture_sprites009
                0x06027330                texture_sprites002
                0x06027610                texture_sprites000
                0x06025d30                texture_sprites032
                0x0601c120                cel_cloud
                0x0601d620                cel_road
                0x06026a30                texture_sprites014
                0x060268b0                texture_sprites017
                0x060267b0                texture_sprites019
                0x0601ce20                map_road
                0x06025f30                texture_sprites030
                0x060270b0                texture_sprites004
                0x06027590                texture_sprites001
                0x06025c30                texture_sprites033
                0x06023b20                map_face
                0x06025930                texture_sprites036
                0x0601cc20                pal_road
                0x06023120                map_map1
                0x06026b30                texture_sprites012
                0x06026e30                texture_sprites006
                0x060261b0                texture_sprites026
                0x060262b0                texture_sprites024
                0x06026830                texture_sprites018
                0x06025e30                texture_sprites031
                0x06025730                texture_sprites038
                0x060265b0                texture_sprites021
                0x06026db0                texture_sprites007
                0x06023920                pal_face
                0x06024320                cel_face
                0x0601b920                map_cloud
                0x06026eb0                texture_sprites005
                0x06026330                texture_sprites023
                0x06025630                texture_sprites039
 .data          0x06029610      0x130 game.o
                0x0602961c                DIGITS
                0x060296e4                ZERO_ATTR
                0x06029614                bgMode
                0x060296da                ONE_ATTR
                0x06029610                lives
                0x0602970c                SCLERA_ATTR
                0x060296f8                SHOT_ATTR
                0x0602966c                SPR_SIZE
                0x06029680                LIFE_ATTR
                0x06029702                CIRCLE_ATTR
                0x06029618                scale
                0x06029716                EYE_ATTR
                0x06029694                EIGHT_ATTR
                0x060296d0                TWO_ATTR
                0x060296ee                PUSH_ATTR
                0x060296b2                FIVE_ATTR
                0x06029658                SPR_ATTRS
                0x060296a8                SIX_ATTR
                0x06029720                PLAYER_ATTR
                0x0602968a                NINE_ATTR
                0x0602969e                SEVEN_ATTR
                0x060296bc                FOUR_ATTR
                0x060296c6                THREE_ATTR
                0x06029644                POINTS
 .data          0x06029740       0x80 C:\saturn\sgl302j/lib\libsgl.a(sglIc0.o)
                0x06029740                IntPrioMask
 .data          0x060297c0      0x380 c:/saturn/SH_COFF/sh-coff/bin/../lib/gcc/sh-coff/3.4-GNUSH_v0501/../../../../sh-coff/lib/m2\libc.a(impure.o)
                0x06029b3c                _impure_ptr
 .data          0x06029b40      0x410 c:/saturn/SH_COFF/sh-coff/bin/../lib/gcc/sh-coff/3.4-GNUSH_v0501/../../../../sh-coff/lib/m2\libc.a(mallocr.o)
                0x06029b48                __malloc_av_
                0x06029b44                __malloc_trim_threshold
                0x06029b40                __malloc_sbrk_base
                0x06029f50                __edata = .

.bss            0x06029f50     0x2754
                0x06029f50                __bstart = .
 *(.bss)
 .bss           0x06029f50      0x200 assets.o
                0x06029f50                texture_sprites020
 .bss           0x0602a150       0x40 game.o
                0x0602a154                screenY
                0x0602a158                screenX
                0x0602a150                score
                0x0602a15c                scaleSpeed
                0x0602a160                playerState
 .bss           0x0602a190       0x10 linescroll.o
 .bss           0x0602a1a0       0x10 tilemap.o
 .bss           0x0602a1b0       0x10 c:/saturn/SH_COFF/sh-coff/bin/../lib/gcc/sh-coff/3.4-GNUSH_v0501/m2\libgcc.a(__main.o)
 .bss           0x0602a1c0       0x10 c:/saturn/SH_COFF/sh-coff/bin/../lib/gcc/sh-coff/3.4-GNUSH_v0501/../../../../sh-coff/lib/m2\libc.a(atexit.o)
 .bss           0x0602a1d0       0x40 c:/saturn/SH_COFF/sh-coff/bin/../lib/gcc/sh-coff/3.4-GNUSH_v0501/../../../../sh-coff/lib/m2\libc.a(mallocr.o)
                0x0602a200                __malloc_top_pad
                0x0602a1d0                __malloc_current_mallinfo
                0x0602a1fc                __malloc_max_sbrked_mem
                0x0602a1f8                __malloc_max_total_mem
 .bss           0x0602a210       0x10 c:/saturn/SH_COFF/sh-coff/bin/../lib/gcc/sh-coff/3.4-GNUSH_v0501/../../../../sh-coff/lib/m2\libc.a(syscalls.o)
 *(COMMON)
 COMMON         0x0602a220     0x2471 game.o
                                  0x0 (size before relaxing)
                0x0602a220                sprites
                0x0602be40                numSprites
                0x0602be50                playfield
                0x0602c650                eye1Index
                0x0602c660                defaultSprite
                0x0602c684                bgLayers
                0x0602c688                eye2Index
                0x0602c68c                gameState
                0x0602c690                dispFace
 *fill*         0x0602c691        0xf 00
 COMMON         0x0602c6a0        0x4 c:/saturn/SH_COFF/sh-coff/bin/../lib/gcc/sh-coff/3.4-GNUSH_v0501/../../../../sh-coff/lib/m2\libc.a(syscalls.o)
                                  0x0 (size before relaxing)
                0x0602c6a0                errno
                0x0602c6a4                __bend = .
                0x0602c6a4                _end = .
LOAD C:\saturn\sgl302j\SAMPLE\common/cinit.o
LOAD C:\saturn\sgl302j/lib/sglarea.o
LOAD main.o
LOAD assets.o
LOAD game.o
LOAD linescroll.o
LOAD scrollfunctions.o
LOAD spritelist.o
LOAD tilemap.o
LOAD C:\saturn\sgl302j/lib\libsgl.a
LOAD c:/saturn/SH_COFF/sh-coff/bin/../lib/gcc/sh-coff/3.4-GNUSH_v0501/m2\libgcc.a
LOAD c:/saturn/SH_COFF/sh-coff/bin/../lib/gcc/sh-coff/3.4-GNUSH_v0501/../../../../sh-coff/lib/m2\libc.a
LOAD c:/saturn/SH_COFF/sh-coff/bin/../lib/gcc/sh-coff/3.4-GNUSH_v0501/m2\libgcc.a
OUTPUT(sl.coff coff-sh)

.comment        0x0602c6b0      0x3a0
 .comment       0x0602c6b0       0x20 C:\saturn\sgl302j\SAMPLE\common/cinit.o
 .comment       0x0602c6d0       0x20 main.o
 .comment       0x0602c6f0       0x20 assets.o
 .comment       0x0602c710       0x20 game.o
 .comment       0x0602c730       0x20 linescroll.o
 .comment       0x0602c750       0x20 scrollfunctions.o
 .comment       0x0602c770       0x20 spritelist.o
 .comment       0x0602c790       0x20 tilemap.o
 .comment       0x0602c7b0       0x20 c:/saturn/SH_COFF/sh-coff/bin/../lib/gcc/sh-coff/3.4-GNUSH_v0501/m2\libgcc.a(__main.o)
 .comment       0x0602c7d0       0x20 c:/saturn/SH_COFF/sh-coff/bin/../lib/gcc/sh-coff/3.4-GNUSH_v0501/m2\libgcc.a(_si_to_df.o)
 .comment       0x0602c7f0       0x20 c:/saturn/SH_COFF/sh-coff/bin/../lib/gcc/sh-coff/3.4-GNUSH_v0501/m2\libgcc.a(_mul_df.o)
 .comment       0x0602c810       0x20 c:/saturn/SH_COFF/sh-coff/bin/../lib/gcc/sh-coff/3.4-GNUSH_v0501/m2\libgcc.a(_div_df.o)
 .comment       0x0602c830       0x20 c:/saturn/SH_COFF/sh-coff/bin/../lib/gcc/sh-coff/3.4-GNUSH_v0501/m2\libgcc.a(_df_to_si.o)
 .comment       0x0602c850       0x20 c:/saturn/SH_COFF/sh-coff/bin/../lib/gcc/sh-coff/3.4-GNUSH_v0501/m2\libgcc.a(_pack_df.o)
 .comment       0x0602c870       0x20 c:/saturn/SH_COFF/sh-coff/bin/../lib/gcc/sh-coff/3.4-GNUSH_v0501/m2\libgcc.a(_unpack_df.o)
 .comment       0x0602c890       0x20 c:/saturn/SH_COFF/sh-coff/bin/../lib/gcc/sh-coff/3.4-GNUSH_v0501/m2\libgcc.a(_thenan_df.o)
 .comment       0x0602c8b0       0x20 c:/saturn/SH_COFF/sh-coff/bin/../lib/gcc/sh-coff/3.4-GNUSH_v0501/m2\libgcc.a(_lshrdi3.o)
 .comment       0x0602c8d0       0x20 c:/saturn/SH_COFF/sh-coff/bin/../lib/gcc/sh-coff/3.4-GNUSH_v0501/m2\libgcc.a(_ashldi3.o)
 .comment       0x0602c8f0       0x20 c:/saturn/SH_COFF/sh-coff/bin/../lib/gcc/sh-coff/3.4-GNUSH_v0501/../../../../sh-coff/lib/m2\libc.a(atexit.o)
 .comment       0x0602c910       0x20 c:/saturn/SH_COFF/sh-coff/bin/../lib/gcc/sh-coff/3.4-GNUSH_v0501/../../../../sh-coff/lib/m2\libc.a(impure.o)
 .comment       0x0602c930       0x20 c:/saturn/SH_COFF/sh-coff/bin/../lib/gcc/sh-coff/3.4-GNUSH_v0501/../../../../sh-coff/lib/m2\libc.a(malloc.o)
 .comment       0x0602c950       0x20 c:/saturn/SH_COFF/sh-coff/bin/../lib/gcc/sh-coff/3.4-GNUSH_v0501/../../../../sh-coff/lib/m2\libc.a(mallocr.o)
 .comment       0x0602c970       0x20 c:/saturn/SH_COFF/sh-coff/bin/../lib/gcc/sh-coff/3.4-GNUSH_v0501/../../../../sh-coff/lib/m2\libc.a(freer.o)
 .comment       0x0602c990       0x20 c:/saturn/SH_COFF/sh-coff/bin/../lib/gcc/sh-coff/3.4-GNUSH_v0501/../../../../sh-coff/lib/m2\libc.a(mlock.o)
 .comment       0x0602c9b0       0x20 c:/saturn/SH_COFF/sh-coff/bin/../lib/gcc/sh-coff/3.4-GNUSH_v0501/../../../../sh-coff/lib/m2\libc.a(sbrkr.o)
 .comment       0x0602c9d0       0x20 c:/saturn/SH_COFF/sh-coff/bin/../lib/gcc/sh-coff/3.4-GNUSH_v0501/../../../../sh-coff/lib/m2\libc.a(syscalls.o)
 .comment       0x0602c9f0       0x20 c:/saturn/SH_COFF/sh-coff/bin/../lib/gcc/sh-coff/3.4-GNUSH_v0501/../../../../sh-coff/lib/m2\libc.a(abort.o)
 .comment       0x0602ca10       0x20 c:/saturn/SH_COFF/sh-coff/bin/../lib/gcc/sh-coff/3.4-GNUSH_v0501/../../../../sh-coff/lib/m2\libc.a(signal.o)
 .comment       0x0602ca30       0x20 c:/saturn/SH_COFF/sh-coff/bin/../lib/gcc/sh-coff/3.4-GNUSH_v0501/../../../../sh-coff/lib/m2\libc.a(signalr.o)
