Archive member included because of file (symbol)

C:\saturn\sgl302j/lib\libsgl.a(sglIc0.o)
                              main.o (slInitSystem)
C:\saturn\sgl302j/lib\libsgl.a(sglF00.o)
                              game.o (slLocate)
C:\saturn\sgl302j/lib\libsgl.a(sglF05.o)
                              game.o (slPrint)
C:\saturn\sgl302j/lib\libsgl.a(sglA07.o)
                              game.o (slDivFX)
C:\saturn\sgl302j/lib\libsgl.a(sglA06.o)
                              game.o (slMulFX)
C:\saturn\sgl302j/lib\libsgl.a(sglC06.o)
                              game.o (slDispSprite)
C:\saturn\sgl302j/lib\libsgl.a(sglF03.o)
                              game.o (slPrintFX)
C:\saturn\sgl302j/lib\libsgl.a(sglB001.o)
                              game.o (slTVOn)
C:\saturn\sgl302j/lib\libsgl.a(sglD00.o)
                              game.o (slDMACopy)
C:\saturn\sgl302j/lib\libsgl.a(sglB002.o)
                              game.o (slColRAMMode)
C:\saturn\sgl302j/lib\libsgl.a(sglB016.o)
                              game.o (slBack1ColSet)
C:\saturn\sgl302j/lib\libsgl.a(sglB038.o)
                              game.o (slRparaInitSet)
C:\saturn\sgl302j/lib\libsgl.a(sglB200.o)
                              game.o (slCharNbg1)
C:\saturn\sgl302j/lib\libsgl.a(sglB059.o)
                              game.o (slPlaneRA)
C:\saturn\sgl302j/lib\libsgl.a(sglB035.o)
                              game.o (sl1MapRA)
C:\saturn\sgl302j/lib\libsgl.a(sglB047.o)
                              game.o (slOverRA)
C:\saturn\sgl302j/lib\libsgl.a(sglB079.o)
                              game.o (slDispCenterR)
C:\saturn\sgl302j/lib\libsgl.a(sglB078.o)
                              game.o (slLookR)
C:\saturn\sgl302j/lib\libsgl.a(sglB056.o)
                              game.o (slPlaneNbg1)
C:\saturn\sgl302j/lib\libsgl.a(sglB023.o)
                              game.o (slColRate)
C:\saturn\sgl302j/lib\libsgl.a(sglB032.o)
                              game.o (slMapNbg1)
C:\saturn\sgl302j/lib\libsgl.a(sglB071.o)
                              game.o (slScrPosNbg1)
C:\saturn\sgl302j/lib\libsgl.a(sglB063.o)
                              game.o (slPriority)
C:\saturn\sgl302j/lib\libsgl.a(sglB020.o)
                              game.o (slColorCalc)
C:\saturn\sgl302j/lib\libsgl.a(sglB057.o)
                              game.o (slPlaneNbg2)
C:\saturn\sgl302j/lib\libsgl.a(sglB033.o)
                              game.o (slMapNbg2)
C:\saturn\sgl302j/lib\libsgl.a(sglB072.o)
                              game.o (slScrPosNbg2)
C:\saturn\sgl302j/lib\libsgl.a(sglB058.o)
                              game.o (slPlaneNbg3)
C:\saturn\sgl302j/lib\libsgl.a(sglB034.o)
                              game.o (slMapNbg3)
C:\saturn\sgl302j/lib\libsgl.a(sglB073.o)
                              game.o (slScrPosNbg3)
C:\saturn\sgl302j/lib\libsgl.a(sglB021.o)
                              game.o (slColorCalcOn)
C:\saturn\sgl302j/lib\libsgl.a(sglB015.o)
                              game.o (slScrAutoDisp)
C:\saturn\sgl302j/lib\libsgl.a(sglH00.o)
                              C:\saturn\sgl302j/lib\libsgl.a(sglIc0.o) (slInitPeripheral)
C:\saturn\sgl302j/lib\libsgl.a(sglB054.o)
                              game.o (slZoomR)
C:\saturn\sgl302j/lib\libsgl.a(sglF02.o)
                              game.o (slPrintHex)
C:\saturn\sgl302j/lib\libsgl.a(sglI01.o)
                              C:\saturn\sgl302j/lib\libsgl.a(sglIc0.o) (slInitSynch)
C:\saturn\sgl302j/lib\libsgl.a(sglA01.o)
                              game.o (slSin)
C:\saturn\sgl302j/lib\libsgl.a(sglA00.o)
                              C:\saturn\sgl302j/lib\libsgl.a(sglIc0.o) (_builtin_set_imask)
C:\saturn\sgl302j/lib\libsgl.a(sglK01.o)
                              C:\saturn\sgl302j/lib\libsgl.a(sglIc0.o) (SynchCount)
C:\saturn\sgl302j/lib\libsgl.a(sglJ00.o)
                              C:\saturn\sgl302j/lib\libsgl.a(sglIc0.o) (InitSlaveSH)
C:\saturn\sgl302j/lib\libsgl.a(sglA20.o)
                              C:\saturn\sgl302j/lib\libsgl.a(sglIc0.o) (slInitMatrix)
C:\saturn\sgl302j/lib\libsgl.a(sglB000.o)
                              C:\saturn\sgl302j/lib\libsgl.a(sglIc0.o) (slInitScroll)
C:\saturn\sgl302j/lib\libsgl.a(sglJ01.o)
                              C:\saturn\sgl302j/lib\libsgl.a(sglIc0.o) (SlaveControl)
C:\saturn\sgl302j/lib\libsgl.a(sglI00.o)
                              C:\saturn\sgl302j/lib\libsgl.a(sglIc0.o) (slInitInterrupt)
C:\saturn\sgl302j/lib\libsgl.a(sglC00.o)
                              C:\saturn\sgl302j/lib\libsgl.a(sglIc0.o) (slInitSprite)
C:\saturn\sgl302j/lib\libsgl.a(sglC20.o)
                              C:\saturn\sgl302j/lib\libsgl.a(sglC06.o) (SpriteEntry)
C:\saturn\sgl302j/lib\libsgl.a(sglH02.o)
                              C:\saturn\sgl302j/lib\libsgl.a(sglH00.o) (smpc_pfr_tbl)
C:\saturn\sgl302j/lib\libsgl.a(sglH04.o)
                              C:\saturn\sgl302j/lib\libsgl.a(sglH00.o) (slComPrmIntBack)
C:\saturn\sgl302j/lib\libsgl.a(sglJ03.o)
                              C:\saturn\sgl302j/lib\libsgl.a(sglJ01.o) (sbMakeDMATable)
C:\saturn\sgl302j/lib\libsgl.a(sglJ02.o)
                              C:\saturn\sgl302j/lib\libsgl.a(sglJ01.o) (sbMakePolygon)
C:\saturn\sgl302j/lib\libsgl.a(sglJ04.o)
                              C:\saturn\sgl302j/lib\libsgl.a(sglJ01.o) (sbMakeSprite)
C:\saturn\sgl302j/lib\libsgl.a(sglJ05.o)
                              C:\saturn\sgl302j/lib\libsgl.a(sglJ01.o) (sbSortEntry)
C:\saturn\sgl302j/lib\libsgl.a(sglH03.o)
                              C:\saturn\sgl302j/lib\libsgl.a(sglI00.o) (slSmpcIntBack)
C:\saturn\sgl302j/lib\libsgl.a(sglM01.o)
                              C:\saturn\sgl302j/lib\libsgl.a(sglJ02.o) (DepthWorkArea)
c:/saturn/SH_COFF/sh-coff/bin/../lib/gcc/sh-coff/3.4-GNUSH_v0501/m2\libgcc.a(__main.o)
                              C:\saturn\sgl302j\SAMPLE\common/cinit.o (__main)
c:/saturn/SH_COFF/sh-coff/bin/../lib/gcc/sh-coff/3.4-GNUSH_v0501/m2\libgcc.a(_si_to_df.o)
                              game.o (__floatsidf)
c:/saturn/SH_COFF/sh-coff/bin/../lib/gcc/sh-coff/3.4-GNUSH_v0501/m2\libgcc.a(_mul_df.o)
                              game.o (__muldf3)
c:/saturn/SH_COFF/sh-coff/bin/../lib/gcc/sh-coff/3.4-GNUSH_v0501/m2\libgcc.a(_div_df.o)
                              game.o (__divdf3)
c:/saturn/SH_COFF/sh-coff/bin/../lib/gcc/sh-coff/3.4-GNUSH_v0501/m2\libgcc.a(_df_to_si.o)
                              game.o (__fixdfsi)
c:/saturn/SH_COFF/sh-coff/bin/../lib/gcc/sh-coff/3.4-GNUSH_v0501/m2\libgcc.a(_ashiftrt_n.o)
                              game.o (__ashrsi3)
c:/saturn/SH_COFF/sh-coff/bin/../lib/gcc/sh-coff/3.4-GNUSH_v0501/m2\libgcc.a(_pack_df.o)
                              c:/saturn/SH_COFF/sh-coff/bin/../lib/gcc/sh-coff/3.4-GNUSH_v0501/m2\libgcc.a(_si_to_df.o) (__pack_d)
c:/saturn/SH_COFF/sh-coff/bin/../lib/gcc/sh-coff/3.4-GNUSH_v0501/m2\libgcc.a(_unpack_df.o)
                              c:/saturn/SH_COFF/sh-coff/bin/../lib/gcc/sh-coff/3.4-GNUSH_v0501/m2\libgcc.a(_mul_df.o) (__unpack_d)
c:/saturn/SH_COFF/sh-coff/bin/../lib/gcc/sh-coff/3.4-GNUSH_v0501/m2\libgcc.a(_thenan_df.o)
                              c:/saturn/SH_COFF/sh-coff/bin/../lib/gcc/sh-coff/3.4-GNUSH_v0501/m2\libgcc.a(_mul_df.o) (__thenan_df)
c:/saturn/SH_COFF/sh-coff/bin/../lib/gcc/sh-coff/3.4-GNUSH_v0501/m2\libgcc.a(_lshrdi3.o)
                              c:/saturn/SH_COFF/sh-coff/bin/../lib/gcc/sh-coff/3.4-GNUSH_v0501/m2\libgcc.a(_df_to_si.o) (__lshrdi3)
c:/saturn/SH_COFF/sh-coff/bin/../lib/gcc/sh-coff/3.4-GNUSH_v0501/m2\libgcc.a(_ashldi3.o)
                              c:/saturn/SH_COFF/sh-coff/bin/../lib/gcc/sh-coff/3.4-GNUSH_v0501/m2\libgcc.a(_pack_df.o) (__ashldi3)
c:/saturn/SH_COFF/sh-coff/bin/../lib/gcc/sh-coff/3.4-GNUSH_v0501/m2\libgcc.a(_ashiftlt.o)
                              c:/saturn/SH_COFF/sh-coff/bin/../lib/gcc/sh-coff/3.4-GNUSH_v0501/m2\libgcc.a(_lshrdi3.o) (__ashlsi3)
c:/saturn/SH_COFF/sh-coff/bin/../lib/gcc/sh-coff/3.4-GNUSH_v0501/m2\libgcc.a(_lshiftrt.o)
                              c:/saturn/SH_COFF/sh-coff/bin/../lib/gcc/sh-coff/3.4-GNUSH_v0501/m2\libgcc.a(_lshrdi3.o) (__lshrsi3)
c:/saturn/SH_COFF/sh-coff/bin/../lib/gcc/sh-coff/3.4-GNUSH_v0501/../../../../sh-coff/lib/m2\libc.a(memcpy.o)
                              game.o (memcpy)
c:/saturn/SH_COFF/sh-coff/bin/../lib/gcc/sh-coff/3.4-GNUSH_v0501/../../../../sh-coff/lib/m2\libc.a(malloc.o)
                              spritelist.o (malloc)
c:/saturn/SH_COFF/sh-coff/bin/../lib/gcc/sh-coff/3.4-GNUSH_v0501/../../../../sh-coff/lib/m2\libc.a(atexit.o)
                              c:/saturn/SH_COFF/sh-coff/bin/../lib/gcc/sh-coff/3.4-GNUSH_v0501/m2\libgcc.a(__main.o) (atexit)
c:/saturn/SH_COFF/sh-coff/bin/../lib/gcc/sh-coff/3.4-GNUSH_v0501/../../../../sh-coff/lib/m2\libc.a(impure.o)
                              c:/saturn/SH_COFF/sh-coff/bin/../lib/gcc/sh-coff/3.4-GNUSH_v0501/../../../../sh-coff/lib/m2\libc.a(malloc.o) (_impure_ptr)
c:/saturn/SH_COFF/sh-coff/bin/../lib/gcc/sh-coff/3.4-GNUSH_v0501/../../../../sh-coff/lib/m2\libc.a(mallocr.o)
                              c:/saturn/SH_COFF/sh-coff/bin/../lib/gcc/sh-coff/3.4-GNUSH_v0501/../../../../sh-coff/lib/m2\libc.a(malloc.o) (_malloc_r)
c:/saturn/SH_COFF/sh-coff/bin/../lib/gcc/sh-coff/3.4-GNUSH_v0501/../../../../sh-coff/lib/m2\libc.a(freer.o)
                              c:/saturn/SH_COFF/sh-coff/bin/../lib/gcc/sh-coff/3.4-GNUSH_v0501/../../../../sh-coff/lib/m2\libc.a(malloc.o) (_free_r)
c:/saturn/SH_COFF/sh-coff/bin/../lib/gcc/sh-coff/3.4-GNUSH_v0501/../../../../sh-coff/lib/m2\libc.a(mlock.o)
                              c:/saturn/SH_COFF/sh-coff/bin/../lib/gcc/sh-coff/3.4-GNUSH_v0501/../../../../sh-coff/lib/m2\libc.a(mallocr.o) (__malloc_lock)
c:/saturn/SH_COFF/sh-coff/bin/../lib/gcc/sh-coff/3.4-GNUSH_v0501/../../../../sh-coff/lib/m2\libc.a(sbrkr.o)
                              c:/saturn/SH_COFF/sh-coff/bin/../lib/gcc/sh-coff/3.4-GNUSH_v0501/../../../../sh-coff/lib/m2\libc.a(mallocr.o) (_sbrk_r)
c:/saturn/SH_COFF/sh-coff/bin/../lib/gcc/sh-coff/3.4-GNUSH_v0501/../../../../sh-coff/lib/m2\libc.a(syscalls.o)
                              c:/saturn/SH_COFF/sh-coff/bin/../lib/gcc/sh-coff/3.4-GNUSH_v0501/../../../../sh-coff/lib/m2\libc.a(sbrkr.o) (_sbrk)
c:/saturn/SH_COFF/sh-coff/bin/../lib/gcc/sh-coff/3.4-GNUSH_v0501/../../../../sh-coff/lib/m2\libc.a(trap.o)
                              c:/saturn/SH_COFF/sh-coff/bin/../lib/gcc/sh-coff/3.4-GNUSH_v0501/../../../../sh-coff/lib/m2\libc.a(syscalls.o) (__trap34)
c:/saturn/SH_COFF/sh-coff/bin/../lib/gcc/sh-coff/3.4-GNUSH_v0501/../../../../sh-coff/lib/m2\libc.a(abort.o)
                              c:/saturn/SH_COFF/sh-coff/bin/../lib/gcc/sh-coff/3.4-GNUSH_v0501/../../../../sh-coff/lib/m2\libc.a(syscalls.o) (abort)
c:/saturn/SH_COFF/sh-coff/bin/../lib/gcc/sh-coff/3.4-GNUSH_v0501/../../../../sh-coff/lib/m2\libc.a(signal.o)
                              c:/saturn/SH_COFF/sh-coff/bin/../lib/gcc/sh-coff/3.4-GNUSH_v0501/../../../../sh-coff/lib/m2\libc.a(abort.o) (raise)
c:/saturn/SH_COFF/sh-coff/bin/../lib/gcc/sh-coff/3.4-GNUSH_v0501/../../../../sh-coff/lib/m2\libc.a(signalr.o)
                              c:/saturn/SH_COFF/sh-coff/bin/../lib/gcc/sh-coff/3.4-GNUSH_v0501/../../../../sh-coff/lib/m2\libc.a(signal.o) (_kill_r)
c:/saturn/SH_COFF/sh-coff/bin/../lib/gcc/sh-coff/3.4-GNUSH_v0501/m2\libgcc.a(_udivsi3.o)
                              c:/saturn/SH_COFF/sh-coff/bin/../lib/gcc/sh-coff/3.4-GNUSH_v0501/../../../../sh-coff/lib/m2\libc.a(freer.o) (__udivsi3)

Allocating common symbols
Common symbol       size              file

numSprites          0x1               game.o
eye1                0x4               game.o
eye2                0x4               game.o
defaultSprite       0x28              game.o
errno               0x4               c:/saturn/SH_COFF/sh-coff/bin/../lib/gcc/sh-coff/3.4-GNUSH_v0501/../../../../sh-coff/lib/m2\libc.a(syscalls.o)
dispFace            0x1               game.o

Memory Configuration

Name             Origin             Length             Attributes
*default*        0x00000000         0xffffffff

Linker script and memory map


SLSTART         0x06004000       0x30
                0x06004000                ___Start = .
 *(SLSTART)
 SLSTART        0x06004000       0x28 C:\saturn\sgl302j/lib\libsgl.a(sglI00.o)
                0x06004002                slStartSGL
                0x06004000                SGL_Start

.text           0x06004040     0x3a10
 *(.text)
 .text          0x06004040       0x50 C:\saturn\sgl302j\SAMPLE\common/cinit.o
                0x06004040                main
 .text          0x06004090       0x60 main.o
                0x06004090                ss_main
 .text          0x060040f0     0x1350 game.o
                0x060040fc                SCLERA_ATTR
                0x06004430                loadLevel
                0x0600411a                SHOT_ATTR
                0x060040f0                SPR_SIZE
                0x06004124                CIRCLE_ATTR
                0x06004106                EYE_ATTR
                0x060044c0                runLevel
                0x06004110                PLAYER_ATTR
 .text          0x06005440      0x100 scrollfunctions.o
                0x060054f0                MapRead
                0x06005510                Pal2CRAM
                0x06005460                Map2VRAM
                0x060054c0                MapWrite
                0x06005440                Cel2VRAM
 .text          0x06005540      0x260 spritelist.o
                0x06005540                createSpriteNode
                0x06005760                clearSpriteList
                0x06005630                deleteSpriteNode
                0x06005570                addSpriteNode
 .text          0x060057a0      0x128 C:\saturn\sgl302j/lib\libsgl.a(sglIc0.o)
                0x060057a0                slInitSystem
 *fill*         0x060058c8        0x8 00
 .text          0x060058d0       0xc0 c:/saturn/SH_COFF/sh-coff/bin/../lib/gcc/sh-coff/3.4-GNUSH_v0501/m2\libgcc.a(__main.o)
                0x06005950                __main
                0x060058d0                __do_global_dtors
                0x06005910                __do_global_ctors
 .text          0x06005990      0x110 c:/saturn/SH_COFF/sh-coff/bin/../lib/gcc/sh-coff/3.4-GNUSH_v0501/m2\libgcc.a(_si_to_df.o)
                0x060059a0                __floatsidf
 .text          0x06005aa0      0x2c0 c:/saturn/SH_COFF/sh-coff/bin/../lib/gcc/sh-coff/3.4-GNUSH_v0501/m2\libgcc.a(_mul_df.o)
                0x06005ac0                __muldf3
 .text          0x06005d60      0x180 c:/saturn/SH_COFF/sh-coff/bin/../lib/gcc/sh-coff/3.4-GNUSH_v0501/m2\libgcc.a(_div_df.o)
                0x06005d70                __divdf3
 .text          0x06005ee0       0x90 c:/saturn/SH_COFF/sh-coff/bin/../lib/gcc/sh-coff/3.4-GNUSH_v0501/m2\libgcc.a(_df_to_si.o)
                0x06005ee0                __fixdfsi
 .text          0x06005f70       0x80 c:/saturn/SH_COFF/sh-coff/bin/../lib/gcc/sh-coff/3.4-GNUSH_v0501/m2\libgcc.a(_ashiftrt_n.o)
                0x06005f70                __ashrsi3
 .text          0x06005ff0      0x270 c:/saturn/SH_COFF/sh-coff/bin/../lib/gcc/sh-coff/3.4-GNUSH_v0501/m2\libgcc.a(_pack_df.o)
                0x06006010                __pack_d
 .text          0x06006260      0x160 c:/saturn/SH_COFF/sh-coff/bin/../lib/gcc/sh-coff/3.4-GNUSH_v0501/m2\libgcc.a(_unpack_df.o)
                0x06006280                __unpack_d
 .text          0x060063c0       0x20 c:/saturn/SH_COFF/sh-coff/bin/../lib/gcc/sh-coff/3.4-GNUSH_v0501/m2\libgcc.a(_thenan_df.o)
                0x060063c0                __thenan_df
 .text          0x060063e0       0x90 c:/saturn/SH_COFF/sh-coff/bin/../lib/gcc/sh-coff/3.4-GNUSH_v0501/m2\libgcc.a(_lshrdi3.o)
                0x060063e0                __lshrdi3
 .text          0x06006470       0x90 c:/saturn/SH_COFF/sh-coff/bin/../lib/gcc/sh-coff/3.4-GNUSH_v0501/m2\libgcc.a(_ashldi3.o)
                0x06006470                __ashldi3
 .text          0x06006500       0x90 c:/saturn/SH_COFF/sh-coff/bin/../lib/gcc/sh-coff/3.4-GNUSH_v0501/m2\libgcc.a(_ashiftlt.o)
                0x06006500                __ashlsi3
 .text          0x06006590       0x90 c:/saturn/SH_COFF/sh-coff/bin/../lib/gcc/sh-coff/3.4-GNUSH_v0501/m2\libgcc.a(_lshiftrt.o)
                0x06006590                __lshrsi3
 .text          0x06006620       0xa0 c:/saturn/SH_COFF/sh-coff/bin/../lib/gcc/sh-coff/3.4-GNUSH_v0501/../../../../sh-coff/lib/m2\libc.a(memcpy.o)
                0x06006620                memcpy
 .text          0x060066c0       0x40 c:/saturn/SH_COFF/sh-coff/bin/../lib/gcc/sh-coff/3.4-GNUSH_v0501/../../../../sh-coff/lib/m2\libc.a(malloc.o)
                0x060066e0                free
                0x060066c0                malloc
 .text          0x06006700       0xa0 c:/saturn/SH_COFF/sh-coff/bin/../lib/gcc/sh-coff/3.4-GNUSH_v0501/../../../../sh-coff/lib/m2\libc.a(atexit.o)
                0x06006700                atexit
 .text          0x060067a0       0x10 c:/saturn/SH_COFF/sh-coff/bin/../lib/gcc/sh-coff/3.4-GNUSH_v0501/../../../../sh-coff/lib/m2\libc.a(impure.o)
                0x060067a0                _global_impure_ptr
 .text          0x060067b0      0x680 c:/saturn/SH_COFF/sh-coff/bin/../lib/gcc/sh-coff/3.4-GNUSH_v0501/../../../../sh-coff/lib/m2\libc.a(mallocr.o)
                0x060067b0                _malloc_r
 .text          0x06006e30      0x3b0 c:/saturn/SH_COFF/sh-coff/bin/../lib/gcc/sh-coff/3.4-GNUSH_v0501/../../../../sh-coff/lib/m2\libc.a(freer.o)
                0x06006e30                _malloc_trim_r
                0x06006f30                _free_r
 .text          0x060071e0       0x20 c:/saturn/SH_COFF/sh-coff/bin/../lib/gcc/sh-coff/3.4-GNUSH_v0501/../../../../sh-coff/lib/m2\libc.a(mlock.o)
                0x060071e0                __malloc_lock
                0x060071f0                __malloc_unlock
 .text          0x06007200       0x50 c:/saturn/SH_COFF/sh-coff/bin/../lib/gcc/sh-coff/3.4-GNUSH_v0501/../../../../sh-coff/lib/m2\libc.a(sbrkr.o)
                0x06007200                _sbrk_r
 .text          0x06007250      0x430 c:/saturn/SH_COFF/sh-coff/bin/../lib/gcc/sh-coff/3.4-GNUSH_v0501/../../../../sh-coff/lib/m2\libc.a(syscalls.o)
                0x06007400                _exit
                0x06007440                _getpid
                0x060074c0                _utime
                0x06007290                _write
                0x06007250                _read
                0x060073e0                _unlink
                0x060073a0                _open
                0x06007460                _stat
                0x060073f0                isatty
                0x06007500                _wait
                0x06007420                _kill
                0x06007480                _chmod
                0x06007540                _execv
                0x06007520                _execve
                0x06007640                __setup_argv_and_call_main
                0x06007590                _gettimeofday
                0x060072d0                _link
                0x06007450                _raise
                0x060073c0                _creat
                0x06007560                _pipe
                0x060074a0                _chown
                0x06007270                _lseek
                0x060072b0                _close
                0x06007580                _times
                0x06007380                _fstat
                0x060074e0                _fork
                0x06007300                _sbrk
 .text          0x06007680       0x20 c:/saturn/SH_COFF/sh-coff/bin/../lib/gcc/sh-coff/3.4-GNUSH_v0501/../../../../sh-coff/lib/m2\libc.a(trap.o)
                0x06007680                __trap34
 .text          0x060076a0       0x20 c:/saturn/SH_COFF/sh-coff/bin/../lib/gcc/sh-coff/3.4-GNUSH_v0501/../../../../sh-coff/lib/m2\libc.a(abort.o)
                0x060076a0                abort
 .text          0x060076c0      0x2c0 c:/saturn/SH_COFF/sh-coff/bin/../lib/gcc/sh-coff/3.4-GNUSH_v0501/../../../../sh-coff/lib/m2\libc.a(signal.o)
                0x060077a0                _raise_r
                0x06007960                __sigtramp
                0x06007900                raise
                0x06007940                _init_signal
                0x06007880                __sigtramp_r
                0x06007920                signal
                0x06007710                _signal_r
                0x060076c0                _init_signal_r
 .text          0x06007980       0x60 c:/saturn/SH_COFF/sh-coff/bin/../lib/gcc/sh-coff/3.4-GNUSH_v0501/../../../../sh-coff/lib/m2\libc.a(signalr.o)
                0x060079d0                _getpid_r
                0x06007980                _kill_r
 .text          0x060079e0       0x70 c:/saturn/SH_COFF/sh-coff/bin/../lib/gcc/sh-coff/3.4-GNUSH_v0501/m2\libgcc.a(_udivsi3.o)
                0x06007a02                __udivsi3
 *(.strings)
                0x06007a50                __etext = .

SLPROG          0x06007a60    0x103e0
                0x06007a60                __slprog_start = .
 *(SLPROG)
 SLPROG         0x06007a60     0x6540 C:\saturn\sgl302j/lib/sglarea.o
                0x06007a7c                SpriteBuf
                0x06007aa0                RemainEvent
                0x06007a6c                SortList
                0x06007a6a                MaxPolygons
                0x06007a88                CommandBuf
                0x06007a9c                MaxWorks
                0x06007a9e                WorkSize
                0x06007a94                PCM_WkSize
                0x06007a8c                CLOfstBuf
                0x06007ba0                RemainWork
                0x06007a90                PCM_Work
                0x06007a60                MasterStack
                0x06007a64                SlaveStack
                0x06007a68                MaxVertices
                0x06007a98                MaxEvents
                0x06007a78                Zbuffer
                0x06007a80                SpriteBufSize
                0x06009fa0                WorkBuf
                0x06007a74                TransList
                0x06007a84                Pbuffer
                0x06007a70                SortListSize
                0x06007a9a                EventSize
                0x06007fa0                EventBuf
 SLPROG         0x0600dfa0       0x4e C:\saturn\sgl302j/lib\libsgl.a(sglF00.o)
                0x0600dfba                slLocate
                0x0600dfb0                slCurColor
                0x0600dfec                CurrentScreen
                0x0600dfa0                slCurScrn
 *fill*         0x0600dfee        0x2 00
 SLPROG         0x0600dff0       0x1c C:\saturn\sgl302j/lib\libsgl.a(sglF05.o)
                0x0600dff0                slPrint
 *fill*         0x0600e00c        0x4 00
 SLPROG         0x0600e010       0x14 C:\saturn\sgl302j/lib\libsgl.a(sglA07.o)
                0x0600e010                slDivFX
 *fill*         0x0600e024        0xc 00
 SLPROG         0x0600e030        0xa C:\saturn\sgl302j/lib\libsgl.a(sglA06.o)
                0x0600e030                slMulFX
 *fill*         0x0600e03a        0x6 00
 SLPROG         0x0600e040       0xfa C:\saturn\sgl302j/lib\libsgl.a(sglC06.o)
                0x0600e040                slDispSprite
 *fill*         0x0600e13a        0x6 00
 SLPROG         0x0600e140      0x12a C:\saturn\sgl302j/lib\libsgl.a(sglF03.o)
                0x0600e140                slPrintFX
 *fill*         0x0600e26a        0x6 00
 SLPROG         0x0600e270       0x20 C:\saturn\sgl302j/lib\libsgl.a(sglB001.o)
                0x0600e270                slTVOn
                0x0600e27a                slTVOff
 SLPROG         0x0600e290       0x84 C:\saturn\sgl302j/lib\libsgl.a(sglD00.o)
                0x0600e290                slDMACopy
                0x0600e290                slCpuDMACopy
                0x0600e2ea                slCashPurge
                0x0600e2ea                CSH_AllClr
 *fill*         0x0600e314        0xc 00
 SLPROG         0x0600e320       0x1e C:\saturn\sgl302j/lib\libsgl.a(sglB002.o)
                0x0600e320                slColRAMMode
 *fill*         0x0600e33e        0x2 00
 SLPROG         0x0600e340        0xc C:\saturn\sgl302j/lib\libsgl.a(sglB016.o)
                0x0600e340                slBack1ColSet
 *fill*         0x0600e34c        0x4 00
 SLPROG         0x0600e350       0x70 C:\saturn\sgl302j/lib\libsgl.a(sglB038.o)
                0x0600e350                slRparaInitSet
 SLPROG         0x0600e3c0      0x114 C:\saturn\sgl302j/lib\libsgl.a(sglB200.o)
                0x0600e3cc                slCharNbg0
                0x0600e412                slPageRbg0
                0x0600e428                slPageNbg1
                0x0600e3d8                slCharNbg1
                0x0600e444                slPageNbg0
                0x0600e430                slPageNbg2
                0x0600e438                slPageNbg3
                0x0600e3e4                slCharNbg2
                0x0600e3fa                slCharNbg3
                0x0600e3c0                slCharRbg0
 *fill*         0x0600e4d4        0xc 00
 SLPROG         0x0600e4e0        0xc C:\saturn\sgl302j/lib\libsgl.a(sglB059.o)
                0x0600e4e0                slPlaneRA
 *fill*         0x0600e4ec        0x4 00
 SLPROG         0x0600e4f0       0xd4 C:\saturn\sgl302j/lib\libsgl.a(sglB035.o)
                0x0600e4f0                sl1MapRA
                0x0600e582                rbank_set
 *fill*         0x0600e5c4        0xc 00
 SLPROG         0x0600e5d0        0xc C:\saturn\sgl302j/lib\libsgl.a(sglB047.o)
                0x0600e5d0                slOverRA
 *fill*         0x0600e5dc        0x4 00
 SLPROG         0x0600e5e0       0x34 C:\saturn\sgl302j/lib\libsgl.a(sglB079.o)
                0x0600e5e0                slDispCenterR
 *fill*         0x0600e614        0xc 00
 SLPROG         0x0600e620       0x20 C:\saturn\sgl302j/lib\libsgl.a(sglB078.o)
                0x0600e620                slLookR
 SLPROG         0x0600e640        0xc C:\saturn\sgl302j/lib\libsgl.a(sglB056.o)
                0x0600e640                slPlaneNbg1
 *fill*         0x0600e64c        0x4 00
 SLPROG         0x0600e650        0xc C:\saturn\sgl302j/lib\libsgl.a(sglB023.o)
                0x0600e650                slColRate
 *fill*         0x0600e65c        0x4 00
 SLPROG         0x0600e660       0xb4 C:\saturn\sgl302j/lib\libsgl.a(sglB032.o)
                0x0600e660                slMapNbg1
 *fill*         0x0600e714        0xc 00
 SLPROG         0x0600e720        0xc C:\saturn\sgl302j/lib\libsgl.a(sglB071.o)
                0x0600e720                slScrPosNbg1
 *fill*         0x0600e72c        0x4 00
 SLPROG         0x0600e730        0xc C:\saturn\sgl302j/lib\libsgl.a(sglB063.o)
                0x0600e730                slPriority
 *fill*         0x0600e73c        0x4 00
 SLPROG         0x0600e740       0x10 C:\saturn\sgl302j/lib\libsgl.a(sglB020.o)
                0x0600e740                slColorCalc
 SLPROG         0x0600e750       0x10 C:\saturn\sgl302j/lib\libsgl.a(sglB057.o)
                0x0600e750                slPlaneNbg2
 SLPROG         0x0600e760       0xb0 C:\saturn\sgl302j/lib\libsgl.a(sglB033.o)
                0x0600e760                slMapNbg2
 SLPROG         0x0600e810       0x10 C:\saturn\sgl302j/lib\libsgl.a(sglB072.o)
                0x0600e810                slScrPosNbg2
 SLPROG         0x0600e820       0x10 C:\saturn\sgl302j/lib\libsgl.a(sglB058.o)
                0x0600e820                slPlaneNbg3
 SLPROG         0x0600e830       0xb4 C:\saturn\sgl302j/lib\libsgl.a(sglB034.o)
                0x0600e830                slMapNbg3
 *fill*         0x0600e8e4        0xc 00
 SLPROG         0x0600e8f0       0x10 C:\saturn\sgl302j/lib\libsgl.a(sglB073.o)
                0x0600e8f0                slScrPosNbg3
 SLPROG         0x0600e900        0xc C:\saturn\sgl302j/lib\libsgl.a(sglB021.o)
                0x0600e900                slColorCalcOn
 *fill*         0x0600e90c        0x4 00
 SLPROG         0x0600e910      0x40c C:\saturn\sgl302j/lib\libsgl.a(sglB015.o)
                0x0600e910                slScrAutoDisp
 *fill*         0x0600ed1c        0x4 00
 SLPROG         0x0600ed20      0xfc8 C:\saturn\sgl302j/lib\libsgl.a(sglH00.o)
                0x0600edbc                slSetPortData1
                0x0600edac                slGetPortData1
                0x0600f59a                slSetPortMode1
                0x0600f7d4                Smpc_Status
                0x0600ed72                slSetPortDir2
                0x0600f3b8                slSmpcCashSend
                0x0600edd8                slGetPortSelect1
                0x0600f1be                slIntBackCancel
                0x0600ee70                slSetPortExt1
                0x0600f580                slGetPortMode1
                0x0600f474                slSmpcCashBlow
                0x0600f764                slRequestCommand
                0x0600f804                SmpcStatusBuf
                0x0600edc6                slSetPortData2
                0x0600f126                slSetResultBuffer
                0x0600ee5c                slGetPortExt1
                0x0600eea0                slSetPortExt2
                0x0600ed40                slGetPortDir2
                0x0600ee66                slGetPortExt2
                0x0600f1f2                slClearReset
                0x0600f1e8                slCheckReset
                0x0600ed48                slSetPortDir1
                0x0600ee20                slSetPortSelect2
                0x0600edec                slSetPortSelect1
                0x0600f58c                slGetPortMode2
                0x0600ede2                slGetPortSelect2
                0x0600ed38                slGetPortDir1
                0x0600edb4                slGetPortData2
                0x0600f55a                slSetOptimize
                0x0600f550                slGetOptimize
                0x0600f014                slSmpcDirectAccess
                0x0600f7e2                Per_Connect1
                0x0600f094                slInitPeripheral
                0x0600f1b2                slCheckIntBackSet
                0x0600f7e3                Per_Connect2
                0x0600f7dc                Smpc_Peripheral
                0x0600f5d8                slSetPortMode2
                0x0600f7d8                Smpc_Result
 *fill*         0x0600fce8        0x8 00
 SLPROG         0x0600fcf0        0xc C:\saturn\sgl302j/lib\libsgl.a(sglB054.o)
                0x0600fcf0                slZoomR
 *fill*         0x0600fcfc        0x4 00
 SLPROG         0x0600fd00       0x3c C:\saturn\sgl302j/lib\libsgl.a(sglF02.o)
                0x0600fd00                slPrintHex
 *fill*         0x0600fd3c        0x4 00
 SLPROG         0x0600fd40      0x3a4 C:\saturn\sgl302j/lib\libsgl.a(sglI01.o)
                0x0600ff2a                RetPCMBuf
                0x06010064                Sound_Buf
                0x0600fd40                slInitSynch
                0x0600fe50                slRandom
                0x0600ffc4                PCM_Buf
                0x0600fd5a                slSynch
                0x0600fe6e                PCM_EndCheck
 *fill*         0x060100e4        0xc 00
 SLPROG         0x060100f0     0x411e C:\saturn\sgl302j/lib\libsgl.a(sglA01.o)
                0x060101cc                sin_cos_index_tbl
                0x060100f0                slSin
                0x0601020c                sin_tbl
                0x06010138                GetSinCos
                0x06010114                slCos
 *fill*         0x0601420e        0x2 00
 SLPROG         0x06014210       0x20 C:\saturn\sgl302j/lib\libsgl.a(sglA00.o)
                0x06014224                get_imask
                0x06014210                set_imask
                0x06014210                _builtin_set_imask
                0x06014224                _builtin_get_imask
 SLPROG         0x06014230       0x74 C:\saturn\sgl302j/lib\libsgl.a(sglJ00.o)
                0x06014230                InitSlaveSH
                0x06014298                SlaveCommand
 *fill*         0x060142a4        0xc 00
 SLPROG         0x060142b0      0x42c C:\saturn\sgl302j/lib\libsgl.a(sglA20.o)
                0x060142b0                slInitMatrix
                0x060142ce                slUnitMatrix
                0x060142ba                slPushUnitMatrix
 *fill*         0x060146dc        0x4 00
 SLPROG         0x060146e0      0xbd0 C:\saturn\sgl302j/lib\libsgl.a(sglB000.o)
                0x060146e0                slInitScroll
                0x06014940                TVSizeTbl
                0x06014830                setASC_4to8
                0x060149c0                TVModeTbl
                0x06014800                setASC_1to8
                0x06014b98                SGL_ASCII_CG
 SLPROG         0x060152b0      0x3d0 C:\saturn\sgl302j/lib\libsgl.a(sglJ01.o)
                0x060152b0                SlaveControl
                0x0601566c                ErasePolygonData
 SLPROG         0x06015680      0x75c C:\saturn\sgl302j/lib\libsgl.a(sglI00.o)
                0x06015970                slInitInterrupt
 *fill*         0x06015ddc        0x4 00
 SLPROG         0x06015de0      0x134 C:\saturn\sgl302j/lib\libsgl.a(sglC00.o)
                0x06015de0                slInitSprite
 *fill*         0x06015f14        0xc 00
 SLPROG         0x06015f20       0x40 C:\saturn\sgl302j/lib\libsgl.a(sglC20.o)
                0x06015f20                SpriteEntry
 SLPROG         0x06015f60      0x470 C:\saturn\sgl302j/lib\libsgl.a(sglH02.o)
                0x06016350                smpc_pfr_tbl
                0x06016390                smpc_ptf_tbl
 SLPROG         0x060163d0       0x60 C:\saturn\sgl302j/lib\libsgl.a(sglH04.o)
                0x060163fa                slComPrmSetTime
                0x060163d0                slComPrmIntBack
                0x060163e4                slComPrmSetMemory
 SLPROG         0x06016430      0x140 C:\saturn\sgl302j/lib\libsgl.a(sglJ03.o)
                0x06016430                sbMakeDMATable
 SLPROG         0x06016570     0x12b8 C:\saturn\sgl302j/lib\libsgl.a(sglJ02.o)
                0x060177a4                stvtc_1
                0x060174dc                stvtc_4
                0x0601749c                SetPolygon
                0x06017594                stvtc_3
                0x060177cc                stvtc_0
                0x060174a4                SetPosition
                0x06016758                sbCalcPolygon
                0x06017490                SetTexture
                0x06016570                sbMakePolygon
                0x060177b8                stvtc_2
 *fill*         0x06017828        0x8 00
 SLPROG         0x06017830      0x470 C:\saturn\sgl302j/lib\libsgl.a(sglJ04.o)
                0x060178f4                sbMakeRotSprite
                0x0601788e                sbMakeSprite
 SLPROG         0x06017ca0       0x3c C:\saturn\sgl302j/lib\libsgl.a(sglJ05.o)
                0x06017ca0                sbSortEntry
 *fill*         0x06017cdc        0x4 00
 SLPROG         0x06017ce0       0xf0 C:\saturn\sgl302j/lib\libsgl.a(sglH03.o)
                0x06017d44                slSmpcIntBack
 SLPROG         0x06017dd0       0x6a C:\saturn\sgl302j/lib\libsgl.a(sglM01.o)
                0x06017dfc                slSetDepthTbl
                0x06017e2c                DepthWorkArea
                0x06017dd0                slSetDepthLimit
                0x06017e3a                __slprog_end = .

.tors           0x06017e40        0x0
                0x06017e40                ___ctors = .
 *(.ctors)
                0x06017e40                ___ctors_end = .
                0x06017e40                ___dtors = .
 *(.dtors)
                0x06017e40                ___dtors_end = .

.data           0x06017e40     0xced0
 *(.data)
 .data          0x06017e40     0xc6b0 assets.o
                0x06017e40                pal_cloud
                0x06020240                cel_map1
                0x06021f40                pic_sprites
                0x0601f040                map_map2
                0x060221f0                texture_sprites003
                0x06021f68                tex_sprites
                0x0601f840                pal_map1
                0x06022270                texture_sprites002
                0x060242f0                texture_sprites000
                0x06018840                cel_cloud
                0x06019d40                cel_road
                0x06019540                map_road
                0x06021f90                texture_sprites004
                0x06024270                texture_sprites001
                0x06020740                map_face
                0x06019340                pal_road
                0x0601fa40                map_map1
                0x06020540                pal_face
                0x06020f40                cel_face
                0x06018040                map_cloud
 .data          0x060244f0       0x10 game.o
                0x060244f0                scale
 .data          0x06024500       0x80 C:\saturn\sgl302j/lib\libsgl.a(sglIc0.o)
                0x06024500                IntPrioMask
 .data          0x06024580      0x380 c:/saturn/SH_COFF/sh-coff/bin/../lib/gcc/sh-coff/3.4-GNUSH_v0501/../../../../sh-coff/lib/m2\libc.a(impure.o)
                0x060248fc                _impure_ptr
 .data          0x06024900      0x410 c:/saturn/SH_COFF/sh-coff/bin/../lib/gcc/sh-coff/3.4-GNUSH_v0501/../../../../sh-coff/lib/m2\libc.a(mallocr.o)
                0x06024908                __malloc_av_
                0x06024904                __malloc_trim_threshold
                0x06024900                __malloc_sbrk_base
                0x06024d10                __edata = .

.bss            0x06024d10       0xf4
                0x06024d10                __bstart = .
 *(.bss)
 .bss           0x06024d10       0x40 game.o
                0x06024d1c                bg2X
                0x06024d20                screenY
                0x06024d10                bg3Y
                0x06024d14                bg3X
                0x06024d24                screenX
                0x06024d28                headNode
                0x06024d2c                scaleSpeed
                0x06024d18                bg2Y
                0x06024d30                playerState
 .bss           0x06024d50       0x10 c:/saturn/SH_COFF/sh-coff/bin/../lib/gcc/sh-coff/3.4-GNUSH_v0501/m2\libgcc.a(__main.o)
 .bss           0x06024d60       0x10 c:/saturn/SH_COFF/sh-coff/bin/../lib/gcc/sh-coff/3.4-GNUSH_v0501/../../../../sh-coff/lib/m2\libc.a(atexit.o)
 .bss           0x06024d70       0x40 c:/saturn/SH_COFF/sh-coff/bin/../lib/gcc/sh-coff/3.4-GNUSH_v0501/../../../../sh-coff/lib/m2\libc.a(mallocr.o)
                0x06024da0                __malloc_top_pad
                0x06024d70                __malloc_current_mallinfo
                0x06024d9c                __malloc_max_sbrked_mem
                0x06024d98                __malloc_max_total_mem
 .bss           0x06024db0       0x10 c:/saturn/SH_COFF/sh-coff/bin/../lib/gcc/sh-coff/3.4-GNUSH_v0501/../../../../sh-coff/lib/m2\libc.a(syscalls.o)
 *(COMMON)
 COMMON         0x06024dc0       0x39 game.o
                                  0x0 (size before relaxing)
                0x06024dc0                numSprites
                0x06024dc4                eye1
                0x06024dc8                eye2
                0x06024dd0                defaultSprite
                0x06024df8                dispFace
 *fill*         0x06024df9        0x7 00
 COMMON         0x06024e00        0x4 c:/saturn/SH_COFF/sh-coff/bin/../lib/gcc/sh-coff/3.4-GNUSH_v0501/../../../../sh-coff/lib/m2\libc.a(syscalls.o)
                                  0x0 (size before relaxing)
                0x06024e00                errno
                0x06024e04                __bend = .
                0x06024e04                _end = .
LOAD C:\saturn\sgl302j\SAMPLE\common/cinit.o
LOAD C:\saturn\sgl302j/lib/sglarea.o
LOAD main.o
LOAD assets.o
LOAD game.o
LOAD scrollfunctions.o
LOAD spritelist.o
LOAD C:\saturn\sgl302j/lib\libsgl.a
LOAD c:/saturn/SH_COFF/sh-coff/bin/../lib/gcc/sh-coff/3.4-GNUSH_v0501/m2\libgcc.a
LOAD c:/saturn/SH_COFF/sh-coff/bin/../lib/gcc/sh-coff/3.4-GNUSH_v0501/../../../../sh-coff/lib/m2\libc.a
LOAD c:/saturn/SH_COFF/sh-coff/bin/../lib/gcc/sh-coff/3.4-GNUSH_v0501/m2\libgcc.a
OUTPUT(sl.coff coff-sh)

.comment        0x06024e10      0x360
 .comment       0x06024e10       0x20 C:\saturn\sgl302j\SAMPLE\common/cinit.o
 .comment       0x06024e30       0x20 main.o
 .comment       0x06024e50       0x20 assets.o
 .comment       0x06024e70       0x20 game.o
 .comment       0x06024e90       0x20 scrollfunctions.o
 .comment       0x06024eb0       0x20 spritelist.o
 .comment       0x06024ed0       0x20 c:/saturn/SH_COFF/sh-coff/bin/../lib/gcc/sh-coff/3.4-GNUSH_v0501/m2\libgcc.a(__main.o)
 .comment       0x06024ef0       0x20 c:/saturn/SH_COFF/sh-coff/bin/../lib/gcc/sh-coff/3.4-GNUSH_v0501/m2\libgcc.a(_si_to_df.o)
 .comment       0x06024f10       0x20 c:/saturn/SH_COFF/sh-coff/bin/../lib/gcc/sh-coff/3.4-GNUSH_v0501/m2\libgcc.a(_mul_df.o)
 .comment       0x06024f30       0x20 c:/saturn/SH_COFF/sh-coff/bin/../lib/gcc/sh-coff/3.4-GNUSH_v0501/m2\libgcc.a(_div_df.o)
 .comment       0x06024f50       0x20 c:/saturn/SH_COFF/sh-coff/bin/../lib/gcc/sh-coff/3.4-GNUSH_v0501/m2\libgcc.a(_df_to_si.o)
 .comment       0x06024f70       0x20 c:/saturn/SH_COFF/sh-coff/bin/../lib/gcc/sh-coff/3.4-GNUSH_v0501/m2\libgcc.a(_pack_df.o)
 .comment       0x06024f90       0x20 c:/saturn/SH_COFF/sh-coff/bin/../lib/gcc/sh-coff/3.4-GNUSH_v0501/m2\libgcc.a(_unpack_df.o)
 .comment       0x06024fb0       0x20 c:/saturn/SH_COFF/sh-coff/bin/../lib/gcc/sh-coff/3.4-GNUSH_v0501/m2\libgcc.a(_thenan_df.o)
 .comment       0x06024fd0       0x20 c:/saturn/SH_COFF/sh-coff/bin/../lib/gcc/sh-coff/3.4-GNUSH_v0501/m2\libgcc.a(_lshrdi3.o)
 .comment       0x06024ff0       0x20 c:/saturn/SH_COFF/sh-coff/bin/../lib/gcc/sh-coff/3.4-GNUSH_v0501/m2\libgcc.a(_ashldi3.o)
 .comment       0x06025010       0x20 c:/saturn/SH_COFF/sh-coff/bin/../lib/gcc/sh-coff/3.4-GNUSH_v0501/../../../../sh-coff/lib/m2\libc.a(malloc.o)
 .comment       0x06025030       0x20 c:/saturn/SH_COFF/sh-coff/bin/../lib/gcc/sh-coff/3.4-GNUSH_v0501/../../../../sh-coff/lib/m2\libc.a(atexit.o)
 .comment       0x06025050       0x20 c:/saturn/SH_COFF/sh-coff/bin/../lib/gcc/sh-coff/3.4-GNUSH_v0501/../../../../sh-coff/lib/m2\libc.a(impure.o)
 .comment       0x06025070       0x20 c:/saturn/SH_COFF/sh-coff/bin/../lib/gcc/sh-coff/3.4-GNUSH_v0501/../../../../sh-coff/lib/m2\libc.a(mallocr.o)
 .comment       0x06025090       0x20 c:/saturn/SH_COFF/sh-coff/bin/../lib/gcc/sh-coff/3.4-GNUSH_v0501/../../../../sh-coff/lib/m2\libc.a(freer.o)
 .comment       0x060250b0       0x20 c:/saturn/SH_COFF/sh-coff/bin/../lib/gcc/sh-coff/3.4-GNUSH_v0501/../../../../sh-coff/lib/m2\libc.a(mlock.o)
 .comment       0x060250d0       0x20 c:/saturn/SH_COFF/sh-coff/bin/../lib/gcc/sh-coff/3.4-GNUSH_v0501/../../../../sh-coff/lib/m2\libc.a(sbrkr.o)
 .comment       0x060250f0       0x20 c:/saturn/SH_COFF/sh-coff/bin/../lib/gcc/sh-coff/3.4-GNUSH_v0501/../../../../sh-coff/lib/m2\libc.a(syscalls.o)
 .comment       0x06025110       0x20 c:/saturn/SH_COFF/sh-coff/bin/../lib/gcc/sh-coff/3.4-GNUSH_v0501/../../../../sh-coff/lib/m2\libc.a(abort.o)
 .comment       0x06025130       0x20 c:/saturn/SH_COFF/sh-coff/bin/../lib/gcc/sh-coff/3.4-GNUSH_v0501/../../../../sh-coff/lib/m2\libc.a(signal.o)
 .comment       0x06025150       0x20 c:/saturn/SH_COFF/sh-coff/bin/../lib/gcc/sh-coff/3.4-GNUSH_v0501/../../../../sh-coff/lib/m2\libc.a(signalr.o)
