Archive member included because of file (symbol)

C:\saturn\sgl302j/lib\libsgl.a(sglIc0.o)
                              main.o (slInitSystem)
C:\saturn\sgl302j/lib\libsgl.a(sglH00.o)
                              C:\saturn\sgl302j/lib\libsgl.a(sglIc0.o) (slInitPeripheral)
C:\saturn\sgl302j/lib\libsgl.a(sglF00.o)
                              game.o (slLocate)
C:\saturn\sgl302j/lib\libsgl.a(sglF05.o)
                              game.o (slPrint)
C:\saturn\sgl302j/lib\libsgl.a(sglF03.o)
                              game.o (slPrintFX)
C:\saturn\sgl302j/lib\libsgl.a(sglB015.o)
                              game.o (slScrAutoDisp)
C:\saturn\sgl302j/lib\libsgl.a(sglI01.o)
                              C:\saturn\sgl302j/lib\libsgl.a(sglIc0.o) (slInitSynch)
C:\saturn\sgl302j/lib\libsgl.a(sglA01.o)
                              game.o (slSin)
C:\saturn\sgl302j/lib\libsgl.a(sglF02.o)
                              game.o (slPrintHex)
C:\saturn\sgl302j/lib\libsgl.a(sglC06.o)
                              game.o (slDispSprite)
C:\saturn\sgl302j/lib\libsgl.a(sglA06.o)
                              game.o (slMulFX)
C:\saturn\sgl302j/lib\libsgl.a(sglB001.o)
                              game.o (slTVOn)
C:\saturn\sgl302j/lib\libsgl.a(sglD00.o)
                              game.o (slDMACopy)
C:\saturn\sgl302j/lib\libsgl.a(sglB002.o)
                              game.o (slColRAMMode)
C:\saturn\sgl302j/lib\libsgl.a(sglB016.o)
                              game.o (slBack1ColSet)
C:\saturn\sgl302j/lib\libsgl.a(sglB200.o)
                              tilemap.o (slCharNbg1)
C:\saturn\sgl302j/lib\libsgl.a(sglB058.o)
                              game.o (slPlaneNbg3)
C:\saturn\sgl302j/lib\libsgl.a(sglB034.o)
                              game.o (slMapNbg3)
C:\saturn\sgl302j/lib\libsgl.a(sglB073.o)
                              game.o (slScrPosNbg3)
C:\saturn\sgl302j/lib\libsgl.a(sglB063.o)
                              game.o (slPriority)
C:\saturn\sgl302j/lib\libsgl.a(sglB020.o)
                              game.o (slColorCalc)
C:\saturn\sgl302j/lib\libsgl.a(sglB023.o)
                              game.o (slColRate)
C:\saturn\sgl302j/lib\libsgl.a(sglB011.o)
                              framebuffer.o (slBitMapNbg1)
C:\saturn\sgl302j/lib\libsgl.a(sglB071.o)
                              framebuffer.o (slScrPosNbg1)
C:\saturn\sgl302j/lib\libsgl.a(sglB051.o)
                              framebuffer.o (slZoomMode)
C:\saturn\sgl302j/lib\libsgl.a(sglB053.o)
                              framebuffer.o (slZoomNbg1)
C:\saturn\sgl302j/lib\libsgl.a(sglA07.o)
                              framebuffer.o (slDivFX)
C:\saturn\sgl302j/lib\libsgl.a(sglA05.o)
                              framebuffer.o (slSquartFX)
C:\saturn\sgl302j/lib\libsgl.a(sglA04.o)
                              framebuffer.o (slAtan)
C:\saturn\sgl302j/lib\libsgl.a(sglB056.o)
                              tilemap.o (slPlaneNbg1)
C:\saturn\sgl302j/lib\libsgl.a(sglB032.o)
                              tilemap.o (slMapNbg1)
C:\saturn\sgl302j/lib\libsgl.a(sglB057.o)
                              tilemap.o (slPlaneNbg2)
C:\saturn\sgl302j/lib\libsgl.a(sglB033.o)
                              tilemap.o (slMapNbg2)
C:\saturn\sgl302j/lib\libsgl.a(sglB072.o)
                              tilemap.o (slScrPosNbg2)
C:\saturn\sgl302j/lib\libsgl.a(sglA00.o)
                              C:\saturn\sgl302j/lib\libsgl.a(sglIc0.o) (_builtin_set_imask)
C:\saturn\sgl302j/lib\libsgl.a(sglK01.o)
                              C:\saturn\sgl302j/lib\libsgl.a(sglIc0.o) (SynchCount)
C:\saturn\sgl302j/lib\libsgl.a(sglJ00.o)
                              C:\saturn\sgl302j/lib\libsgl.a(sglIc0.o) (InitSlaveSH)
C:\saturn\sgl302j/lib\libsgl.a(sglA20.o)
                              C:\saturn\sgl302j/lib\libsgl.a(sglIc0.o) (slInitMatrix)
C:\saturn\sgl302j/lib\libsgl.a(sglB000.o)
                              C:\saturn\sgl302j/lib\libsgl.a(sglIc0.o) (slInitScroll)
C:\saturn\sgl302j/lib\libsgl.a(sglJ01.o)
                              C:\saturn\sgl302j/lib\libsgl.a(sglIc0.o) (SlaveControl)
C:\saturn\sgl302j/lib\libsgl.a(sglI00.o)
                              C:\saturn\sgl302j/lib\libsgl.a(sglIc0.o) (slInitInterrupt)
C:\saturn\sgl302j/lib\libsgl.a(sglC00.o)
                              C:\saturn\sgl302j/lib\libsgl.a(sglIc0.o) (slInitSprite)
C:\saturn\sgl302j/lib\libsgl.a(sglH02.o)
                              C:\saturn\sgl302j/lib\libsgl.a(sglH00.o) (smpc_pfr_tbl)
C:\saturn\sgl302j/lib\libsgl.a(sglH04.o)
                              C:\saturn\sgl302j/lib\libsgl.a(sglH00.o) (slComPrmIntBack)
C:\saturn\sgl302j/lib\libsgl.a(sglC20.o)
                              C:\saturn\sgl302j/lib\libsgl.a(sglC06.o) (SpriteEntry)
C:\saturn\sgl302j/lib\libsgl.a(sglB035.o)
                              C:\saturn\sgl302j/lib\libsgl.a(sglB200.o) (rbank_set)
C:\saturn\sgl302j/lib\libsgl.a(sglJ03.o)
                              C:\saturn\sgl302j/lib\libsgl.a(sglJ01.o) (sbMakeDMATable)
C:\saturn\sgl302j/lib\libsgl.a(sglJ02.o)
                              C:\saturn\sgl302j/lib\libsgl.a(sglJ01.o) (sbMakePolygon)
C:\saturn\sgl302j/lib\libsgl.a(sglJ04.o)
                              C:\saturn\sgl302j/lib\libsgl.a(sglJ01.o) (sbMakeSprite)
C:\saturn\sgl302j/lib\libsgl.a(sglJ05.o)
                              C:\saturn\sgl302j/lib\libsgl.a(sglJ01.o) (sbSortEntry)
C:\saturn\sgl302j/lib\libsgl.a(sglH03.o)
                              C:\saturn\sgl302j/lib\libsgl.a(sglI00.o) (slSmpcIntBack)
C:\saturn\sgl302j/lib\libsgl.a(sglM01.o)
                              C:\saturn\sgl302j/lib\libsgl.a(sglJ02.o) (DepthWorkArea)
c:/saturn/SH_COFF/sh-coff/bin/../lib/gcc/sh-coff/3.4-GNUSH_v0501/m2\libgcc.a(__main.o)
                              C:\saturn\sgl302j\SAMPLE\common/cinit.o (__main)
c:/saturn/SH_COFF/sh-coff/bin/../lib/gcc/sh-coff/3.4-GNUSH_v0501/m2\libgcc.a(_si_to_df.o)
                              game.o (__floatsidf)
c:/saturn/SH_COFF/sh-coff/bin/../lib/gcc/sh-coff/3.4-GNUSH_v0501/m2\libgcc.a(_mul_df.o)
                              game.o (__muldf3)
c:/saturn/SH_COFF/sh-coff/bin/../lib/gcc/sh-coff/3.4-GNUSH_v0501/m2\libgcc.a(_div_df.o)
                              game.o (__divdf3)
c:/saturn/SH_COFF/sh-coff/bin/../lib/gcc/sh-coff/3.4-GNUSH_v0501/m2\libgcc.a(_df_to_si.o)
                              game.o (__fixdfsi)
c:/saturn/SH_COFF/sh-coff/bin/../lib/gcc/sh-coff/3.4-GNUSH_v0501/m2\libgcc.a(_ashiftrt_n.o)
                              game.o (__ashrsi3)
c:/saturn/SH_COFF/sh-coff/bin/../lib/gcc/sh-coff/3.4-GNUSH_v0501/m2\libgcc.a(_pack_df.o)
                              c:/saturn/SH_COFF/sh-coff/bin/../lib/gcc/sh-coff/3.4-GNUSH_v0501/m2\libgcc.a(_si_to_df.o) (__pack_d)
c:/saturn/SH_COFF/sh-coff/bin/../lib/gcc/sh-coff/3.4-GNUSH_v0501/m2\libgcc.a(_unpack_df.o)
                              c:/saturn/SH_COFF/sh-coff/bin/../lib/gcc/sh-coff/3.4-GNUSH_v0501/m2\libgcc.a(_mul_df.o) (__unpack_d)
c:/saturn/SH_COFF/sh-coff/bin/../lib/gcc/sh-coff/3.4-GNUSH_v0501/m2\libgcc.a(_thenan_df.o)
                              c:/saturn/SH_COFF/sh-coff/bin/../lib/gcc/sh-coff/3.4-GNUSH_v0501/m2\libgcc.a(_mul_df.o) (__thenan_df)
c:/saturn/SH_COFF/sh-coff/bin/../lib/gcc/sh-coff/3.4-GNUSH_v0501/m2\libgcc.a(_lshrdi3.o)
                              c:/saturn/SH_COFF/sh-coff/bin/../lib/gcc/sh-coff/3.4-GNUSH_v0501/m2\libgcc.a(_df_to_si.o) (__lshrdi3)
c:/saturn/SH_COFF/sh-coff/bin/../lib/gcc/sh-coff/3.4-GNUSH_v0501/m2\libgcc.a(_ashldi3.o)
                              c:/saturn/SH_COFF/sh-coff/bin/../lib/gcc/sh-coff/3.4-GNUSH_v0501/m2\libgcc.a(_pack_df.o) (__ashldi3)
c:/saturn/SH_COFF/sh-coff/bin/../lib/gcc/sh-coff/3.4-GNUSH_v0501/m2\libgcc.a(_ashiftlt.o)
                              c:/saturn/SH_COFF/sh-coff/bin/../lib/gcc/sh-coff/3.4-GNUSH_v0501/m2\libgcc.a(_lshrdi3.o) (__ashlsi3)
c:/saturn/SH_COFF/sh-coff/bin/../lib/gcc/sh-coff/3.4-GNUSH_v0501/m2\libgcc.a(_lshiftrt.o)
                              c:/saturn/SH_COFF/sh-coff/bin/../lib/gcc/sh-coff/3.4-GNUSH_v0501/m2\libgcc.a(_lshrdi3.o) (__lshrsi3)
c:/saturn/SH_COFF/sh-coff/bin/../lib/gcc/sh-coff/3.4-GNUSH_v0501/../../../../sh-coff/lib/m2\libc.a(memcpy.o)
                              game.o (memcpy)
c:/saturn/SH_COFF/sh-coff/bin/../lib/gcc/sh-coff/3.4-GNUSH_v0501/../../../../sh-coff/lib/m2\libc.a(memset.o)
                              spritelist.o (memset)
c:/saturn/SH_COFF/sh-coff/bin/../lib/gcc/sh-coff/3.4-GNUSH_v0501/../../../../sh-coff/lib/m2\libc.a(atexit.o)
                              c:/saturn/SH_COFF/sh-coff/bin/../lib/gcc/sh-coff/3.4-GNUSH_v0501/m2\libgcc.a(__main.o) (atexit)
c:/saturn/SH_COFF/sh-coff/bin/../lib/gcc/sh-coff/3.4-GNUSH_v0501/../../../../sh-coff/lib/m2\libc.a(impure.o)
                              c:/saturn/SH_COFF/sh-coff/bin/../lib/gcc/sh-coff/3.4-GNUSH_v0501/../../../../sh-coff/lib/m2\libc.a(atexit.o) (_impure_ptr)
c:/saturn/SH_COFF/sh-coff/bin/../lib/gcc/sh-coff/3.4-GNUSH_v0501/../../../../sh-coff/lib/m2\libc.a(malloc.o)
                              c:/saturn/SH_COFF/sh-coff/bin/../lib/gcc/sh-coff/3.4-GNUSH_v0501/../../../../sh-coff/lib/m2\libc.a(atexit.o) (malloc)
c:/saturn/SH_COFF/sh-coff/bin/../lib/gcc/sh-coff/3.4-GNUSH_v0501/../../../../sh-coff/lib/m2\libc.a(mallocr.o)
                              c:/saturn/SH_COFF/sh-coff/bin/../lib/gcc/sh-coff/3.4-GNUSH_v0501/../../../../sh-coff/lib/m2\libc.a(malloc.o) (_malloc_r)
c:/saturn/SH_COFF/sh-coff/bin/../lib/gcc/sh-coff/3.4-GNUSH_v0501/../../../../sh-coff/lib/m2\libc.a(freer.o)
                              c:/saturn/SH_COFF/sh-coff/bin/../lib/gcc/sh-coff/3.4-GNUSH_v0501/../../../../sh-coff/lib/m2\libc.a(malloc.o) (_free_r)
c:/saturn/SH_COFF/sh-coff/bin/../lib/gcc/sh-coff/3.4-GNUSH_v0501/../../../../sh-coff/lib/m2\libc.a(mlock.o)
                              c:/saturn/SH_COFF/sh-coff/bin/../lib/gcc/sh-coff/3.4-GNUSH_v0501/../../../../sh-coff/lib/m2\libc.a(mallocr.o) (__malloc_lock)
c:/saturn/SH_COFF/sh-coff/bin/../lib/gcc/sh-coff/3.4-GNUSH_v0501/../../../../sh-coff/lib/m2\libc.a(sbrkr.o)
                              c:/saturn/SH_COFF/sh-coff/bin/../lib/gcc/sh-coff/3.4-GNUSH_v0501/../../../../sh-coff/lib/m2\libc.a(mallocr.o) (_sbrk_r)
c:/saturn/SH_COFF/sh-coff/bin/../lib/gcc/sh-coff/3.4-GNUSH_v0501/../../../../sh-coff/lib/m2\libc.a(syscalls.o)
                              c:/saturn/SH_COFF/sh-coff/bin/../lib/gcc/sh-coff/3.4-GNUSH_v0501/../../../../sh-coff/lib/m2\libc.a(sbrkr.o) (_sbrk)
c:/saturn/SH_COFF/sh-coff/bin/../lib/gcc/sh-coff/3.4-GNUSH_v0501/../../../../sh-coff/lib/m2\libc.a(trap.o)
                              c:/saturn/SH_COFF/sh-coff/bin/../lib/gcc/sh-coff/3.4-GNUSH_v0501/../../../../sh-coff/lib/m2\libc.a(syscalls.o) (__trap34)
c:/saturn/SH_COFF/sh-coff/bin/../lib/gcc/sh-coff/3.4-GNUSH_v0501/../../../../sh-coff/lib/m2\libc.a(abort.o)
                              c:/saturn/SH_COFF/sh-coff/bin/../lib/gcc/sh-coff/3.4-GNUSH_v0501/../../../../sh-coff/lib/m2\libc.a(syscalls.o) (abort)
c:/saturn/SH_COFF/sh-coff/bin/../lib/gcc/sh-coff/3.4-GNUSH_v0501/../../../../sh-coff/lib/m2\libc.a(signal.o)
                              c:/saturn/SH_COFF/sh-coff/bin/../lib/gcc/sh-coff/3.4-GNUSH_v0501/../../../../sh-coff/lib/m2\libc.a(abort.o) (raise)
c:/saturn/SH_COFF/sh-coff/bin/../lib/gcc/sh-coff/3.4-GNUSH_v0501/../../../../sh-coff/lib/m2\libc.a(signalr.o)
                              c:/saturn/SH_COFF/sh-coff/bin/../lib/gcc/sh-coff/3.4-GNUSH_v0501/../../../../sh-coff/lib/m2\libc.a(signal.o) (_kill_r)
c:/saturn/SH_COFF/sh-coff/bin/../lib/gcc/sh-coff/3.4-GNUSH_v0501/m2\libgcc.a(_udivsi3.o)
                              c:/saturn/SH_COFF/sh-coff/bin/../lib/gcc/sh-coff/3.4-GNUSH_v0501/../../../../sh-coff/lib/m2\libc.a(freer.o) (__udivsi3)

Allocating common symbols
Common symbol       size              file

sprites             0x1c20            game.o
numSprites          0x1               game.o
playfield           0x800             game.o
eye1Index           0x4               game.o
defaultSprite       0x24              game.o
bgLayers            0x2               game.o
eye2Index           0x4               game.o
screenBuf           0x2300            framebuffer.o
errno               0x4               c:/saturn/SH_COFF/sh-coff/bin/../lib/gcc/sh-coff/3.4-GNUSH_v0501/../../../../sh-coff/lib/m2\libc.a(syscalls.o)
gameState           0x4               game.o
lut                 0x2300            framebuffer.o
dispFace            0x1               game.o

Memory Configuration

Name             Origin             Length             Attributes
*default*        0x00000000         0xffffffff

Linker script and memory map


SLSTART         0x06004000       0x30
                0x06004000                ___Start = .
 *(SLSTART)
 SLSTART        0x06004000       0x28 C:\saturn\sgl302j/lib\libsgl.a(sglI00.o)
                0x06004002                slStartSGL
                0x06004000                SGL_Start

.text           0x06004040     0x3f90
 *(.text)
 .text          0x06004040       0x50 C:\saturn\sgl302j\SAMPLE\common/cinit.o
                0x06004040                main
 .text          0x06004090       0x70 main.o
                0x06004090                ss_main
 .text          0x06004100     0x1670 game.o
                0x06004fe0                loadSpritePos
                0x06004fb0                loadLevel
                0x060051e0                runLevel
 .text          0x06005770      0x1f0 framebuffer.o
                0x06005770                initFramebuffer
                0x060058d0                runFramebuffer
 .text          0x06005960       0xf0 scrollfunctions.o
                0x06005a00                MapRead
                0x06005a20                Pal2CRAM
                0x06005980                Map2VRAM
                0x060059e0                MapWrite
                0x06005960                Cel2VRAM
 .text          0x06005a50       0xd0 spritelist.o
                0x06005ad0                deleteSprite
                0x06005a50                addSprite
                0x06005b00                clearSpriteList
 .text          0x06005b20      0x1c0 tilemap.o
                0x06005b20                initTilemap
                0x06005c80                updateTilemap
 .text          0x06005ce0      0x128 C:\saturn\sgl302j/lib\libsgl.a(sglIc0.o)
                0x06005ce0                slInitSystem
 *fill*         0x06005e08        0x8 00
 .text          0x06005e10       0xc0 c:/saturn/SH_COFF/sh-coff/bin/../lib/gcc/sh-coff/3.4-GNUSH_v0501/m2\libgcc.a(__main.o)
                0x06005e90                __main
                0x06005e10                __do_global_dtors
                0x06005e50                __do_global_ctors
 .text          0x06005ed0      0x110 c:/saturn/SH_COFF/sh-coff/bin/../lib/gcc/sh-coff/3.4-GNUSH_v0501/m2\libgcc.a(_si_to_df.o)
                0x06005ee0                __floatsidf
 .text          0x06005fe0      0x2c0 c:/saturn/SH_COFF/sh-coff/bin/../lib/gcc/sh-coff/3.4-GNUSH_v0501/m2\libgcc.a(_mul_df.o)
                0x06006000                __muldf3
 .text          0x060062a0      0x180 c:/saturn/SH_COFF/sh-coff/bin/../lib/gcc/sh-coff/3.4-GNUSH_v0501/m2\libgcc.a(_div_df.o)
                0x060062b0                __divdf3
 .text          0x06006420       0x90 c:/saturn/SH_COFF/sh-coff/bin/../lib/gcc/sh-coff/3.4-GNUSH_v0501/m2\libgcc.a(_df_to_si.o)
                0x06006420                __fixdfsi
 .text          0x060064b0       0x80 c:/saturn/SH_COFF/sh-coff/bin/../lib/gcc/sh-coff/3.4-GNUSH_v0501/m2\libgcc.a(_ashiftrt_n.o)
                0x060064b0                __ashrsi3
 .text          0x06006530      0x270 c:/saturn/SH_COFF/sh-coff/bin/../lib/gcc/sh-coff/3.4-GNUSH_v0501/m2\libgcc.a(_pack_df.o)
                0x06006550                __pack_d
 .text          0x060067a0      0x160 c:/saturn/SH_COFF/sh-coff/bin/../lib/gcc/sh-coff/3.4-GNUSH_v0501/m2\libgcc.a(_unpack_df.o)
                0x060067c0                __unpack_d
 .text          0x06006900       0x20 c:/saturn/SH_COFF/sh-coff/bin/../lib/gcc/sh-coff/3.4-GNUSH_v0501/m2\libgcc.a(_thenan_df.o)
                0x06006900                __thenan_df
 .text          0x06006920       0x90 c:/saturn/SH_COFF/sh-coff/bin/../lib/gcc/sh-coff/3.4-GNUSH_v0501/m2\libgcc.a(_lshrdi3.o)
                0x06006920                __lshrdi3
 .text          0x060069b0       0x90 c:/saturn/SH_COFF/sh-coff/bin/../lib/gcc/sh-coff/3.4-GNUSH_v0501/m2\libgcc.a(_ashldi3.o)
                0x060069b0                __ashldi3
 .text          0x06006a40       0x90 c:/saturn/SH_COFF/sh-coff/bin/../lib/gcc/sh-coff/3.4-GNUSH_v0501/m2\libgcc.a(_ashiftlt.o)
                0x06006a40                __ashlsi3
 .text          0x06006ad0       0x90 c:/saturn/SH_COFF/sh-coff/bin/../lib/gcc/sh-coff/3.4-GNUSH_v0501/m2\libgcc.a(_lshiftrt.o)
                0x06006ad0                __lshrsi3
 .text          0x06006b60       0xa0 c:/saturn/SH_COFF/sh-coff/bin/../lib/gcc/sh-coff/3.4-GNUSH_v0501/../../../../sh-coff/lib/m2\libc.a(memcpy.o)
                0x06006b60                memcpy
 .text          0x06006c00       0x40 c:/saturn/SH_COFF/sh-coff/bin/../lib/gcc/sh-coff/3.4-GNUSH_v0501/../../../../sh-coff/lib/m2\libc.a(memset.o)
                0x06006c00                memset
 .text          0x06006c40       0xa0 c:/saturn/SH_COFF/sh-coff/bin/../lib/gcc/sh-coff/3.4-GNUSH_v0501/../../../../sh-coff/lib/m2\libc.a(atexit.o)
                0x06006c40                atexit
 .text          0x06006ce0       0x10 c:/saturn/SH_COFF/sh-coff/bin/../lib/gcc/sh-coff/3.4-GNUSH_v0501/../../../../sh-coff/lib/m2\libc.a(impure.o)
                0x06006ce0                _global_impure_ptr
 .text          0x06006cf0       0x40 c:/saturn/SH_COFF/sh-coff/bin/../lib/gcc/sh-coff/3.4-GNUSH_v0501/../../../../sh-coff/lib/m2\libc.a(malloc.o)
                0x06006d10                free
                0x06006cf0                malloc
 .text          0x06006d30      0x680 c:/saturn/SH_COFF/sh-coff/bin/../lib/gcc/sh-coff/3.4-GNUSH_v0501/../../../../sh-coff/lib/m2\libc.a(mallocr.o)
                0x06006d30                _malloc_r
 .text          0x060073b0      0x3b0 c:/saturn/SH_COFF/sh-coff/bin/../lib/gcc/sh-coff/3.4-GNUSH_v0501/../../../../sh-coff/lib/m2\libc.a(freer.o)
                0x060073b0                _malloc_trim_r
                0x060074b0                _free_r
 .text          0x06007760       0x20 c:/saturn/SH_COFF/sh-coff/bin/../lib/gcc/sh-coff/3.4-GNUSH_v0501/../../../../sh-coff/lib/m2\libc.a(mlock.o)
                0x06007760                __malloc_lock
                0x06007770                __malloc_unlock
 .text          0x06007780       0x50 c:/saturn/SH_COFF/sh-coff/bin/../lib/gcc/sh-coff/3.4-GNUSH_v0501/../../../../sh-coff/lib/m2\libc.a(sbrkr.o)
                0x06007780                _sbrk_r
 .text          0x060077d0      0x430 c:/saturn/SH_COFF/sh-coff/bin/../lib/gcc/sh-coff/3.4-GNUSH_v0501/../../../../sh-coff/lib/m2\libc.a(syscalls.o)
                0x06007980                _exit
                0x060079c0                _getpid
                0x06007a40                _utime
                0x06007810                _write
                0x060077d0                _read
                0x06007960                _unlink
                0x06007920                _open
                0x060079e0                _stat
                0x06007970                isatty
                0x06007a80                _wait
                0x060079a0                _kill
                0x06007a00                _chmod
                0x06007ac0                _execv
                0x06007aa0                _execve
                0x06007bc0                __setup_argv_and_call_main
                0x06007b10                _gettimeofday
                0x06007850                _link
                0x060079d0                _raise
                0x06007940                _creat
                0x06007ae0                _pipe
                0x06007a20                _chown
                0x060077f0                _lseek
                0x06007830                _close
                0x06007b00                _times
                0x06007900                _fstat
                0x06007a60                _fork
                0x06007880                _sbrk
 .text          0x06007c00       0x20 c:/saturn/SH_COFF/sh-coff/bin/../lib/gcc/sh-coff/3.4-GNUSH_v0501/../../../../sh-coff/lib/m2\libc.a(trap.o)
                0x06007c00                __trap34
 .text          0x06007c20       0x20 c:/saturn/SH_COFF/sh-coff/bin/../lib/gcc/sh-coff/3.4-GNUSH_v0501/../../../../sh-coff/lib/m2\libc.a(abort.o)
                0x06007c20                abort
 .text          0x06007c40      0x2c0 c:/saturn/SH_COFF/sh-coff/bin/../lib/gcc/sh-coff/3.4-GNUSH_v0501/../../../../sh-coff/lib/m2\libc.a(signal.o)
                0x06007d20                _raise_r
                0x06007ee0                __sigtramp
                0x06007e80                raise
                0x06007ec0                _init_signal
                0x06007e00                __sigtramp_r
                0x06007ea0                signal
                0x06007c90                _signal_r
                0x06007c40                _init_signal_r
 .text          0x06007f00       0x60 c:/saturn/SH_COFF/sh-coff/bin/../lib/gcc/sh-coff/3.4-GNUSH_v0501/../../../../sh-coff/lib/m2\libc.a(signalr.o)
                0x06007f50                _getpid_r
                0x06007f00                _kill_r
 .text          0x06007f60       0x70 c:/saturn/SH_COFF/sh-coff/bin/../lib/gcc/sh-coff/3.4-GNUSH_v0501/m2\libgcc.a(_udivsi3.o)
                0x06007f82                __udivsi3
 *(.strings)
                0x06007fd0                __etext = .

SLPROG          0x06007fe0    0x12420
                0x06007fe0                __slprog_start = .
 *(SLPROG)
 SLPROG         0x06007fe0     0x6540 C:\saturn\sgl302j/lib/sglarea.o
                0x06007ffc                SpriteBuf
                0x06008020                RemainEvent
                0x06007fec                SortList
                0x06007fea                MaxPolygons
                0x06008008                CommandBuf
                0x0600801c                MaxWorks
                0x0600801e                WorkSize
                0x06008014                PCM_WkSize
                0x0600800c                CLOfstBuf
                0x06008120                RemainWork
                0x06008010                PCM_Work
                0x06007fe0                MasterStack
                0x06007fe4                SlaveStack
                0x06007fe8                MaxVertices
                0x06008018                MaxEvents
                0x06007ff8                Zbuffer
                0x06008000                SpriteBufSize
                0x0600a520                WorkBuf
                0x06007ff4                TransList
                0x06008004                Pbuffer
                0x06007ff0                SortListSize
                0x0600801a                EventSize
                0x06008520                EventBuf
 SLPROG         0x0600e520      0xfc8 C:\saturn\sgl302j/lib\libsgl.a(sglH00.o)
                0x0600e5bc                slSetPortData1
                0x0600e5ac                slGetPortData1
                0x0600ed9a                slSetPortMode1
                0x0600efd4                Smpc_Status
                0x0600e572                slSetPortDir2
                0x0600ebb8                slSmpcCashSend
                0x0600e5d8                slGetPortSelect1
                0x0600e9be                slIntBackCancel
                0x0600e670                slSetPortExt1
                0x0600ed80                slGetPortMode1
                0x0600ec74                slSmpcCashBlow
                0x0600ef64                slRequestCommand
                0x0600f004                SmpcStatusBuf
                0x0600e5c6                slSetPortData2
                0x0600e926                slSetResultBuffer
                0x0600e65c                slGetPortExt1
                0x0600e6a0                slSetPortExt2
                0x0600e540                slGetPortDir2
                0x0600e666                slGetPortExt2
                0x0600e9f2                slClearReset
                0x0600e9e8                slCheckReset
                0x0600e548                slSetPortDir1
                0x0600e620                slSetPortSelect2
                0x0600e5ec                slSetPortSelect1
                0x0600ed8c                slGetPortMode2
                0x0600e5e2                slGetPortSelect2
                0x0600e538                slGetPortDir1
                0x0600e5b4                slGetPortData2
                0x0600ed5a                slSetOptimize
                0x0600ed50                slGetOptimize
                0x0600e814                slSmpcDirectAccess
                0x0600efe2                Per_Connect1
                0x0600e894                slInitPeripheral
                0x0600e9b2                slCheckIntBackSet
                0x0600efe3                Per_Connect2
                0x0600efdc                Smpc_Peripheral
                0x0600edd8                slSetPortMode2
                0x0600efd8                Smpc_Result
 *fill*         0x0600f4e8        0x8 00
 SLPROG         0x0600f4f0       0x4e C:\saturn\sgl302j/lib\libsgl.a(sglF00.o)
                0x0600f50a                slLocate
                0x0600f500                slCurColor
                0x0600f53c                CurrentScreen
                0x0600f4f0                slCurScrn
 *fill*         0x0600f53e        0x2 00
 SLPROG         0x0600f540       0x1c C:\saturn\sgl302j/lib\libsgl.a(sglF05.o)
                0x0600f540                slPrint
 *fill*         0x0600f55c        0x4 00
 SLPROG         0x0600f560      0x12a C:\saturn\sgl302j/lib\libsgl.a(sglF03.o)
                0x0600f560                slPrintFX
 *fill*         0x0600f68a        0x6 00
 SLPROG         0x0600f690      0x40c C:\saturn\sgl302j/lib\libsgl.a(sglB015.o)
                0x0600f690                slScrAutoDisp
 *fill*         0x0600fa9c        0x4 00
 SLPROG         0x0600faa0      0x3a4 C:\saturn\sgl302j/lib\libsgl.a(sglI01.o)
                0x0600fc8a                RetPCMBuf
                0x0600fdc4                Sound_Buf
                0x0600faa0                slInitSynch
                0x0600fbb0                slRandom
                0x0600fd24                PCM_Buf
                0x0600faba                slSynch
                0x0600fbce                PCM_EndCheck
 *fill*         0x0600fe44        0xc 00
 SLPROG         0x0600fe50     0x411e C:\saturn\sgl302j/lib\libsgl.a(sglA01.o)
                0x0600ff2c                sin_cos_index_tbl
                0x0600fe50                slSin
                0x0600ff6c                sin_tbl
                0x0600fe98                GetSinCos
                0x0600fe74                slCos
 *fill*         0x06013f6e        0x2 00
 SLPROG         0x06013f70       0x3c C:\saturn\sgl302j/lib\libsgl.a(sglF02.o)
                0x06013f70                slPrintHex
 *fill*         0x06013fac        0x4 00
 SLPROG         0x06013fb0       0xfa C:\saturn\sgl302j/lib\libsgl.a(sglC06.o)
                0x06013fb0                slDispSprite
 *fill*         0x060140aa        0x6 00
 SLPROG         0x060140b0        0xa C:\saturn\sgl302j/lib\libsgl.a(sglA06.o)
                0x060140b0                slMulFX
 *fill*         0x060140ba        0x6 00
 SLPROG         0x060140c0       0x20 C:\saturn\sgl302j/lib\libsgl.a(sglB001.o)
                0x060140c0                slTVOn
                0x060140ca                slTVOff
 SLPROG         0x060140e0       0x84 C:\saturn\sgl302j/lib\libsgl.a(sglD00.o)
                0x060140e0                slDMACopy
                0x060140e0                slCpuDMACopy
                0x0601413a                slCashPurge
                0x0601413a                CSH_AllClr
 *fill*         0x06014164        0xc 00
 SLPROG         0x06014170       0x1e C:\saturn\sgl302j/lib\libsgl.a(sglB002.o)
                0x06014170                slColRAMMode
 *fill*         0x0601418e        0x2 00
 SLPROG         0x06014190        0xc C:\saturn\sgl302j/lib\libsgl.a(sglB016.o)
                0x06014190                slBack1ColSet
 *fill*         0x0601419c        0x4 00
 SLPROG         0x060141a0      0x114 C:\saturn\sgl302j/lib\libsgl.a(sglB200.o)
                0x060141ac                slCharNbg0
                0x060141f2                slPageRbg0
                0x06014208                slPageNbg1
                0x060141b8                slCharNbg1
                0x06014224                slPageNbg0
                0x06014210                slPageNbg2
                0x06014218                slPageNbg3
                0x060141c4                slCharNbg2
                0x060141da                slCharNbg3
                0x060141a0                slCharRbg0
 *fill*         0x060142b4        0xc 00
 SLPROG         0x060142c0       0x10 C:\saturn\sgl302j/lib\libsgl.a(sglB058.o)
                0x060142c0                slPlaneNbg3
 SLPROG         0x060142d0       0xb4 C:\saturn\sgl302j/lib\libsgl.a(sglB034.o)
                0x060142d0                slMapNbg3
 *fill*         0x06014384        0xc 00
 SLPROG         0x06014390       0x10 C:\saturn\sgl302j/lib\libsgl.a(sglB073.o)
                0x06014390                slScrPosNbg3
 SLPROG         0x060143a0        0xc C:\saturn\sgl302j/lib\libsgl.a(sglB063.o)
                0x060143a0                slPriority
 *fill*         0x060143ac        0x4 00
 SLPROG         0x060143b0       0x10 C:\saturn\sgl302j/lib\libsgl.a(sglB020.o)
                0x060143b0                slColorCalc
 SLPROG         0x060143c0        0xc C:\saturn\sgl302j/lib\libsgl.a(sglB023.o)
                0x060143c0                slColRate
 *fill*         0x060143cc        0x4 00
 SLPROG         0x060143d0       0x24 C:\saturn\sgl302j/lib\libsgl.a(sglB011.o)
                0x060143d0                slBitMapNbg1
 *fill*         0x060143f4        0xc 00
 SLPROG         0x06014400        0xc C:\saturn\sgl302j/lib\libsgl.a(sglB071.o)
                0x06014400                slScrPosNbg1
 *fill*         0x0601440c        0x4 00
 SLPROG         0x06014410        0xc C:\saturn\sgl302j/lib\libsgl.a(sglB051.o)
                0x06014410                slZoomMode
 *fill*         0x0601441c        0x4 00
 SLPROG         0x06014420        0xc C:\saturn\sgl302j/lib\libsgl.a(sglB053.o)
                0x06014420                slZoomNbg1
 *fill*         0x0601442c        0x4 00
 SLPROG         0x06014430       0x14 C:\saturn\sgl302j/lib\libsgl.a(sglA07.o)
                0x06014430                slDivFX
 *fill*         0x06014444        0xc 00
 SLPROG         0x06014450       0x38 C:\saturn\sgl302j/lib\libsgl.a(sglA05.o)
                0x06014450                slSquart
                0x0601447c                slSquartFX
 *fill*         0x06014488        0x8 00
 SLPROG         0x06014490     0x20b6 C:\saturn\sgl302j/lib\libsgl.a(sglA04.o)
                0x06014544                atan_tbl
                0x06014490                slAtan
 *fill*         0x06016546        0xa 00
 SLPROG         0x06016550        0xc C:\saturn\sgl302j/lib\libsgl.a(sglB056.o)
                0x06016550                slPlaneNbg1
 *fill*         0x0601655c        0x4 00
 SLPROG         0x06016560       0xb4 C:\saturn\sgl302j/lib\libsgl.a(sglB032.o)
                0x06016560                slMapNbg1
 *fill*         0x06016614        0xc 00
 SLPROG         0x06016620       0x10 C:\saturn\sgl302j/lib\libsgl.a(sglB057.o)
                0x06016620                slPlaneNbg2
 SLPROG         0x06016630       0xb0 C:\saturn\sgl302j/lib\libsgl.a(sglB033.o)
                0x06016630                slMapNbg2
 SLPROG         0x060166e0       0x10 C:\saturn\sgl302j/lib\libsgl.a(sglB072.o)
                0x060166e0                slScrPosNbg2
 SLPROG         0x060166f0       0x20 C:\saturn\sgl302j/lib\libsgl.a(sglA00.o)
                0x06016704                get_imask
                0x060166f0                set_imask
                0x060166f0                _builtin_set_imask
                0x06016704                _builtin_get_imask
 SLPROG         0x06016710       0x74 C:\saturn\sgl302j/lib\libsgl.a(sglJ00.o)
                0x06016710                InitSlaveSH
                0x06016778                SlaveCommand
 *fill*         0x06016784        0xc 00
 SLPROG         0x06016790      0x42c C:\saturn\sgl302j/lib\libsgl.a(sglA20.o)
                0x06016790                slInitMatrix
                0x060167ae                slUnitMatrix
                0x0601679a                slPushUnitMatrix
 *fill*         0x06016bbc        0x4 00
 SLPROG         0x06016bc0      0xbd0 C:\saturn\sgl302j/lib\libsgl.a(sglB000.o)
                0x06016bc0                slInitScroll
                0x06016e20                TVSizeTbl
                0x06016d10                setASC_4to8
                0x06016ea0                TVModeTbl
                0x06016ce0                setASC_1to8
                0x06017078                SGL_ASCII_CG
 SLPROG         0x06017790      0x3d0 C:\saturn\sgl302j/lib\libsgl.a(sglJ01.o)
                0x06017790                SlaveControl
                0x06017b4c                ErasePolygonData
 SLPROG         0x06017b60      0x75c C:\saturn\sgl302j/lib\libsgl.a(sglI00.o)
                0x06017e50                slInitInterrupt
 *fill*         0x060182bc        0x4 00
 SLPROG         0x060182c0      0x134 C:\saturn\sgl302j/lib\libsgl.a(sglC00.o)
                0x060182c0                slInitSprite
 *fill*         0x060183f4        0xc 00
 SLPROG         0x06018400      0x470 C:\saturn\sgl302j/lib\libsgl.a(sglH02.o)
                0x060187f0                smpc_pfr_tbl
                0x06018830                smpc_ptf_tbl
 SLPROG         0x06018870       0x60 C:\saturn\sgl302j/lib\libsgl.a(sglH04.o)
                0x0601889a                slComPrmSetTime
                0x06018870                slComPrmIntBack
                0x06018884                slComPrmSetMemory
 SLPROG         0x060188d0       0x40 C:\saturn\sgl302j/lib\libsgl.a(sglC20.o)
                0x060188d0                SpriteEntry
 SLPROG         0x06018910       0xd4 C:\saturn\sgl302j/lib\libsgl.a(sglB035.o)
                0x06018910                sl1MapRA
                0x060189a2                rbank_set
 *fill*         0x060189e4        0xc 00
 SLPROG         0x060189f0      0x140 C:\saturn\sgl302j/lib\libsgl.a(sglJ03.o)
                0x060189f0                sbMakeDMATable
 SLPROG         0x06018b30     0x12b8 C:\saturn\sgl302j/lib\libsgl.a(sglJ02.o)
                0x06019d64                stvtc_1
                0x06019a9c                stvtc_4
                0x06019a5c                SetPolygon
                0x06019b54                stvtc_3
                0x06019d8c                stvtc_0
                0x06019a64                SetPosition
                0x06018d18                sbCalcPolygon
                0x06019a50                SetTexture
                0x06018b30                sbMakePolygon
                0x06019d78                stvtc_2
 *fill*         0x06019de8        0x8 00
 SLPROG         0x06019df0      0x470 C:\saturn\sgl302j/lib\libsgl.a(sglJ04.o)
                0x06019eb4                sbMakeRotSprite
                0x06019e4e                sbMakeSprite
 SLPROG         0x0601a260       0x3c C:\saturn\sgl302j/lib\libsgl.a(sglJ05.o)
                0x0601a260                sbSortEntry
 *fill*         0x0601a29c        0x4 00
 SLPROG         0x0601a2a0       0xf0 C:\saturn\sgl302j/lib\libsgl.a(sglH03.o)
                0x0601a304                slSmpcIntBack
 SLPROG         0x0601a390       0x6a C:\saturn\sgl302j/lib\libsgl.a(sglM01.o)
                0x0601a3bc                slSetDepthTbl
                0x0601a3ec                DepthWorkArea
                0x0601a390                slSetDepthLimit
                0x0601a3fa                __slprog_end = .

.tors           0x0601a400        0x0
                0x0601a400                ___ctors = .
 *(.ctors)
                0x0601a400                ___ctors_end = .
                0x0601a400                ___dtors = .
 *(.dtors)
                0x0601a400                ___dtors_end = .

.data           0x0601a400    0x2f3b0
 *(.data)
 .data          0x0601a400       0x50 main.o
                0x0601a400                spritepos2
                0x0601a440                spritepos1
 .data          0x0601a450    0x2ead0 assets.o
                0x0603bf50                pal_cloud
                0x06022450                pal_gradient
                0x06046540                texture_sprites010
                0x06045cc0                texture_sprites022
                0x060464c0                texture_sprites011
                0x06022e50                cel_gradient
                0x06046640                texture_sprites008
                0x060463c0                texture_sprites013
                0x06045b50                pic_sprites
                0x06022650                map_gradient
                0x06043150                map_map2
                0x06046a40                texture_sprites003
                0x060462c0                texture_sprites015
                0x06045c08                tex_sprites
                0x06046240                texture_sprites016
                0x060465c0                texture_sprites009
                0x06046c40                texture_sprites002
                0x06046f20                texture_sprites000
                0x0603c950                cel_cloud
                0x0603de50                cel_road
                0x06046340                texture_sprites014
                0x060461c0                texture_sprites017
                0x060460c0                texture_sprites019
                0x0603d650                map_road
                0x060469c0                texture_sprites004
                0x06046ea0                texture_sprites001
                0x06044350                map_face
                0x0603d450                pal_road
                0x0601a450                checkerboard
                0x06043950                map_map1
                0x06046440                texture_sprites012
                0x06046740                texture_sprites006
                0x06046140                texture_sprites018
                0x06045ec0                texture_sprites021
                0x060466c0                texture_sprites007
                0x06044150                pal_face
                0x06044b50                cel_face
                0x0603c150                map_cloud
                0x060467c0                texture_sprites005
 .data          0x06048f20       0x80 game.o
                0x06048f6a                SCLERA_ATTR
                0x06048f56                SHOT_ATTR
                0x06048f38                SPR_SIZE
                0x06048f60                CIRCLE_ATTR
                0x06048f20                scale
                0x06048f74                EYE_ATTR
                0x06048f4c                PUSH_ATTR
                0x06048f24                SPR_ATTRS
                0x06048f7e                PLAYER_ATTR
 .data          0x06048fa0       0x80 C:\saturn\sgl302j/lib\libsgl.a(sglIc0.o)
                0x06048fa0                IntPrioMask
 .data          0x06049020      0x380 c:/saturn/SH_COFF/sh-coff/bin/../lib/gcc/sh-coff/3.4-GNUSH_v0501/../../../../sh-coff/lib/m2\libc.a(impure.o)
                0x0604939c                _impure_ptr
 .data          0x060493a0      0x410 c:/saturn/SH_COFF/sh-coff/bin/../lib/gcc/sh-coff/3.4-GNUSH_v0501/../../../../sh-coff/lib/m2\libc.a(mallocr.o)
                0x060493a8                __malloc_av_
                0x060493a4                __malloc_trim_threshold
                0x060493a0                __malloc_sbrk_base
                0x060497b0                __edata = .

.bss            0x060497b0     0x6d44
                0x060497b0                __bstart = .
 *(.bss)
 .bss           0x060497b0      0x200 assets.o
                0x060497b0                texture_sprites020
 .bss           0x060499b0       0x30 game.o
                0x060499b0                bgMode
                0x060499b4                screenY
                0x060499b8                screenX
                0x060499bc                scaleSpeed
                0x060499c0                playerState
 .bss           0x060499e0       0x10 framebuffer.o
 .bss           0x060499f0       0x10 tilemap.o
                0x060499f4                bg2X
                0x060499f8                bg1Y
                0x060499fc                bg1X
                0x060499f0                bg2Y
 .bss           0x06049a00       0x10 c:/saturn/SH_COFF/sh-coff/bin/../lib/gcc/sh-coff/3.4-GNUSH_v0501/m2\libgcc.a(__main.o)
 .bss           0x06049a10       0x10 c:/saturn/SH_COFF/sh-coff/bin/../lib/gcc/sh-coff/3.4-GNUSH_v0501/../../../../sh-coff/lib/m2\libc.a(atexit.o)
 .bss           0x06049a20       0x40 c:/saturn/SH_COFF/sh-coff/bin/../lib/gcc/sh-coff/3.4-GNUSH_v0501/../../../../sh-coff/lib/m2\libc.a(mallocr.o)
                0x06049a50                __malloc_top_pad
                0x06049a20                __malloc_current_mallinfo
                0x06049a4c                __malloc_max_sbrked_mem
                0x06049a48                __malloc_max_total_mem
 .bss           0x06049a60       0x10 c:/saturn/SH_COFF/sh-coff/bin/../lib/gcc/sh-coff/3.4-GNUSH_v0501/../../../../sh-coff/lib/m2\libc.a(syscalls.o)
 *(COMMON)
 COMMON         0x06049a70     0x2471 game.o
                                  0x0 (size before relaxing)
                0x06049a70                sprites
                0x0604b690                numSprites
                0x0604b6a0                playfield
                0x0604bea0                eye1Index
                0x0604beb0                defaultSprite
                0x0604bed4                bgLayers
                0x0604bed8                eye2Index
                0x0604bedc                gameState
                0x0604bee0                dispFace
 *fill*         0x0604bee1        0xf 00
 COMMON         0x0604bef0     0x4600 framebuffer.o
                                  0x0 (size before relaxing)
                0x0604bef0                screenBuf
                0x0604e1f0                lut
 COMMON         0x060504f0        0x4 c:/saturn/SH_COFF/sh-coff/bin/../lib/gcc/sh-coff/3.4-GNUSH_v0501/../../../../sh-coff/lib/m2\libc.a(syscalls.o)
                                  0x0 (size before relaxing)
                0x060504f0                errno
                0x060504f4                __bend = .
                0x060504f4                _end = .
LOAD C:\saturn\sgl302j\SAMPLE\common/cinit.o
LOAD C:\saturn\sgl302j/lib/sglarea.o
LOAD main.o
LOAD assets.o
LOAD game.o
LOAD framebuffer.o
LOAD scrollfunctions.o
LOAD spritelist.o
LOAD tilemap.o
LOAD C:\saturn\sgl302j/lib\libsgl.a
LOAD c:/saturn/SH_COFF/sh-coff/bin/../lib/gcc/sh-coff/3.4-GNUSH_v0501/m2\libgcc.a
LOAD c:/saturn/SH_COFF/sh-coff/bin/../lib/gcc/sh-coff/3.4-GNUSH_v0501/../../../../sh-coff/lib/m2\libc.a
LOAD c:/saturn/SH_COFF/sh-coff/bin/../lib/gcc/sh-coff/3.4-GNUSH_v0501/m2\libgcc.a
OUTPUT(sl.coff coff-sh)

.comment        0x06050500      0x3a0
 .comment       0x06050500       0x20 C:\saturn\sgl302j\SAMPLE\common/cinit.o
 .comment       0x06050520       0x20 main.o
 .comment       0x06050540       0x20 assets.o
 .comment       0x06050560       0x20 game.o
 .comment       0x06050580       0x20 framebuffer.o
 .comment       0x060505a0       0x20 scrollfunctions.o
 .comment       0x060505c0       0x20 spritelist.o
 .comment       0x060505e0       0x20 tilemap.o
 .comment       0x06050600       0x20 c:/saturn/SH_COFF/sh-coff/bin/../lib/gcc/sh-coff/3.4-GNUSH_v0501/m2\libgcc.a(__main.o)
 .comment       0x06050620       0x20 c:/saturn/SH_COFF/sh-coff/bin/../lib/gcc/sh-coff/3.4-GNUSH_v0501/m2\libgcc.a(_si_to_df.o)
 .comment       0x06050640       0x20 c:/saturn/SH_COFF/sh-coff/bin/../lib/gcc/sh-coff/3.4-GNUSH_v0501/m2\libgcc.a(_mul_df.o)
 .comment       0x06050660       0x20 c:/saturn/SH_COFF/sh-coff/bin/../lib/gcc/sh-coff/3.4-GNUSH_v0501/m2\libgcc.a(_div_df.o)
 .comment       0x06050680       0x20 c:/saturn/SH_COFF/sh-coff/bin/../lib/gcc/sh-coff/3.4-GNUSH_v0501/m2\libgcc.a(_df_to_si.o)
 .comment       0x060506a0       0x20 c:/saturn/SH_COFF/sh-coff/bin/../lib/gcc/sh-coff/3.4-GNUSH_v0501/m2\libgcc.a(_pack_df.o)
 .comment       0x060506c0       0x20 c:/saturn/SH_COFF/sh-coff/bin/../lib/gcc/sh-coff/3.4-GNUSH_v0501/m2\libgcc.a(_unpack_df.o)
 .comment       0x060506e0       0x20 c:/saturn/SH_COFF/sh-coff/bin/../lib/gcc/sh-coff/3.4-GNUSH_v0501/m2\libgcc.a(_thenan_df.o)
 .comment       0x06050700       0x20 c:/saturn/SH_COFF/sh-coff/bin/../lib/gcc/sh-coff/3.4-GNUSH_v0501/m2\libgcc.a(_lshrdi3.o)
 .comment       0x06050720       0x20 c:/saturn/SH_COFF/sh-coff/bin/../lib/gcc/sh-coff/3.4-GNUSH_v0501/m2\libgcc.a(_ashldi3.o)
 .comment       0x06050740       0x20 c:/saturn/SH_COFF/sh-coff/bin/../lib/gcc/sh-coff/3.4-GNUSH_v0501/../../../../sh-coff/lib/m2\libc.a(atexit.o)
 .comment       0x06050760       0x20 c:/saturn/SH_COFF/sh-coff/bin/../lib/gcc/sh-coff/3.4-GNUSH_v0501/../../../../sh-coff/lib/m2\libc.a(impure.o)
 .comment       0x06050780       0x20 c:/saturn/SH_COFF/sh-coff/bin/../lib/gcc/sh-coff/3.4-GNUSH_v0501/../../../../sh-coff/lib/m2\libc.a(malloc.o)
 .comment       0x060507a0       0x20 c:/saturn/SH_COFF/sh-coff/bin/../lib/gcc/sh-coff/3.4-GNUSH_v0501/../../../../sh-coff/lib/m2\libc.a(mallocr.o)
 .comment       0x060507c0       0x20 c:/saturn/SH_COFF/sh-coff/bin/../lib/gcc/sh-coff/3.4-GNUSH_v0501/../../../../sh-coff/lib/m2\libc.a(freer.o)
 .comment       0x060507e0       0x20 c:/saturn/SH_COFF/sh-coff/bin/../lib/gcc/sh-coff/3.4-GNUSH_v0501/../../../../sh-coff/lib/m2\libc.a(mlock.o)
 .comment       0x06050800       0x20 c:/saturn/SH_COFF/sh-coff/bin/../lib/gcc/sh-coff/3.4-GNUSH_v0501/../../../../sh-coff/lib/m2\libc.a(sbrkr.o)
 .comment       0x06050820       0x20 c:/saturn/SH_COFF/sh-coff/bin/../lib/gcc/sh-coff/3.4-GNUSH_v0501/../../../../sh-coff/lib/m2\libc.a(syscalls.o)
 .comment       0x06050840       0x20 c:/saturn/SH_COFF/sh-coff/bin/../lib/gcc/sh-coff/3.4-GNUSH_v0501/../../../../sh-coff/lib/m2\libc.a(abort.o)
 .comment       0x06050860       0x20 c:/saturn/SH_COFF/sh-coff/bin/../lib/gcc/sh-coff/3.4-GNUSH_v0501/../../../../sh-coff/lib/m2\libc.a(signal.o)
 .comment       0x06050880       0x20 c:/saturn/SH_COFF/sh-coff/bin/../lib/gcc/sh-coff/3.4-GNUSH_v0501/../../../../sh-coff/lib/m2\libc.a(signalr.o)
