Archive member included because of file (symbol)

C:\saturn\sgl302j/lib\libsgl.a(sglH00.o)
                              main.o (Smpc_Peripheral)
C:\saturn\sgl302j/lib\libsgl.a(sglB078.o)
                              main.o (slLookR)
C:\saturn\sgl302j/lib\libsgl.a(sglB054.o)
                              main.o (slZoomR)
C:\saturn\sgl302j/lib\libsgl.a(sglF00.o)
                              main.o (slLocate)
C:\saturn\sgl302j/lib\libsgl.a(sglF03.o)
                              main.o (slPrintFX)
C:\saturn\sgl302j/lib\libsgl.a(sglA07.o)
                              main.o (slDivFX)
C:\saturn\sgl302j/lib\libsgl.a(sglA06.o)
                              main.o (slMulFX)
C:\saturn\sgl302j/lib\libsgl.a(sglC06.o)
                              main.o (slDispSprite)
C:\saturn\sgl302j/lib\libsgl.a(sglIc0.o)
                              main.o (slInitSystem)
C:\saturn\sgl302j/lib\libsgl.a(sglB001.o)
                              main.o (slTVOn)
C:\saturn\sgl302j/lib\libsgl.a(sglD00.o)
                              main.o (slDMACopy)
C:\saturn\sgl302j/lib\libsgl.a(sglB002.o)
                              main.o (slColRAMMode)
C:\saturn\sgl302j/lib\libsgl.a(sglB016.o)
                              main.o (slBack1ColSet)
C:\saturn\sgl302j/lib\libsgl.a(sglB038.o)
                              main.o (slRparaInitSet)
C:\saturn\sgl302j/lib\libsgl.a(sglB200.o)
                              main.o (slCharRbg0)
C:\saturn\sgl302j/lib\libsgl.a(sglB059.o)
                              main.o (slPlaneRA)
C:\saturn\sgl302j/lib\libsgl.a(sglB035.o)
                              main.o (sl1MapRA)
C:\saturn\sgl302j/lib\libsgl.a(sglB047.o)
                              main.o (slOverRA)
C:\saturn\sgl302j/lib\libsgl.a(sglB079.o)
                              main.o (slDispCenterR)
C:\saturn\sgl302j/lib\libsgl.a(sglB015.o)
                              main.o (slScrAutoDisp)
C:\saturn\sgl302j/lib\libsgl.a(sglI01.o)
                              C:\saturn\sgl302j/lib\libsgl.a(sglIc0.o) (slInitSynch)
C:\saturn\sgl302j/lib\libsgl.a(sglH02.o)
                              C:\saturn\sgl302j/lib\libsgl.a(sglH00.o) (smpc_pfr_tbl)
C:\saturn\sgl302j/lib\libsgl.a(sglH04.o)
                              C:\saturn\sgl302j/lib\libsgl.a(sglH00.o) (slComPrmIntBack)
C:\saturn\sgl302j/lib\libsgl.a(sglC20.o)
                              C:\saturn\sgl302j/lib\libsgl.a(sglC06.o) (SpriteEntry)
C:\saturn\sgl302j/lib\libsgl.a(sglA01.o)
                              C:\saturn\sgl302j/lib\libsgl.a(sglC06.o) (sin_tbl)
C:\saturn\sgl302j/lib\libsgl.a(sglA00.o)
                              C:\saturn\sgl302j/lib\libsgl.a(sglIc0.o) (_builtin_set_imask)
C:\saturn\sgl302j/lib\libsgl.a(sglK01.o)
                              C:\saturn\sgl302j/lib\libsgl.a(sglIc0.o) (SynchCount)
C:\saturn\sgl302j/lib\libsgl.a(sglJ00.o)
                              C:\saturn\sgl302j/lib\libsgl.a(sglIc0.o) (InitSlaveSH)
C:\saturn\sgl302j/lib\libsgl.a(sglA20.o)
                              C:\saturn\sgl302j/lib\libsgl.a(sglIc0.o) (slInitMatrix)
C:\saturn\sgl302j/lib\libsgl.a(sglB000.o)
                              C:\saturn\sgl302j/lib\libsgl.a(sglIc0.o) (slInitScroll)
C:\saturn\sgl302j/lib\libsgl.a(sglJ01.o)
                              C:\saturn\sgl302j/lib\libsgl.a(sglIc0.o) (SlaveControl)
C:\saturn\sgl302j/lib\libsgl.a(sglI00.o)
                              C:\saturn\sgl302j/lib\libsgl.a(sglIc0.o) (slInitInterrupt)
C:\saturn\sgl302j/lib\libsgl.a(sglC00.o)
                              C:\saturn\sgl302j/lib\libsgl.a(sglIc0.o) (slInitSprite)
C:\saturn\sgl302j/lib\libsgl.a(sglJ03.o)
                              C:\saturn\sgl302j/lib\libsgl.a(sglJ01.o) (sbMakeDMATable)
C:\saturn\sgl302j/lib\libsgl.a(sglJ02.o)
                              C:\saturn\sgl302j/lib\libsgl.a(sglJ01.o) (sbMakePolygon)
C:\saturn\sgl302j/lib\libsgl.a(sglJ04.o)
                              C:\saturn\sgl302j/lib\libsgl.a(sglJ01.o) (sbMakeSprite)
C:\saturn\sgl302j/lib\libsgl.a(sglJ05.o)
                              C:\saturn\sgl302j/lib\libsgl.a(sglJ01.o) (sbSortEntry)
C:\saturn\sgl302j/lib\libsgl.a(sglH03.o)
                              C:\saturn\sgl302j/lib\libsgl.a(sglI00.o) (slSmpcIntBack)
C:\saturn\sgl302j/lib\libsgl.a(sglM01.o)
                              C:\saturn\sgl302j/lib\libsgl.a(sglJ02.o) (DepthWorkArea)
c:/Program Files (x86)/KPIT/SH_COFF/sh-coff/bin/../lib/gcc/sh-coff/3.4-GNUSH_v0501/m2\libgcc.a(__main.o)
                              C:\saturn\sgl302j\SAMPLE\common/cinit.o (__main)
c:/Program Files (x86)/KPIT/SH_COFF/sh-coff/bin/../lib/gcc/sh-coff/3.4-GNUSH_v0501/m2\libgcc.a(_ashiftrt_n.o)
                              main.o (__ashrsi3)
c:/Program Files (x86)/KPIT/SH_COFF/sh-coff/bin/../lib/gcc/sh-coff/3.4-GNUSH_v0501/../../../../sh-coff/lib/m2\libc.a(memcpy.o)
                              main.o (memcpy)
c:/Program Files (x86)/KPIT/SH_COFF/sh-coff/bin/../lib/gcc/sh-coff/3.4-GNUSH_v0501/../../../../sh-coff/lib/m2\libc.a(atexit.o)
                              c:/Program Files (x86)/KPIT/SH_COFF/sh-coff/bin/../lib/gcc/sh-coff/3.4-GNUSH_v0501/m2\libgcc.a(__main.o) (atexit)
c:/Program Files (x86)/KPIT/SH_COFF/sh-coff/bin/../lib/gcc/sh-coff/3.4-GNUSH_v0501/../../../../sh-coff/lib/m2\libc.a(impure.o)
                              c:/Program Files (x86)/KPIT/SH_COFF/sh-coff/bin/../lib/gcc/sh-coff/3.4-GNUSH_v0501/../../../../sh-coff/lib/m2\libc.a(atexit.o) (_impure_ptr)
c:/Program Files (x86)/KPIT/SH_COFF/sh-coff/bin/../lib/gcc/sh-coff/3.4-GNUSH_v0501/../../../../sh-coff/lib/m2\libc.a(malloc.o)
                              c:/Program Files (x86)/KPIT/SH_COFF/sh-coff/bin/../lib/gcc/sh-coff/3.4-GNUSH_v0501/../../../../sh-coff/lib/m2\libc.a(atexit.o) (malloc)
c:/Program Files (x86)/KPIT/SH_COFF/sh-coff/bin/../lib/gcc/sh-coff/3.4-GNUSH_v0501/../../../../sh-coff/lib/m2\libc.a(mallocr.o)
                              c:/Program Files (x86)/KPIT/SH_COFF/sh-coff/bin/../lib/gcc/sh-coff/3.4-GNUSH_v0501/../../../../sh-coff/lib/m2\libc.a(malloc.o) (_malloc_r)
c:/Program Files (x86)/KPIT/SH_COFF/sh-coff/bin/../lib/gcc/sh-coff/3.4-GNUSH_v0501/../../../../sh-coff/lib/m2\libc.a(freer.o)
                              c:/Program Files (x86)/KPIT/SH_COFF/sh-coff/bin/../lib/gcc/sh-coff/3.4-GNUSH_v0501/../../../../sh-coff/lib/m2\libc.a(malloc.o) (_free_r)
c:/Program Files (x86)/KPIT/SH_COFF/sh-coff/bin/../lib/gcc/sh-coff/3.4-GNUSH_v0501/../../../../sh-coff/lib/m2\libc.a(mlock.o)
                              c:/Program Files (x86)/KPIT/SH_COFF/sh-coff/bin/../lib/gcc/sh-coff/3.4-GNUSH_v0501/../../../../sh-coff/lib/m2\libc.a(mallocr.o) (__malloc_lock)
c:/Program Files (x86)/KPIT/SH_COFF/sh-coff/bin/../lib/gcc/sh-coff/3.4-GNUSH_v0501/../../../../sh-coff/lib/m2\libc.a(sbrkr.o)
                              c:/Program Files (x86)/KPIT/SH_COFF/sh-coff/bin/../lib/gcc/sh-coff/3.4-GNUSH_v0501/../../../../sh-coff/lib/m2\libc.a(mallocr.o) (_sbrk_r)
c:/Program Files (x86)/KPIT/SH_COFF/sh-coff/bin/../lib/gcc/sh-coff/3.4-GNUSH_v0501/../../../../sh-coff/lib/m2\libc.a(syscalls.o)
                              c:/Program Files (x86)/KPIT/SH_COFF/sh-coff/bin/../lib/gcc/sh-coff/3.4-GNUSH_v0501/../../../../sh-coff/lib/m2\libc.a(sbrkr.o) (_sbrk)
c:/Program Files (x86)/KPIT/SH_COFF/sh-coff/bin/../lib/gcc/sh-coff/3.4-GNUSH_v0501/../../../../sh-coff/lib/m2\libc.a(trap.o)
                              c:/Program Files (x86)/KPIT/SH_COFF/sh-coff/bin/../lib/gcc/sh-coff/3.4-GNUSH_v0501/../../../../sh-coff/lib/m2\libc.a(syscalls.o) (__trap34)
c:/Program Files (x86)/KPIT/SH_COFF/sh-coff/bin/../lib/gcc/sh-coff/3.4-GNUSH_v0501/../../../../sh-coff/lib/m2\libc.a(abort.o)
                              c:/Program Files (x86)/KPIT/SH_COFF/sh-coff/bin/../lib/gcc/sh-coff/3.4-GNUSH_v0501/../../../../sh-coff/lib/m2\libc.a(syscalls.o) (abort)
c:/Program Files (x86)/KPIT/SH_COFF/sh-coff/bin/../lib/gcc/sh-coff/3.4-GNUSH_v0501/../../../../sh-coff/lib/m2\libc.a(signal.o)
                              c:/Program Files (x86)/KPIT/SH_COFF/sh-coff/bin/../lib/gcc/sh-coff/3.4-GNUSH_v0501/../../../../sh-coff/lib/m2\libc.a(abort.o) (raise)
c:/Program Files (x86)/KPIT/SH_COFF/sh-coff/bin/../lib/gcc/sh-coff/3.4-GNUSH_v0501/../../../../sh-coff/lib/m2\libc.a(signalr.o)
                              c:/Program Files (x86)/KPIT/SH_COFF/sh-coff/bin/../lib/gcc/sh-coff/3.4-GNUSH_v0501/../../../../sh-coff/lib/m2\libc.a(signal.o) (_kill_r)
c:/Program Files (x86)/KPIT/SH_COFF/sh-coff/bin/../lib/gcc/sh-coff/3.4-GNUSH_v0501/m2\libgcc.a(_ashiftlt.o)
                              c:/Program Files (x86)/KPIT/SH_COFF/sh-coff/bin/../lib/gcc/sh-coff/3.4-GNUSH_v0501/../../../../sh-coff/lib/m2\libc.a(mallocr.o) (__ashlsi3)
c:/Program Files (x86)/KPIT/SH_COFF/sh-coff/bin/../lib/gcc/sh-coff/3.4-GNUSH_v0501/m2\libgcc.a(_udivsi3.o)
                              c:/Program Files (x86)/KPIT/SH_COFF/sh-coff/bin/../lib/gcc/sh-coff/3.4-GNUSH_v0501/../../../../sh-coff/lib/m2\libc.a(freer.o) (__udivsi3)

Allocating common symbols
Common symbol       size              file

sprites             0x15e0            main.o
errno               0x4               c:/Program Files (x86)/KPIT/SH_COFF/sh-coff/bin/../lib/gcc/sh-coff/3.4-GNUSH_v0501/../../../../sh-coff/lib/m2\libc.a(syscalls.o)

Memory Configuration

Name             Origin             Length             Attributes
*default*        0x00000000         0xffffffff

Linker script and memory map


SLSTART         0x06004000       0x30
                0x06004000                ___Start = .
 *(SLSTART)
 SLSTART        0x06004000       0x28 C:\saturn\sgl302j/lib\libsgl.a(sglI00.o)
                0x06004002                slStartSGL
                0x06004000                SGL_Start

.text           0x06004040     0x1d60
 *(.text)
 .text          0x06004040       0x50 C:\saturn\sgl302j\SAMPLE\common/cinit.o
                0x06004040                main
 .text          0x06004090      0x530 main.o
                0x060043f0                ss_main
                0x060040a0                handleInput
                0x060041d0                updateBG
                0x06004150                initSprites
                0x06004090                DEFAULT_ATTR
                0x06004330                dispSprites
 .text          0x060045c0       0xb0 scrollfunctions.o
                0x06004640                Pal2CRAM
                0x060045e0                Map2VRAM
                0x060045c0                Cel2VRAM
 .text          0x06004670      0x128 C:\saturn\sgl302j/lib\libsgl.a(sglIc0.o)
                0x06004670                slInitSystem
 *fill*         0x06004798        0x8 00
 .text          0x060047a0       0xc0 c:/Program Files (x86)/KPIT/SH_COFF/sh-coff/bin/../lib/gcc/sh-coff/3.4-GNUSH_v0501/m2\libgcc.a(__main.o)
                0x06004820                __main
                0x060047a0                __do_global_dtors
                0x060047e0                __do_global_ctors
 .text          0x06004860       0x80 c:/Program Files (x86)/KPIT/SH_COFF/sh-coff/bin/../lib/gcc/sh-coff/3.4-GNUSH_v0501/m2\libgcc.a(_ashiftrt_n.o)
                0x06004860                __ashrsi3
 .text          0x060048e0       0xa0 c:/Program Files (x86)/KPIT/SH_COFF/sh-coff/bin/../lib/gcc/sh-coff/3.4-GNUSH_v0501/../../../../sh-coff/lib/m2\libc.a(memcpy.o)
                0x060048e0                memcpy
 .text          0x06004980       0xa0 c:/Program Files (x86)/KPIT/SH_COFF/sh-coff/bin/../lib/gcc/sh-coff/3.4-GNUSH_v0501/../../../../sh-coff/lib/m2\libc.a(atexit.o)
                0x06004980                atexit
 .text          0x06004a20       0x10 c:/Program Files (x86)/KPIT/SH_COFF/sh-coff/bin/../lib/gcc/sh-coff/3.4-GNUSH_v0501/../../../../sh-coff/lib/m2\libc.a(impure.o)
                0x06004a20                _global_impure_ptr
 .text          0x06004a30       0x40 c:/Program Files (x86)/KPIT/SH_COFF/sh-coff/bin/../lib/gcc/sh-coff/3.4-GNUSH_v0501/../../../../sh-coff/lib/m2\libc.a(malloc.o)
                0x06004a50                free
                0x06004a30                malloc
 .text          0x06004a70      0x680 c:/Program Files (x86)/KPIT/SH_COFF/sh-coff/bin/../lib/gcc/sh-coff/3.4-GNUSH_v0501/../../../../sh-coff/lib/m2\libc.a(mallocr.o)
                0x06004a70                _malloc_r
 .text          0x060050f0      0x3b0 c:/Program Files (x86)/KPIT/SH_COFF/sh-coff/bin/../lib/gcc/sh-coff/3.4-GNUSH_v0501/../../../../sh-coff/lib/m2\libc.a(freer.o)
                0x060050f0                _malloc_trim_r
                0x060051f0                _free_r
 .text          0x060054a0       0x20 c:/Program Files (x86)/KPIT/SH_COFF/sh-coff/bin/../lib/gcc/sh-coff/3.4-GNUSH_v0501/../../../../sh-coff/lib/m2\libc.a(mlock.o)
                0x060054a0                __malloc_lock
                0x060054b0                __malloc_unlock
 .text          0x060054c0       0x50 c:/Program Files (x86)/KPIT/SH_COFF/sh-coff/bin/../lib/gcc/sh-coff/3.4-GNUSH_v0501/../../../../sh-coff/lib/m2\libc.a(sbrkr.o)
                0x060054c0                _sbrk_r
 .text          0x06005510      0x430 c:/Program Files (x86)/KPIT/SH_COFF/sh-coff/bin/../lib/gcc/sh-coff/3.4-GNUSH_v0501/../../../../sh-coff/lib/m2\libc.a(syscalls.o)
                0x060056c0                _exit
                0x06005700                _getpid
                0x06005780                _utime
                0x06005550                _write
                0x06005510                _read
                0x060056a0                _unlink
                0x06005660                _open
                0x06005720                _stat
                0x060056b0                isatty
                0x060057c0                _wait
                0x060056e0                _kill
                0x06005740                _chmod
                0x06005800                _execv
                0x060057e0                _execve
                0x06005900                __setup_argv_and_call_main
                0x06005850                _gettimeofday
                0x06005590                _link
                0x06005710                _raise
                0x06005680                _creat
                0x06005820                _pipe
                0x06005760                _chown
                0x06005530                _lseek
                0x06005570                _close
                0x06005840                _times
                0x06005640                _fstat
                0x060057a0                _fork
                0x060055c0                _sbrk
 .text          0x06005940       0x20 c:/Program Files (x86)/KPIT/SH_COFF/sh-coff/bin/../lib/gcc/sh-coff/3.4-GNUSH_v0501/../../../../sh-coff/lib/m2\libc.a(trap.o)
                0x06005940                __trap34
 .text          0x06005960       0x20 c:/Program Files (x86)/KPIT/SH_COFF/sh-coff/bin/../lib/gcc/sh-coff/3.4-GNUSH_v0501/../../../../sh-coff/lib/m2\libc.a(abort.o)
                0x06005960                abort
 .text          0x06005980      0x2c0 c:/Program Files (x86)/KPIT/SH_COFF/sh-coff/bin/../lib/gcc/sh-coff/3.4-GNUSH_v0501/../../../../sh-coff/lib/m2\libc.a(signal.o)
                0x06005a60                _raise_r
                0x06005c20                __sigtramp
                0x06005bc0                raise
                0x06005c00                _init_signal
                0x06005b40                __sigtramp_r
                0x06005be0                signal
                0x060059d0                _signal_r
                0x06005980                _init_signal_r
 .text          0x06005c40       0x60 c:/Program Files (x86)/KPIT/SH_COFF/sh-coff/bin/../lib/gcc/sh-coff/3.4-GNUSH_v0501/../../../../sh-coff/lib/m2\libc.a(signalr.o)
                0x06005c90                _getpid_r
                0x06005c40                _kill_r
 .text          0x06005ca0       0x90 c:/Program Files (x86)/KPIT/SH_COFF/sh-coff/bin/../lib/gcc/sh-coff/3.4-GNUSH_v0501/m2\libgcc.a(_ashiftlt.o)
                0x06005ca0                __ashlsi3
 .text          0x06005d30       0x70 c:/Program Files (x86)/KPIT/SH_COFF/sh-coff/bin/../lib/gcc/sh-coff/3.4-GNUSH_v0501/m2\libgcc.a(_udivsi3.o)
                0x06005d52                __udivsi3
 *(.strings)
                0x06005da0                __etext = .

SLPROG          0x06005da0    0x100b0
                0x06005da0                __slprog_start = .
 *(SLPROG)
 SLPROG         0x06005da0     0x6540 C:\saturn\sgl302j/lib/sglarea.o
                0x06005dbc                SpriteBuf
                0x06005de0                RemainEvent
                0x06005dac                SortList
                0x06005daa                MaxPolygons
                0x06005dc8                CommandBuf
                0x06005ddc                MaxWorks
                0x06005dde                WorkSize
                0x06005dd4                PCM_WkSize
                0x06005dcc                CLOfstBuf
                0x06005ee0                RemainWork
                0x06005dd0                PCM_Work
                0x06005da0                MasterStack
                0x06005da4                SlaveStack
                0x06005da8                MaxVertices
                0x06005dd8                MaxEvents
                0x06005db8                Zbuffer
                0x06005dc0                SpriteBufSize
                0x060082e0                WorkBuf
                0x06005db4                TransList
                0x06005dc4                Pbuffer
                0x06005db0                SortListSize
                0x06005dda                EventSize
                0x060062e0                EventBuf
 SLPROG         0x0600c2e0      0xfc8 C:\saturn\sgl302j/lib\libsgl.a(sglH00.o)
                0x0600c37c                slSetPortData1
                0x0600c36c                slGetPortData1
                0x0600cb5a                slSetPortMode1
                0x0600cd94                Smpc_Status
                0x0600c332                slSetPortDir2
                0x0600c978                slSmpcCashSend
                0x0600c398                slGetPortSelect1
                0x0600c77e                slIntBackCancel
                0x0600c430                slSetPortExt1
                0x0600cb40                slGetPortMode1
                0x0600ca34                slSmpcCashBlow
                0x0600cd24                slRequestCommand
                0x0600cdc4                SmpcStatusBuf
                0x0600c386                slSetPortData2
                0x0600c6e6                slSetResultBuffer
                0x0600c41c                slGetPortExt1
                0x0600c460                slSetPortExt2
                0x0600c300                slGetPortDir2
                0x0600c426                slGetPortExt2
                0x0600c7b2                slClearReset
                0x0600c7a8                slCheckReset
                0x0600c308                slSetPortDir1
                0x0600c3e0                slSetPortSelect2
                0x0600c3ac                slSetPortSelect1
                0x0600cb4c                slGetPortMode2
                0x0600c3a2                slGetPortSelect2
                0x0600c2f8                slGetPortDir1
                0x0600c374                slGetPortData2
                0x0600cb1a                slSetOptimize
                0x0600cb10                slGetOptimize
                0x0600c5d4                slSmpcDirectAccess
                0x0600cda2                Per_Connect1
                0x0600c654                slInitPeripheral
                0x0600c772                slCheckIntBackSet
                0x0600cda3                Per_Connect2
                0x0600cd9c                Smpc_Peripheral
                0x0600cb98                slSetPortMode2
                0x0600cd98                Smpc_Result
 *fill*         0x0600d2a8        0x8 00
 SLPROG         0x0600d2b0       0x20 C:\saturn\sgl302j/lib\libsgl.a(sglB078.o)
                0x0600d2b0                slLookR
 SLPROG         0x0600d2d0        0xc C:\saturn\sgl302j/lib\libsgl.a(sglB054.o)
                0x0600d2d0                slZoomR
 *fill*         0x0600d2dc        0x4 00
 SLPROG         0x0600d2e0       0x4e C:\saturn\sgl302j/lib\libsgl.a(sglF00.o)
                0x0600d2fa                slLocate
                0x0600d2f0                slCurColor
                0x0600d32c                CurrentScreen
                0x0600d2e0                slCurScrn
 *fill*         0x0600d32e        0x2 00
 SLPROG         0x0600d330      0x12a C:\saturn\sgl302j/lib\libsgl.a(sglF03.o)
                0x0600d330                slPrintFX
 *fill*         0x0600d45a        0x6 00
 SLPROG         0x0600d460       0x14 C:\saturn\sgl302j/lib\libsgl.a(sglA07.o)
                0x0600d460                slDivFX
 *fill*         0x0600d474        0xc 00
 SLPROG         0x0600d480        0xa C:\saturn\sgl302j/lib\libsgl.a(sglA06.o)
                0x0600d480                slMulFX
 *fill*         0x0600d48a        0x6 00
 SLPROG         0x0600d490       0xfa C:\saturn\sgl302j/lib\libsgl.a(sglC06.o)
                0x0600d490                slDispSprite
 *fill*         0x0600d58a        0x6 00
 SLPROG         0x0600d590       0x20 C:\saturn\sgl302j/lib\libsgl.a(sglB001.o)
                0x0600d590                slTVOn
                0x0600d59a                slTVOff
 SLPROG         0x0600d5b0       0x84 C:\saturn\sgl302j/lib\libsgl.a(sglD00.o)
                0x0600d5b0                slDMACopy
                0x0600d5b0                slCpuDMACopy
                0x0600d60a                slCashPurge
                0x0600d60a                CSH_AllClr
 *fill*         0x0600d634        0xc 00
 SLPROG         0x0600d640       0x1e C:\saturn\sgl302j/lib\libsgl.a(sglB002.o)
                0x0600d640                slColRAMMode
 *fill*         0x0600d65e        0x2 00
 SLPROG         0x0600d660        0xc C:\saturn\sgl302j/lib\libsgl.a(sglB016.o)
                0x0600d660                slBack1ColSet
 *fill*         0x0600d66c        0x4 00
 SLPROG         0x0600d670       0x70 C:\saturn\sgl302j/lib\libsgl.a(sglB038.o)
                0x0600d670                slRparaInitSet
 SLPROG         0x0600d6e0      0x114 C:\saturn\sgl302j/lib\libsgl.a(sglB200.o)
                0x0600d6ec                slCharNbg0
                0x0600d732                slPageRbg0
                0x0600d748                slPageNbg1
                0x0600d6f8                slCharNbg1
                0x0600d764                slPageNbg0
                0x0600d750                slPageNbg2
                0x0600d758                slPageNbg3
                0x0600d704                slCharNbg2
                0x0600d71a                slCharNbg3
                0x0600d6e0                slCharRbg0
 *fill*         0x0600d7f4        0xc 00
 SLPROG         0x0600d800        0xc C:\saturn\sgl302j/lib\libsgl.a(sglB059.o)
                0x0600d800                slPlaneRA
 *fill*         0x0600d80c        0x4 00
 SLPROG         0x0600d810       0xd4 C:\saturn\sgl302j/lib\libsgl.a(sglB035.o)
                0x0600d810                sl1MapRA
                0x0600d8a2                rbank_set
 *fill*         0x0600d8e4        0xc 00
 SLPROG         0x0600d8f0        0xc C:\saturn\sgl302j/lib\libsgl.a(sglB047.o)
                0x0600d8f0                slOverRA
 *fill*         0x0600d8fc        0x4 00
 SLPROG         0x0600d900       0x34 C:\saturn\sgl302j/lib\libsgl.a(sglB079.o)
                0x0600d900                slDispCenterR
 *fill*         0x0600d934        0xc 00
 SLPROG         0x0600d940      0x40c C:\saturn\sgl302j/lib\libsgl.a(sglB015.o)
                0x0600d940                slScrAutoDisp
 *fill*         0x0600dd4c        0x4 00
 SLPROG         0x0600dd50      0x3a4 C:\saturn\sgl302j/lib\libsgl.a(sglI01.o)
                0x0600df3a                RetPCMBuf
                0x0600e074                Sound_Buf
                0x0600dd50                slInitSynch
                0x0600de60                slRandom
                0x0600dfd4                PCM_Buf
                0x0600dd6a                slSynch
                0x0600de7e                PCM_EndCheck
 *fill*         0x0600e0f4        0xc 00
 SLPROG         0x0600e100      0x470 C:\saturn\sgl302j/lib\libsgl.a(sglH02.o)
                0x0600e4f0                smpc_pfr_tbl
                0x0600e530                smpc_ptf_tbl
 SLPROG         0x0600e570       0x60 C:\saturn\sgl302j/lib\libsgl.a(sglH04.o)
                0x0600e59a                slComPrmSetTime
                0x0600e570                slComPrmIntBack
                0x0600e584                slComPrmSetMemory
 SLPROG         0x0600e5d0       0x40 C:\saturn\sgl302j/lib\libsgl.a(sglC20.o)
                0x0600e5d0                SpriteEntry
 SLPROG         0x0600e610     0x411e C:\saturn\sgl302j/lib\libsgl.a(sglA01.o)
                0x0600e6ec                sin_cos_index_tbl
                0x0600e610                slSin
                0x0600e72c                sin_tbl
                0x0600e658                GetSinCos
                0x0600e634                slCos
 *fill*         0x0601272e        0x2 00
 SLPROG         0x06012730       0x20 C:\saturn\sgl302j/lib\libsgl.a(sglA00.o)
                0x06012744                get_imask
                0x06012730                set_imask
                0x06012730                _builtin_set_imask
                0x06012744                _builtin_get_imask
 SLPROG         0x06012750       0x74 C:\saturn\sgl302j/lib\libsgl.a(sglJ00.o)
                0x06012750                InitSlaveSH
                0x060127b8                SlaveCommand
 *fill*         0x060127c4        0xc 00
 SLPROG         0x060127d0      0x42c C:\saturn\sgl302j/lib\libsgl.a(sglA20.o)
                0x060127d0                slInitMatrix
                0x060127ee                slUnitMatrix
                0x060127da                slPushUnitMatrix
 *fill*         0x06012bfc        0x4 00
 SLPROG         0x06012c00      0xbd0 C:\saturn\sgl302j/lib\libsgl.a(sglB000.o)
                0x06012c00                slInitScroll
                0x06012e60                TVSizeTbl
                0x06012d50                setASC_4to8
                0x06012ee0                TVModeTbl
                0x06012d20                setASC_1to8
                0x060130b8                SGL_ASCII_CG
 SLPROG         0x060137d0      0x3d0 C:\saturn\sgl302j/lib\libsgl.a(sglJ01.o)
                0x060137d0                SlaveControl
                0x06013b8c                ErasePolygonData
 SLPROG         0x06013ba0      0x75c C:\saturn\sgl302j/lib\libsgl.a(sglI00.o)
                0x06013e90                slInitInterrupt
 *fill*         0x060142fc        0x4 00
 SLPROG         0x06014300      0x134 C:\saturn\sgl302j/lib\libsgl.a(sglC00.o)
                0x06014300                slInitSprite
 *fill*         0x06014434        0xc 00
 SLPROG         0x06014440      0x140 C:\saturn\sgl302j/lib\libsgl.a(sglJ03.o)
                0x06014440                sbMakeDMATable
 SLPROG         0x06014580     0x12b8 C:\saturn\sgl302j/lib\libsgl.a(sglJ02.o)
                0x060157b4                stvtc_1
                0x060154ec                stvtc_4
                0x060154ac                SetPolygon
                0x060155a4                stvtc_3
                0x060157dc                stvtc_0
                0x060154b4                SetPosition
                0x06014768                sbCalcPolygon
                0x060154a0                SetTexture
                0x06014580                sbMakePolygon
                0x060157c8                stvtc_2
 *fill*         0x06015838        0x8 00
 SLPROG         0x06015840      0x470 C:\saturn\sgl302j/lib\libsgl.a(sglJ04.o)
                0x06015904                sbMakeRotSprite
                0x0601589e                sbMakeSprite
 SLPROG         0x06015cb0       0x3c C:\saturn\sgl302j/lib\libsgl.a(sglJ05.o)
                0x06015cb0                sbSortEntry
 *fill*         0x06015cec        0x4 00
 SLPROG         0x06015cf0       0xf0 C:\saturn\sgl302j/lib\libsgl.a(sglH03.o)
                0x06015d54                slSmpcIntBack
 SLPROG         0x06015de0       0x6a C:\saturn\sgl302j/lib\libsgl.a(sglM01.o)
                0x06015e0c                slSetDepthTbl
                0x06015e3c                DepthWorkArea
                0x06015de0                slSetDepthLimit
                0x06015e4a                __slprog_end = .

.tors           0x06015e50        0x0
                0x06015e50                ___ctors = .
 *(.ctors)
                0x06015e50                ___ctors_end = .
                0x06015e50                ___dtors = .
 *(.dtors)
                0x06015e50                ___dtors_end = .

.data           0x06015e50     0x2750
 *(.data)
 .data          0x06015e50       0x10 main.o
                0x06015e50                scale
                0x06015e54                numDispSprites
 .data          0x06015e60     0x1f30 assets.o
                0x06016860                cel_map1
                0x06016b60                pic_sprites
                0x06016b78                tex_sprites
                0x06015e60                pal_map1
                0x06016b90                texture_sprites002
                0x06017b90                texture_sprites000
                0x06017390                texture_sprites001
                0x06016060                map_map1
 .data          0x06017d90       0x80 C:\saturn\sgl302j/lib\libsgl.a(sglIc0.o)
                0x06017d90                IntPrioMask
 .data          0x06017e10      0x380 c:/Program Files (x86)/KPIT/SH_COFF/sh-coff/bin/../lib/gcc/sh-coff/3.4-GNUSH_v0501/../../../../sh-coff/lib/m2\libc.a(impure.o)
                0x0601818c                _impure_ptr
 .data          0x06018190      0x410 c:/Program Files (x86)/KPIT/SH_COFF/sh-coff/bin/../lib/gcc/sh-coff/3.4-GNUSH_v0501/../../../../sh-coff/lib/m2\libc.a(mallocr.o)
                0x06018198                __malloc_av_
                0x06018194                __malloc_trim_threshold
                0x06018190                __malloc_sbrk_base
                0x060185a0                __edata = .

.bss            0x060185a0     0x1664
                0x060185a0                __bstart = .
 *(.bss)
 .bss           0x060185a0       0x10 main.o
                0x060185a0                screenY
                0x060185ac                state
                0x060185a4                screenX
                0x060185a8                scaleSpeed
 .bss           0x060185b0       0x10 c:/Program Files (x86)/KPIT/SH_COFF/sh-coff/bin/../lib/gcc/sh-coff/3.4-GNUSH_v0501/m2\libgcc.a(__main.o)
 .bss           0x060185c0       0x10 c:/Program Files (x86)/KPIT/SH_COFF/sh-coff/bin/../lib/gcc/sh-coff/3.4-GNUSH_v0501/../../../../sh-coff/lib/m2\libc.a(atexit.o)
 .bss           0x060185d0       0x40 c:/Program Files (x86)/KPIT/SH_COFF/sh-coff/bin/../lib/gcc/sh-coff/3.4-GNUSH_v0501/../../../../sh-coff/lib/m2\libc.a(mallocr.o)
                0x06018600                __malloc_top_pad
                0x060185d0                __malloc_current_mallinfo
                0x060185fc                __malloc_max_sbrked_mem
                0x060185f8                __malloc_max_total_mem
 .bss           0x06018610       0x10 c:/Program Files (x86)/KPIT/SH_COFF/sh-coff/bin/../lib/gcc/sh-coff/3.4-GNUSH_v0501/../../../../sh-coff/lib/m2\libc.a(syscalls.o)
 *(COMMON)
 COMMON         0x06018620     0x15e0 main.o
                                  0x0 (size before relaxing)
                0x06018620                sprites
 COMMON         0x06019c00        0x4 c:/Program Files (x86)/KPIT/SH_COFF/sh-coff/bin/../lib/gcc/sh-coff/3.4-GNUSH_v0501/../../../../sh-coff/lib/m2\libc.a(syscalls.o)
                                  0x0 (size before relaxing)
                0x06019c00                errno
                0x06019c04                __bend = .
                0x06019c04                _end = .
LOAD C:\saturn\sgl302j\SAMPLE\common/cinit.o
LOAD C:\saturn\sgl302j/lib/sglarea.o
LOAD main.o
LOAD assets.o
LOAD scrollfunctions.o
LOAD C:\saturn\sgl302j/lib\libsgl.a
LOAD c:/Program Files (x86)/KPIT/SH_COFF/sh-coff/bin/../lib/gcc/sh-coff/3.4-GNUSH_v0501/m2\libgcc.a
LOAD c:/Program Files (x86)/KPIT/SH_COFF/sh-coff/bin/../lib/gcc/sh-coff/3.4-GNUSH_v0501/../../../../sh-coff/lib/m2\libc.a
LOAD c:/Program Files (x86)/KPIT/SH_COFF/sh-coff/bin/../lib/gcc/sh-coff/3.4-GNUSH_v0501/m2\libgcc.a
OUTPUT(sl.coff coff-sh)

.comment        0x06019c10      0x200
 .comment       0x06019c10       0x20 C:\saturn\sgl302j\SAMPLE\common/cinit.o
 .comment       0x06019c30       0x20 main.o
 .comment       0x06019c50       0x20 assets.o
 .comment       0x06019c70       0x20 scrollfunctions.o
 .comment       0x06019c90       0x20 c:/Program Files (x86)/KPIT/SH_COFF/sh-coff/bin/../lib/gcc/sh-coff/3.4-GNUSH_v0501/m2\libgcc.a(__main.o)
 .comment       0x06019cb0       0x20 c:/Program Files (x86)/KPIT/SH_COFF/sh-coff/bin/../lib/gcc/sh-coff/3.4-GNUSH_v0501/../../../../sh-coff/lib/m2\libc.a(atexit.o)
 .comment       0x06019cd0       0x20 c:/Program Files (x86)/KPIT/SH_COFF/sh-coff/bin/../lib/gcc/sh-coff/3.4-GNUSH_v0501/../../../../sh-coff/lib/m2\libc.a(impure.o)
 .comment       0x06019cf0       0x20 c:/Program Files (x86)/KPIT/SH_COFF/sh-coff/bin/../lib/gcc/sh-coff/3.4-GNUSH_v0501/../../../../sh-coff/lib/m2\libc.a(malloc.o)
 .comment       0x06019d10       0x20 c:/Program Files (x86)/KPIT/SH_COFF/sh-coff/bin/../lib/gcc/sh-coff/3.4-GNUSH_v0501/../../../../sh-coff/lib/m2\libc.a(mallocr.o)
 .comment       0x06019d30       0x20 c:/Program Files (x86)/KPIT/SH_COFF/sh-coff/bin/../lib/gcc/sh-coff/3.4-GNUSH_v0501/../../../../sh-coff/lib/m2\libc.a(freer.o)
 .comment       0x06019d50       0x20 c:/Program Files (x86)/KPIT/SH_COFF/sh-coff/bin/../lib/gcc/sh-coff/3.4-GNUSH_v0501/../../../../sh-coff/lib/m2\libc.a(mlock.o)
 .comment       0x06019d70       0x20 c:/Program Files (x86)/KPIT/SH_COFF/sh-coff/bin/../lib/gcc/sh-coff/3.4-GNUSH_v0501/../../../../sh-coff/lib/m2\libc.a(sbrkr.o)
 .comment       0x06019d90       0x20 c:/Program Files (x86)/KPIT/SH_COFF/sh-coff/bin/../lib/gcc/sh-coff/3.4-GNUSH_v0501/../../../../sh-coff/lib/m2\libc.a(syscalls.o)
 .comment       0x06019db0       0x20 c:/Program Files (x86)/KPIT/SH_COFF/sh-coff/bin/../lib/gcc/sh-coff/3.4-GNUSH_v0501/../../../../sh-coff/lib/m2\libc.a(abort.o)
 .comment       0x06019dd0       0x20 c:/Program Files (x86)/KPIT/SH_COFF/sh-coff/bin/../lib/gcc/sh-coff/3.4-GNUSH_v0501/../../../../sh-coff/lib/m2\libc.a(signal.o)
 .comment       0x06019df0       0x20 c:/Program Files (x86)/KPIT/SH_COFF/sh-coff/bin/../lib/gcc/sh-coff/3.4-GNUSH_v0501/../../../../sh-coff/lib/m2\libc.a(signalr.o)
