Archive member included because of file (symbol)

C:\saturn\sgl302j/lib\libsgl.a(sglH00.o)
                              main.o (Smpc_Peripheral)
C:\saturn\sgl302j/lib\libsgl.a(sglB002.o)
                              main.o (slColRAMMode)
C:\saturn\sgl302j/lib\libsgl.a(sglB016.o)
                              main.o (slBack1ColSet)
C:\saturn\sgl302j/lib\libsgl.a(sglB038.o)
                              main.o (slRparaInitSet)
C:\saturn\sgl302j/lib\libsgl.a(sglB200.o)
                              main.o (slCharNbg1)
C:\saturn\sgl302j/lib\libsgl.a(sglB059.o)
                              main.o (slPlaneRA)
C:\saturn\sgl302j/lib\libsgl.a(sglB035.o)
                              main.o (sl1MapRA)
C:\saturn\sgl302j/lib\libsgl.a(sglB047.o)
                              main.o (slOverRA)
C:\saturn\sgl302j/lib\libsgl.a(sglB079.o)
                              main.o (slDispCenterR)
C:\saturn\sgl302j/lib\libsgl.a(sglB078.o)
                              main.o (slLookR)
C:\saturn\sgl302j/lib\libsgl.a(sglB056.o)
                              main.o (slPlaneNbg1)
C:\saturn\sgl302j/lib\libsgl.a(sglB032.o)
                              main.o (slMapNbg1)
C:\saturn\sgl302j/lib\libsgl.a(sglB071.o)
                              main.o (slScrPosNbg1)
C:\saturn\sgl302j/lib\libsgl.a(sglB063.o)
                              main.o (slPriority)
C:\saturn\sgl302j/lib\libsgl.a(sglB020.o)
                              main.o (slColorCalc)
C:\saturn\sgl302j/lib\libsgl.a(sglB023.o)
                              main.o (slColRate)
C:\saturn\sgl302j/lib\libsgl.a(sglB021.o)
                              main.o (slColorCalcOn)
C:\saturn\sgl302j/lib\libsgl.a(sglB015.o)
                              main.o (slScrAutoDisp)
C:\saturn\sgl302j/lib\libsgl.a(sglB054.o)
                              main.o (slZoomR)
C:\saturn\sgl302j/lib\libsgl.a(sglI01.o)
                              main.o (slSynch)
C:\saturn\sgl302j/lib\libsgl.a(sglA01.o)
                              main.o (slSin)
C:\saturn\sgl302j/lib\libsgl.a(sglA06.o)
                              main.o (slMulFX)
C:\saturn\sgl302j/lib\libsgl.a(sglF00.o)
                              main.o (slLocate)
C:\saturn\sgl302j/lib\libsgl.a(sglF05.o)
                              main.o (slPrint)
C:\saturn\sgl302j/lib\libsgl.a(sglF03.o)
                              main.o (slPrintFX)
C:\saturn\sgl302j/lib\libsgl.a(sglA07.o)
                              main.o (slDivFX)
C:\saturn\sgl302j/lib\libsgl.a(sglC06.o)
                              main.o (slDispSprite)
C:\saturn\sgl302j/lib\libsgl.a(sglIc0.o)
                              main.o (slInitSystem)
C:\saturn\sgl302j/lib\libsgl.a(sglB001.o)
                              main.o (slTVOn)
C:\saturn\sgl302j/lib\libsgl.a(sglD00.o)
                              main.o (slDMACopy)
C:\saturn\sgl302j/lib\libsgl.a(sglH02.o)
                              C:\saturn\sgl302j/lib\libsgl.a(sglH00.o) (smpc_pfr_tbl)
C:\saturn\sgl302j/lib\libsgl.a(sglH04.o)
                              C:\saturn\sgl302j/lib\libsgl.a(sglH00.o) (slComPrmIntBack)
C:\saturn\sgl302j/lib\libsgl.a(sglC20.o)
                              C:\saturn\sgl302j/lib\libsgl.a(sglC06.o) (SpriteEntry)
C:\saturn\sgl302j/lib\libsgl.a(sglA00.o)
                              C:\saturn\sgl302j/lib\libsgl.a(sglIc0.o) (_builtin_set_imask)
C:\saturn\sgl302j/lib\libsgl.a(sglK01.o)
                              C:\saturn\sgl302j/lib\libsgl.a(sglIc0.o) (SynchCount)
C:\saturn\sgl302j/lib\libsgl.a(sglJ00.o)
                              C:\saturn\sgl302j/lib\libsgl.a(sglIc0.o) (InitSlaveSH)
C:\saturn\sgl302j/lib\libsgl.a(sglA20.o)
                              C:\saturn\sgl302j/lib\libsgl.a(sglIc0.o) (slInitMatrix)
C:\saturn\sgl302j/lib\libsgl.a(sglB000.o)
                              C:\saturn\sgl302j/lib\libsgl.a(sglIc0.o) (slInitScroll)
C:\saturn\sgl302j/lib\libsgl.a(sglJ01.o)
                              C:\saturn\sgl302j/lib\libsgl.a(sglIc0.o) (SlaveControl)
C:\saturn\sgl302j/lib\libsgl.a(sglI00.o)
                              C:\saturn\sgl302j/lib\libsgl.a(sglIc0.o) (slInitInterrupt)
C:\saturn\sgl302j/lib\libsgl.a(sglC00.o)
                              C:\saturn\sgl302j/lib\libsgl.a(sglIc0.o) (slInitSprite)
C:\saturn\sgl302j/lib\libsgl.a(sglJ03.o)
                              C:\saturn\sgl302j/lib\libsgl.a(sglJ01.o) (sbMakeDMATable)
C:\saturn\sgl302j/lib\libsgl.a(sglJ02.o)
                              C:\saturn\sgl302j/lib\libsgl.a(sglJ01.o) (sbMakePolygon)
C:\saturn\sgl302j/lib\libsgl.a(sglJ04.o)
                              C:\saturn\sgl302j/lib\libsgl.a(sglJ01.o) (sbMakeSprite)
C:\saturn\sgl302j/lib\libsgl.a(sglJ05.o)
                              C:\saturn\sgl302j/lib\libsgl.a(sglJ01.o) (sbSortEntry)
C:\saturn\sgl302j/lib\libsgl.a(sglH03.o)
                              C:\saturn\sgl302j/lib\libsgl.a(sglI00.o) (slSmpcIntBack)
C:\saturn\sgl302j/lib\libsgl.a(sglM01.o)
                              C:\saturn\sgl302j/lib\libsgl.a(sglJ02.o) (DepthWorkArea)
c:/saturn/SH_COFF/sh-coff/bin/../lib/gcc/sh-coff/3.4-GNUSH_v0501/m2\libgcc.a(__main.o)
                              C:\saturn\sgl302j\SAMPLE\common/cinit.o (__main)
c:/saturn/SH_COFF/sh-coff/bin/../lib/gcc/sh-coff/3.4-GNUSH_v0501/m2\libgcc.a(_ashiftrt_n.o)
                              main.o (__ashrsi3)
c:/saturn/SH_COFF/sh-coff/bin/../lib/gcc/sh-coff/3.4-GNUSH_v0501/../../../../sh-coff/lib/m2\libc.a(malloc.o)
                              main.o (malloc)
c:/saturn/SH_COFF/sh-coff/bin/../lib/gcc/sh-coff/3.4-GNUSH_v0501/../../../../sh-coff/lib/m2\libc.a(memcpy.o)
                              main.o (memcpy)
c:/saturn/SH_COFF/sh-coff/bin/../lib/gcc/sh-coff/3.4-GNUSH_v0501/../../../../sh-coff/lib/m2\libc.a(atexit.o)
                              c:/saturn/SH_COFF/sh-coff/bin/../lib/gcc/sh-coff/3.4-GNUSH_v0501/m2\libgcc.a(__main.o) (atexit)
c:/saturn/SH_COFF/sh-coff/bin/../lib/gcc/sh-coff/3.4-GNUSH_v0501/../../../../sh-coff/lib/m2\libc.a(impure.o)
                              c:/saturn/SH_COFF/sh-coff/bin/../lib/gcc/sh-coff/3.4-GNUSH_v0501/../../../../sh-coff/lib/m2\libc.a(malloc.o) (_impure_ptr)
c:/saturn/SH_COFF/sh-coff/bin/../lib/gcc/sh-coff/3.4-GNUSH_v0501/../../../../sh-coff/lib/m2\libc.a(mallocr.o)
                              c:/saturn/SH_COFF/sh-coff/bin/../lib/gcc/sh-coff/3.4-GNUSH_v0501/../../../../sh-coff/lib/m2\libc.a(malloc.o) (_malloc_r)
c:/saturn/SH_COFF/sh-coff/bin/../lib/gcc/sh-coff/3.4-GNUSH_v0501/../../../../sh-coff/lib/m2\libc.a(freer.o)
                              c:/saturn/SH_COFF/sh-coff/bin/../lib/gcc/sh-coff/3.4-GNUSH_v0501/../../../../sh-coff/lib/m2\libc.a(malloc.o) (_free_r)
c:/saturn/SH_COFF/sh-coff/bin/../lib/gcc/sh-coff/3.4-GNUSH_v0501/../../../../sh-coff/lib/m2\libc.a(mlock.o)
                              c:/saturn/SH_COFF/sh-coff/bin/../lib/gcc/sh-coff/3.4-GNUSH_v0501/../../../../sh-coff/lib/m2\libc.a(mallocr.o) (__malloc_lock)
c:/saturn/SH_COFF/sh-coff/bin/../lib/gcc/sh-coff/3.4-GNUSH_v0501/../../../../sh-coff/lib/m2\libc.a(sbrkr.o)
                              c:/saturn/SH_COFF/sh-coff/bin/../lib/gcc/sh-coff/3.4-GNUSH_v0501/../../../../sh-coff/lib/m2\libc.a(mallocr.o) (_sbrk_r)
c:/saturn/SH_COFF/sh-coff/bin/../lib/gcc/sh-coff/3.4-GNUSH_v0501/../../../../sh-coff/lib/m2\libc.a(syscalls.o)
                              c:/saturn/SH_COFF/sh-coff/bin/../lib/gcc/sh-coff/3.4-GNUSH_v0501/../../../../sh-coff/lib/m2\libc.a(sbrkr.o) (_sbrk)
c:/saturn/SH_COFF/sh-coff/bin/../lib/gcc/sh-coff/3.4-GNUSH_v0501/../../../../sh-coff/lib/m2\libc.a(trap.o)
                              c:/saturn/SH_COFF/sh-coff/bin/../lib/gcc/sh-coff/3.4-GNUSH_v0501/../../../../sh-coff/lib/m2\libc.a(syscalls.o) (__trap34)
c:/saturn/SH_COFF/sh-coff/bin/../lib/gcc/sh-coff/3.4-GNUSH_v0501/../../../../sh-coff/lib/m2\libc.a(abort.o)
                              c:/saturn/SH_COFF/sh-coff/bin/../lib/gcc/sh-coff/3.4-GNUSH_v0501/../../../../sh-coff/lib/m2\libc.a(syscalls.o) (abort)
c:/saturn/SH_COFF/sh-coff/bin/../lib/gcc/sh-coff/3.4-GNUSH_v0501/../../../../sh-coff/lib/m2\libc.a(signal.o)
                              c:/saturn/SH_COFF/sh-coff/bin/../lib/gcc/sh-coff/3.4-GNUSH_v0501/../../../../sh-coff/lib/m2\libc.a(abort.o) (raise)
c:/saturn/SH_COFF/sh-coff/bin/../lib/gcc/sh-coff/3.4-GNUSH_v0501/../../../../sh-coff/lib/m2\libc.a(signalr.o)
                              c:/saturn/SH_COFF/sh-coff/bin/../lib/gcc/sh-coff/3.4-GNUSH_v0501/../../../../sh-coff/lib/m2\libc.a(signal.o) (_kill_r)
c:/saturn/SH_COFF/sh-coff/bin/../lib/gcc/sh-coff/3.4-GNUSH_v0501/m2\libgcc.a(_ashiftlt.o)
                              c:/saturn/SH_COFF/sh-coff/bin/../lib/gcc/sh-coff/3.4-GNUSH_v0501/../../../../sh-coff/lib/m2\libc.a(mallocr.o) (__ashlsi3)
c:/saturn/SH_COFF/sh-coff/bin/../lib/gcc/sh-coff/3.4-GNUSH_v0501/m2\libgcc.a(_udivsi3.o)
                              c:/saturn/SH_COFF/sh-coff/bin/../lib/gcc/sh-coff/3.4-GNUSH_v0501/../../../../sh-coff/lib/m2\libc.a(freer.o) (__udivsi3)

Allocating common symbols
Common symbol       size              file

head                0x4               main.o
defaultSprite       0x20              main.o
errno               0x4               c:/saturn/SH_COFF/sh-coff/bin/../lib/gcc/sh-coff/3.4-GNUSH_v0501/../../../../sh-coff/lib/m2\libc.a(syscalls.o)

Memory Configuration

Name             Origin             Length             Attributes
*default*        0x00000000         0xffffffff

Linker script and memory map


SLSTART         0x06004000       0x30
                0x06004000                ___Start = .
 *(SLSTART)
 SLSTART        0x06004000       0x28 C:\saturn\sgl302j/lib\libsgl.a(sglI00.o)
                0x06004002                slStartSGL
                0x06004000                SGL_Start

.text           0x06004040     0x2250
 *(.text)
 .text          0x06004040       0x50 C:\saturn\sgl302j\SAMPLE\common/cinit.o
                0x06004040                main
 .text          0x06004090      0x9d0 main.o
                0x06004930                ss_main
                0x060046a0                updateSprites
                0x06004270                initVDP2
                0x060040a0                handleInput
                0x06004590                updateBG
                0x06004150                createSpriteNode
                0x060041f0                initSprites
                0x06004090                DEFAULT_ATTR
                0x060044a0                handleGroundCollision
                0x06004440                writeBlock
                0x06004170                addSpriteNode
                0x06004860                dispSprites
 .text          0x06004a60      0x100 scrollfunctions.o
                0x06004b10                MapRead
                0x06004b30                Pal2CRAM
                0x06004a80                Map2VRAM
                0x06004ae0                MapWrite
                0x06004a60                Cel2VRAM
 .text          0x06004b60      0x128 C:\saturn\sgl302j/lib\libsgl.a(sglIc0.o)
                0x06004b60                slInitSystem
 *fill*         0x06004c88        0x8 00
 .text          0x06004c90       0xc0 c:/saturn/SH_COFF/sh-coff/bin/../lib/gcc/sh-coff/3.4-GNUSH_v0501/m2\libgcc.a(__main.o)
                0x06004d10                __main
                0x06004c90                __do_global_dtors
                0x06004cd0                __do_global_ctors
 .text          0x06004d50       0x80 c:/saturn/SH_COFF/sh-coff/bin/../lib/gcc/sh-coff/3.4-GNUSH_v0501/m2\libgcc.a(_ashiftrt_n.o)
                0x06004d50                __ashrsi3
 .text          0x06004dd0       0x40 c:/saturn/SH_COFF/sh-coff/bin/../lib/gcc/sh-coff/3.4-GNUSH_v0501/../../../../sh-coff/lib/m2\libc.a(malloc.o)
                0x06004df0                free
                0x06004dd0                malloc
 .text          0x06004e10       0xa0 c:/saturn/SH_COFF/sh-coff/bin/../lib/gcc/sh-coff/3.4-GNUSH_v0501/../../../../sh-coff/lib/m2\libc.a(memcpy.o)
                0x06004e10                memcpy
 .text          0x06004eb0       0xa0 c:/saturn/SH_COFF/sh-coff/bin/../lib/gcc/sh-coff/3.4-GNUSH_v0501/../../../../sh-coff/lib/m2\libc.a(atexit.o)
                0x06004eb0                atexit
 .text          0x06004f50       0x10 c:/saturn/SH_COFF/sh-coff/bin/../lib/gcc/sh-coff/3.4-GNUSH_v0501/../../../../sh-coff/lib/m2\libc.a(impure.o)
                0x06004f50                _global_impure_ptr
 .text          0x06004f60      0x680 c:/saturn/SH_COFF/sh-coff/bin/../lib/gcc/sh-coff/3.4-GNUSH_v0501/../../../../sh-coff/lib/m2\libc.a(mallocr.o)
                0x06004f60                _malloc_r
 .text          0x060055e0      0x3b0 c:/saturn/SH_COFF/sh-coff/bin/../lib/gcc/sh-coff/3.4-GNUSH_v0501/../../../../sh-coff/lib/m2\libc.a(freer.o)
                0x060055e0                _malloc_trim_r
                0x060056e0                _free_r
 .text          0x06005990       0x20 c:/saturn/SH_COFF/sh-coff/bin/../lib/gcc/sh-coff/3.4-GNUSH_v0501/../../../../sh-coff/lib/m2\libc.a(mlock.o)
                0x06005990                __malloc_lock
                0x060059a0                __malloc_unlock
 .text          0x060059b0       0x50 c:/saturn/SH_COFF/sh-coff/bin/../lib/gcc/sh-coff/3.4-GNUSH_v0501/../../../../sh-coff/lib/m2\libc.a(sbrkr.o)
                0x060059b0                _sbrk_r
 .text          0x06005a00      0x430 c:/saturn/SH_COFF/sh-coff/bin/../lib/gcc/sh-coff/3.4-GNUSH_v0501/../../../../sh-coff/lib/m2\libc.a(syscalls.o)
                0x06005bb0                _exit
                0x06005bf0                _getpid
                0x06005c70                _utime
                0x06005a40                _write
                0x06005a00                _read
                0x06005b90                _unlink
                0x06005b50                _open
                0x06005c10                _stat
                0x06005ba0                isatty
                0x06005cb0                _wait
                0x06005bd0                _kill
                0x06005c30                _chmod
                0x06005cf0                _execv
                0x06005cd0                _execve
                0x06005df0                __setup_argv_and_call_main
                0x06005d40                _gettimeofday
                0x06005a80                _link
                0x06005c00                _raise
                0x06005b70                _creat
                0x06005d10                _pipe
                0x06005c50                _chown
                0x06005a20                _lseek
                0x06005a60                _close
                0x06005d30                _times
                0x06005b30                _fstat
                0x06005c90                _fork
                0x06005ab0                _sbrk
 .text          0x06005e30       0x20 c:/saturn/SH_COFF/sh-coff/bin/../lib/gcc/sh-coff/3.4-GNUSH_v0501/../../../../sh-coff/lib/m2\libc.a(trap.o)
                0x06005e30                __trap34
 .text          0x06005e50       0x20 c:/saturn/SH_COFF/sh-coff/bin/../lib/gcc/sh-coff/3.4-GNUSH_v0501/../../../../sh-coff/lib/m2\libc.a(abort.o)
                0x06005e50                abort
 .text          0x06005e70      0x2c0 c:/saturn/SH_COFF/sh-coff/bin/../lib/gcc/sh-coff/3.4-GNUSH_v0501/../../../../sh-coff/lib/m2\libc.a(signal.o)
                0x06005f50                _raise_r
                0x06006110                __sigtramp
                0x060060b0                raise
                0x060060f0                _init_signal
                0x06006030                __sigtramp_r
                0x060060d0                signal
                0x06005ec0                _signal_r
                0x06005e70                _init_signal_r
 .text          0x06006130       0x60 c:/saturn/SH_COFF/sh-coff/bin/../lib/gcc/sh-coff/3.4-GNUSH_v0501/../../../../sh-coff/lib/m2\libc.a(signalr.o)
                0x06006180                _getpid_r
                0x06006130                _kill_r
 .text          0x06006190       0x90 c:/saturn/SH_COFF/sh-coff/bin/../lib/gcc/sh-coff/3.4-GNUSH_v0501/m2\libgcc.a(_ashiftlt.o)
                0x06006190                __ashlsi3
 .text          0x06006220       0x70 c:/saturn/SH_COFF/sh-coff/bin/../lib/gcc/sh-coff/3.4-GNUSH_v0501/m2\libgcc.a(_udivsi3.o)
                0x06006242                __udivsi3
 *(.strings)
                0x06006290                __etext = .

SLPROG          0x060062a0    0x101f0
                0x060062a0                __slprog_start = .
 *(SLPROG)
 SLPROG         0x060062a0     0x6540 C:\saturn\sgl302j/lib/sglarea.o
                0x060062bc                SpriteBuf
                0x060062e0                RemainEvent
                0x060062ac                SortList
                0x060062aa                MaxPolygons
                0x060062c8                CommandBuf
                0x060062dc                MaxWorks
                0x060062de                WorkSize
                0x060062d4                PCM_WkSize
                0x060062cc                CLOfstBuf
                0x060063e0                RemainWork
                0x060062d0                PCM_Work
                0x060062a0                MasterStack
                0x060062a4                SlaveStack
                0x060062a8                MaxVertices
                0x060062d8                MaxEvents
                0x060062b8                Zbuffer
                0x060062c0                SpriteBufSize
                0x060087e0                WorkBuf
                0x060062b4                TransList
                0x060062c4                Pbuffer
                0x060062b0                SortListSize
                0x060062da                EventSize
                0x060067e0                EventBuf
 SLPROG         0x0600c7e0      0xfc8 C:\saturn\sgl302j/lib\libsgl.a(sglH00.o)
                0x0600c87c                slSetPortData1
                0x0600c86c                slGetPortData1
                0x0600d05a                slSetPortMode1
                0x0600d294                Smpc_Status
                0x0600c832                slSetPortDir2
                0x0600ce78                slSmpcCashSend
                0x0600c898                slGetPortSelect1
                0x0600cc7e                slIntBackCancel
                0x0600c930                slSetPortExt1
                0x0600d040                slGetPortMode1
                0x0600cf34                slSmpcCashBlow
                0x0600d224                slRequestCommand
                0x0600d2c4                SmpcStatusBuf
                0x0600c886                slSetPortData2
                0x0600cbe6                slSetResultBuffer
                0x0600c91c                slGetPortExt1
                0x0600c960                slSetPortExt2
                0x0600c800                slGetPortDir2
                0x0600c926                slGetPortExt2
                0x0600ccb2                slClearReset
                0x0600cca8                slCheckReset
                0x0600c808                slSetPortDir1
                0x0600c8e0                slSetPortSelect2
                0x0600c8ac                slSetPortSelect1
                0x0600d04c                slGetPortMode2
                0x0600c8a2                slGetPortSelect2
                0x0600c7f8                slGetPortDir1
                0x0600c874                slGetPortData2
                0x0600d01a                slSetOptimize
                0x0600d010                slGetOptimize
                0x0600cad4                slSmpcDirectAccess
                0x0600d2a2                Per_Connect1
                0x0600cb54                slInitPeripheral
                0x0600cc72                slCheckIntBackSet
                0x0600d2a3                Per_Connect2
                0x0600d29c                Smpc_Peripheral
                0x0600d098                slSetPortMode2
                0x0600d298                Smpc_Result
 *fill*         0x0600d7a8        0x8 00
 SLPROG         0x0600d7b0       0x1e C:\saturn\sgl302j/lib\libsgl.a(sglB002.o)
                0x0600d7b0                slColRAMMode
 *fill*         0x0600d7ce        0x2 00
 SLPROG         0x0600d7d0        0xc C:\saturn\sgl302j/lib\libsgl.a(sglB016.o)
                0x0600d7d0                slBack1ColSet
 *fill*         0x0600d7dc        0x4 00
 SLPROG         0x0600d7e0       0x70 C:\saturn\sgl302j/lib\libsgl.a(sglB038.o)
                0x0600d7e0                slRparaInitSet
 SLPROG         0x0600d850      0x114 C:\saturn\sgl302j/lib\libsgl.a(sglB200.o)
                0x0600d85c                slCharNbg0
                0x0600d8a2                slPageRbg0
                0x0600d8b8                slPageNbg1
                0x0600d868                slCharNbg1
                0x0600d8d4                slPageNbg0
                0x0600d8c0                slPageNbg2
                0x0600d8c8                slPageNbg3
                0x0600d874                slCharNbg2
                0x0600d88a                slCharNbg3
                0x0600d850                slCharRbg0
 *fill*         0x0600d964        0xc 00
 SLPROG         0x0600d970        0xc C:\saturn\sgl302j/lib\libsgl.a(sglB059.o)
                0x0600d970                slPlaneRA
 *fill*         0x0600d97c        0x4 00
 SLPROG         0x0600d980       0xd4 C:\saturn\sgl302j/lib\libsgl.a(sglB035.o)
                0x0600d980                sl1MapRA
                0x0600da12                rbank_set
 *fill*         0x0600da54        0xc 00
 SLPROG         0x0600da60        0xc C:\saturn\sgl302j/lib\libsgl.a(sglB047.o)
                0x0600da60                slOverRA
 *fill*         0x0600da6c        0x4 00
 SLPROG         0x0600da70       0x34 C:\saturn\sgl302j/lib\libsgl.a(sglB079.o)
                0x0600da70                slDispCenterR
 *fill*         0x0600daa4        0xc 00
 SLPROG         0x0600dab0       0x20 C:\saturn\sgl302j/lib\libsgl.a(sglB078.o)
                0x0600dab0                slLookR
 SLPROG         0x0600dad0        0xc C:\saturn\sgl302j/lib\libsgl.a(sglB056.o)
                0x0600dad0                slPlaneNbg1
 *fill*         0x0600dadc        0x4 00
 SLPROG         0x0600dae0       0xb4 C:\saturn\sgl302j/lib\libsgl.a(sglB032.o)
                0x0600dae0                slMapNbg1
 *fill*         0x0600db94        0xc 00
 SLPROG         0x0600dba0        0xc C:\saturn\sgl302j/lib\libsgl.a(sglB071.o)
                0x0600dba0                slScrPosNbg1
 *fill*         0x0600dbac        0x4 00
 SLPROG         0x0600dbb0        0xc C:\saturn\sgl302j/lib\libsgl.a(sglB063.o)
                0x0600dbb0                slPriority
 *fill*         0x0600dbbc        0x4 00
 SLPROG         0x0600dbc0       0x10 C:\saturn\sgl302j/lib\libsgl.a(sglB020.o)
                0x0600dbc0                slColorCalc
 SLPROG         0x0600dbd0        0xc C:\saturn\sgl302j/lib\libsgl.a(sglB023.o)
                0x0600dbd0                slColRate
 *fill*         0x0600dbdc        0x4 00
 SLPROG         0x0600dbe0        0xc C:\saturn\sgl302j/lib\libsgl.a(sglB021.o)
                0x0600dbe0                slColorCalcOn
 *fill*         0x0600dbec        0x4 00
 SLPROG         0x0600dbf0      0x40c C:\saturn\sgl302j/lib\libsgl.a(sglB015.o)
                0x0600dbf0                slScrAutoDisp
 *fill*         0x0600dffc        0x4 00
 SLPROG         0x0600e000        0xc C:\saturn\sgl302j/lib\libsgl.a(sglB054.o)
                0x0600e000                slZoomR
 *fill*         0x0600e00c        0x4 00
 SLPROG         0x0600e010      0x3a4 C:\saturn\sgl302j/lib\libsgl.a(sglI01.o)
                0x0600e1fa                RetPCMBuf
                0x0600e334                Sound_Buf
                0x0600e010                slInitSynch
                0x0600e120                slRandom
                0x0600e294                PCM_Buf
                0x0600e02a                slSynch
                0x0600e13e                PCM_EndCheck
 *fill*         0x0600e3b4        0xc 00
 SLPROG         0x0600e3c0     0x411e C:\saturn\sgl302j/lib\libsgl.a(sglA01.o)
                0x0600e49c                sin_cos_index_tbl
                0x0600e3c0                slSin
                0x0600e4dc                sin_tbl
                0x0600e408                GetSinCos
                0x0600e3e4                slCos
 *fill*         0x060124de        0x2 00
 SLPROG         0x060124e0        0xa C:\saturn\sgl302j/lib\libsgl.a(sglA06.o)
                0x060124e0                slMulFX
 *fill*         0x060124ea        0x6 00
 SLPROG         0x060124f0       0x4e C:\saturn\sgl302j/lib\libsgl.a(sglF00.o)
                0x0601250a                slLocate
                0x06012500                slCurColor
                0x0601253c                CurrentScreen
                0x060124f0                slCurScrn
 *fill*         0x0601253e        0x2 00
 SLPROG         0x06012540       0x1c C:\saturn\sgl302j/lib\libsgl.a(sglF05.o)
                0x06012540                slPrint
 *fill*         0x0601255c        0x4 00
 SLPROG         0x06012560      0x12a C:\saturn\sgl302j/lib\libsgl.a(sglF03.o)
                0x06012560                slPrintFX
 *fill*         0x0601268a        0x6 00
 SLPROG         0x06012690       0x14 C:\saturn\sgl302j/lib\libsgl.a(sglA07.o)
                0x06012690                slDivFX
 *fill*         0x060126a4        0xc 00
 SLPROG         0x060126b0       0xfa C:\saturn\sgl302j/lib\libsgl.a(sglC06.o)
                0x060126b0                slDispSprite
 *fill*         0x060127aa        0x6 00
 SLPROG         0x060127b0       0x20 C:\saturn\sgl302j/lib\libsgl.a(sglB001.o)
                0x060127b0                slTVOn
                0x060127ba                slTVOff
 SLPROG         0x060127d0       0x84 C:\saturn\sgl302j/lib\libsgl.a(sglD00.o)
                0x060127d0                slDMACopy
                0x060127d0                slCpuDMACopy
                0x0601282a                slCashPurge
                0x0601282a                CSH_AllClr
 *fill*         0x06012854        0xc 00
 SLPROG         0x06012860      0x470 C:\saturn\sgl302j/lib\libsgl.a(sglH02.o)
                0x06012c50                smpc_pfr_tbl
                0x06012c90                smpc_ptf_tbl
 SLPROG         0x06012cd0       0x60 C:\saturn\sgl302j/lib\libsgl.a(sglH04.o)
                0x06012cfa                slComPrmSetTime
                0x06012cd0                slComPrmIntBack
                0x06012ce4                slComPrmSetMemory
 SLPROG         0x06012d30       0x40 C:\saturn\sgl302j/lib\libsgl.a(sglC20.o)
                0x06012d30                SpriteEntry
 SLPROG         0x06012d70       0x20 C:\saturn\sgl302j/lib\libsgl.a(sglA00.o)
                0x06012d84                get_imask
                0x06012d70                set_imask
                0x06012d70                _builtin_set_imask
                0x06012d84                _builtin_get_imask
 SLPROG         0x06012d90       0x74 C:\saturn\sgl302j/lib\libsgl.a(sglJ00.o)
                0x06012d90                InitSlaveSH
                0x06012df8                SlaveCommand
 *fill*         0x06012e04        0xc 00
 SLPROG         0x06012e10      0x42c C:\saturn\sgl302j/lib\libsgl.a(sglA20.o)
                0x06012e10                slInitMatrix
                0x06012e2e                slUnitMatrix
                0x06012e1a                slPushUnitMatrix
 *fill*         0x0601323c        0x4 00
 SLPROG         0x06013240      0xbd0 C:\saturn\sgl302j/lib\libsgl.a(sglB000.o)
                0x06013240                slInitScroll
                0x060134a0                TVSizeTbl
                0x06013390                setASC_4to8
                0x06013520                TVModeTbl
                0x06013360                setASC_1to8
                0x060136f8                SGL_ASCII_CG
 SLPROG         0x06013e10      0x3d0 C:\saturn\sgl302j/lib\libsgl.a(sglJ01.o)
                0x06013e10                SlaveControl
                0x060141cc                ErasePolygonData
 SLPROG         0x060141e0      0x75c C:\saturn\sgl302j/lib\libsgl.a(sglI00.o)
                0x060144d0                slInitInterrupt
 *fill*         0x0601493c        0x4 00
 SLPROG         0x06014940      0x134 C:\saturn\sgl302j/lib\libsgl.a(sglC00.o)
                0x06014940                slInitSprite
 *fill*         0x06014a74        0xc 00
 SLPROG         0x06014a80      0x140 C:\saturn\sgl302j/lib\libsgl.a(sglJ03.o)
                0x06014a80                sbMakeDMATable
 SLPROG         0x06014bc0     0x12b8 C:\saturn\sgl302j/lib\libsgl.a(sglJ02.o)
                0x06015df4                stvtc_1
                0x06015b2c                stvtc_4
                0x06015aec                SetPolygon
                0x06015be4                stvtc_3
                0x06015e1c                stvtc_0
                0x06015af4                SetPosition
                0x06014da8                sbCalcPolygon
                0x06015ae0                SetTexture
                0x06014bc0                sbMakePolygon
                0x06015e08                stvtc_2
 *fill*         0x06015e78        0x8 00
 SLPROG         0x06015e80      0x470 C:\saturn\sgl302j/lib\libsgl.a(sglJ04.o)
                0x06015f44                sbMakeRotSprite
                0x06015ede                sbMakeSprite
 SLPROG         0x060162f0       0x3c C:\saturn\sgl302j/lib\libsgl.a(sglJ05.o)
                0x060162f0                sbSortEntry
 *fill*         0x0601632c        0x4 00
 SLPROG         0x06016330       0xf0 C:\saturn\sgl302j/lib\libsgl.a(sglH03.o)
                0x06016394                slSmpcIntBack
 SLPROG         0x06016420       0x6a C:\saturn\sgl302j/lib\libsgl.a(sglM01.o)
                0x0601644c                slSetDepthTbl
                0x0601647c                DepthWorkArea
                0x06016420                slSetDepthLimit
                0x0601648a                __slprog_end = .

.tors           0x06016490        0x0
                0x06016490                ___ctors = .
 *(.ctors)
                0x06016490                ___ctors_end = .
                0x06016490                ___dtors = .
 *(.dtors)
                0x06016490                ___dtors_end = .

.data           0x06016490     0x4150
 *(.data)
 .data          0x06016490       0x10 main.o
                0x06016490                scale
 .data          0x060164a0     0x3930 assets.o
                0x06016ea0                cel_map1
                0x06018ba0                pic_sprites
                0x06018bb8                tex_sprites
                0x060164a0                pal_map1
                0x06018bd0                texture_sprites002
                0x06019bd0                texture_sprites000
                0x060193d0                texture_sprites001
                0x060173a0                map_face
                0x060166a0                map_map1
                0x060171a0                pal_face
                0x06017ba0                cel_face
 .data          0x06019dd0       0x80 C:\saturn\sgl302j/lib\libsgl.a(sglIc0.o)
                0x06019dd0                IntPrioMask
 .data          0x06019e50      0x380 c:/saturn/SH_COFF/sh-coff/bin/../lib/gcc/sh-coff/3.4-GNUSH_v0501/../../../../sh-coff/lib/m2\libc.a(impure.o)
                0x0601a1cc                _impure_ptr
 .data          0x0601a1d0      0x410 c:/saturn/SH_COFF/sh-coff/bin/../lib/gcc/sh-coff/3.4-GNUSH_v0501/../../../../sh-coff/lib/m2\libc.a(mallocr.o)
                0x0601a1d8                __malloc_av_
                0x0601a1d4                __malloc_trim_threshold
                0x0601a1d0                __malloc_sbrk_base
                0x0601a5e0                __edata = .

.bss            0x0601a5e0       0xb4
                0x0601a5e0                __bstart = .
 *(.bss)
 .bss           0x0601a5e0       0x10 main.o
                0x0601a5e0                screenY
                0x0601a5ec                state
                0x0601a5e4                screenX
                0x0601a5e8                scaleSpeed
 .bss           0x0601a5f0       0x10 c:/saturn/SH_COFF/sh-coff/bin/../lib/gcc/sh-coff/3.4-GNUSH_v0501/m2\libgcc.a(__main.o)
 .bss           0x0601a600       0x10 c:/saturn/SH_COFF/sh-coff/bin/../lib/gcc/sh-coff/3.4-GNUSH_v0501/../../../../sh-coff/lib/m2\libc.a(atexit.o)
 .bss           0x0601a610       0x40 c:/saturn/SH_COFF/sh-coff/bin/../lib/gcc/sh-coff/3.4-GNUSH_v0501/../../../../sh-coff/lib/m2\libc.a(mallocr.o)
                0x0601a640                __malloc_top_pad
                0x0601a610                __malloc_current_mallinfo
                0x0601a63c                __malloc_max_sbrked_mem
                0x0601a638                __malloc_max_total_mem
 .bss           0x0601a650       0x10 c:/saturn/SH_COFF/sh-coff/bin/../lib/gcc/sh-coff/3.4-GNUSH_v0501/../../../../sh-coff/lib/m2\libc.a(syscalls.o)
 *(COMMON)
 COMMON         0x0601a660       0x30 main.o
                                  0x0 (size before relaxing)
                0x0601a660                head
                0x0601a670                defaultSprite
 COMMON         0x0601a690        0x4 c:/saturn/SH_COFF/sh-coff/bin/../lib/gcc/sh-coff/3.4-GNUSH_v0501/../../../../sh-coff/lib/m2\libc.a(syscalls.o)
                                  0x0 (size before relaxing)
                0x0601a690                errno
                0x0601a694                __bend = .
                0x0601a694                _end = .
LOAD C:\saturn\sgl302j\SAMPLE\common/cinit.o
LOAD C:\saturn\sgl302j/lib/sglarea.o
LOAD main.o
LOAD assets.o
LOAD scrollfunctions.o
LOAD C:\saturn\sgl302j/lib\libsgl.a
LOAD c:/saturn/SH_COFF/sh-coff/bin/../lib/gcc/sh-coff/3.4-GNUSH_v0501/m2\libgcc.a
LOAD c:/saturn/SH_COFF/sh-coff/bin/../lib/gcc/sh-coff/3.4-GNUSH_v0501/../../../../sh-coff/lib/m2\libc.a
LOAD c:/saturn/SH_COFF/sh-coff/bin/../lib/gcc/sh-coff/3.4-GNUSH_v0501/m2\libgcc.a
OUTPUT(sl.coff coff-sh)

.comment        0x0601a6a0      0x200
 .comment       0x0601a6a0       0x20 C:\saturn\sgl302j\SAMPLE\common/cinit.o
 .comment       0x0601a6c0       0x20 main.o
 .comment       0x0601a6e0       0x20 assets.o
 .comment       0x0601a700       0x20 scrollfunctions.o
 .comment       0x0601a720       0x20 c:/saturn/SH_COFF/sh-coff/bin/../lib/gcc/sh-coff/3.4-GNUSH_v0501/m2\libgcc.a(__main.o)
 .comment       0x0601a740       0x20 c:/saturn/SH_COFF/sh-coff/bin/../lib/gcc/sh-coff/3.4-GNUSH_v0501/../../../../sh-coff/lib/m2\libc.a(malloc.o)
 .comment       0x0601a760       0x20 c:/saturn/SH_COFF/sh-coff/bin/../lib/gcc/sh-coff/3.4-GNUSH_v0501/../../../../sh-coff/lib/m2\libc.a(atexit.o)
 .comment       0x0601a780       0x20 c:/saturn/SH_COFF/sh-coff/bin/../lib/gcc/sh-coff/3.4-GNUSH_v0501/../../../../sh-coff/lib/m2\libc.a(impure.o)
 .comment       0x0601a7a0       0x20 c:/saturn/SH_COFF/sh-coff/bin/../lib/gcc/sh-coff/3.4-GNUSH_v0501/../../../../sh-coff/lib/m2\libc.a(mallocr.o)
 .comment       0x0601a7c0       0x20 c:/saturn/SH_COFF/sh-coff/bin/../lib/gcc/sh-coff/3.4-GNUSH_v0501/../../../../sh-coff/lib/m2\libc.a(freer.o)
 .comment       0x0601a7e0       0x20 c:/saturn/SH_COFF/sh-coff/bin/../lib/gcc/sh-coff/3.4-GNUSH_v0501/../../../../sh-coff/lib/m2\libc.a(mlock.o)
 .comment       0x0601a800       0x20 c:/saturn/SH_COFF/sh-coff/bin/../lib/gcc/sh-coff/3.4-GNUSH_v0501/../../../../sh-coff/lib/m2\libc.a(sbrkr.o)
 .comment       0x0601a820       0x20 c:/saturn/SH_COFF/sh-coff/bin/../lib/gcc/sh-coff/3.4-GNUSH_v0501/../../../../sh-coff/lib/m2\libc.a(syscalls.o)
 .comment       0x0601a840       0x20 c:/saturn/SH_COFF/sh-coff/bin/../lib/gcc/sh-coff/3.4-GNUSH_v0501/../../../../sh-coff/lib/m2\libc.a(abort.o)
 .comment       0x0601a860       0x20 c:/saturn/SH_COFF/sh-coff/bin/../lib/gcc/sh-coff/3.4-GNUSH_v0501/../../../../sh-coff/lib/m2\libc.a(signal.o)
 .comment       0x0601a880       0x20 c:/saturn/SH_COFF/sh-coff/bin/../lib/gcc/sh-coff/3.4-GNUSH_v0501/../../../../sh-coff/lib/m2\libc.a(signalr.o)
