Archive member included because of file (symbol)

C:\saturn\sgl302j/lib\libsgl.a(sglIc0.o)
                              main.o (slInitSystem)
C:\saturn\sgl302j/lib\libsgl.a(sglH00.o)
                              C:\saturn\sgl302j/lib\libsgl.a(sglIc0.o) (slInitPeripheral)
C:\saturn\sgl302j/lib\libsgl.a(sglF00.o)
                              game.o (slLocate)
C:\saturn\sgl302j/lib\libsgl.a(sglF05.o)
                              game.o (slPrint)
C:\saturn\sgl302j/lib\libsgl.a(sglB072.o)
                              game.o (slScrPosNbg2)
C:\saturn\sgl302j/lib\libsgl.a(sglB071.o)
                              game.o (slScrPosNbg1)
C:\saturn\sgl302j/lib\libsgl.a(sglF03.o)
                              game.o (slPrintFX)
C:\saturn\sgl302j/lib\libsgl.a(sglB015.o)
                              game.o (slScrAutoDisp)
C:\saturn\sgl302j/lib\libsgl.a(sglI01.o)
                              C:\saturn\sgl302j/lib\libsgl.a(sglIc0.o) (slInitSynch)
C:\saturn\sgl302j/lib\libsgl.a(sglA01.o)
                              game.o (slSin)
C:\saturn\sgl302j/lib\libsgl.a(sglF02.o)
                              game.o (slPrintHex)
C:\saturn\sgl302j/lib\libsgl.a(sglC06.o)
                              game.o (slDispSprite)
C:\saturn\sgl302j/lib\libsgl.a(sglA06.o)
                              game.o (slMulFX)
C:\saturn\sgl302j/lib\libsgl.a(sglB001.o)
                              game.o (slTVOn)
C:\saturn\sgl302j/lib\libsgl.a(sglD00.o)
                              game.o (slDMACopy)
C:\saturn\sgl302j/lib\libsgl.a(sglB002.o)
                              game.o (slColRAMMode)
C:\saturn\sgl302j/lib\libsgl.a(sglB016.o)
                              game.o (slBack1ColSet)
C:\saturn\sgl302j/lib\libsgl.a(sglB200.o)
                              game.o (slCharNbg1)
C:\saturn\sgl302j/lib\libsgl.a(sglB056.o)
                              game.o (slPlaneNbg1)
C:\saturn\sgl302j/lib\libsgl.a(sglB032.o)
                              game.o (slMapNbg1)
C:\saturn\sgl302j/lib\libsgl.a(sglB057.o)
                              game.o (slPlaneNbg2)
C:\saturn\sgl302j/lib\libsgl.a(sglB063.o)
                              game.o (slPriority)
C:\saturn\sgl302j/lib\libsgl.a(sglB033.o)
                              game.o (slMapNbg2)
C:\saturn\sgl302j/lib\libsgl.a(sglB023.o)
                              game.o (slColRate)
C:\saturn\sgl302j/lib\libsgl.a(sglB058.o)
                              game.o (slPlaneNbg3)
C:\saturn\sgl302j/lib\libsgl.a(sglB034.o)
                              game.o (slMapNbg3)
C:\saturn\sgl302j/lib\libsgl.a(sglB073.o)
                              game.o (slScrPosNbg3)
C:\saturn\sgl302j/lib\libsgl.a(sglB020.o)
                              game.o (slColorCalc)
C:\saturn\sgl302j/lib\libsgl.a(sglB021.o)
                              game.o (slColorCalcOn)
C:\saturn\sgl302j/lib\libsgl.a(sglB011.o)
                              framebuffer.o (slBitMapNbg1)
C:\saturn\sgl302j/lib\libsgl.a(sglB051.o)
                              framebuffer.o (slZoomMode)
C:\saturn\sgl302j/lib\libsgl.a(sglB053.o)
                              framebuffer.o (slZoomNbg1)
C:\saturn\sgl302j/lib\libsgl.a(sglA07.o)
                              framebuffer.o (slDivFX)
C:\saturn\sgl302j/lib\libsgl.a(sglA05.o)
                              framebuffer.o (slSquartFX)
C:\saturn\sgl302j/lib\libsgl.a(sglA04.o)
                              framebuffer.o (slAtan)
C:\saturn\sgl302j/lib\libsgl.a(sglA00.o)
                              C:\saturn\sgl302j/lib\libsgl.a(sglIc0.o) (_builtin_set_imask)
C:\saturn\sgl302j/lib\libsgl.a(sglK01.o)
                              C:\saturn\sgl302j/lib\libsgl.a(sglIc0.o) (SynchCount)
C:\saturn\sgl302j/lib\libsgl.a(sglJ00.o)
                              C:\saturn\sgl302j/lib\libsgl.a(sglIc0.o) (InitSlaveSH)
C:\saturn\sgl302j/lib\libsgl.a(sglA20.o)
                              C:\saturn\sgl302j/lib\libsgl.a(sglIc0.o) (slInitMatrix)
C:\saturn\sgl302j/lib\libsgl.a(sglB000.o)
                              C:\saturn\sgl302j/lib\libsgl.a(sglIc0.o) (slInitScroll)
C:\saturn\sgl302j/lib\libsgl.a(sglJ01.o)
                              C:\saturn\sgl302j/lib\libsgl.a(sglIc0.o) (SlaveControl)
C:\saturn\sgl302j/lib\libsgl.a(sglI00.o)
                              C:\saturn\sgl302j/lib\libsgl.a(sglIc0.o) (slInitInterrupt)
C:\saturn\sgl302j/lib\libsgl.a(sglC00.o)
                              C:\saturn\sgl302j/lib\libsgl.a(sglIc0.o) (slInitSprite)
C:\saturn\sgl302j/lib\libsgl.a(sglH02.o)
                              C:\saturn\sgl302j/lib\libsgl.a(sglH00.o) (smpc_pfr_tbl)
C:\saturn\sgl302j/lib\libsgl.a(sglH04.o)
                              C:\saturn\sgl302j/lib\libsgl.a(sglH00.o) (slComPrmIntBack)
C:\saturn\sgl302j/lib\libsgl.a(sglC20.o)
                              C:\saturn\sgl302j/lib\libsgl.a(sglC06.o) (SpriteEntry)
C:\saturn\sgl302j/lib\libsgl.a(sglB035.o)
                              C:\saturn\sgl302j/lib\libsgl.a(sglB200.o) (rbank_set)
C:\saturn\sgl302j/lib\libsgl.a(sglJ03.o)
                              C:\saturn\sgl302j/lib\libsgl.a(sglJ01.o) (sbMakeDMATable)
C:\saturn\sgl302j/lib\libsgl.a(sglJ02.o)
                              C:\saturn\sgl302j/lib\libsgl.a(sglJ01.o) (sbMakePolygon)
C:\saturn\sgl302j/lib\libsgl.a(sglJ04.o)
                              C:\saturn\sgl302j/lib\libsgl.a(sglJ01.o) (sbMakeSprite)
C:\saturn\sgl302j/lib\libsgl.a(sglJ05.o)
                              C:\saturn\sgl302j/lib\libsgl.a(sglJ01.o) (sbSortEntry)
C:\saturn\sgl302j/lib\libsgl.a(sglH03.o)
                              C:\saturn\sgl302j/lib\libsgl.a(sglI00.o) (slSmpcIntBack)
C:\saturn\sgl302j/lib\libsgl.a(sglM01.o)
                              C:\saturn\sgl302j/lib\libsgl.a(sglJ02.o) (DepthWorkArea)
c:/saturn/SH_COFF/sh-coff/bin/../lib/gcc/sh-coff/3.4-GNUSH_v0501/m2\libgcc.a(__main.o)
                              C:\saturn\sgl302j\SAMPLE\common/cinit.o (__main)
c:/saturn/SH_COFF/sh-coff/bin/../lib/gcc/sh-coff/3.4-GNUSH_v0501/m2\libgcc.a(_si_to_df.o)
                              game.o (__floatsidf)
c:/saturn/SH_COFF/sh-coff/bin/../lib/gcc/sh-coff/3.4-GNUSH_v0501/m2\libgcc.a(_mul_df.o)
                              game.o (__muldf3)
c:/saturn/SH_COFF/sh-coff/bin/../lib/gcc/sh-coff/3.4-GNUSH_v0501/m2\libgcc.a(_div_df.o)
                              game.o (__divdf3)
c:/saturn/SH_COFF/sh-coff/bin/../lib/gcc/sh-coff/3.4-GNUSH_v0501/m2\libgcc.a(_df_to_si.o)
                              game.o (__fixdfsi)
c:/saturn/SH_COFF/sh-coff/bin/../lib/gcc/sh-coff/3.4-GNUSH_v0501/m2\libgcc.a(_ashiftrt_n.o)
                              game.o (__ashrsi3)
c:/saturn/SH_COFF/sh-coff/bin/../lib/gcc/sh-coff/3.4-GNUSH_v0501/m2\libgcc.a(_pack_df.o)
                              c:/saturn/SH_COFF/sh-coff/bin/../lib/gcc/sh-coff/3.4-GNUSH_v0501/m2\libgcc.a(_si_to_df.o) (__pack_d)
c:/saturn/SH_COFF/sh-coff/bin/../lib/gcc/sh-coff/3.4-GNUSH_v0501/m2\libgcc.a(_unpack_df.o)
                              c:/saturn/SH_COFF/sh-coff/bin/../lib/gcc/sh-coff/3.4-GNUSH_v0501/m2\libgcc.a(_mul_df.o) (__unpack_d)
c:/saturn/SH_COFF/sh-coff/bin/../lib/gcc/sh-coff/3.4-GNUSH_v0501/m2\libgcc.a(_thenan_df.o)
                              c:/saturn/SH_COFF/sh-coff/bin/../lib/gcc/sh-coff/3.4-GNUSH_v0501/m2\libgcc.a(_mul_df.o) (__thenan_df)
c:/saturn/SH_COFF/sh-coff/bin/../lib/gcc/sh-coff/3.4-GNUSH_v0501/m2\libgcc.a(_lshrdi3.o)
                              c:/saturn/SH_COFF/sh-coff/bin/../lib/gcc/sh-coff/3.4-GNUSH_v0501/m2\libgcc.a(_df_to_si.o) (__lshrdi3)
c:/saturn/SH_COFF/sh-coff/bin/../lib/gcc/sh-coff/3.4-GNUSH_v0501/m2\libgcc.a(_ashldi3.o)
                              c:/saturn/SH_COFF/sh-coff/bin/../lib/gcc/sh-coff/3.4-GNUSH_v0501/m2\libgcc.a(_pack_df.o) (__ashldi3)
c:/saturn/SH_COFF/sh-coff/bin/../lib/gcc/sh-coff/3.4-GNUSH_v0501/m2\libgcc.a(_ashiftlt.o)
                              c:/saturn/SH_COFF/sh-coff/bin/../lib/gcc/sh-coff/3.4-GNUSH_v0501/m2\libgcc.a(_lshrdi3.o) (__ashlsi3)
c:/saturn/SH_COFF/sh-coff/bin/../lib/gcc/sh-coff/3.4-GNUSH_v0501/m2\libgcc.a(_lshiftrt.o)
                              c:/saturn/SH_COFF/sh-coff/bin/../lib/gcc/sh-coff/3.4-GNUSH_v0501/m2\libgcc.a(_lshrdi3.o) (__lshrsi3)
c:/saturn/SH_COFF/sh-coff/bin/../lib/gcc/sh-coff/3.4-GNUSH_v0501/../../../../sh-coff/lib/m2\libc.a(memcpy.o)
                              game.o (memcpy)
c:/saturn/SH_COFF/sh-coff/bin/../lib/gcc/sh-coff/3.4-GNUSH_v0501/../../../../sh-coff/lib/m2\libc.a(memset.o)
                              spritelist.o (memset)
c:/saturn/SH_COFF/sh-coff/bin/../lib/gcc/sh-coff/3.4-GNUSH_v0501/../../../../sh-coff/lib/m2\libc.a(atexit.o)
                              c:/saturn/SH_COFF/sh-coff/bin/../lib/gcc/sh-coff/3.4-GNUSH_v0501/m2\libgcc.a(__main.o) (atexit)
c:/saturn/SH_COFF/sh-coff/bin/../lib/gcc/sh-coff/3.4-GNUSH_v0501/../../../../sh-coff/lib/m2\libc.a(impure.o)
                              c:/saturn/SH_COFF/sh-coff/bin/../lib/gcc/sh-coff/3.4-GNUSH_v0501/../../../../sh-coff/lib/m2\libc.a(atexit.o) (_impure_ptr)
c:/saturn/SH_COFF/sh-coff/bin/../lib/gcc/sh-coff/3.4-GNUSH_v0501/../../../../sh-coff/lib/m2\libc.a(malloc.o)
                              c:/saturn/SH_COFF/sh-coff/bin/../lib/gcc/sh-coff/3.4-GNUSH_v0501/../../../../sh-coff/lib/m2\libc.a(atexit.o) (malloc)
c:/saturn/SH_COFF/sh-coff/bin/../lib/gcc/sh-coff/3.4-GNUSH_v0501/../../../../sh-coff/lib/m2\libc.a(mallocr.o)
                              c:/saturn/SH_COFF/sh-coff/bin/../lib/gcc/sh-coff/3.4-GNUSH_v0501/../../../../sh-coff/lib/m2\libc.a(malloc.o) (_malloc_r)
c:/saturn/SH_COFF/sh-coff/bin/../lib/gcc/sh-coff/3.4-GNUSH_v0501/../../../../sh-coff/lib/m2\libc.a(freer.o)
                              c:/saturn/SH_COFF/sh-coff/bin/../lib/gcc/sh-coff/3.4-GNUSH_v0501/../../../../sh-coff/lib/m2\libc.a(malloc.o) (_free_r)
c:/saturn/SH_COFF/sh-coff/bin/../lib/gcc/sh-coff/3.4-GNUSH_v0501/../../../../sh-coff/lib/m2\libc.a(mlock.o)
                              c:/saturn/SH_COFF/sh-coff/bin/../lib/gcc/sh-coff/3.4-GNUSH_v0501/../../../../sh-coff/lib/m2\libc.a(mallocr.o) (__malloc_lock)
c:/saturn/SH_COFF/sh-coff/bin/../lib/gcc/sh-coff/3.4-GNUSH_v0501/../../../../sh-coff/lib/m2\libc.a(sbrkr.o)
                              c:/saturn/SH_COFF/sh-coff/bin/../lib/gcc/sh-coff/3.4-GNUSH_v0501/../../../../sh-coff/lib/m2\libc.a(mallocr.o) (_sbrk_r)
c:/saturn/SH_COFF/sh-coff/bin/../lib/gcc/sh-coff/3.4-GNUSH_v0501/../../../../sh-coff/lib/m2\libc.a(syscalls.o)
                              c:/saturn/SH_COFF/sh-coff/bin/../lib/gcc/sh-coff/3.4-GNUSH_v0501/../../../../sh-coff/lib/m2\libc.a(sbrkr.o) (_sbrk)
c:/saturn/SH_COFF/sh-coff/bin/../lib/gcc/sh-coff/3.4-GNUSH_v0501/../../../../sh-coff/lib/m2\libc.a(trap.o)
                              c:/saturn/SH_COFF/sh-coff/bin/../lib/gcc/sh-coff/3.4-GNUSH_v0501/../../../../sh-coff/lib/m2\libc.a(syscalls.o) (__trap34)
c:/saturn/SH_COFF/sh-coff/bin/../lib/gcc/sh-coff/3.4-GNUSH_v0501/../../../../sh-coff/lib/m2\libc.a(abort.o)
                              c:/saturn/SH_COFF/sh-coff/bin/../lib/gcc/sh-coff/3.4-GNUSH_v0501/../../../../sh-coff/lib/m2\libc.a(syscalls.o) (abort)
c:/saturn/SH_COFF/sh-coff/bin/../lib/gcc/sh-coff/3.4-GNUSH_v0501/../../../../sh-coff/lib/m2\libc.a(signal.o)
                              c:/saturn/SH_COFF/sh-coff/bin/../lib/gcc/sh-coff/3.4-GNUSH_v0501/../../../../sh-coff/lib/m2\libc.a(abort.o) (raise)
c:/saturn/SH_COFF/sh-coff/bin/../lib/gcc/sh-coff/3.4-GNUSH_v0501/../../../../sh-coff/lib/m2\libc.a(signalr.o)
                              c:/saturn/SH_COFF/sh-coff/bin/../lib/gcc/sh-coff/3.4-GNUSH_v0501/../../../../sh-coff/lib/m2\libc.a(signal.o) (_kill_r)
c:/saturn/SH_COFF/sh-coff/bin/../lib/gcc/sh-coff/3.4-GNUSH_v0501/m2\libgcc.a(_udivsi3.o)
                              c:/saturn/SH_COFF/sh-coff/bin/../lib/gcc/sh-coff/3.4-GNUSH_v0501/../../../../sh-coff/lib/m2\libc.a(freer.o) (__udivsi3)

Allocating common symbols
Common symbol       size              file

sprites             0x1c20            game.o
numSprites          0x1               game.o
playfield           0x800             game.o
eye1Index           0x4               game.o
defaultSprite       0x24              game.o
eye2Index           0x4               game.o
errno               0x4               c:/saturn/SH_COFF/sh-coff/bin/../lib/gcc/sh-coff/3.4-GNUSH_v0501/../../../../sh-coff/lib/m2\libc.a(syscalls.o)
gameState           0x4               game.o
lut                 0x8c00            framebuffer.o
dispFace            0x1               game.o

Memory Configuration

Name             Origin             Length             Attributes
*default*        0x00000000         0xffffffff

Linker script and memory map


SLSTART         0x06004000       0x30
                0x06004000                ___Start = .
 *(SLSTART)
 SLSTART        0x06004000       0x28 C:\saturn\sgl302j/lib\libsgl.a(sglI00.o)
                0x06004002                slStartSGL
                0x06004000                SGL_Start

.text           0x06004040     0x3e20
 *(.text)
 .text          0x06004040       0x50 C:\saturn\sgl302j\SAMPLE\common/cinit.o
                0x06004040                main
 .text          0x06004090       0x60 main.o
                0x06004090                ss_main
 .text          0x060040f0     0x16d0 game.o
                0x06004fa0                loadSpritePos
                0x06004f70                loadLevel
                0x060051a0                runLevel
 .text          0x060057c0      0x1f0 framebuffer.o
                0x060057c0                runFramebuffer
 .text          0x060059b0       0xf0 scrollfunctions.o
                0x06005a50                MapRead
                0x06005a70                Pal2CRAM
                0x060059d0                Map2VRAM
                0x06005a30                MapWrite
                0x060059b0                Cel2VRAM
 .text          0x06005aa0       0xd0 spritelist.o
                0x06005b20                deleteSprite
                0x06005aa0                addSprite
                0x06005b50                clearSpriteList
 .text          0x06005b70      0x128 C:\saturn\sgl302j/lib\libsgl.a(sglIc0.o)
                0x06005b70                slInitSystem
 *fill*         0x06005c98        0x8 00
 .text          0x06005ca0       0xc0 c:/saturn/SH_COFF/sh-coff/bin/../lib/gcc/sh-coff/3.4-GNUSH_v0501/m2\libgcc.a(__main.o)
                0x06005d20                __main
                0x06005ca0                __do_global_dtors
                0x06005ce0                __do_global_ctors
 .text          0x06005d60      0x110 c:/saturn/SH_COFF/sh-coff/bin/../lib/gcc/sh-coff/3.4-GNUSH_v0501/m2\libgcc.a(_si_to_df.o)
                0x06005d70                __floatsidf
 .text          0x06005e70      0x2c0 c:/saturn/SH_COFF/sh-coff/bin/../lib/gcc/sh-coff/3.4-GNUSH_v0501/m2\libgcc.a(_mul_df.o)
                0x06005e90                __muldf3
 .text          0x06006130      0x180 c:/saturn/SH_COFF/sh-coff/bin/../lib/gcc/sh-coff/3.4-GNUSH_v0501/m2\libgcc.a(_div_df.o)
                0x06006140                __divdf3
 .text          0x060062b0       0x90 c:/saturn/SH_COFF/sh-coff/bin/../lib/gcc/sh-coff/3.4-GNUSH_v0501/m2\libgcc.a(_df_to_si.o)
                0x060062b0                __fixdfsi
 .text          0x06006340       0x80 c:/saturn/SH_COFF/sh-coff/bin/../lib/gcc/sh-coff/3.4-GNUSH_v0501/m2\libgcc.a(_ashiftrt_n.o)
                0x06006340                __ashrsi3
 .text          0x060063c0      0x270 c:/saturn/SH_COFF/sh-coff/bin/../lib/gcc/sh-coff/3.4-GNUSH_v0501/m2\libgcc.a(_pack_df.o)
                0x060063e0                __pack_d
 .text          0x06006630      0x160 c:/saturn/SH_COFF/sh-coff/bin/../lib/gcc/sh-coff/3.4-GNUSH_v0501/m2\libgcc.a(_unpack_df.o)
                0x06006650                __unpack_d
 .text          0x06006790       0x20 c:/saturn/SH_COFF/sh-coff/bin/../lib/gcc/sh-coff/3.4-GNUSH_v0501/m2\libgcc.a(_thenan_df.o)
                0x06006790                __thenan_df
 .text          0x060067b0       0x90 c:/saturn/SH_COFF/sh-coff/bin/../lib/gcc/sh-coff/3.4-GNUSH_v0501/m2\libgcc.a(_lshrdi3.o)
                0x060067b0                __lshrdi3
 .text          0x06006840       0x90 c:/saturn/SH_COFF/sh-coff/bin/../lib/gcc/sh-coff/3.4-GNUSH_v0501/m2\libgcc.a(_ashldi3.o)
                0x06006840                __ashldi3
 .text          0x060068d0       0x90 c:/saturn/SH_COFF/sh-coff/bin/../lib/gcc/sh-coff/3.4-GNUSH_v0501/m2\libgcc.a(_ashiftlt.o)
                0x060068d0                __ashlsi3
 .text          0x06006960       0x90 c:/saturn/SH_COFF/sh-coff/bin/../lib/gcc/sh-coff/3.4-GNUSH_v0501/m2\libgcc.a(_lshiftrt.o)
                0x06006960                __lshrsi3
 .text          0x060069f0       0xa0 c:/saturn/SH_COFF/sh-coff/bin/../lib/gcc/sh-coff/3.4-GNUSH_v0501/../../../../sh-coff/lib/m2\libc.a(memcpy.o)
                0x060069f0                memcpy
 .text          0x06006a90       0x40 c:/saturn/SH_COFF/sh-coff/bin/../lib/gcc/sh-coff/3.4-GNUSH_v0501/../../../../sh-coff/lib/m2\libc.a(memset.o)
                0x06006a90                memset
 .text          0x06006ad0       0xa0 c:/saturn/SH_COFF/sh-coff/bin/../lib/gcc/sh-coff/3.4-GNUSH_v0501/../../../../sh-coff/lib/m2\libc.a(atexit.o)
                0x06006ad0                atexit
 .text          0x06006b70       0x10 c:/saturn/SH_COFF/sh-coff/bin/../lib/gcc/sh-coff/3.4-GNUSH_v0501/../../../../sh-coff/lib/m2\libc.a(impure.o)
                0x06006b70                _global_impure_ptr
 .text          0x06006b80       0x40 c:/saturn/SH_COFF/sh-coff/bin/../lib/gcc/sh-coff/3.4-GNUSH_v0501/../../../../sh-coff/lib/m2\libc.a(malloc.o)
                0x06006ba0                free
                0x06006b80                malloc
 .text          0x06006bc0      0x680 c:/saturn/SH_COFF/sh-coff/bin/../lib/gcc/sh-coff/3.4-GNUSH_v0501/../../../../sh-coff/lib/m2\libc.a(mallocr.o)
                0x06006bc0                _malloc_r
 .text          0x06007240      0x3b0 c:/saturn/SH_COFF/sh-coff/bin/../lib/gcc/sh-coff/3.4-GNUSH_v0501/../../../../sh-coff/lib/m2\libc.a(freer.o)
                0x06007240                _malloc_trim_r
                0x06007340                _free_r
 .text          0x060075f0       0x20 c:/saturn/SH_COFF/sh-coff/bin/../lib/gcc/sh-coff/3.4-GNUSH_v0501/../../../../sh-coff/lib/m2\libc.a(mlock.o)
                0x060075f0                __malloc_lock
                0x06007600                __malloc_unlock
 .text          0x06007610       0x50 c:/saturn/SH_COFF/sh-coff/bin/../lib/gcc/sh-coff/3.4-GNUSH_v0501/../../../../sh-coff/lib/m2\libc.a(sbrkr.o)
                0x06007610                _sbrk_r
 .text          0x06007660      0x430 c:/saturn/SH_COFF/sh-coff/bin/../lib/gcc/sh-coff/3.4-GNUSH_v0501/../../../../sh-coff/lib/m2\libc.a(syscalls.o)
                0x06007810                _exit
                0x06007850                _getpid
                0x060078d0                _utime
                0x060076a0                _write
                0x06007660                _read
                0x060077f0                _unlink
                0x060077b0                _open
                0x06007870                _stat
                0x06007800                isatty
                0x06007910                _wait
                0x06007830                _kill
                0x06007890                _chmod
                0x06007950                _execv
                0x06007930                _execve
                0x06007a50                __setup_argv_and_call_main
                0x060079a0                _gettimeofday
                0x060076e0                _link
                0x06007860                _raise
                0x060077d0                _creat
                0x06007970                _pipe
                0x060078b0                _chown
                0x06007680                _lseek
                0x060076c0                _close
                0x06007990                _times
                0x06007790                _fstat
                0x060078f0                _fork
                0x06007710                _sbrk
 .text          0x06007a90       0x20 c:/saturn/SH_COFF/sh-coff/bin/../lib/gcc/sh-coff/3.4-GNUSH_v0501/../../../../sh-coff/lib/m2\libc.a(trap.o)
                0x06007a90                __trap34
 .text          0x06007ab0       0x20 c:/saturn/SH_COFF/sh-coff/bin/../lib/gcc/sh-coff/3.4-GNUSH_v0501/../../../../sh-coff/lib/m2\libc.a(abort.o)
                0x06007ab0                abort
 .text          0x06007ad0      0x2c0 c:/saturn/SH_COFF/sh-coff/bin/../lib/gcc/sh-coff/3.4-GNUSH_v0501/../../../../sh-coff/lib/m2\libc.a(signal.o)
                0x06007bb0                _raise_r
                0x06007d70                __sigtramp
                0x06007d10                raise
                0x06007d50                _init_signal
                0x06007c90                __sigtramp_r
                0x06007d30                signal
                0x06007b20                _signal_r
                0x06007ad0                _init_signal_r
 .text          0x06007d90       0x60 c:/saturn/SH_COFF/sh-coff/bin/../lib/gcc/sh-coff/3.4-GNUSH_v0501/../../../../sh-coff/lib/m2\libc.a(signalr.o)
                0x06007de0                _getpid_r
                0x06007d90                _kill_r
 .text          0x06007df0       0x70 c:/saturn/SH_COFF/sh-coff/bin/../lib/gcc/sh-coff/3.4-GNUSH_v0501/m2\libgcc.a(_udivsi3.o)
                0x06007e12                __udivsi3
 *(.strings)
                0x06007e60                __etext = .

SLPROG          0x06007e60    0x12430
                0x06007e60                __slprog_start = .
 *(SLPROG)
 SLPROG         0x06007e60     0x6540 C:\saturn\sgl302j/lib/sglarea.o
                0x06007e7c                SpriteBuf
                0x06007ea0                RemainEvent
                0x06007e6c                SortList
                0x06007e6a                MaxPolygons
                0x06007e88                CommandBuf
                0x06007e9c                MaxWorks
                0x06007e9e                WorkSize
                0x06007e94                PCM_WkSize
                0x06007e8c                CLOfstBuf
                0x06007fa0                RemainWork
                0x06007e90                PCM_Work
                0x06007e60                MasterStack
                0x06007e64                SlaveStack
                0x06007e68                MaxVertices
                0x06007e98                MaxEvents
                0x06007e78                Zbuffer
                0x06007e80                SpriteBufSize
                0x0600a3a0                WorkBuf
                0x06007e74                TransList
                0x06007e84                Pbuffer
                0x06007e70                SortListSize
                0x06007e9a                EventSize
                0x060083a0                EventBuf
 SLPROG         0x0600e3a0      0xfc8 C:\saturn\sgl302j/lib\libsgl.a(sglH00.o)
                0x0600e43c                slSetPortData1
                0x0600e42c                slGetPortData1
                0x0600ec1a                slSetPortMode1
                0x0600ee54                Smpc_Status
                0x0600e3f2                slSetPortDir2
                0x0600ea38                slSmpcCashSend
                0x0600e458                slGetPortSelect1
                0x0600e83e                slIntBackCancel
                0x0600e4f0                slSetPortExt1
                0x0600ec00                slGetPortMode1
                0x0600eaf4                slSmpcCashBlow
                0x0600ede4                slRequestCommand
                0x0600ee84                SmpcStatusBuf
                0x0600e446                slSetPortData2
                0x0600e7a6                slSetResultBuffer
                0x0600e4dc                slGetPortExt1
                0x0600e520                slSetPortExt2
                0x0600e3c0                slGetPortDir2
                0x0600e4e6                slGetPortExt2
                0x0600e872                slClearReset
                0x0600e868                slCheckReset
                0x0600e3c8                slSetPortDir1
                0x0600e4a0                slSetPortSelect2
                0x0600e46c                slSetPortSelect1
                0x0600ec0c                slGetPortMode2
                0x0600e462                slGetPortSelect2
                0x0600e3b8                slGetPortDir1
                0x0600e434                slGetPortData2
                0x0600ebda                slSetOptimize
                0x0600ebd0                slGetOptimize
                0x0600e694                slSmpcDirectAccess
                0x0600ee62                Per_Connect1
                0x0600e714                slInitPeripheral
                0x0600e832                slCheckIntBackSet
                0x0600ee63                Per_Connect2
                0x0600ee5c                Smpc_Peripheral
                0x0600ec58                slSetPortMode2
                0x0600ee58                Smpc_Result
 *fill*         0x0600f368        0x8 00
 SLPROG         0x0600f370       0x4e C:\saturn\sgl302j/lib\libsgl.a(sglF00.o)
                0x0600f38a                slLocate
                0x0600f380                slCurColor
                0x0600f3bc                CurrentScreen
                0x0600f370                slCurScrn
 *fill*         0x0600f3be        0x2 00
 SLPROG         0x0600f3c0       0x1c C:\saturn\sgl302j/lib\libsgl.a(sglF05.o)
                0x0600f3c0                slPrint
 *fill*         0x0600f3dc        0x4 00
 SLPROG         0x0600f3e0       0x10 C:\saturn\sgl302j/lib\libsgl.a(sglB072.o)
                0x0600f3e0                slScrPosNbg2
 SLPROG         0x0600f3f0        0xc C:\saturn\sgl302j/lib\libsgl.a(sglB071.o)
                0x0600f3f0                slScrPosNbg1
 *fill*         0x0600f3fc        0x4 00
 SLPROG         0x0600f400      0x12a C:\saturn\sgl302j/lib\libsgl.a(sglF03.o)
                0x0600f400                slPrintFX
 *fill*         0x0600f52a        0x6 00
 SLPROG         0x0600f530      0x40c C:\saturn\sgl302j/lib\libsgl.a(sglB015.o)
                0x0600f530                slScrAutoDisp
 *fill*         0x0600f93c        0x4 00
 SLPROG         0x0600f940      0x3a4 C:\saturn\sgl302j/lib\libsgl.a(sglI01.o)
                0x0600fb2a                RetPCMBuf
                0x0600fc64                Sound_Buf
                0x0600f940                slInitSynch
                0x0600fa50                slRandom
                0x0600fbc4                PCM_Buf
                0x0600f95a                slSynch
                0x0600fa6e                PCM_EndCheck
 *fill*         0x0600fce4        0xc 00
 SLPROG         0x0600fcf0     0x411e C:\saturn\sgl302j/lib\libsgl.a(sglA01.o)
                0x0600fdcc                sin_cos_index_tbl
                0x0600fcf0                slSin
                0x0600fe0c                sin_tbl
                0x0600fd38                GetSinCos
                0x0600fd14                slCos
 *fill*         0x06013e0e        0x2 00
 SLPROG         0x06013e10       0x3c C:\saturn\sgl302j/lib\libsgl.a(sglF02.o)
                0x06013e10                slPrintHex
 *fill*         0x06013e4c        0x4 00
 SLPROG         0x06013e50       0xfa C:\saturn\sgl302j/lib\libsgl.a(sglC06.o)
                0x06013e50                slDispSprite
 *fill*         0x06013f4a        0x6 00
 SLPROG         0x06013f50        0xa C:\saturn\sgl302j/lib\libsgl.a(sglA06.o)
                0x06013f50                slMulFX
 *fill*         0x06013f5a        0x6 00
 SLPROG         0x06013f60       0x20 C:\saturn\sgl302j/lib\libsgl.a(sglB001.o)
                0x06013f60                slTVOn
                0x06013f6a                slTVOff
 SLPROG         0x06013f80       0x84 C:\saturn\sgl302j/lib\libsgl.a(sglD00.o)
                0x06013f80                slDMACopy
                0x06013f80                slCpuDMACopy
                0x06013fda                slCashPurge
                0x06013fda                CSH_AllClr
 *fill*         0x06014004        0xc 00
 SLPROG         0x06014010       0x1e C:\saturn\sgl302j/lib\libsgl.a(sglB002.o)
                0x06014010                slColRAMMode
 *fill*         0x0601402e        0x2 00
 SLPROG         0x06014030        0xc C:\saturn\sgl302j/lib\libsgl.a(sglB016.o)
                0x06014030                slBack1ColSet
 *fill*         0x0601403c        0x4 00
 SLPROG         0x06014040      0x114 C:\saturn\sgl302j/lib\libsgl.a(sglB200.o)
                0x0601404c                slCharNbg0
                0x06014092                slPageRbg0
                0x060140a8                slPageNbg1
                0x06014058                slCharNbg1
                0x060140c4                slPageNbg0
                0x060140b0                slPageNbg2
                0x060140b8                slPageNbg3
                0x06014064                slCharNbg2
                0x0601407a                slCharNbg3
                0x06014040                slCharRbg0
 *fill*         0x06014154        0xc 00
 SLPROG         0x06014160        0xc C:\saturn\sgl302j/lib\libsgl.a(sglB056.o)
                0x06014160                slPlaneNbg1
 *fill*         0x0601416c        0x4 00
 SLPROG         0x06014170       0xb4 C:\saturn\sgl302j/lib\libsgl.a(sglB032.o)
                0x06014170                slMapNbg1
 *fill*         0x06014224        0xc 00
 SLPROG         0x06014230       0x10 C:\saturn\sgl302j/lib\libsgl.a(sglB057.o)
                0x06014230                slPlaneNbg2
 SLPROG         0x06014240        0xc C:\saturn\sgl302j/lib\libsgl.a(sglB063.o)
                0x06014240                slPriority
 *fill*         0x0601424c        0x4 00
 SLPROG         0x06014250       0xb0 C:\saturn\sgl302j/lib\libsgl.a(sglB033.o)
                0x06014250                slMapNbg2
 SLPROG         0x06014300        0xc C:\saturn\sgl302j/lib\libsgl.a(sglB023.o)
                0x06014300                slColRate
 *fill*         0x0601430c        0x4 00
 SLPROG         0x06014310       0x10 C:\saturn\sgl302j/lib\libsgl.a(sglB058.o)
                0x06014310                slPlaneNbg3
 SLPROG         0x06014320       0xb4 C:\saturn\sgl302j/lib\libsgl.a(sglB034.o)
                0x06014320                slMapNbg3
 *fill*         0x060143d4        0xc 00
 SLPROG         0x060143e0       0x10 C:\saturn\sgl302j/lib\libsgl.a(sglB073.o)
                0x060143e0                slScrPosNbg3
 SLPROG         0x060143f0       0x10 C:\saturn\sgl302j/lib\libsgl.a(sglB020.o)
                0x060143f0                slColorCalc
 SLPROG         0x06014400        0xc C:\saturn\sgl302j/lib\libsgl.a(sglB021.o)
                0x06014400                slColorCalcOn
 *fill*         0x0601440c        0x4 00
 SLPROG         0x06014410       0x24 C:\saturn\sgl302j/lib\libsgl.a(sglB011.o)
                0x06014410                slBitMapNbg1
 *fill*         0x06014434        0xc 00
 SLPROG         0x06014440        0xc C:\saturn\sgl302j/lib\libsgl.a(sglB051.o)
                0x06014440                slZoomMode
 *fill*         0x0601444c        0x4 00
 SLPROG         0x06014450        0xc C:\saturn\sgl302j/lib\libsgl.a(sglB053.o)
                0x06014450                slZoomNbg1
 *fill*         0x0601445c        0x4 00
 SLPROG         0x06014460       0x14 C:\saturn\sgl302j/lib\libsgl.a(sglA07.o)
                0x06014460                slDivFX
 *fill*         0x06014474        0xc 00
 SLPROG         0x06014480       0x38 C:\saturn\sgl302j/lib\libsgl.a(sglA05.o)
                0x06014480                slSquart
                0x060144ac                slSquartFX
 *fill*         0x060144b8        0x8 00
 SLPROG         0x060144c0     0x20b6 C:\saturn\sgl302j/lib\libsgl.a(sglA04.o)
                0x06014574                atan_tbl
                0x060144c0                slAtan
 *fill*         0x06016576        0xa 00
 SLPROG         0x06016580       0x20 C:\saturn\sgl302j/lib\libsgl.a(sglA00.o)
                0x06016594                get_imask
                0x06016580                set_imask
                0x06016580                _builtin_set_imask
                0x06016594                _builtin_get_imask
 SLPROG         0x060165a0       0x74 C:\saturn\sgl302j/lib\libsgl.a(sglJ00.o)
                0x060165a0                InitSlaveSH
                0x06016608                SlaveCommand
 *fill*         0x06016614        0xc 00
 SLPROG         0x06016620      0x42c C:\saturn\sgl302j/lib\libsgl.a(sglA20.o)
                0x06016620                slInitMatrix
                0x0601663e                slUnitMatrix
                0x0601662a                slPushUnitMatrix
 *fill*         0x06016a4c        0x4 00
 SLPROG         0x06016a50      0xbd0 C:\saturn\sgl302j/lib\libsgl.a(sglB000.o)
                0x06016a50                slInitScroll
                0x06016cb0                TVSizeTbl
                0x06016ba0                setASC_4to8
                0x06016d30                TVModeTbl
                0x06016b70                setASC_1to8
                0x06016f08                SGL_ASCII_CG
 SLPROG         0x06017620      0x3d0 C:\saturn\sgl302j/lib\libsgl.a(sglJ01.o)
                0x06017620                SlaveControl
                0x060179dc                ErasePolygonData
 SLPROG         0x060179f0      0x75c C:\saturn\sgl302j/lib\libsgl.a(sglI00.o)
                0x06017ce0                slInitInterrupt
 *fill*         0x0601814c        0x4 00
 SLPROG         0x06018150      0x134 C:\saturn\sgl302j/lib\libsgl.a(sglC00.o)
                0x06018150                slInitSprite
 *fill*         0x06018284        0xc 00
 SLPROG         0x06018290      0x470 C:\saturn\sgl302j/lib\libsgl.a(sglH02.o)
                0x06018680                smpc_pfr_tbl
                0x060186c0                smpc_ptf_tbl
 SLPROG         0x06018700       0x60 C:\saturn\sgl302j/lib\libsgl.a(sglH04.o)
                0x0601872a                slComPrmSetTime
                0x06018700                slComPrmIntBack
                0x06018714                slComPrmSetMemory
 SLPROG         0x06018760       0x40 C:\saturn\sgl302j/lib\libsgl.a(sglC20.o)
                0x06018760                SpriteEntry
 SLPROG         0x060187a0       0xd4 C:\saturn\sgl302j/lib\libsgl.a(sglB035.o)
                0x060187a0                sl1MapRA
                0x06018832                rbank_set
 *fill*         0x06018874        0xc 00
 SLPROG         0x06018880      0x140 C:\saturn\sgl302j/lib\libsgl.a(sglJ03.o)
                0x06018880                sbMakeDMATable
 SLPROG         0x060189c0     0x12b8 C:\saturn\sgl302j/lib\libsgl.a(sglJ02.o)
                0x06019bf4                stvtc_1
                0x0601992c                stvtc_4
                0x060198ec                SetPolygon
                0x060199e4                stvtc_3
                0x06019c1c                stvtc_0
                0x060198f4                SetPosition
                0x06018ba8                sbCalcPolygon
                0x060198e0                SetTexture
                0x060189c0                sbMakePolygon
                0x06019c08                stvtc_2
 *fill*         0x06019c78        0x8 00
 SLPROG         0x06019c80      0x470 C:\saturn\sgl302j/lib\libsgl.a(sglJ04.o)
                0x06019d44                sbMakeRotSprite
                0x06019cde                sbMakeSprite
 SLPROG         0x0601a0f0       0x3c C:\saturn\sgl302j/lib\libsgl.a(sglJ05.o)
                0x0601a0f0                sbSortEntry
 *fill*         0x0601a12c        0x4 00
 SLPROG         0x0601a130       0xf0 C:\saturn\sgl302j/lib\libsgl.a(sglH03.o)
                0x0601a194                slSmpcIntBack
 SLPROG         0x0601a220       0x6a C:\saturn\sgl302j/lib\libsgl.a(sglM01.o)
                0x0601a24c                slSetDepthTbl
                0x0601a27c                DepthWorkArea
                0x0601a220                slSetDepthLimit
                0x0601a28a                __slprog_end = .

.tors           0x0601a290        0x0
                0x0601a290                ___ctors = .
 *(.ctors)
                0x0601a290                ___ctors_end = .
                0x0601a290                ___dtors = .
 *(.dtors)
                0x0601a290                ___dtors_end = .

.data           0x0601a290    0x158b0
 *(.data)
 .data          0x0601a290       0x50 main.o
                0x0601a290                spritepos2
                0x0601a2d0                spritepos1
 .data          0x0601a2e0    0x14fd0 assets.o
                0x060222e0                pal_cloud
                0x0602c8d0                texture_sprites010
                0x0602c050                texture_sprites022
                0x0602c850                texture_sprites011
                0x0602c9d0                texture_sprites008
                0x0602c750                texture_sprites013
                0x0602bee0                pic_sprites
                0x060294e0                map_map2
                0x0602cdd0                texture_sprites003
                0x0602c650                texture_sprites015
                0x0602bf98                tex_sprites
                0x0602c5d0                texture_sprites016
                0x0602c950                texture_sprites009
                0x0602cfd0                texture_sprites002
                0x0602d2b0                texture_sprites000
                0x06022ce0                cel_cloud
                0x060241e0                cel_road
                0x0602c6d0                texture_sprites014
                0x0602c550                texture_sprites017
                0x0602c450                texture_sprites019
                0x060239e0                map_road
                0x0602cd50                texture_sprites004
                0x0602d230                texture_sprites001
                0x0602a6e0                map_face
                0x060237e0                pal_road
                0x0601a2e0                checkerboard
                0x06029ce0                map_map1
                0x0602c7d0                texture_sprites012
                0x0602cad0                texture_sprites006
                0x0602c4d0                texture_sprites018
                0x0602c250                texture_sprites021
                0x0602ca50                texture_sprites007
                0x0602a4e0                pal_face
                0x0602aee0                cel_face
                0x060224e0                map_cloud
                0x0602cb50                texture_sprites005
 .data          0x0602f2b0       0x80 game.o
                0x0602f2fa                SCLERA_ATTR
                0x0602f2e6                SHOT_ATTR
                0x0602f2c8                SPR_SIZE
                0x0602f2f0                CIRCLE_ATTR
                0x0602f2b0                scale
                0x0602f304                EYE_ATTR
                0x0602f2dc                PUSH_ATTR
                0x0602f2b4                SPR_ATTRS
                0x0602f30e                PLAYER_ATTR
 .data          0x0602f330       0x80 C:\saturn\sgl302j/lib\libsgl.a(sglIc0.o)
                0x0602f330                IntPrioMask
 .data          0x0602f3b0      0x380 c:/saturn/SH_COFF/sh-coff/bin/../lib/gcc/sh-coff/3.4-GNUSH_v0501/../../../../sh-coff/lib/m2\libc.a(impure.o)
                0x0602f72c                _impure_ptr
 .data          0x0602f730      0x410 c:/saturn/SH_COFF/sh-coff/bin/../lib/gcc/sh-coff/3.4-GNUSH_v0501/../../../../sh-coff/lib/m2\libc.a(mallocr.o)
                0x0602f738                __malloc_av_
                0x0602f734                __malloc_trim_threshold
                0x0602f730                __malloc_sbrk_base
                0x0602fb40                __edata = .

.bss            0x0602fb40     0xb314
                0x0602fb40                __bstart = .
 *(.bss)
 .bss           0x0602fb40      0x200 assets.o
                0x0602fb40                texture_sprites020
 .bss           0x0602fd40       0x30 game.o
                0x0602fd44                bg2X
                0x0602fd50                screenY
                0x0602fd48                bg1Y
                0x0602fd54                screenX
                0x0602fd58                scaleSpeed
                0x0602fd4c                bg1X
                0x0602fd40                bg2Y
                0x0602fd5c                playerState
 .bss           0x0602fd70       0x10 c:/saturn/SH_COFF/sh-coff/bin/../lib/gcc/sh-coff/3.4-GNUSH_v0501/m2\libgcc.a(__main.o)
 .bss           0x0602fd80       0x10 c:/saturn/SH_COFF/sh-coff/bin/../lib/gcc/sh-coff/3.4-GNUSH_v0501/../../../../sh-coff/lib/m2\libc.a(atexit.o)
 .bss           0x0602fd90       0x40 c:/saturn/SH_COFF/sh-coff/bin/../lib/gcc/sh-coff/3.4-GNUSH_v0501/../../../../sh-coff/lib/m2\libc.a(mallocr.o)
                0x0602fdc0                __malloc_top_pad
                0x0602fd90                __malloc_current_mallinfo
                0x0602fdbc                __malloc_max_sbrked_mem
                0x0602fdb8                __malloc_max_total_mem
 .bss           0x0602fdd0       0x10 c:/saturn/SH_COFF/sh-coff/bin/../lib/gcc/sh-coff/3.4-GNUSH_v0501/../../../../sh-coff/lib/m2\libc.a(syscalls.o)
 *(COMMON)
 COMMON         0x0602fde0     0x246d game.o
                                  0x0 (size before relaxing)
                0x0602fde0                sprites
                0x06031a00                numSprites
                0x06031a10                playfield
                0x06032210                eye1Index
                0x06032220                defaultSprite
                0x06032244                eye2Index
                0x06032248                gameState
                0x0603224c                dispFace
 *fill*         0x0603224d        0x3 00
 COMMON         0x06032250     0x8c00 framebuffer.o
                                  0x0 (size before relaxing)
                0x06032250                lut
 COMMON         0x0603ae50        0x4 c:/saturn/SH_COFF/sh-coff/bin/../lib/gcc/sh-coff/3.4-GNUSH_v0501/../../../../sh-coff/lib/m2\libc.a(syscalls.o)
                                  0x0 (size before relaxing)
                0x0603ae50                errno
                0x0603ae54                __bend = .
                0x0603ae54                _end = .
LOAD C:\saturn\sgl302j\SAMPLE\common/cinit.o
LOAD C:\saturn\sgl302j/lib/sglarea.o
LOAD main.o
LOAD assets.o
LOAD game.o
LOAD framebuffer.o
LOAD scrollfunctions.o
LOAD spritelist.o
LOAD C:\saturn\sgl302j/lib\libsgl.a
LOAD c:/saturn/SH_COFF/sh-coff/bin/../lib/gcc/sh-coff/3.4-GNUSH_v0501/m2\libgcc.a
LOAD c:/saturn/SH_COFF/sh-coff/bin/../lib/gcc/sh-coff/3.4-GNUSH_v0501/../../../../sh-coff/lib/m2\libc.a
LOAD c:/saturn/SH_COFF/sh-coff/bin/../lib/gcc/sh-coff/3.4-GNUSH_v0501/m2\libgcc.a
OUTPUT(sl.coff coff-sh)

.comment        0x0603ae60      0x380
 .comment       0x0603ae60       0x20 C:\saturn\sgl302j\SAMPLE\common/cinit.o
 .comment       0x0603ae80       0x20 main.o
 .comment       0x0603aea0       0x20 assets.o
 .comment       0x0603aec0       0x20 game.o
 .comment       0x0603aee0       0x20 framebuffer.o
 .comment       0x0603af00       0x20 scrollfunctions.o
 .comment       0x0603af20       0x20 spritelist.o
 .comment       0x0603af40       0x20 c:/saturn/SH_COFF/sh-coff/bin/../lib/gcc/sh-coff/3.4-GNUSH_v0501/m2\libgcc.a(__main.o)
 .comment       0x0603af60       0x20 c:/saturn/SH_COFF/sh-coff/bin/../lib/gcc/sh-coff/3.4-GNUSH_v0501/m2\libgcc.a(_si_to_df.o)
 .comment       0x0603af80       0x20 c:/saturn/SH_COFF/sh-coff/bin/../lib/gcc/sh-coff/3.4-GNUSH_v0501/m2\libgcc.a(_mul_df.o)
 .comment       0x0603afa0       0x20 c:/saturn/SH_COFF/sh-coff/bin/../lib/gcc/sh-coff/3.4-GNUSH_v0501/m2\libgcc.a(_div_df.o)
 .comment       0x0603afc0       0x20 c:/saturn/SH_COFF/sh-coff/bin/../lib/gcc/sh-coff/3.4-GNUSH_v0501/m2\libgcc.a(_df_to_si.o)
 .comment       0x0603afe0       0x20 c:/saturn/SH_COFF/sh-coff/bin/../lib/gcc/sh-coff/3.4-GNUSH_v0501/m2\libgcc.a(_pack_df.o)
 .comment       0x0603b000       0x20 c:/saturn/SH_COFF/sh-coff/bin/../lib/gcc/sh-coff/3.4-GNUSH_v0501/m2\libgcc.a(_unpack_df.o)
 .comment       0x0603b020       0x20 c:/saturn/SH_COFF/sh-coff/bin/../lib/gcc/sh-coff/3.4-GNUSH_v0501/m2\libgcc.a(_thenan_df.o)
 .comment       0x0603b040       0x20 c:/saturn/SH_COFF/sh-coff/bin/../lib/gcc/sh-coff/3.4-GNUSH_v0501/m2\libgcc.a(_lshrdi3.o)
 .comment       0x0603b060       0x20 c:/saturn/SH_COFF/sh-coff/bin/../lib/gcc/sh-coff/3.4-GNUSH_v0501/m2\libgcc.a(_ashldi3.o)
 .comment       0x0603b080       0x20 c:/saturn/SH_COFF/sh-coff/bin/../lib/gcc/sh-coff/3.4-GNUSH_v0501/../../../../sh-coff/lib/m2\libc.a(atexit.o)
 .comment       0x0603b0a0       0x20 c:/saturn/SH_COFF/sh-coff/bin/../lib/gcc/sh-coff/3.4-GNUSH_v0501/../../../../sh-coff/lib/m2\libc.a(impure.o)
 .comment       0x0603b0c0       0x20 c:/saturn/SH_COFF/sh-coff/bin/../lib/gcc/sh-coff/3.4-GNUSH_v0501/../../../../sh-coff/lib/m2\libc.a(malloc.o)
 .comment       0x0603b0e0       0x20 c:/saturn/SH_COFF/sh-coff/bin/../lib/gcc/sh-coff/3.4-GNUSH_v0501/../../../../sh-coff/lib/m2\libc.a(mallocr.o)
 .comment       0x0603b100       0x20 c:/saturn/SH_COFF/sh-coff/bin/../lib/gcc/sh-coff/3.4-GNUSH_v0501/../../../../sh-coff/lib/m2\libc.a(freer.o)
 .comment       0x0603b120       0x20 c:/saturn/SH_COFF/sh-coff/bin/../lib/gcc/sh-coff/3.4-GNUSH_v0501/../../../../sh-coff/lib/m2\libc.a(mlock.o)
 .comment       0x0603b140       0x20 c:/saturn/SH_COFF/sh-coff/bin/../lib/gcc/sh-coff/3.4-GNUSH_v0501/../../../../sh-coff/lib/m2\libc.a(sbrkr.o)
 .comment       0x0603b160       0x20 c:/saturn/SH_COFF/sh-coff/bin/../lib/gcc/sh-coff/3.4-GNUSH_v0501/../../../../sh-coff/lib/m2\libc.a(syscalls.o)
 .comment       0x0603b180       0x20 c:/saturn/SH_COFF/sh-coff/bin/../lib/gcc/sh-coff/3.4-GNUSH_v0501/../../../../sh-coff/lib/m2\libc.a(abort.o)
 .comment       0x0603b1a0       0x20 c:/saturn/SH_COFF/sh-coff/bin/../lib/gcc/sh-coff/3.4-GNUSH_v0501/../../../../sh-coff/lib/m2\libc.a(signal.o)
 .comment       0x0603b1c0       0x20 c:/saturn/SH_COFF/sh-coff/bin/../lib/gcc/sh-coff/3.4-GNUSH_v0501/../../../../sh-coff/lib/m2\libc.a(signalr.o)
