Archive member included because of file (symbol)

C:\saturn\sgl302j/lib\libsgl.a(sglIc0.o)
                              main.o (slInitSystem)
C:\saturn\sgl302j/lib\libsgl.a(sglH00.o)
                              C:\saturn\sgl302j/lib\libsgl.a(sglIc0.o) (slInitPeripheral)
C:\saturn\sgl302j/lib\libsgl.a(sglF00.o)
                              game.o (slLocate)
C:\saturn\sgl302j/lib\libsgl.a(sglF02.o)
                              game.o (slPrintHex)
C:\saturn\sgl302j/lib\libsgl.a(sglC06.o)
                              game.o (slDispSprite)
C:\saturn\sgl302j/lib\libsgl.a(sglA06.o)
                              game.o (slMulFX)
C:\saturn\sgl302j/lib\libsgl.a(sglA04.o)
                              game.o (slAtan)
C:\saturn\sgl302j/lib\libsgl.a(sglA01.o)
                              game.o (slSin)
C:\saturn\sgl302j/lib\libsgl.a(sglI01.o)
                              C:\saturn\sgl302j/lib\libsgl.a(sglIc0.o) (slInitSynch)
C:\saturn\sgl302j/lib\libsgl.a(sglF03.o)
                              game.o (slPrintFX)
C:\saturn\sgl302j/lib\libsgl.a(sglB015.o)
                              game.o (slScrAutoDisp)
C:\saturn\sgl302j/lib\libsgl.a(sglB001.o)
                              game.o (slTVOn)
C:\saturn\sgl302j/lib\libsgl.a(sglD00.o)
                              game.o (slDMACopy)
C:\saturn\sgl302j/lib\libsgl.a(sglB002.o)
                              game.o (slColRAMMode)
C:\saturn\sgl302j/lib\libsgl.a(sglB016.o)
                              game.o (slBack1ColSet)
C:\saturn\sgl302j/lib\libsgl.a(sglB200.o)
                              linescroll.o (slCharNbg1)
C:\saturn\sgl302j/lib\libsgl.a(sglB058.o)
                              game.o (slPlaneNbg3)
C:\saturn\sgl302j/lib\libsgl.a(sglB034.o)
                              game.o (slMapNbg3)
C:\saturn\sgl302j/lib\libsgl.a(sglB073.o)
                              game.o (slScrPosNbg3)
C:\saturn\sgl302j/lib\libsgl.a(sglB063.o)
                              game.o (slPriority)
C:\saturn\sgl302j/lib\libsgl.a(sglB020.o)
                              game.o (slColorCalc)
C:\saturn\sgl302j/lib\libsgl.a(sglB023.o)
                              game.o (slColRate)
C:\saturn\sgl302j/lib\libsgl.a(sglF05.o)
                              game.o (slPrint)
C:\saturn\sgl302j/lib\libsgl.a(sglB056.o)
                              linescroll.o (slPlaneNbg1)
C:\saturn\sgl302j/lib\libsgl.a(sglB032.o)
                              linescroll.o (slMapNbg1)
C:\saturn\sgl302j/lib\libsgl.a(sglB090.o)
                              linescroll.o (slLineScrollMode)
C:\saturn\sgl302j/lib\libsgl.a(sglB088.o)
                              linescroll.o (slLineScrollTable1)
C:\saturn\sgl302j/lib\libsgl.a(sglB071.o)
                              linescroll.o (slScrPosNbg1)
C:\saturn\sgl302j/lib\libsgl.a(sglB057.o)
                              tilemap.o (slPlaneNbg2)
C:\saturn\sgl302j/lib\libsgl.a(sglB033.o)
                              tilemap.o (slMapNbg2)
C:\saturn\sgl302j/lib\libsgl.a(sglB072.o)
                              tilemap.o (slScrPosNbg2)
C:\saturn\sgl302j/lib\libsgl.a(sglA00.o)
                              C:\saturn\sgl302j/lib\libsgl.a(sglIc0.o) (_builtin_set_imask)
C:\saturn\sgl302j/lib\libsgl.a(sglK01.o)
                              C:\saturn\sgl302j/lib\libsgl.a(sglIc0.o) (SynchCount)
C:\saturn\sgl302j/lib\libsgl.a(sglJ00.o)
                              C:\saturn\sgl302j/lib\libsgl.a(sglIc0.o) (InitSlaveSH)
C:\saturn\sgl302j/lib\libsgl.a(sglA20.o)
                              C:\saturn\sgl302j/lib\libsgl.a(sglIc0.o) (slInitMatrix)
C:\saturn\sgl302j/lib\libsgl.a(sglB000.o)
                              C:\saturn\sgl302j/lib\libsgl.a(sglIc0.o) (slInitScroll)
C:\saturn\sgl302j/lib\libsgl.a(sglJ01.o)
                              C:\saturn\sgl302j/lib\libsgl.a(sglIc0.o) (SlaveControl)
C:\saturn\sgl302j/lib\libsgl.a(sglI00.o)
                              C:\saturn\sgl302j/lib\libsgl.a(sglIc0.o) (slInitInterrupt)
C:\saturn\sgl302j/lib\libsgl.a(sglC00.o)
                              C:\saturn\sgl302j/lib\libsgl.a(sglIc0.o) (slInitSprite)
C:\saturn\sgl302j/lib\libsgl.a(sglH02.o)
                              C:\saturn\sgl302j/lib\libsgl.a(sglH00.o) (smpc_pfr_tbl)
C:\saturn\sgl302j/lib\libsgl.a(sglH04.o)
                              C:\saturn\sgl302j/lib\libsgl.a(sglH00.o) (slComPrmIntBack)
C:\saturn\sgl302j/lib\libsgl.a(sglC20.o)
                              C:\saturn\sgl302j/lib\libsgl.a(sglC06.o) (SpriteEntry)
C:\saturn\sgl302j/lib\libsgl.a(sglB035.o)
                              C:\saturn\sgl302j/lib\libsgl.a(sglB200.o) (rbank_set)
C:\saturn\sgl302j/lib\libsgl.a(sglJ03.o)
                              C:\saturn\sgl302j/lib\libsgl.a(sglJ01.o) (sbMakeDMATable)
C:\saturn\sgl302j/lib\libsgl.a(sglJ02.o)
                              C:\saturn\sgl302j/lib\libsgl.a(sglJ01.o) (sbMakePolygon)
C:\saturn\sgl302j/lib\libsgl.a(sglJ04.o)
                              C:\saturn\sgl302j/lib\libsgl.a(sglJ01.o) (sbMakeSprite)
C:\saturn\sgl302j/lib\libsgl.a(sglJ05.o)
                              C:\saturn\sgl302j/lib\libsgl.a(sglJ01.o) (sbSortEntry)
C:\saturn\sgl302j/lib\libsgl.a(sglH03.o)
                              C:\saturn\sgl302j/lib\libsgl.a(sglI00.o) (slSmpcIntBack)
C:\saturn\sgl302j/lib\libsgl.a(sglM01.o)
                              C:\saturn\sgl302j/lib\libsgl.a(sglJ02.o) (DepthWorkArea)
c:/saturn/SH_COFF/sh-coff/bin/../lib/gcc/sh-coff/3.4-GNUSH_v0501/m2\libgcc.a(__main.o)
                              C:\saturn\sgl302j\SAMPLE\common/cinit.o (__main)
c:/saturn/SH_COFF/sh-coff/bin/../lib/gcc/sh-coff/3.4-GNUSH_v0501/m2\libgcc.a(_si_to_df.o)
                              game.o (__floatsidf)
c:/saturn/SH_COFF/sh-coff/bin/../lib/gcc/sh-coff/3.4-GNUSH_v0501/m2\libgcc.a(_mul_df.o)
                              game.o (__muldf3)
c:/saturn/SH_COFF/sh-coff/bin/../lib/gcc/sh-coff/3.4-GNUSH_v0501/m2\libgcc.a(_div_df.o)
                              game.o (__divdf3)
c:/saturn/SH_COFF/sh-coff/bin/../lib/gcc/sh-coff/3.4-GNUSH_v0501/m2\libgcc.a(_df_to_si.o)
                              game.o (__fixdfsi)
c:/saturn/SH_COFF/sh-coff/bin/../lib/gcc/sh-coff/3.4-GNUSH_v0501/m2\libgcc.a(_ashiftlt.o)
                              game.o (__ashlsi3)
c:/saturn/SH_COFF/sh-coff/bin/../lib/gcc/sh-coff/3.4-GNUSH_v0501/m2\libgcc.a(_ashiftrt_n.o)
                              game.o (__ashrsi3)
c:/saturn/SH_COFF/sh-coff/bin/../lib/gcc/sh-coff/3.4-GNUSH_v0501/m2\libgcc.a(_pack_df.o)
                              c:/saturn/SH_COFF/sh-coff/bin/../lib/gcc/sh-coff/3.4-GNUSH_v0501/m2\libgcc.a(_si_to_df.o) (__pack_d)
c:/saturn/SH_COFF/sh-coff/bin/../lib/gcc/sh-coff/3.4-GNUSH_v0501/m2\libgcc.a(_unpack_df.o)
                              c:/saturn/SH_COFF/sh-coff/bin/../lib/gcc/sh-coff/3.4-GNUSH_v0501/m2\libgcc.a(_mul_df.o) (__unpack_d)
c:/saturn/SH_COFF/sh-coff/bin/../lib/gcc/sh-coff/3.4-GNUSH_v0501/m2\libgcc.a(_thenan_df.o)
                              c:/saturn/SH_COFF/sh-coff/bin/../lib/gcc/sh-coff/3.4-GNUSH_v0501/m2\libgcc.a(_mul_df.o) (__thenan_df)
c:/saturn/SH_COFF/sh-coff/bin/../lib/gcc/sh-coff/3.4-GNUSH_v0501/m2\libgcc.a(_lshrdi3.o)
                              c:/saturn/SH_COFF/sh-coff/bin/../lib/gcc/sh-coff/3.4-GNUSH_v0501/m2\libgcc.a(_df_to_si.o) (__lshrdi3)
c:/saturn/SH_COFF/sh-coff/bin/../lib/gcc/sh-coff/3.4-GNUSH_v0501/m2\libgcc.a(_ashldi3.o)
                              c:/saturn/SH_COFF/sh-coff/bin/../lib/gcc/sh-coff/3.4-GNUSH_v0501/m2\libgcc.a(_pack_df.o) (__ashldi3)
c:/saturn/SH_COFF/sh-coff/bin/../lib/gcc/sh-coff/3.4-GNUSH_v0501/m2\libgcc.a(_lshiftrt.o)
                              c:/saturn/SH_COFF/sh-coff/bin/../lib/gcc/sh-coff/3.4-GNUSH_v0501/m2\libgcc.a(_lshrdi3.o) (__lshrsi3)
c:/saturn/SH_COFF/sh-coff/bin/../lib/gcc/sh-coff/3.4-GNUSH_v0501/../../../../sh-coff/lib/m2\libc.a(memcpy.o)
                              game.o (memcpy)
c:/saturn/SH_COFF/sh-coff/bin/../lib/gcc/sh-coff/3.4-GNUSH_v0501/../../../../sh-coff/lib/m2\libc.a(memset.o)
                              spritelist.o (memset)
c:/saturn/SH_COFF/sh-coff/bin/../lib/gcc/sh-coff/3.4-GNUSH_v0501/../../../../sh-coff/lib/m2\libc.a(atexit.o)
                              c:/saturn/SH_COFF/sh-coff/bin/../lib/gcc/sh-coff/3.4-GNUSH_v0501/m2\libgcc.a(__main.o) (atexit)
c:/saturn/SH_COFF/sh-coff/bin/../lib/gcc/sh-coff/3.4-GNUSH_v0501/../../../../sh-coff/lib/m2\libc.a(impure.o)
                              c:/saturn/SH_COFF/sh-coff/bin/../lib/gcc/sh-coff/3.4-GNUSH_v0501/../../../../sh-coff/lib/m2\libc.a(atexit.o) (_impure_ptr)
c:/saturn/SH_COFF/sh-coff/bin/../lib/gcc/sh-coff/3.4-GNUSH_v0501/../../../../sh-coff/lib/m2\libc.a(malloc.o)
                              c:/saturn/SH_COFF/sh-coff/bin/../lib/gcc/sh-coff/3.4-GNUSH_v0501/../../../../sh-coff/lib/m2\libc.a(atexit.o) (malloc)
c:/saturn/SH_COFF/sh-coff/bin/../lib/gcc/sh-coff/3.4-GNUSH_v0501/../../../../sh-coff/lib/m2\libc.a(mallocr.o)
                              c:/saturn/SH_COFF/sh-coff/bin/../lib/gcc/sh-coff/3.4-GNUSH_v0501/../../../../sh-coff/lib/m2\libc.a(malloc.o) (_malloc_r)
c:/saturn/SH_COFF/sh-coff/bin/../lib/gcc/sh-coff/3.4-GNUSH_v0501/../../../../sh-coff/lib/m2\libc.a(freer.o)
                              c:/saturn/SH_COFF/sh-coff/bin/../lib/gcc/sh-coff/3.4-GNUSH_v0501/../../../../sh-coff/lib/m2\libc.a(malloc.o) (_free_r)
c:/saturn/SH_COFF/sh-coff/bin/../lib/gcc/sh-coff/3.4-GNUSH_v0501/../../../../sh-coff/lib/m2\libc.a(mlock.o)
                              c:/saturn/SH_COFF/sh-coff/bin/../lib/gcc/sh-coff/3.4-GNUSH_v0501/../../../../sh-coff/lib/m2\libc.a(mallocr.o) (__malloc_lock)
c:/saturn/SH_COFF/sh-coff/bin/../lib/gcc/sh-coff/3.4-GNUSH_v0501/../../../../sh-coff/lib/m2\libc.a(sbrkr.o)
                              c:/saturn/SH_COFF/sh-coff/bin/../lib/gcc/sh-coff/3.4-GNUSH_v0501/../../../../sh-coff/lib/m2\libc.a(mallocr.o) (_sbrk_r)
c:/saturn/SH_COFF/sh-coff/bin/../lib/gcc/sh-coff/3.4-GNUSH_v0501/../../../../sh-coff/lib/m2\libc.a(syscalls.o)
                              c:/saturn/SH_COFF/sh-coff/bin/../lib/gcc/sh-coff/3.4-GNUSH_v0501/../../../../sh-coff/lib/m2\libc.a(sbrkr.o) (_sbrk)
c:/saturn/SH_COFF/sh-coff/bin/../lib/gcc/sh-coff/3.4-GNUSH_v0501/../../../../sh-coff/lib/m2\libc.a(trap.o)
                              c:/saturn/SH_COFF/sh-coff/bin/../lib/gcc/sh-coff/3.4-GNUSH_v0501/../../../../sh-coff/lib/m2\libc.a(syscalls.o) (__trap34)
c:/saturn/SH_COFF/sh-coff/bin/../lib/gcc/sh-coff/3.4-GNUSH_v0501/../../../../sh-coff/lib/m2\libc.a(abort.o)
                              c:/saturn/SH_COFF/sh-coff/bin/../lib/gcc/sh-coff/3.4-GNUSH_v0501/../../../../sh-coff/lib/m2\libc.a(syscalls.o) (abort)
c:/saturn/SH_COFF/sh-coff/bin/../lib/gcc/sh-coff/3.4-GNUSH_v0501/../../../../sh-coff/lib/m2\libc.a(signal.o)
                              c:/saturn/SH_COFF/sh-coff/bin/../lib/gcc/sh-coff/3.4-GNUSH_v0501/../../../../sh-coff/lib/m2\libc.a(abort.o) (raise)
c:/saturn/SH_COFF/sh-coff/bin/../lib/gcc/sh-coff/3.4-GNUSH_v0501/../../../../sh-coff/lib/m2\libc.a(signalr.o)
                              c:/saturn/SH_COFF/sh-coff/bin/../lib/gcc/sh-coff/3.4-GNUSH_v0501/../../../../sh-coff/lib/m2\libc.a(signal.o) (_kill_r)
c:/saturn/SH_COFF/sh-coff/bin/../lib/gcc/sh-coff/3.4-GNUSH_v0501/m2\libgcc.a(_udivsi3.o)
                              c:/saturn/SH_COFF/sh-coff/bin/../lib/gcc/sh-coff/3.4-GNUSH_v0501/../../../../sh-coff/lib/m2\libc.a(freer.o) (__udivsi3)

Allocating common symbols
Common symbol       size              file

sprites             0x1c20            game.o
numSprites          0x1               game.o
playfield           0x800             game.o
eye1Index           0x4               game.o
defaultSprite       0x24              game.o
bgLayers            0x2               game.o
eye2Index           0x4               game.o
errno               0x4               c:/saturn/SH_COFF/sh-coff/bin/../lib/gcc/sh-coff/3.4-GNUSH_v0501/../../../../sh-coff/lib/m2\libc.a(syscalls.o)
gameState           0x4               game.o
dispFace            0x1               game.o

Memory Configuration

Name             Origin             Length             Attributes
*default*        0x00000000         0xffffffff

Linker script and memory map


SLSTART         0x06004000       0x30
                0x06004000                ___Start = .
 *(SLSTART)
 SLSTART        0x06004000       0x28 C:\saturn\sgl302j/lib\libsgl.a(sglI00.o)
                0x06004002                slStartSGL
                0x06004000                SGL_Start

.text           0x06004040     0x4400
 *(.text)
 .text          0x06004040       0x50 C:\saturn\sgl302j\SAMPLE\common/cinit.o
                0x06004040                main
 .text          0x06004090       0x70 main.o
                0x06004090                ss_main
 .text          0x06004100     0x1ae0 game.o
                0x060045e0                loadSpritePos
                0x060045b0                loadLevel
                0x06005630                runLevel
 .text          0x06005be0      0x1f0 linescroll.o
                0x06005d30                updateLinescroll
                0x06005be0                initLinescroll
 .text          0x06005dd0       0xf0 scrollfunctions.o
                0x06005e70                MapRead
                0x06005e90                Pal2CRAM
                0x06005df0                Map2VRAM
                0x06005e50                MapWrite
                0x06005dd0                Cel2VRAM
 .text          0x06005ec0       0xd0 spritelist.o
                0x06005f40                deleteSprite
                0x06005ec0                addSprite
                0x06005f70                clearSpriteList
 .text          0x06005f90      0x1c0 tilemap.o
                0x06005f90                initTilemap
                0x060060f0                updateTilemap
 .text          0x06006150      0x128 C:\saturn\sgl302j/lib\libsgl.a(sglIc0.o)
                0x06006150                slInitSystem
 *fill*         0x06006278        0x8 00
 .text          0x06006280       0xc0 c:/saturn/SH_COFF/sh-coff/bin/../lib/gcc/sh-coff/3.4-GNUSH_v0501/m2\libgcc.a(__main.o)
                0x06006300                __main
                0x06006280                __do_global_dtors
                0x060062c0                __do_global_ctors
 .text          0x06006340      0x110 c:/saturn/SH_COFF/sh-coff/bin/../lib/gcc/sh-coff/3.4-GNUSH_v0501/m2\libgcc.a(_si_to_df.o)
                0x06006350                __floatsidf
 .text          0x06006450      0x2c0 c:/saturn/SH_COFF/sh-coff/bin/../lib/gcc/sh-coff/3.4-GNUSH_v0501/m2\libgcc.a(_mul_df.o)
                0x06006470                __muldf3
 .text          0x06006710      0x180 c:/saturn/SH_COFF/sh-coff/bin/../lib/gcc/sh-coff/3.4-GNUSH_v0501/m2\libgcc.a(_div_df.o)
                0x06006720                __divdf3
 .text          0x06006890       0x90 c:/saturn/SH_COFF/sh-coff/bin/../lib/gcc/sh-coff/3.4-GNUSH_v0501/m2\libgcc.a(_df_to_si.o)
                0x06006890                __fixdfsi
 .text          0x06006920       0x90 c:/saturn/SH_COFF/sh-coff/bin/../lib/gcc/sh-coff/3.4-GNUSH_v0501/m2\libgcc.a(_ashiftlt.o)
                0x06006920                __ashlsi3
 .text          0x060069b0       0x80 c:/saturn/SH_COFF/sh-coff/bin/../lib/gcc/sh-coff/3.4-GNUSH_v0501/m2\libgcc.a(_ashiftrt_n.o)
                0x060069b0                __ashrsi3
 .text          0x06006a30      0x270 c:/saturn/SH_COFF/sh-coff/bin/../lib/gcc/sh-coff/3.4-GNUSH_v0501/m2\libgcc.a(_pack_df.o)
                0x06006a50                __pack_d
 .text          0x06006ca0      0x160 c:/saturn/SH_COFF/sh-coff/bin/../lib/gcc/sh-coff/3.4-GNUSH_v0501/m2\libgcc.a(_unpack_df.o)
                0x06006cc0                __unpack_d
 .text          0x06006e00       0x20 c:/saturn/SH_COFF/sh-coff/bin/../lib/gcc/sh-coff/3.4-GNUSH_v0501/m2\libgcc.a(_thenan_df.o)
                0x06006e00                __thenan_df
 .text          0x06006e20       0x90 c:/saturn/SH_COFF/sh-coff/bin/../lib/gcc/sh-coff/3.4-GNUSH_v0501/m2\libgcc.a(_lshrdi3.o)
                0x06006e20                __lshrdi3
 .text          0x06006eb0       0x90 c:/saturn/SH_COFF/sh-coff/bin/../lib/gcc/sh-coff/3.4-GNUSH_v0501/m2\libgcc.a(_ashldi3.o)
                0x06006eb0                __ashldi3
 .text          0x06006f40       0x90 c:/saturn/SH_COFF/sh-coff/bin/../lib/gcc/sh-coff/3.4-GNUSH_v0501/m2\libgcc.a(_lshiftrt.o)
                0x06006f40                __lshrsi3
 .text          0x06006fd0       0xa0 c:/saturn/SH_COFF/sh-coff/bin/../lib/gcc/sh-coff/3.4-GNUSH_v0501/../../../../sh-coff/lib/m2\libc.a(memcpy.o)
                0x06006fd0                memcpy
 .text          0x06007070       0x40 c:/saturn/SH_COFF/sh-coff/bin/../lib/gcc/sh-coff/3.4-GNUSH_v0501/../../../../sh-coff/lib/m2\libc.a(memset.o)
                0x06007070                memset
 .text          0x060070b0       0xa0 c:/saturn/SH_COFF/sh-coff/bin/../lib/gcc/sh-coff/3.4-GNUSH_v0501/../../../../sh-coff/lib/m2\libc.a(atexit.o)
                0x060070b0                atexit
 .text          0x06007150       0x10 c:/saturn/SH_COFF/sh-coff/bin/../lib/gcc/sh-coff/3.4-GNUSH_v0501/../../../../sh-coff/lib/m2\libc.a(impure.o)
                0x06007150                _global_impure_ptr
 .text          0x06007160       0x40 c:/saturn/SH_COFF/sh-coff/bin/../lib/gcc/sh-coff/3.4-GNUSH_v0501/../../../../sh-coff/lib/m2\libc.a(malloc.o)
                0x06007180                free
                0x06007160                malloc
 .text          0x060071a0      0x680 c:/saturn/SH_COFF/sh-coff/bin/../lib/gcc/sh-coff/3.4-GNUSH_v0501/../../../../sh-coff/lib/m2\libc.a(mallocr.o)
                0x060071a0                _malloc_r
 .text          0x06007820      0x3b0 c:/saturn/SH_COFF/sh-coff/bin/../lib/gcc/sh-coff/3.4-GNUSH_v0501/../../../../sh-coff/lib/m2\libc.a(freer.o)
                0x06007820                _malloc_trim_r
                0x06007920                _free_r
 .text          0x06007bd0       0x20 c:/saturn/SH_COFF/sh-coff/bin/../lib/gcc/sh-coff/3.4-GNUSH_v0501/../../../../sh-coff/lib/m2\libc.a(mlock.o)
                0x06007bd0                __malloc_lock
                0x06007be0                __malloc_unlock
 .text          0x06007bf0       0x50 c:/saturn/SH_COFF/sh-coff/bin/../lib/gcc/sh-coff/3.4-GNUSH_v0501/../../../../sh-coff/lib/m2\libc.a(sbrkr.o)
                0x06007bf0                _sbrk_r
 .text          0x06007c40      0x430 c:/saturn/SH_COFF/sh-coff/bin/../lib/gcc/sh-coff/3.4-GNUSH_v0501/../../../../sh-coff/lib/m2\libc.a(syscalls.o)
                0x06007df0                _exit
                0x06007e30                _getpid
                0x06007eb0                _utime
                0x06007c80                _write
                0x06007c40                _read
                0x06007dd0                _unlink
                0x06007d90                _open
                0x06007e50                _stat
                0x06007de0                isatty
                0x06007ef0                _wait
                0x06007e10                _kill
                0x06007e70                _chmod
                0x06007f30                _execv
                0x06007f10                _execve
                0x06008030                __setup_argv_and_call_main
                0x06007f80                _gettimeofday
                0x06007cc0                _link
                0x06007e40                _raise
                0x06007db0                _creat
                0x06007f50                _pipe
                0x06007e90                _chown
                0x06007c60                _lseek
                0x06007ca0                _close
                0x06007f70                _times
                0x06007d70                _fstat
                0x06007ed0                _fork
                0x06007cf0                _sbrk
 .text          0x06008070       0x20 c:/saturn/SH_COFF/sh-coff/bin/../lib/gcc/sh-coff/3.4-GNUSH_v0501/../../../../sh-coff/lib/m2\libc.a(trap.o)
                0x06008070                __trap34
 .text          0x06008090       0x20 c:/saturn/SH_COFF/sh-coff/bin/../lib/gcc/sh-coff/3.4-GNUSH_v0501/../../../../sh-coff/lib/m2\libc.a(abort.o)
                0x06008090                abort
 .text          0x060080b0      0x2c0 c:/saturn/SH_COFF/sh-coff/bin/../lib/gcc/sh-coff/3.4-GNUSH_v0501/../../../../sh-coff/lib/m2\libc.a(signal.o)
                0x06008190                _raise_r
                0x06008350                __sigtramp
                0x060082f0                raise
                0x06008330                _init_signal
                0x06008270                __sigtramp_r
                0x06008310                signal
                0x06008100                _signal_r
                0x060080b0                _init_signal_r
 .text          0x06008370       0x60 c:/saturn/SH_COFF/sh-coff/bin/../lib/gcc/sh-coff/3.4-GNUSH_v0501/../../../../sh-coff/lib/m2\libc.a(signalr.o)
                0x060083c0                _getpid_r
                0x06008370                _kill_r
 .text          0x060083d0       0x70 c:/saturn/SH_COFF/sh-coff/bin/../lib/gcc/sh-coff/3.4-GNUSH_v0501/m2\libgcc.a(_udivsi3.o)
                0x060083f2                __udivsi3
 *(.strings)
                0x06008440                __etext = .

SLPROG          0x06008440    0x12390
                0x06008440                __slprog_start = .
 *(SLPROG)
 SLPROG         0x06008440     0x6540 C:\saturn\sgl302j/lib/sglarea.o
                0x0600845c                SpriteBuf
                0x06008480                RemainEvent
                0x0600844c                SortList
                0x0600844a                MaxPolygons
                0x06008468                CommandBuf
                0x0600847c                MaxWorks
                0x0600847e                WorkSize
                0x06008474                PCM_WkSize
                0x0600846c                CLOfstBuf
                0x06008580                RemainWork
                0x06008470                PCM_Work
                0x06008440                MasterStack
                0x06008444                SlaveStack
                0x06008448                MaxVertices
                0x06008478                MaxEvents
                0x06008458                Zbuffer
                0x06008460                SpriteBufSize
                0x0600a980                WorkBuf
                0x06008454                TransList
                0x06008464                Pbuffer
                0x06008450                SortListSize
                0x0600847a                EventSize
                0x06008980                EventBuf
 SLPROG         0x0600e980      0xfc8 C:\saturn\sgl302j/lib\libsgl.a(sglH00.o)
                0x0600ea1c                slSetPortData1
                0x0600ea0c                slGetPortData1
                0x0600f1fa                slSetPortMode1
                0x0600f434                Smpc_Status
                0x0600e9d2                slSetPortDir2
                0x0600f018                slSmpcCashSend
                0x0600ea38                slGetPortSelect1
                0x0600ee1e                slIntBackCancel
                0x0600ead0                slSetPortExt1
                0x0600f1e0                slGetPortMode1
                0x0600f0d4                slSmpcCashBlow
                0x0600f3c4                slRequestCommand
                0x0600f464                SmpcStatusBuf
                0x0600ea26                slSetPortData2
                0x0600ed86                slSetResultBuffer
                0x0600eabc                slGetPortExt1
                0x0600eb00                slSetPortExt2
                0x0600e9a0                slGetPortDir2
                0x0600eac6                slGetPortExt2
                0x0600ee52                slClearReset
                0x0600ee48                slCheckReset
                0x0600e9a8                slSetPortDir1
                0x0600ea80                slSetPortSelect2
                0x0600ea4c                slSetPortSelect1
                0x0600f1ec                slGetPortMode2
                0x0600ea42                slGetPortSelect2
                0x0600e998                slGetPortDir1
                0x0600ea14                slGetPortData2
                0x0600f1ba                slSetOptimize
                0x0600f1b0                slGetOptimize
                0x0600ec74                slSmpcDirectAccess
                0x0600f442                Per_Connect1
                0x0600ecf4                slInitPeripheral
                0x0600ee12                slCheckIntBackSet
                0x0600f443                Per_Connect2
                0x0600f43c                Smpc_Peripheral
                0x0600f238                slSetPortMode2
                0x0600f438                Smpc_Result
 *fill*         0x0600f948        0x8 00
 SLPROG         0x0600f950       0x4e C:\saturn\sgl302j/lib\libsgl.a(sglF00.o)
                0x0600f96a                slLocate
                0x0600f960                slCurColor
                0x0600f99c                CurrentScreen
                0x0600f950                slCurScrn
 *fill*         0x0600f99e        0x2 00
 SLPROG         0x0600f9a0       0x3c C:\saturn\sgl302j/lib\libsgl.a(sglF02.o)
                0x0600f9a0                slPrintHex
 *fill*         0x0600f9dc        0x4 00
 SLPROG         0x0600f9e0       0xfa C:\saturn\sgl302j/lib\libsgl.a(sglC06.o)
                0x0600f9e0                slDispSprite
 *fill*         0x0600fada        0x6 00
 SLPROG         0x0600fae0        0xa C:\saturn\sgl302j/lib\libsgl.a(sglA06.o)
                0x0600fae0                slMulFX
 *fill*         0x0600faea        0x6 00
 SLPROG         0x0600faf0     0x20b6 C:\saturn\sgl302j/lib\libsgl.a(sglA04.o)
                0x0600fba4                atan_tbl
                0x0600faf0                slAtan
 *fill*         0x06011ba6        0xa 00
 SLPROG         0x06011bb0     0x411e C:\saturn\sgl302j/lib\libsgl.a(sglA01.o)
                0x06011c8c                sin_cos_index_tbl
                0x06011bb0                slSin
                0x06011ccc                sin_tbl
                0x06011bf8                GetSinCos
                0x06011bd4                slCos
 *fill*         0x06015cce        0x2 00
 SLPROG         0x06015cd0      0x3a4 C:\saturn\sgl302j/lib\libsgl.a(sglI01.o)
                0x06015eba                RetPCMBuf
                0x06015ff4                Sound_Buf
                0x06015cd0                slInitSynch
                0x06015de0                slRandom
                0x06015f54                PCM_Buf
                0x06015cea                slSynch
                0x06015dfe                PCM_EndCheck
 *fill*         0x06016074        0xc 00
 SLPROG         0x06016080      0x12a C:\saturn\sgl302j/lib\libsgl.a(sglF03.o)
                0x06016080                slPrintFX
 *fill*         0x060161aa        0x6 00
 SLPROG         0x060161b0      0x40c C:\saturn\sgl302j/lib\libsgl.a(sglB015.o)
                0x060161b0                slScrAutoDisp
 *fill*         0x060165bc        0x4 00
 SLPROG         0x060165c0       0x20 C:\saturn\sgl302j/lib\libsgl.a(sglB001.o)
                0x060165c0                slTVOn
                0x060165ca                slTVOff
 SLPROG         0x060165e0       0x84 C:\saturn\sgl302j/lib\libsgl.a(sglD00.o)
                0x060165e0                slDMACopy
                0x060165e0                slCpuDMACopy
                0x0601663a                slCashPurge
                0x0601663a                CSH_AllClr
 *fill*         0x06016664        0xc 00
 SLPROG         0x06016670       0x1e C:\saturn\sgl302j/lib\libsgl.a(sglB002.o)
                0x06016670                slColRAMMode
 *fill*         0x0601668e        0x2 00
 SLPROG         0x06016690        0xc C:\saturn\sgl302j/lib\libsgl.a(sglB016.o)
                0x06016690                slBack1ColSet
 *fill*         0x0601669c        0x4 00
 SLPROG         0x060166a0      0x114 C:\saturn\sgl302j/lib\libsgl.a(sglB200.o)
                0x060166ac                slCharNbg0
                0x060166f2                slPageRbg0
                0x06016708                slPageNbg1
                0x060166b8                slCharNbg1
                0x06016724                slPageNbg0
                0x06016710                slPageNbg2
                0x06016718                slPageNbg3
                0x060166c4                slCharNbg2
                0x060166da                slCharNbg3
                0x060166a0                slCharRbg0
 *fill*         0x060167b4        0xc 00
 SLPROG         0x060167c0       0x10 C:\saturn\sgl302j/lib\libsgl.a(sglB058.o)
                0x060167c0                slPlaneNbg3
 SLPROG         0x060167d0       0xb4 C:\saturn\sgl302j/lib\libsgl.a(sglB034.o)
                0x060167d0                slMapNbg3
 *fill*         0x06016884        0xc 00
 SLPROG         0x06016890       0x10 C:\saturn\sgl302j/lib\libsgl.a(sglB073.o)
                0x06016890                slScrPosNbg3
 SLPROG         0x060168a0        0xc C:\saturn\sgl302j/lib\libsgl.a(sglB063.o)
                0x060168a0                slPriority
 *fill*         0x060168ac        0x4 00
 SLPROG         0x060168b0       0x10 C:\saturn\sgl302j/lib\libsgl.a(sglB020.o)
                0x060168b0                slColorCalc
 SLPROG         0x060168c0        0xc C:\saturn\sgl302j/lib\libsgl.a(sglB023.o)
                0x060168c0                slColRate
 *fill*         0x060168cc        0x4 00
 SLPROG         0x060168d0       0x1c C:\saturn\sgl302j/lib\libsgl.a(sglF05.o)
                0x060168d0                slPrint
 *fill*         0x060168ec        0x4 00
 SLPROG         0x060168f0        0xc C:\saturn\sgl302j/lib\libsgl.a(sglB056.o)
                0x060168f0                slPlaneNbg1
 *fill*         0x060168fc        0x4 00
 SLPROG         0x06016900       0xb4 C:\saturn\sgl302j/lib\libsgl.a(sglB032.o)
                0x06016900                slMapNbg1
 *fill*         0x060169b4        0xc 00
 SLPROG         0x060169c0        0xc C:\saturn\sgl302j/lib\libsgl.a(sglB090.o)
                0x060169c0                slLineScrollMode
 *fill*         0x060169cc        0x4 00
 SLPROG         0x060169d0        0x8 C:\saturn\sgl302j/lib\libsgl.a(sglB088.o)
                0x060169d0                slLineScrollTable1
 *fill*         0x060169d8        0x8 00
 SLPROG         0x060169e0        0xc C:\saturn\sgl302j/lib\libsgl.a(sglB071.o)
                0x060169e0                slScrPosNbg1
 *fill*         0x060169ec        0x4 00
 SLPROG         0x060169f0       0x10 C:\saturn\sgl302j/lib\libsgl.a(sglB057.o)
                0x060169f0                slPlaneNbg2
 SLPROG         0x06016a00       0xb0 C:\saturn\sgl302j/lib\libsgl.a(sglB033.o)
                0x06016a00                slMapNbg2
 SLPROG         0x06016ab0       0x10 C:\saturn\sgl302j/lib\libsgl.a(sglB072.o)
                0x06016ab0                slScrPosNbg2
 SLPROG         0x06016ac0       0x20 C:\saturn\sgl302j/lib\libsgl.a(sglA00.o)
                0x06016ad4                get_imask
                0x06016ac0                set_imask
                0x06016ac0                _builtin_set_imask
                0x06016ad4                _builtin_get_imask
 SLPROG         0x06016ae0       0x74 C:\saturn\sgl302j/lib\libsgl.a(sglJ00.o)
                0x06016ae0                InitSlaveSH
                0x06016b48                SlaveCommand
 *fill*         0x06016b54        0xc 00
 SLPROG         0x06016b60      0x42c C:\saturn\sgl302j/lib\libsgl.a(sglA20.o)
                0x06016b60                slInitMatrix
                0x06016b7e                slUnitMatrix
                0x06016b6a                slPushUnitMatrix
 *fill*         0x06016f8c        0x4 00
 SLPROG         0x06016f90      0xbd0 C:\saturn\sgl302j/lib\libsgl.a(sglB000.o)
                0x06016f90                slInitScroll
                0x060171f0                TVSizeTbl
                0x060170e0                setASC_4to8
                0x06017270                TVModeTbl
                0x060170b0                setASC_1to8
                0x06017448                SGL_ASCII_CG
 SLPROG         0x06017b60      0x3d0 C:\saturn\sgl302j/lib\libsgl.a(sglJ01.o)
                0x06017b60                SlaveControl
                0x06017f1c                ErasePolygonData
 SLPROG         0x06017f30      0x75c C:\saturn\sgl302j/lib\libsgl.a(sglI00.o)
                0x06018220                slInitInterrupt
 *fill*         0x0601868c        0x4 00
 SLPROG         0x06018690      0x134 C:\saturn\sgl302j/lib\libsgl.a(sglC00.o)
                0x06018690                slInitSprite
 *fill*         0x060187c4        0xc 00
 SLPROG         0x060187d0      0x470 C:\saturn\sgl302j/lib\libsgl.a(sglH02.o)
                0x06018bc0                smpc_pfr_tbl
                0x06018c00                smpc_ptf_tbl
 SLPROG         0x06018c40       0x60 C:\saturn\sgl302j/lib\libsgl.a(sglH04.o)
                0x06018c6a                slComPrmSetTime
                0x06018c40                slComPrmIntBack
                0x06018c54                slComPrmSetMemory
 SLPROG         0x06018ca0       0x40 C:\saturn\sgl302j/lib\libsgl.a(sglC20.o)
                0x06018ca0                SpriteEntry
 SLPROG         0x06018ce0       0xd4 C:\saturn\sgl302j/lib\libsgl.a(sglB035.o)
                0x06018ce0                sl1MapRA
                0x06018d72                rbank_set
 *fill*         0x06018db4        0xc 00
 SLPROG         0x06018dc0      0x140 C:\saturn\sgl302j/lib\libsgl.a(sglJ03.o)
                0x06018dc0                sbMakeDMATable
 SLPROG         0x06018f00     0x12b8 C:\saturn\sgl302j/lib\libsgl.a(sglJ02.o)
                0x0601a134                stvtc_1
                0x06019e6c                stvtc_4
                0x06019e2c                SetPolygon
                0x06019f24                stvtc_3
                0x0601a15c                stvtc_0
                0x06019e34                SetPosition
                0x060190e8                sbCalcPolygon
                0x06019e20                SetTexture
                0x06018f00                sbMakePolygon
                0x0601a148                stvtc_2
 *fill*         0x0601a1b8        0x8 00
 SLPROG         0x0601a1c0      0x470 C:\saturn\sgl302j/lib\libsgl.a(sglJ04.o)
                0x0601a284                sbMakeRotSprite
                0x0601a21e                sbMakeSprite
 SLPROG         0x0601a630       0x3c C:\saturn\sgl302j/lib\libsgl.a(sglJ05.o)
                0x0601a630                sbSortEntry
 *fill*         0x0601a66c        0x4 00
 SLPROG         0x0601a670       0xf0 C:\saturn\sgl302j/lib\libsgl.a(sglH03.o)
                0x0601a6d4                slSmpcIntBack
 SLPROG         0x0601a760       0x6a C:\saturn\sgl302j/lib\libsgl.a(sglM01.o)
                0x0601a78c                slSetDepthTbl
                0x0601a7bc                DepthWorkArea
                0x0601a760                slSetDepthLimit
                0x0601a7ca                __slprog_end = .

.tors           0x0601a7d0        0x0
                0x0601a7d0                ___ctors = .
 *(.ctors)
                0x0601a7d0                ___ctors_end = .
                0x0601a7d0                ___dtors = .
 *(.dtors)
                0x0601a7d0                ___dtors_end = .

.data           0x0601a7d0     0xf640
 *(.data)
 .data          0x0601a7d0       0xb0 main.o
                0x0601a7d0                spritepos2
                0x0601a800                spritepos1
 .data          0x0601a880     0xec60 assets.o
                0x0601b680                pal_cloud
                0x0601a880                pal_gradient
                0x06026b00                texture_sprites010
                0x06026280                texture_sprites022
                0x06026a80                texture_sprites011
                0x0601b280                cel_gradient
                0x06026c00                texture_sprites008
                0x06026980                texture_sprites013
                0x06025280                pic_sprites
                0x0601aa80                map_gradient
                0x06022880                map_map2
                0x06027000                texture_sprites003
                0x06026880                texture_sprites015
                0x06025700                texture_sprites037
                0x060253c0                tex_sprites
                0x06025900                texture_sprites035
                0x06026100                texture_sprites025
                0x06026800                texture_sprites016
                0x06026000                texture_sprites027
                0x06025a00                texture_sprites034
                0x06025f80                texture_sprites028
                0x06025f00                texture_sprites029
                0x06026b80                texture_sprites009
                0x06027200                texture_sprites002
                0x060274e0                texture_sprites000
                0x06025c00                texture_sprites032
                0x0601c080                cel_cloud
                0x0601d580                cel_road
                0x06026900                texture_sprites014
                0x06026780                texture_sprites017
                0x06026680                texture_sprites019
                0x0601cd80                map_road
                0x06025e00                texture_sprites030
                0x06026f80                texture_sprites004
                0x06027460                texture_sprites001
                0x06025b00                texture_sprites033
                0x06023a80                map_face
                0x06025800                texture_sprites036
                0x0601cb80                pal_road
                0x06023080                map_map1
                0x06026a00                texture_sprites012
                0x06026d00                texture_sprites006
                0x06026080                texture_sprites026
                0x06026180                texture_sprites024
                0x06026700                texture_sprites018
                0x06025d00                texture_sprites031
                0x06025600                texture_sprites038
                0x06026480                texture_sprites021
                0x06026c80                texture_sprites007
                0x06023880                pal_face
                0x06024280                cel_face
                0x0601b880                map_cloud
                0x06026d80                texture_sprites005
                0x06026200                texture_sprites023
                0x06025500                texture_sprites039
 .data          0x060294e0      0x120 game.o
                0x060294e8                DIGITS
                0x060295a6                ZERO_ATTR
                0x060294e0                bgMode
                0x0602959c                ONE_ATTR
                0x060295ce                SCLERA_ATTR
                0x060295ba                SHOT_ATTR
                0x06029538                SPR_SIZE
                0x060295c4                CIRCLE_ATTR
                0x060294e4                scale
                0x060295d8                EYE_ATTR
                0x06029556                EIGHT_ATTR
                0x06029592                TWO_ATTR
                0x060295b0                PUSH_ATTR
                0x06029574                FIVE_ATTR
                0x06029524                SPR_ATTRS
                0x0602956a                SIX_ATTR
                0x060295e2                PLAYER_ATTR
                0x0602954c                NINE_ATTR
                0x06029560                SEVEN_ATTR
                0x0602957e                FOUR_ATTR
                0x06029588                THREE_ATTR
                0x06029510                POINTS
 .data          0x06029600       0x80 C:\saturn\sgl302j/lib\libsgl.a(sglIc0.o)
                0x06029600                IntPrioMask
 .data          0x06029680      0x380 c:/saturn/SH_COFF/sh-coff/bin/../lib/gcc/sh-coff/3.4-GNUSH_v0501/../../../../sh-coff/lib/m2\libc.a(impure.o)
                0x060299fc                _impure_ptr
 .data          0x06029a00      0x410 c:/saturn/SH_COFF/sh-coff/bin/../lib/gcc/sh-coff/3.4-GNUSH_v0501/../../../../sh-coff/lib/m2\libc.a(mallocr.o)
                0x06029a08                __malloc_av_
                0x06029a04                __malloc_trim_threshold
                0x06029a00                __malloc_sbrk_base
                0x06029e10                __edata = .

.bss            0x06029e10     0x2754
                0x06029e10                __bstart = .
 *(.bss)
 .bss           0x06029e10      0x200 assets.o
                0x06029e10                texture_sprites020
 .bss           0x0602a010       0x40 game.o
                0x0602a014                screenY
                0x0602a018                screenX
                0x0602a010                score
                0x0602a01c                scaleSpeed
                0x0602a020                playerState
 .bss           0x0602a050       0x10 linescroll.o
 .bss           0x0602a060       0x10 tilemap.o
 .bss           0x0602a070       0x10 c:/saturn/SH_COFF/sh-coff/bin/../lib/gcc/sh-coff/3.4-GNUSH_v0501/m2\libgcc.a(__main.o)
 .bss           0x0602a080       0x10 c:/saturn/SH_COFF/sh-coff/bin/../lib/gcc/sh-coff/3.4-GNUSH_v0501/../../../../sh-coff/lib/m2\libc.a(atexit.o)
 .bss           0x0602a090       0x40 c:/saturn/SH_COFF/sh-coff/bin/../lib/gcc/sh-coff/3.4-GNUSH_v0501/../../../../sh-coff/lib/m2\libc.a(mallocr.o)
                0x0602a0c0                __malloc_top_pad
                0x0602a090                __malloc_current_mallinfo
                0x0602a0bc                __malloc_max_sbrked_mem
                0x0602a0b8                __malloc_max_total_mem
 .bss           0x0602a0d0       0x10 c:/saturn/SH_COFF/sh-coff/bin/../lib/gcc/sh-coff/3.4-GNUSH_v0501/../../../../sh-coff/lib/m2\libc.a(syscalls.o)
 *(COMMON)
 COMMON         0x0602a0e0     0x2471 game.o
                                  0x0 (size before relaxing)
                0x0602a0e0                sprites
                0x0602bd00                numSprites
                0x0602bd10                playfield
                0x0602c510                eye1Index
                0x0602c520                defaultSprite
                0x0602c544                bgLayers
                0x0602c548                eye2Index
                0x0602c54c                gameState
                0x0602c550                dispFace
 *fill*         0x0602c551        0xf 00
 COMMON         0x0602c560        0x4 c:/saturn/SH_COFF/sh-coff/bin/../lib/gcc/sh-coff/3.4-GNUSH_v0501/../../../../sh-coff/lib/m2\libc.a(syscalls.o)
                                  0x0 (size before relaxing)
                0x0602c560                errno
                0x0602c564                __bend = .
                0x0602c564                _end = .
LOAD C:\saturn\sgl302j\SAMPLE\common/cinit.o
LOAD C:\saturn\sgl302j/lib/sglarea.o
LOAD main.o
LOAD assets.o
LOAD game.o
LOAD linescroll.o
LOAD scrollfunctions.o
LOAD spritelist.o
LOAD tilemap.o
LOAD C:\saturn\sgl302j/lib\libsgl.a
LOAD c:/saturn/SH_COFF/sh-coff/bin/../lib/gcc/sh-coff/3.4-GNUSH_v0501/m2\libgcc.a
LOAD c:/saturn/SH_COFF/sh-coff/bin/../lib/gcc/sh-coff/3.4-GNUSH_v0501/../../../../sh-coff/lib/m2\libc.a
LOAD c:/saturn/SH_COFF/sh-coff/bin/../lib/gcc/sh-coff/3.4-GNUSH_v0501/m2\libgcc.a
OUTPUT(sl.coff coff-sh)

.comment        0x0602c570      0x3a0
 .comment       0x0602c570       0x20 C:\saturn\sgl302j\SAMPLE\common/cinit.o
 .comment       0x0602c590       0x20 main.o
 .comment       0x0602c5b0       0x20 assets.o
 .comment       0x0602c5d0       0x20 game.o
 .comment       0x0602c5f0       0x20 linescroll.o
 .comment       0x0602c610       0x20 scrollfunctions.o
 .comment       0x0602c630       0x20 spritelist.o
 .comment       0x0602c650       0x20 tilemap.o
 .comment       0x0602c670       0x20 c:/saturn/SH_COFF/sh-coff/bin/../lib/gcc/sh-coff/3.4-GNUSH_v0501/m2\libgcc.a(__main.o)
 .comment       0x0602c690       0x20 c:/saturn/SH_COFF/sh-coff/bin/../lib/gcc/sh-coff/3.4-GNUSH_v0501/m2\libgcc.a(_si_to_df.o)
 .comment       0x0602c6b0       0x20 c:/saturn/SH_COFF/sh-coff/bin/../lib/gcc/sh-coff/3.4-GNUSH_v0501/m2\libgcc.a(_mul_df.o)
 .comment       0x0602c6d0       0x20 c:/saturn/SH_COFF/sh-coff/bin/../lib/gcc/sh-coff/3.4-GNUSH_v0501/m2\libgcc.a(_div_df.o)
 .comment       0x0602c6f0       0x20 c:/saturn/SH_COFF/sh-coff/bin/../lib/gcc/sh-coff/3.4-GNUSH_v0501/m2\libgcc.a(_df_to_si.o)
 .comment       0x0602c710       0x20 c:/saturn/SH_COFF/sh-coff/bin/../lib/gcc/sh-coff/3.4-GNUSH_v0501/m2\libgcc.a(_pack_df.o)
 .comment       0x0602c730       0x20 c:/saturn/SH_COFF/sh-coff/bin/../lib/gcc/sh-coff/3.4-GNUSH_v0501/m2\libgcc.a(_unpack_df.o)
 .comment       0x0602c750       0x20 c:/saturn/SH_COFF/sh-coff/bin/../lib/gcc/sh-coff/3.4-GNUSH_v0501/m2\libgcc.a(_thenan_df.o)
 .comment       0x0602c770       0x20 c:/saturn/SH_COFF/sh-coff/bin/../lib/gcc/sh-coff/3.4-GNUSH_v0501/m2\libgcc.a(_lshrdi3.o)
 .comment       0x0602c790       0x20 c:/saturn/SH_COFF/sh-coff/bin/../lib/gcc/sh-coff/3.4-GNUSH_v0501/m2\libgcc.a(_ashldi3.o)
 .comment       0x0602c7b0       0x20 c:/saturn/SH_COFF/sh-coff/bin/../lib/gcc/sh-coff/3.4-GNUSH_v0501/../../../../sh-coff/lib/m2\libc.a(atexit.o)
 .comment       0x0602c7d0       0x20 c:/saturn/SH_COFF/sh-coff/bin/../lib/gcc/sh-coff/3.4-GNUSH_v0501/../../../../sh-coff/lib/m2\libc.a(impure.o)
 .comment       0x0602c7f0       0x20 c:/saturn/SH_COFF/sh-coff/bin/../lib/gcc/sh-coff/3.4-GNUSH_v0501/../../../../sh-coff/lib/m2\libc.a(malloc.o)
 .comment       0x0602c810       0x20 c:/saturn/SH_COFF/sh-coff/bin/../lib/gcc/sh-coff/3.4-GNUSH_v0501/../../../../sh-coff/lib/m2\libc.a(mallocr.o)
 .comment       0x0602c830       0x20 c:/saturn/SH_COFF/sh-coff/bin/../lib/gcc/sh-coff/3.4-GNUSH_v0501/../../../../sh-coff/lib/m2\libc.a(freer.o)
 .comment       0x0602c850       0x20 c:/saturn/SH_COFF/sh-coff/bin/../lib/gcc/sh-coff/3.4-GNUSH_v0501/../../../../sh-coff/lib/m2\libc.a(mlock.o)
 .comment       0x0602c870       0x20 c:/saturn/SH_COFF/sh-coff/bin/../lib/gcc/sh-coff/3.4-GNUSH_v0501/../../../../sh-coff/lib/m2\libc.a(sbrkr.o)
 .comment       0x0602c890       0x20 c:/saturn/SH_COFF/sh-coff/bin/../lib/gcc/sh-coff/3.4-GNUSH_v0501/../../../../sh-coff/lib/m2\libc.a(syscalls.o)
 .comment       0x0602c8b0       0x20 c:/saturn/SH_COFF/sh-coff/bin/../lib/gcc/sh-coff/3.4-GNUSH_v0501/../../../../sh-coff/lib/m2\libc.a(abort.o)
 .comment       0x0602c8d0       0x20 c:/saturn/SH_COFF/sh-coff/bin/../lib/gcc/sh-coff/3.4-GNUSH_v0501/../../../../sh-coff/lib/m2\libc.a(signal.o)
 .comment       0x0602c8f0       0x20 c:/saturn/SH_COFF/sh-coff/bin/../lib/gcc/sh-coff/3.4-GNUSH_v0501/../../../../sh-coff/lib/m2\libc.a(signalr.o)
