Archive member included because of file (symbol)

C:\saturn\sgl302j/lib\libsgl.a(sglIc0.o)
                              main.o (slInitSystem)
C:\saturn\sgl302j/lib\libsgl.a(sglH00.o)
                              C:\saturn\sgl302j/lib\libsgl.a(sglIc0.o) (slInitPeripheral)
C:\saturn\sgl302j/lib\libsgl.a(sglF00.o)
                              game.o (slLocate)
C:\saturn\sgl302j/lib\libsgl.a(sglF05.o)
                              game.o (slPrint)
C:\saturn\sgl302j/lib\libsgl.a(sglB072.o)
                              game.o (slScrPosNbg2)
C:\saturn\sgl302j/lib\libsgl.a(sglB073.o)
                              game.o (slScrPosNbg3)
C:\saturn\sgl302j/lib\libsgl.a(sglF03.o)
                              game.o (slPrintFX)
C:\saturn\sgl302j/lib\libsgl.a(sglB015.o)
                              game.o (slScrAutoDisp)
C:\saturn\sgl302j/lib\libsgl.a(sglI01.o)
                              C:\saturn\sgl302j/lib\libsgl.a(sglIc0.o) (slInitSynch)
C:\saturn\sgl302j/lib\libsgl.a(sglA01.o)
                              game.o (slSin)
C:\saturn\sgl302j/lib\libsgl.a(sglF02.o)
                              game.o (slPrintHex)
C:\saturn\sgl302j/lib\libsgl.a(sglC06.o)
                              game.o (slDispSprite)
C:\saturn\sgl302j/lib\libsgl.a(sglA06.o)
                              game.o (slMulFX)
C:\saturn\sgl302j/lib\libsgl.a(sglB001.o)
                              game.o (slTVOn)
C:\saturn\sgl302j/lib\libsgl.a(sglD00.o)
                              game.o (slDMACopy)
C:\saturn\sgl302j/lib\libsgl.a(sglB002.o)
                              game.o (slColRAMMode)
C:\saturn\sgl302j/lib\libsgl.a(sglB016.o)
                              game.o (slBack1ColSet)
C:\saturn\sgl302j/lib\libsgl.a(sglB200.o)
                              game.o (slCharNbg1)
C:\saturn\sgl302j/lib\libsgl.a(sglB056.o)
                              game.o (slPlaneNbg1)
C:\saturn\sgl302j/lib\libsgl.a(sglB032.o)
                              game.o (slMapNbg1)
C:\saturn\sgl302j/lib\libsgl.a(sglB071.o)
                              game.o (slScrPosNbg1)
C:\saturn\sgl302j/lib\libsgl.a(sglB063.o)
                              game.o (slPriority)
C:\saturn\sgl302j/lib\libsgl.a(sglB020.o)
                              game.o (slColorCalc)
C:\saturn\sgl302j/lib\libsgl.a(sglB023.o)
                              game.o (slColRate)
C:\saturn\sgl302j/lib\libsgl.a(sglB057.o)
                              game.o (slPlaneNbg2)
C:\saturn\sgl302j/lib\libsgl.a(sglB033.o)
                              game.o (slMapNbg2)
C:\saturn\sgl302j/lib\libsgl.a(sglB058.o)
                              game.o (slPlaneNbg3)
C:\saturn\sgl302j/lib\libsgl.a(sglB034.o)
                              game.o (slMapNbg3)
C:\saturn\sgl302j/lib\libsgl.a(sglB021.o)
                              game.o (slColorCalcOn)
C:\saturn\sgl302j/lib\libsgl.a(sglA00.o)
                              C:\saturn\sgl302j/lib\libsgl.a(sglIc0.o) (_builtin_set_imask)
C:\saturn\sgl302j/lib\libsgl.a(sglK01.o)
                              C:\saturn\sgl302j/lib\libsgl.a(sglIc0.o) (SynchCount)
C:\saturn\sgl302j/lib\libsgl.a(sglJ00.o)
                              C:\saturn\sgl302j/lib\libsgl.a(sglIc0.o) (InitSlaveSH)
C:\saturn\sgl302j/lib\libsgl.a(sglA20.o)
                              C:\saturn\sgl302j/lib\libsgl.a(sglIc0.o) (slInitMatrix)
C:\saturn\sgl302j/lib\libsgl.a(sglB000.o)
                              C:\saturn\sgl302j/lib\libsgl.a(sglIc0.o) (slInitScroll)
C:\saturn\sgl302j/lib\libsgl.a(sglJ01.o)
                              C:\saturn\sgl302j/lib\libsgl.a(sglIc0.o) (SlaveControl)
C:\saturn\sgl302j/lib\libsgl.a(sglI00.o)
                              C:\saturn\sgl302j/lib\libsgl.a(sglIc0.o) (slInitInterrupt)
C:\saturn\sgl302j/lib\libsgl.a(sglC00.o)
                              C:\saturn\sgl302j/lib\libsgl.a(sglIc0.o) (slInitSprite)
C:\saturn\sgl302j/lib\libsgl.a(sglH02.o)
                              C:\saturn\sgl302j/lib\libsgl.a(sglH00.o) (smpc_pfr_tbl)
C:\saturn\sgl302j/lib\libsgl.a(sglH04.o)
                              C:\saturn\sgl302j/lib\libsgl.a(sglH00.o) (slComPrmIntBack)
C:\saturn\sgl302j/lib\libsgl.a(sglC20.o)
                              C:\saturn\sgl302j/lib\libsgl.a(sglC06.o) (SpriteEntry)
C:\saturn\sgl302j/lib\libsgl.a(sglB035.o)
                              C:\saturn\sgl302j/lib\libsgl.a(sglB200.o) (rbank_set)
C:\saturn\sgl302j/lib\libsgl.a(sglJ03.o)
                              C:\saturn\sgl302j/lib\libsgl.a(sglJ01.o) (sbMakeDMATable)
C:\saturn\sgl302j/lib\libsgl.a(sglJ02.o)
                              C:\saturn\sgl302j/lib\libsgl.a(sglJ01.o) (sbMakePolygon)
C:\saturn\sgl302j/lib\libsgl.a(sglJ04.o)
                              C:\saturn\sgl302j/lib\libsgl.a(sglJ01.o) (sbMakeSprite)
C:\saturn\sgl302j/lib\libsgl.a(sglJ05.o)
                              C:\saturn\sgl302j/lib\libsgl.a(sglJ01.o) (sbSortEntry)
C:\saturn\sgl302j/lib\libsgl.a(sglH03.o)
                              C:\saturn\sgl302j/lib\libsgl.a(sglI00.o) (slSmpcIntBack)
C:\saturn\sgl302j/lib\libsgl.a(sglM01.o)
                              C:\saturn\sgl302j/lib\libsgl.a(sglJ02.o) (DepthWorkArea)
c:/saturn/SH_COFF/sh-coff/bin/../lib/gcc/sh-coff/3.4-GNUSH_v0501/m2\libgcc.a(__main.o)
                              C:\saturn\sgl302j\SAMPLE\common/cinit.o (__main)
c:/saturn/SH_COFF/sh-coff/bin/../lib/gcc/sh-coff/3.4-GNUSH_v0501/m2\libgcc.a(_si_to_df.o)
                              game.o (__floatsidf)
c:/saturn/SH_COFF/sh-coff/bin/../lib/gcc/sh-coff/3.4-GNUSH_v0501/m2\libgcc.a(_mul_df.o)
                              game.o (__muldf3)
c:/saturn/SH_COFF/sh-coff/bin/../lib/gcc/sh-coff/3.4-GNUSH_v0501/m2\libgcc.a(_div_df.o)
                              game.o (__divdf3)
c:/saturn/SH_COFF/sh-coff/bin/../lib/gcc/sh-coff/3.4-GNUSH_v0501/m2\libgcc.a(_df_to_si.o)
                              game.o (__fixdfsi)
c:/saturn/SH_COFF/sh-coff/bin/../lib/gcc/sh-coff/3.4-GNUSH_v0501/m2\libgcc.a(_ashiftrt_n.o)
                              game.o (__ashrsi3)
c:/saturn/SH_COFF/sh-coff/bin/../lib/gcc/sh-coff/3.4-GNUSH_v0501/m2\libgcc.a(_pack_df.o)
                              c:/saturn/SH_COFF/sh-coff/bin/../lib/gcc/sh-coff/3.4-GNUSH_v0501/m2\libgcc.a(_si_to_df.o) (__pack_d)
c:/saturn/SH_COFF/sh-coff/bin/../lib/gcc/sh-coff/3.4-GNUSH_v0501/m2\libgcc.a(_unpack_df.o)
                              c:/saturn/SH_COFF/sh-coff/bin/../lib/gcc/sh-coff/3.4-GNUSH_v0501/m2\libgcc.a(_mul_df.o) (__unpack_d)
c:/saturn/SH_COFF/sh-coff/bin/../lib/gcc/sh-coff/3.4-GNUSH_v0501/m2\libgcc.a(_thenan_df.o)
                              c:/saturn/SH_COFF/sh-coff/bin/../lib/gcc/sh-coff/3.4-GNUSH_v0501/m2\libgcc.a(_mul_df.o) (__thenan_df)
c:/saturn/SH_COFF/sh-coff/bin/../lib/gcc/sh-coff/3.4-GNUSH_v0501/m2\libgcc.a(_lshrdi3.o)
                              c:/saturn/SH_COFF/sh-coff/bin/../lib/gcc/sh-coff/3.4-GNUSH_v0501/m2\libgcc.a(_df_to_si.o) (__lshrdi3)
c:/saturn/SH_COFF/sh-coff/bin/../lib/gcc/sh-coff/3.4-GNUSH_v0501/m2\libgcc.a(_ashldi3.o)
                              c:/saturn/SH_COFF/sh-coff/bin/../lib/gcc/sh-coff/3.4-GNUSH_v0501/m2\libgcc.a(_pack_df.o) (__ashldi3)
c:/saturn/SH_COFF/sh-coff/bin/../lib/gcc/sh-coff/3.4-GNUSH_v0501/m2\libgcc.a(_ashiftlt.o)
                              c:/saturn/SH_COFF/sh-coff/bin/../lib/gcc/sh-coff/3.4-GNUSH_v0501/m2\libgcc.a(_lshrdi3.o) (__ashlsi3)
c:/saturn/SH_COFF/sh-coff/bin/../lib/gcc/sh-coff/3.4-GNUSH_v0501/m2\libgcc.a(_lshiftrt.o)
                              c:/saturn/SH_COFF/sh-coff/bin/../lib/gcc/sh-coff/3.4-GNUSH_v0501/m2\libgcc.a(_lshrdi3.o) (__lshrsi3)
c:/saturn/SH_COFF/sh-coff/bin/../lib/gcc/sh-coff/3.4-GNUSH_v0501/../../../../sh-coff/lib/m2\libc.a(memcpy.o)
                              game.o (memcpy)
c:/saturn/SH_COFF/sh-coff/bin/../lib/gcc/sh-coff/3.4-GNUSH_v0501/../../../../sh-coff/lib/m2\libc.a(memset.o)
                              spritelist.o (memset)
c:/saturn/SH_COFF/sh-coff/bin/../lib/gcc/sh-coff/3.4-GNUSH_v0501/../../../../sh-coff/lib/m2\libc.a(atexit.o)
                              c:/saturn/SH_COFF/sh-coff/bin/../lib/gcc/sh-coff/3.4-GNUSH_v0501/m2\libgcc.a(__main.o) (atexit)
c:/saturn/SH_COFF/sh-coff/bin/../lib/gcc/sh-coff/3.4-GNUSH_v0501/../../../../sh-coff/lib/m2\libc.a(impure.o)
                              c:/saturn/SH_COFF/sh-coff/bin/../lib/gcc/sh-coff/3.4-GNUSH_v0501/../../../../sh-coff/lib/m2\libc.a(atexit.o) (_impure_ptr)
c:/saturn/SH_COFF/sh-coff/bin/../lib/gcc/sh-coff/3.4-GNUSH_v0501/../../../../sh-coff/lib/m2\libc.a(malloc.o)
                              c:/saturn/SH_COFF/sh-coff/bin/../lib/gcc/sh-coff/3.4-GNUSH_v0501/../../../../sh-coff/lib/m2\libc.a(atexit.o) (malloc)
c:/saturn/SH_COFF/sh-coff/bin/../lib/gcc/sh-coff/3.4-GNUSH_v0501/../../../../sh-coff/lib/m2\libc.a(mallocr.o)
                              c:/saturn/SH_COFF/sh-coff/bin/../lib/gcc/sh-coff/3.4-GNUSH_v0501/../../../../sh-coff/lib/m2\libc.a(malloc.o) (_malloc_r)
c:/saturn/SH_COFF/sh-coff/bin/../lib/gcc/sh-coff/3.4-GNUSH_v0501/../../../../sh-coff/lib/m2\libc.a(freer.o)
                              c:/saturn/SH_COFF/sh-coff/bin/../lib/gcc/sh-coff/3.4-GNUSH_v0501/../../../../sh-coff/lib/m2\libc.a(malloc.o) (_free_r)
c:/saturn/SH_COFF/sh-coff/bin/../lib/gcc/sh-coff/3.4-GNUSH_v0501/../../../../sh-coff/lib/m2\libc.a(mlock.o)
                              c:/saturn/SH_COFF/sh-coff/bin/../lib/gcc/sh-coff/3.4-GNUSH_v0501/../../../../sh-coff/lib/m2\libc.a(mallocr.o) (__malloc_lock)
c:/saturn/SH_COFF/sh-coff/bin/../lib/gcc/sh-coff/3.4-GNUSH_v0501/../../../../sh-coff/lib/m2\libc.a(sbrkr.o)
                              c:/saturn/SH_COFF/sh-coff/bin/../lib/gcc/sh-coff/3.4-GNUSH_v0501/../../../../sh-coff/lib/m2\libc.a(mallocr.o) (_sbrk_r)
c:/saturn/SH_COFF/sh-coff/bin/../lib/gcc/sh-coff/3.4-GNUSH_v0501/../../../../sh-coff/lib/m2\libc.a(syscalls.o)
                              c:/saturn/SH_COFF/sh-coff/bin/../lib/gcc/sh-coff/3.4-GNUSH_v0501/../../../../sh-coff/lib/m2\libc.a(sbrkr.o) (_sbrk)
c:/saturn/SH_COFF/sh-coff/bin/../lib/gcc/sh-coff/3.4-GNUSH_v0501/../../../../sh-coff/lib/m2\libc.a(trap.o)
                              c:/saturn/SH_COFF/sh-coff/bin/../lib/gcc/sh-coff/3.4-GNUSH_v0501/../../../../sh-coff/lib/m2\libc.a(syscalls.o) (__trap34)
c:/saturn/SH_COFF/sh-coff/bin/../lib/gcc/sh-coff/3.4-GNUSH_v0501/../../../../sh-coff/lib/m2\libc.a(abort.o)
                              c:/saturn/SH_COFF/sh-coff/bin/../lib/gcc/sh-coff/3.4-GNUSH_v0501/../../../../sh-coff/lib/m2\libc.a(syscalls.o) (abort)
c:/saturn/SH_COFF/sh-coff/bin/../lib/gcc/sh-coff/3.4-GNUSH_v0501/../../../../sh-coff/lib/m2\libc.a(signal.o)
                              c:/saturn/SH_COFF/sh-coff/bin/../lib/gcc/sh-coff/3.4-GNUSH_v0501/../../../../sh-coff/lib/m2\libc.a(abort.o) (raise)
c:/saturn/SH_COFF/sh-coff/bin/../lib/gcc/sh-coff/3.4-GNUSH_v0501/../../../../sh-coff/lib/m2\libc.a(signalr.o)
                              c:/saturn/SH_COFF/sh-coff/bin/../lib/gcc/sh-coff/3.4-GNUSH_v0501/../../../../sh-coff/lib/m2\libc.a(signal.o) (_kill_r)
c:/saturn/SH_COFF/sh-coff/bin/../lib/gcc/sh-coff/3.4-GNUSH_v0501/m2\libgcc.a(_udivsi3.o)
                              c:/saturn/SH_COFF/sh-coff/bin/../lib/gcc/sh-coff/3.4-GNUSH_v0501/../../../../sh-coff/lib/m2\libc.a(freer.o) (__udivsi3)

Allocating common symbols
Common symbol       size              file

sprites             0x1c20            game.o
numSprites          0x1               game.o
playfield           0x800             game.o
eye1Index           0x4               game.o
defaultSprite       0x24              game.o
eye2Index           0x4               game.o
errno               0x4               c:/saturn/SH_COFF/sh-coff/bin/../lib/gcc/sh-coff/3.4-GNUSH_v0501/../../../../sh-coff/lib/m2\libc.a(syscalls.o)
gameState           0x4               game.o
dispFace            0x1               game.o

Memory Configuration

Name             Origin             Length             Attributes
*default*        0x00000000         0xffffffff

Linker script and memory map


SLSTART         0x06004000       0x30
                0x06004000                ___Start = .
 *(SLSTART)
 SLSTART        0x06004000       0x28 C:\saturn\sgl302j/lib\libsgl.a(sglI00.o)
                0x06004002                slStartSGL
                0x06004000                SGL_Start

.text           0x06004040     0x3b00
 *(.text)
 .text          0x06004040       0x50 C:\saturn\sgl302j\SAMPLE\common/cinit.o
                0x06004040                main
 .text          0x06004090       0x70 main.o
                0x06004090                ss_main
 .text          0x06004100     0x1590 game.o
                0x06004e90                loadSpritePos
                0x06004e60                loadLevel
                0x06005080                runLevel
 .text          0x06005690       0xf0 scrollfunctions.o
                0x06005730                MapRead
                0x06005750                Pal2CRAM
                0x060056b0                Map2VRAM
                0x06005710                MapWrite
                0x06005690                Cel2VRAM
 .text          0x06005780       0xd0 spritelist.o
                0x06005800                deleteSprite
                0x06005780                addSprite
                0x06005830                clearSpriteList
 .text          0x06005850      0x128 C:\saturn\sgl302j/lib\libsgl.a(sglIc0.o)
                0x06005850                slInitSystem
 *fill*         0x06005978        0x8 00
 .text          0x06005980       0xc0 c:/saturn/SH_COFF/sh-coff/bin/../lib/gcc/sh-coff/3.4-GNUSH_v0501/m2\libgcc.a(__main.o)
                0x06005a00                __main
                0x06005980                __do_global_dtors
                0x060059c0                __do_global_ctors
 .text          0x06005a40      0x110 c:/saturn/SH_COFF/sh-coff/bin/../lib/gcc/sh-coff/3.4-GNUSH_v0501/m2\libgcc.a(_si_to_df.o)
                0x06005a50                __floatsidf
 .text          0x06005b50      0x2c0 c:/saturn/SH_COFF/sh-coff/bin/../lib/gcc/sh-coff/3.4-GNUSH_v0501/m2\libgcc.a(_mul_df.o)
                0x06005b70                __muldf3
 .text          0x06005e10      0x180 c:/saturn/SH_COFF/sh-coff/bin/../lib/gcc/sh-coff/3.4-GNUSH_v0501/m2\libgcc.a(_div_df.o)
                0x06005e20                __divdf3
 .text          0x06005f90       0x90 c:/saturn/SH_COFF/sh-coff/bin/../lib/gcc/sh-coff/3.4-GNUSH_v0501/m2\libgcc.a(_df_to_si.o)
                0x06005f90                __fixdfsi
 .text          0x06006020       0x80 c:/saturn/SH_COFF/sh-coff/bin/../lib/gcc/sh-coff/3.4-GNUSH_v0501/m2\libgcc.a(_ashiftrt_n.o)
                0x06006020                __ashrsi3
 .text          0x060060a0      0x270 c:/saturn/SH_COFF/sh-coff/bin/../lib/gcc/sh-coff/3.4-GNUSH_v0501/m2\libgcc.a(_pack_df.o)
                0x060060c0                __pack_d
 .text          0x06006310      0x160 c:/saturn/SH_COFF/sh-coff/bin/../lib/gcc/sh-coff/3.4-GNUSH_v0501/m2\libgcc.a(_unpack_df.o)
                0x06006330                __unpack_d
 .text          0x06006470       0x20 c:/saturn/SH_COFF/sh-coff/bin/../lib/gcc/sh-coff/3.4-GNUSH_v0501/m2\libgcc.a(_thenan_df.o)
                0x06006470                __thenan_df
 .text          0x06006490       0x90 c:/saturn/SH_COFF/sh-coff/bin/../lib/gcc/sh-coff/3.4-GNUSH_v0501/m2\libgcc.a(_lshrdi3.o)
                0x06006490                __lshrdi3
 .text          0x06006520       0x90 c:/saturn/SH_COFF/sh-coff/bin/../lib/gcc/sh-coff/3.4-GNUSH_v0501/m2\libgcc.a(_ashldi3.o)
                0x06006520                __ashldi3
 .text          0x060065b0       0x90 c:/saturn/SH_COFF/sh-coff/bin/../lib/gcc/sh-coff/3.4-GNUSH_v0501/m2\libgcc.a(_ashiftlt.o)
                0x060065b0                __ashlsi3
 .text          0x06006640       0x90 c:/saturn/SH_COFF/sh-coff/bin/../lib/gcc/sh-coff/3.4-GNUSH_v0501/m2\libgcc.a(_lshiftrt.o)
                0x06006640                __lshrsi3
 .text          0x060066d0       0xa0 c:/saturn/SH_COFF/sh-coff/bin/../lib/gcc/sh-coff/3.4-GNUSH_v0501/../../../../sh-coff/lib/m2\libc.a(memcpy.o)
                0x060066d0                memcpy
 .text          0x06006770       0x40 c:/saturn/SH_COFF/sh-coff/bin/../lib/gcc/sh-coff/3.4-GNUSH_v0501/../../../../sh-coff/lib/m2\libc.a(memset.o)
                0x06006770                memset
 .text          0x060067b0       0xa0 c:/saturn/SH_COFF/sh-coff/bin/../lib/gcc/sh-coff/3.4-GNUSH_v0501/../../../../sh-coff/lib/m2\libc.a(atexit.o)
                0x060067b0                atexit
 .text          0x06006850       0x10 c:/saturn/SH_COFF/sh-coff/bin/../lib/gcc/sh-coff/3.4-GNUSH_v0501/../../../../sh-coff/lib/m2\libc.a(impure.o)
                0x06006850                _global_impure_ptr
 .text          0x06006860       0x40 c:/saturn/SH_COFF/sh-coff/bin/../lib/gcc/sh-coff/3.4-GNUSH_v0501/../../../../sh-coff/lib/m2\libc.a(malloc.o)
                0x06006880                free
                0x06006860                malloc
 .text          0x060068a0      0x680 c:/saturn/SH_COFF/sh-coff/bin/../lib/gcc/sh-coff/3.4-GNUSH_v0501/../../../../sh-coff/lib/m2\libc.a(mallocr.o)
                0x060068a0                _malloc_r
 .text          0x06006f20      0x3b0 c:/saturn/SH_COFF/sh-coff/bin/../lib/gcc/sh-coff/3.4-GNUSH_v0501/../../../../sh-coff/lib/m2\libc.a(freer.o)
                0x06006f20                _malloc_trim_r
                0x06007020                _free_r
 .text          0x060072d0       0x20 c:/saturn/SH_COFF/sh-coff/bin/../lib/gcc/sh-coff/3.4-GNUSH_v0501/../../../../sh-coff/lib/m2\libc.a(mlock.o)
                0x060072d0                __malloc_lock
                0x060072e0                __malloc_unlock
 .text          0x060072f0       0x50 c:/saturn/SH_COFF/sh-coff/bin/../lib/gcc/sh-coff/3.4-GNUSH_v0501/../../../../sh-coff/lib/m2\libc.a(sbrkr.o)
                0x060072f0                _sbrk_r
 .text          0x06007340      0x430 c:/saturn/SH_COFF/sh-coff/bin/../lib/gcc/sh-coff/3.4-GNUSH_v0501/../../../../sh-coff/lib/m2\libc.a(syscalls.o)
                0x060074f0                _exit
                0x06007530                _getpid
                0x060075b0                _utime
                0x06007380                _write
                0x06007340                _read
                0x060074d0                _unlink
                0x06007490                _open
                0x06007550                _stat
                0x060074e0                isatty
                0x060075f0                _wait
                0x06007510                _kill
                0x06007570                _chmod
                0x06007630                _execv
                0x06007610                _execve
                0x06007730                __setup_argv_and_call_main
                0x06007680                _gettimeofday
                0x060073c0                _link
                0x06007540                _raise
                0x060074b0                _creat
                0x06007650                _pipe
                0x06007590                _chown
                0x06007360                _lseek
                0x060073a0                _close
                0x06007670                _times
                0x06007470                _fstat
                0x060075d0                _fork
                0x060073f0                _sbrk
 .text          0x06007770       0x20 c:/saturn/SH_COFF/sh-coff/bin/../lib/gcc/sh-coff/3.4-GNUSH_v0501/../../../../sh-coff/lib/m2\libc.a(trap.o)
                0x06007770                __trap34
 .text          0x06007790       0x20 c:/saturn/SH_COFF/sh-coff/bin/../lib/gcc/sh-coff/3.4-GNUSH_v0501/../../../../sh-coff/lib/m2\libc.a(abort.o)
                0x06007790                abort
 .text          0x060077b0      0x2c0 c:/saturn/SH_COFF/sh-coff/bin/../lib/gcc/sh-coff/3.4-GNUSH_v0501/../../../../sh-coff/lib/m2\libc.a(signal.o)
                0x06007890                _raise_r
                0x06007a50                __sigtramp
                0x060079f0                raise
                0x06007a30                _init_signal
                0x06007970                __sigtramp_r
                0x06007a10                signal
                0x06007800                _signal_r
                0x060077b0                _init_signal_r
 .text          0x06007a70       0x60 c:/saturn/SH_COFF/sh-coff/bin/../lib/gcc/sh-coff/3.4-GNUSH_v0501/../../../../sh-coff/lib/m2\libc.a(signalr.o)
                0x06007ac0                _getpid_r
                0x06007a70                _kill_r
 .text          0x06007ad0       0x70 c:/saturn/SH_COFF/sh-coff/bin/../lib/gcc/sh-coff/3.4-GNUSH_v0501/m2\libgcc.a(_udivsi3.o)
                0x06007af2                __udivsi3
 *(.strings)
                0x06007b40                __etext = .

SLPROG          0x06007b40    0x102c0
                0x06007b40                __slprog_start = .
 *(SLPROG)
 SLPROG         0x06007b40     0x6540 C:\saturn\sgl302j/lib/sglarea.o
                0x06007b5c                SpriteBuf
                0x06007b80                RemainEvent
                0x06007b4c                SortList
                0x06007b4a                MaxPolygons
                0x06007b68                CommandBuf
                0x06007b7c                MaxWorks
                0x06007b7e                WorkSize
                0x06007b74                PCM_WkSize
                0x06007b6c                CLOfstBuf
                0x06007c80                RemainWork
                0x06007b70                PCM_Work
                0x06007b40                MasterStack
                0x06007b44                SlaveStack
                0x06007b48                MaxVertices
                0x06007b78                MaxEvents
                0x06007b58                Zbuffer
                0x06007b60                SpriteBufSize
                0x0600a080                WorkBuf
                0x06007b54                TransList
                0x06007b64                Pbuffer
                0x06007b50                SortListSize
                0x06007b7a                EventSize
                0x06008080                EventBuf
 SLPROG         0x0600e080      0xfc8 C:\saturn\sgl302j/lib\libsgl.a(sglH00.o)
                0x0600e11c                slSetPortData1
                0x0600e10c                slGetPortData1
                0x0600e8fa                slSetPortMode1
                0x0600eb34                Smpc_Status
                0x0600e0d2                slSetPortDir2
                0x0600e718                slSmpcCashSend
                0x0600e138                slGetPortSelect1
                0x0600e51e                slIntBackCancel
                0x0600e1d0                slSetPortExt1
                0x0600e8e0                slGetPortMode1
                0x0600e7d4                slSmpcCashBlow
                0x0600eac4                slRequestCommand
                0x0600eb64                SmpcStatusBuf
                0x0600e126                slSetPortData2
                0x0600e486                slSetResultBuffer
                0x0600e1bc                slGetPortExt1
                0x0600e200                slSetPortExt2
                0x0600e0a0                slGetPortDir2
                0x0600e1c6                slGetPortExt2
                0x0600e552                slClearReset
                0x0600e548                slCheckReset
                0x0600e0a8                slSetPortDir1
                0x0600e180                slSetPortSelect2
                0x0600e14c                slSetPortSelect1
                0x0600e8ec                slGetPortMode2
                0x0600e142                slGetPortSelect2
                0x0600e098                slGetPortDir1
                0x0600e114                slGetPortData2
                0x0600e8ba                slSetOptimize
                0x0600e8b0                slGetOptimize
                0x0600e374                slSmpcDirectAccess
                0x0600eb42                Per_Connect1
                0x0600e3f4                slInitPeripheral
                0x0600e512                slCheckIntBackSet
                0x0600eb43                Per_Connect2
                0x0600eb3c                Smpc_Peripheral
                0x0600e938                slSetPortMode2
                0x0600eb38                Smpc_Result
 *fill*         0x0600f048        0x8 00
 SLPROG         0x0600f050       0x4e C:\saturn\sgl302j/lib\libsgl.a(sglF00.o)
                0x0600f06a                slLocate
                0x0600f060                slCurColor
                0x0600f09c                CurrentScreen
                0x0600f050                slCurScrn
 *fill*         0x0600f09e        0x2 00
 SLPROG         0x0600f0a0       0x1c C:\saturn\sgl302j/lib\libsgl.a(sglF05.o)
                0x0600f0a0                slPrint
 *fill*         0x0600f0bc        0x4 00
 SLPROG         0x0600f0c0       0x10 C:\saturn\sgl302j/lib\libsgl.a(sglB072.o)
                0x0600f0c0                slScrPosNbg2
 SLPROG         0x0600f0d0       0x10 C:\saturn\sgl302j/lib\libsgl.a(sglB073.o)
                0x0600f0d0                slScrPosNbg3
 SLPROG         0x0600f0e0      0x12a C:\saturn\sgl302j/lib\libsgl.a(sglF03.o)
                0x0600f0e0                slPrintFX
 *fill*         0x0600f20a        0x6 00
 SLPROG         0x0600f210      0x40c C:\saturn\sgl302j/lib\libsgl.a(sglB015.o)
                0x0600f210                slScrAutoDisp
 *fill*         0x0600f61c        0x4 00
 SLPROG         0x0600f620      0x3a4 C:\saturn\sgl302j/lib\libsgl.a(sglI01.o)
                0x0600f80a                RetPCMBuf
                0x0600f944                Sound_Buf
                0x0600f620                slInitSynch
                0x0600f730                slRandom
                0x0600f8a4                PCM_Buf
                0x0600f63a                slSynch
                0x0600f74e                PCM_EndCheck
 *fill*         0x0600f9c4        0xc 00
 SLPROG         0x0600f9d0     0x411e C:\saturn\sgl302j/lib\libsgl.a(sglA01.o)
                0x0600faac                sin_cos_index_tbl
                0x0600f9d0                slSin
                0x0600faec                sin_tbl
                0x0600fa18                GetSinCos
                0x0600f9f4                slCos
 *fill*         0x06013aee        0x2 00
 SLPROG         0x06013af0       0x3c C:\saturn\sgl302j/lib\libsgl.a(sglF02.o)
                0x06013af0                slPrintHex
 *fill*         0x06013b2c        0x4 00
 SLPROG         0x06013b30       0xfa C:\saturn\sgl302j/lib\libsgl.a(sglC06.o)
                0x06013b30                slDispSprite
 *fill*         0x06013c2a        0x6 00
 SLPROG         0x06013c30        0xa C:\saturn\sgl302j/lib\libsgl.a(sglA06.o)
                0x06013c30                slMulFX
 *fill*         0x06013c3a        0x6 00
 SLPROG         0x06013c40       0x20 C:\saturn\sgl302j/lib\libsgl.a(sglB001.o)
                0x06013c40                slTVOn
                0x06013c4a                slTVOff
 SLPROG         0x06013c60       0x84 C:\saturn\sgl302j/lib\libsgl.a(sglD00.o)
                0x06013c60                slDMACopy
                0x06013c60                slCpuDMACopy
                0x06013cba                slCashPurge
                0x06013cba                CSH_AllClr
 *fill*         0x06013ce4        0xc 00
 SLPROG         0x06013cf0       0x1e C:\saturn\sgl302j/lib\libsgl.a(sglB002.o)
                0x06013cf0                slColRAMMode
 *fill*         0x06013d0e        0x2 00
 SLPROG         0x06013d10        0xc C:\saturn\sgl302j/lib\libsgl.a(sglB016.o)
                0x06013d10                slBack1ColSet
 *fill*         0x06013d1c        0x4 00
 SLPROG         0x06013d20      0x114 C:\saturn\sgl302j/lib\libsgl.a(sglB200.o)
                0x06013d2c                slCharNbg0
                0x06013d72                slPageRbg0
                0x06013d88                slPageNbg1
                0x06013d38                slCharNbg1
                0x06013da4                slPageNbg0
                0x06013d90                slPageNbg2
                0x06013d98                slPageNbg3
                0x06013d44                slCharNbg2
                0x06013d5a                slCharNbg3
                0x06013d20                slCharRbg0
 *fill*         0x06013e34        0xc 00
 SLPROG         0x06013e40        0xc C:\saturn\sgl302j/lib\libsgl.a(sglB056.o)
                0x06013e40                slPlaneNbg1
 *fill*         0x06013e4c        0x4 00
 SLPROG         0x06013e50       0xb4 C:\saturn\sgl302j/lib\libsgl.a(sglB032.o)
                0x06013e50                slMapNbg1
 *fill*         0x06013f04        0xc 00
 SLPROG         0x06013f10        0xc C:\saturn\sgl302j/lib\libsgl.a(sglB071.o)
                0x06013f10                slScrPosNbg1
 *fill*         0x06013f1c        0x4 00
 SLPROG         0x06013f20        0xc C:\saturn\sgl302j/lib\libsgl.a(sglB063.o)
                0x06013f20                slPriority
 *fill*         0x06013f2c        0x4 00
 SLPROG         0x06013f30       0x10 C:\saturn\sgl302j/lib\libsgl.a(sglB020.o)
                0x06013f30                slColorCalc
 SLPROG         0x06013f40        0xc C:\saturn\sgl302j/lib\libsgl.a(sglB023.o)
                0x06013f40                slColRate
 *fill*         0x06013f4c        0x4 00
 SLPROG         0x06013f50       0x10 C:\saturn\sgl302j/lib\libsgl.a(sglB057.o)
                0x06013f50                slPlaneNbg2
 SLPROG         0x06013f60       0xb0 C:\saturn\sgl302j/lib\libsgl.a(sglB033.o)
                0x06013f60                slMapNbg2
 SLPROG         0x06014010       0x10 C:\saturn\sgl302j/lib\libsgl.a(sglB058.o)
                0x06014010                slPlaneNbg3
 SLPROG         0x06014020       0xb4 C:\saturn\sgl302j/lib\libsgl.a(sglB034.o)
                0x06014020                slMapNbg3
 *fill*         0x060140d4        0xc 00
 SLPROG         0x060140e0        0xc C:\saturn\sgl302j/lib\libsgl.a(sglB021.o)
                0x060140e0                slColorCalcOn
 *fill*         0x060140ec        0x4 00
 SLPROG         0x060140f0       0x20 C:\saturn\sgl302j/lib\libsgl.a(sglA00.o)
                0x06014104                get_imask
                0x060140f0                set_imask
                0x060140f0                _builtin_set_imask
                0x06014104                _builtin_get_imask
 SLPROG         0x06014110       0x74 C:\saturn\sgl302j/lib\libsgl.a(sglJ00.o)
                0x06014110                InitSlaveSH
                0x06014178                SlaveCommand
 *fill*         0x06014184        0xc 00
 SLPROG         0x06014190      0x42c C:\saturn\sgl302j/lib\libsgl.a(sglA20.o)
                0x06014190                slInitMatrix
                0x060141ae                slUnitMatrix
                0x0601419a                slPushUnitMatrix
 *fill*         0x060145bc        0x4 00
 SLPROG         0x060145c0      0xbd0 C:\saturn\sgl302j/lib\libsgl.a(sglB000.o)
                0x060145c0                slInitScroll
                0x06014820                TVSizeTbl
                0x06014710                setASC_4to8
                0x060148a0                TVModeTbl
                0x060146e0                setASC_1to8
                0x06014a78                SGL_ASCII_CG
 SLPROG         0x06015190      0x3d0 C:\saturn\sgl302j/lib\libsgl.a(sglJ01.o)
                0x06015190                SlaveControl
                0x0601554c                ErasePolygonData
 SLPROG         0x06015560      0x75c C:\saturn\sgl302j/lib\libsgl.a(sglI00.o)
                0x06015850                slInitInterrupt
 *fill*         0x06015cbc        0x4 00
 SLPROG         0x06015cc0      0x134 C:\saturn\sgl302j/lib\libsgl.a(sglC00.o)
                0x06015cc0                slInitSprite
 *fill*         0x06015df4        0xc 00
 SLPROG         0x06015e00      0x470 C:\saturn\sgl302j/lib\libsgl.a(sglH02.o)
                0x060161f0                smpc_pfr_tbl
                0x06016230                smpc_ptf_tbl
 SLPROG         0x06016270       0x60 C:\saturn\sgl302j/lib\libsgl.a(sglH04.o)
                0x0601629a                slComPrmSetTime
                0x06016270                slComPrmIntBack
                0x06016284                slComPrmSetMemory
 SLPROG         0x060162d0       0x40 C:\saturn\sgl302j/lib\libsgl.a(sglC20.o)
                0x060162d0                SpriteEntry
 SLPROG         0x06016310       0xd4 C:\saturn\sgl302j/lib\libsgl.a(sglB035.o)
                0x06016310                sl1MapRA
                0x060163a2                rbank_set
 *fill*         0x060163e4        0xc 00
 SLPROG         0x060163f0      0x140 C:\saturn\sgl302j/lib\libsgl.a(sglJ03.o)
                0x060163f0                sbMakeDMATable
 SLPROG         0x06016530     0x12b8 C:\saturn\sgl302j/lib\libsgl.a(sglJ02.o)
                0x06017764                stvtc_1
                0x0601749c                stvtc_4
                0x0601745c                SetPolygon
                0x06017554                stvtc_3
                0x0601778c                stvtc_0
                0x06017464                SetPosition
                0x06016718                sbCalcPolygon
                0x06017450                SetTexture
                0x06016530                sbMakePolygon
                0x06017778                stvtc_2
 *fill*         0x060177e8        0x8 00
 SLPROG         0x060177f0      0x470 C:\saturn\sgl302j/lib\libsgl.a(sglJ04.o)
                0x060178b4                sbMakeRotSprite
                0x0601784e                sbMakeSprite
 SLPROG         0x06017c60       0x3c C:\saturn\sgl302j/lib\libsgl.a(sglJ05.o)
                0x06017c60                sbSortEntry
 *fill*         0x06017c9c        0x4 00
 SLPROG         0x06017ca0       0xf0 C:\saturn\sgl302j/lib\libsgl.a(sglH03.o)
                0x06017d04                slSmpcIntBack
 SLPROG         0x06017d90       0x6a C:\saturn\sgl302j/lib\libsgl.a(sglM01.o)
                0x06017dbc                slSetDepthTbl
                0x06017dec                DepthWorkArea
                0x06017d90                slSetDepthLimit
                0x06017dfa                __slprog_end = .

.tors           0x06017e00        0x0
                0x06017e00                ___ctors = .
 *(.ctors)
                0x06017e00                ___ctors_end = .
                0x06017e00                ___dtors = .
 *(.dtors)
                0x06017e00                ___dtors_end = .

.data           0x06017e00     0xce90
 *(.data)
 .data          0x06017e00       0x50 main.o
                0x06017e00                spritepos2
                0x06017e40                spritepos1
 .data          0x06017e50     0xc5e0 assets.o
                0x06017e50                pal_cloud
                0x06021a50                pic_sprites
                0x0601f050                map_map2
                0x06022130                texture_sprites003
                0x06021a90                tex_sprites
                0x060221b0                texture_sprites002
                0x06024230                texture_sprites000
                0x06018850                cel_cloud
                0x06019d50                cel_road
                0x06019550                map_road
                0x06021ed0                texture_sprites004
                0x060241b0                texture_sprites001
                0x06020250                map_face
                0x06019350                pal_road
                0x0601f850                map_map1
                0x06021cd0                texture_sprites006
                0x06021ad0                texture_sprites007
                0x06020050                pal_face
                0x06020a50                cel_face
                0x06018050                map_cloud
 .data          0x06024430       0x50 game.o
                0x06024440                SCLERA_ATTR
                0x0602445e                SHOT_ATTR
                0x06024434                SPR_SIZE
                0x06024468                CIRCLE_ATTR
                0x06024430                scale
                0x0602444a                EYE_ATTR
                0x06024454                PLAYER_ATTR
 .data          0x06024480       0x80 C:\saturn\sgl302j/lib\libsgl.a(sglIc0.o)
                0x06024480                IntPrioMask
 .data          0x06024500      0x380 c:/saturn/SH_COFF/sh-coff/bin/../lib/gcc/sh-coff/3.4-GNUSH_v0501/../../../../sh-coff/lib/m2\libc.a(impure.o)
                0x0602487c                _impure_ptr
 .data          0x06024880      0x410 c:/saturn/SH_COFF/sh-coff/bin/../lib/gcc/sh-coff/3.4-GNUSH_v0501/../../../../sh-coff/lib/m2\libc.a(mallocr.o)
                0x06024888                __malloc_av_
                0x06024884                __malloc_trim_threshold
                0x06024880                __malloc_sbrk_base
                0x06024c90                __edata = .

.bss            0x06024c90     0x2714
                0x06024c90                __bstart = .
 *(.bss)
 .bss           0x06024c90      0x200 assets.o
                0x06024c90                texture_sprites005
 .bss           0x06024e90       0x30 game.o
                0x06024e9c                bg2X
                0x06024ea0                screenY
                0x06024e90                bg3Y
                0x06024e94                bg3X
                0x06024ea4                screenX
                0x06024ea8                scaleSpeed
                0x06024e98                bg2Y
                0x06024eac                playerState
 .bss           0x06024ec0       0x10 c:/saturn/SH_COFF/sh-coff/bin/../lib/gcc/sh-coff/3.4-GNUSH_v0501/m2\libgcc.a(__main.o)
 .bss           0x06024ed0       0x10 c:/saturn/SH_COFF/sh-coff/bin/../lib/gcc/sh-coff/3.4-GNUSH_v0501/../../../../sh-coff/lib/m2\libc.a(atexit.o)
 .bss           0x06024ee0       0x40 c:/saturn/SH_COFF/sh-coff/bin/../lib/gcc/sh-coff/3.4-GNUSH_v0501/../../../../sh-coff/lib/m2\libc.a(mallocr.o)
                0x06024f10                __malloc_top_pad
                0x06024ee0                __malloc_current_mallinfo
                0x06024f0c                __malloc_max_sbrked_mem
                0x06024f08                __malloc_max_total_mem
 .bss           0x06024f20       0x10 c:/saturn/SH_COFF/sh-coff/bin/../lib/gcc/sh-coff/3.4-GNUSH_v0501/../../../../sh-coff/lib/m2\libc.a(syscalls.o)
 *(COMMON)
 COMMON         0x06024f30     0x246d game.o
                                  0x0 (size before relaxing)
                0x06024f30                sprites
                0x06026b50                numSprites
                0x06026b60                playfield
                0x06027360                eye1Index
                0x06027370                defaultSprite
                0x06027394                eye2Index
                0x06027398                gameState
                0x0602739c                dispFace
 *fill*         0x0602739d        0x3 00
 COMMON         0x060273a0        0x4 c:/saturn/SH_COFF/sh-coff/bin/../lib/gcc/sh-coff/3.4-GNUSH_v0501/../../../../sh-coff/lib/m2\libc.a(syscalls.o)
                                  0x0 (size before relaxing)
                0x060273a0                errno
                0x060273a4                __bend = .
                0x060273a4                _end = .
LOAD C:\saturn\sgl302j\SAMPLE\common/cinit.o
LOAD C:\saturn\sgl302j/lib/sglarea.o
LOAD main.o
LOAD assets.o
LOAD game.o
LOAD scrollfunctions.o
LOAD spritelist.o
LOAD C:\saturn\sgl302j/lib\libsgl.a
LOAD c:/saturn/SH_COFF/sh-coff/bin/../lib/gcc/sh-coff/3.4-GNUSH_v0501/m2\libgcc.a
LOAD c:/saturn/SH_COFF/sh-coff/bin/../lib/gcc/sh-coff/3.4-GNUSH_v0501/../../../../sh-coff/lib/m2\libc.a
LOAD c:/saturn/SH_COFF/sh-coff/bin/../lib/gcc/sh-coff/3.4-GNUSH_v0501/m2\libgcc.a
OUTPUT(sl.coff coff-sh)

.comment        0x060273b0      0x360
 .comment       0x060273b0       0x20 C:\saturn\sgl302j\SAMPLE\common/cinit.o
 .comment       0x060273d0       0x20 main.o
 .comment       0x060273f0       0x20 assets.o
 .comment       0x06027410       0x20 game.o
 .comment       0x06027430       0x20 scrollfunctions.o
 .comment       0x06027450       0x20 spritelist.o
 .comment       0x06027470       0x20 c:/saturn/SH_COFF/sh-coff/bin/../lib/gcc/sh-coff/3.4-GNUSH_v0501/m2\libgcc.a(__main.o)
 .comment       0x06027490       0x20 c:/saturn/SH_COFF/sh-coff/bin/../lib/gcc/sh-coff/3.4-GNUSH_v0501/m2\libgcc.a(_si_to_df.o)
 .comment       0x060274b0       0x20 c:/saturn/SH_COFF/sh-coff/bin/../lib/gcc/sh-coff/3.4-GNUSH_v0501/m2\libgcc.a(_mul_df.o)
 .comment       0x060274d0       0x20 c:/saturn/SH_COFF/sh-coff/bin/../lib/gcc/sh-coff/3.4-GNUSH_v0501/m2\libgcc.a(_div_df.o)
 .comment       0x060274f0       0x20 c:/saturn/SH_COFF/sh-coff/bin/../lib/gcc/sh-coff/3.4-GNUSH_v0501/m2\libgcc.a(_df_to_si.o)
 .comment       0x06027510       0x20 c:/saturn/SH_COFF/sh-coff/bin/../lib/gcc/sh-coff/3.4-GNUSH_v0501/m2\libgcc.a(_pack_df.o)
 .comment       0x06027530       0x20 c:/saturn/SH_COFF/sh-coff/bin/../lib/gcc/sh-coff/3.4-GNUSH_v0501/m2\libgcc.a(_unpack_df.o)
 .comment       0x06027550       0x20 c:/saturn/SH_COFF/sh-coff/bin/../lib/gcc/sh-coff/3.4-GNUSH_v0501/m2\libgcc.a(_thenan_df.o)
 .comment       0x06027570       0x20 c:/saturn/SH_COFF/sh-coff/bin/../lib/gcc/sh-coff/3.4-GNUSH_v0501/m2\libgcc.a(_lshrdi3.o)
 .comment       0x06027590       0x20 c:/saturn/SH_COFF/sh-coff/bin/../lib/gcc/sh-coff/3.4-GNUSH_v0501/m2\libgcc.a(_ashldi3.o)
 .comment       0x060275b0       0x20 c:/saturn/SH_COFF/sh-coff/bin/../lib/gcc/sh-coff/3.4-GNUSH_v0501/../../../../sh-coff/lib/m2\libc.a(atexit.o)
 .comment       0x060275d0       0x20 c:/saturn/SH_COFF/sh-coff/bin/../lib/gcc/sh-coff/3.4-GNUSH_v0501/../../../../sh-coff/lib/m2\libc.a(impure.o)
 .comment       0x060275f0       0x20 c:/saturn/SH_COFF/sh-coff/bin/../lib/gcc/sh-coff/3.4-GNUSH_v0501/../../../../sh-coff/lib/m2\libc.a(malloc.o)
 .comment       0x06027610       0x20 c:/saturn/SH_COFF/sh-coff/bin/../lib/gcc/sh-coff/3.4-GNUSH_v0501/../../../../sh-coff/lib/m2\libc.a(mallocr.o)
 .comment       0x06027630       0x20 c:/saturn/SH_COFF/sh-coff/bin/../lib/gcc/sh-coff/3.4-GNUSH_v0501/../../../../sh-coff/lib/m2\libc.a(freer.o)
 .comment       0x06027650       0x20 c:/saturn/SH_COFF/sh-coff/bin/../lib/gcc/sh-coff/3.4-GNUSH_v0501/../../../../sh-coff/lib/m2\libc.a(mlock.o)
 .comment       0x06027670       0x20 c:/saturn/SH_COFF/sh-coff/bin/../lib/gcc/sh-coff/3.4-GNUSH_v0501/../../../../sh-coff/lib/m2\libc.a(sbrkr.o)
 .comment       0x06027690       0x20 c:/saturn/SH_COFF/sh-coff/bin/../lib/gcc/sh-coff/3.4-GNUSH_v0501/../../../../sh-coff/lib/m2\libc.a(syscalls.o)
 .comment       0x060276b0       0x20 c:/saturn/SH_COFF/sh-coff/bin/../lib/gcc/sh-coff/3.4-GNUSH_v0501/../../../../sh-coff/lib/m2\libc.a(abort.o)
 .comment       0x060276d0       0x20 c:/saturn/SH_COFF/sh-coff/bin/../lib/gcc/sh-coff/3.4-GNUSH_v0501/../../../../sh-coff/lib/m2\libc.a(signal.o)
 .comment       0x060276f0       0x20 c:/saturn/SH_COFF/sh-coff/bin/../lib/gcc/sh-coff/3.4-GNUSH_v0501/../../../../sh-coff/lib/m2\libc.a(signalr.o)
