Archive member included because of file (symbol)

C:\saturn\sgl302j/lib\libsgl.a(sglIc0.o)
                              main.o (slInitSystem)
C:\saturn\sgl302j/lib\libsgl.a(sglH00.o)
                              C:\saturn\sgl302j/lib\libsgl.a(sglIc0.o) (slInitPeripheral)
C:\saturn\sgl302j/lib\libsgl.a(sglF00.o)
                              game.o (slLocate)
C:\saturn\sgl302j/lib\libsgl.a(sglF05.o)
                              game.o (slPrint)
C:\saturn\sgl302j/lib\libsgl.a(sglB072.o)
                              game.o (slScrPosNbg2)
C:\saturn\sgl302j/lib\libsgl.a(sglB073.o)
                              game.o (slScrPosNbg3)
C:\saturn\sgl302j/lib\libsgl.a(sglF03.o)
                              game.o (slPrintFX)
C:\saturn\sgl302j/lib\libsgl.a(sglB015.o)
                              game.o (slScrAutoDisp)
C:\saturn\sgl302j/lib\libsgl.a(sglI01.o)
                              C:\saturn\sgl302j/lib\libsgl.a(sglIc0.o) (slInitSynch)
C:\saturn\sgl302j/lib\libsgl.a(sglA01.o)
                              game.o (slSin)
C:\saturn\sgl302j/lib\libsgl.a(sglF02.o)
                              game.o (slPrintHex)
C:\saturn\sgl302j/lib\libsgl.a(sglC06.o)
                              game.o (slDispSprite)
C:\saturn\sgl302j/lib\libsgl.a(sglA06.o)
                              game.o (slMulFX)
C:\saturn\sgl302j/lib\libsgl.a(sglB001.o)
                              game.o (slTVOn)
C:\saturn\sgl302j/lib\libsgl.a(sglD00.o)
                              game.o (slDMACopy)
C:\saturn\sgl302j/lib\libsgl.a(sglB002.o)
                              game.o (slColRAMMode)
C:\saturn\sgl302j/lib\libsgl.a(sglB016.o)
                              game.o (slBack1ColSet)
C:\saturn\sgl302j/lib\libsgl.a(sglB200.o)
                              game.o (slCharNbg1)
C:\saturn\sgl302j/lib\libsgl.a(sglB056.o)
                              game.o (slPlaneNbg1)
C:\saturn\sgl302j/lib\libsgl.a(sglB032.o)
                              game.o (slMapNbg1)
C:\saturn\sgl302j/lib\libsgl.a(sglB071.o)
                              game.o (slScrPosNbg1)
C:\saturn\sgl302j/lib\libsgl.a(sglB063.o)
                              game.o (slPriority)
C:\saturn\sgl302j/lib\libsgl.a(sglB020.o)
                              game.o (slColorCalc)
C:\saturn\sgl302j/lib\libsgl.a(sglB023.o)
                              game.o (slColRate)
C:\saturn\sgl302j/lib\libsgl.a(sglB057.o)
                              game.o (slPlaneNbg2)
C:\saturn\sgl302j/lib\libsgl.a(sglB033.o)
                              game.o (slMapNbg2)
C:\saturn\sgl302j/lib\libsgl.a(sglB058.o)
                              game.o (slPlaneNbg3)
C:\saturn\sgl302j/lib\libsgl.a(sglB034.o)
                              game.o (slMapNbg3)
C:\saturn\sgl302j/lib\libsgl.a(sglB021.o)
                              game.o (slColorCalcOn)
C:\saturn\sgl302j/lib\libsgl.a(sglB011.o)
                              framebuffer.o (slBitMapNbg1)
C:\saturn\sgl302j/lib\libsgl.a(sglB051.o)
                              framebuffer.o (slZoomMode)
C:\saturn\sgl302j/lib\libsgl.a(sglB053.o)
                              framebuffer.o (slZoomNbg1)
C:\saturn\sgl302j/lib\libsgl.a(sglA07.o)
                              framebuffer.o (slDivFX)
C:\saturn\sgl302j/lib\libsgl.a(sglA05.o)
                              framebuffer.o (slSquartFX)
C:\saturn\sgl302j/lib\libsgl.a(sglA04.o)
                              framebuffer.o (slAtan)
C:\saturn\sgl302j/lib\libsgl.a(sglA00.o)
                              C:\saturn\sgl302j/lib\libsgl.a(sglIc0.o) (_builtin_set_imask)
C:\saturn\sgl302j/lib\libsgl.a(sglK01.o)
                              C:\saturn\sgl302j/lib\libsgl.a(sglIc0.o) (SynchCount)
C:\saturn\sgl302j/lib\libsgl.a(sglJ00.o)
                              C:\saturn\sgl302j/lib\libsgl.a(sglIc0.o) (InitSlaveSH)
C:\saturn\sgl302j/lib\libsgl.a(sglA20.o)
                              C:\saturn\sgl302j/lib\libsgl.a(sglIc0.o) (slInitMatrix)
C:\saturn\sgl302j/lib\libsgl.a(sglB000.o)
                              C:\saturn\sgl302j/lib\libsgl.a(sglIc0.o) (slInitScroll)
C:\saturn\sgl302j/lib\libsgl.a(sglJ01.o)
                              C:\saturn\sgl302j/lib\libsgl.a(sglIc0.o) (SlaveControl)
C:\saturn\sgl302j/lib\libsgl.a(sglI00.o)
                              C:\saturn\sgl302j/lib\libsgl.a(sglIc0.o) (slInitInterrupt)
C:\saturn\sgl302j/lib\libsgl.a(sglC00.o)
                              C:\saturn\sgl302j/lib\libsgl.a(sglIc0.o) (slInitSprite)
C:\saturn\sgl302j/lib\libsgl.a(sglH02.o)
                              C:\saturn\sgl302j/lib\libsgl.a(sglH00.o) (smpc_pfr_tbl)
C:\saturn\sgl302j/lib\libsgl.a(sglH04.o)
                              C:\saturn\sgl302j/lib\libsgl.a(sglH00.o) (slComPrmIntBack)
C:\saturn\sgl302j/lib\libsgl.a(sglC20.o)
                              C:\saturn\sgl302j/lib\libsgl.a(sglC06.o) (SpriteEntry)
C:\saturn\sgl302j/lib\libsgl.a(sglB035.o)
                              C:\saturn\sgl302j/lib\libsgl.a(sglB200.o) (rbank_set)
C:\saturn\sgl302j/lib\libsgl.a(sglJ03.o)
                              C:\saturn\sgl302j/lib\libsgl.a(sglJ01.o) (sbMakeDMATable)
C:\saturn\sgl302j/lib\libsgl.a(sglJ02.o)
                              C:\saturn\sgl302j/lib\libsgl.a(sglJ01.o) (sbMakePolygon)
C:\saturn\sgl302j/lib\libsgl.a(sglJ04.o)
                              C:\saturn\sgl302j/lib\libsgl.a(sglJ01.o) (sbMakeSprite)
C:\saturn\sgl302j/lib\libsgl.a(sglJ05.o)
                              C:\saturn\sgl302j/lib\libsgl.a(sglJ01.o) (sbSortEntry)
C:\saturn\sgl302j/lib\libsgl.a(sglH03.o)
                              C:\saturn\sgl302j/lib\libsgl.a(sglI00.o) (slSmpcIntBack)
C:\saturn\sgl302j/lib\libsgl.a(sglM01.o)
                              C:\saturn\sgl302j/lib\libsgl.a(sglJ02.o) (DepthWorkArea)
c:/saturn/SH_COFF/sh-coff/bin/../lib/gcc/sh-coff/3.4-GNUSH_v0501/m2\libgcc.a(__main.o)
                              C:\saturn\sgl302j\SAMPLE\common/cinit.o (__main)
c:/saturn/SH_COFF/sh-coff/bin/../lib/gcc/sh-coff/3.4-GNUSH_v0501/m2\libgcc.a(_si_to_df.o)
                              game.o (__floatsidf)
c:/saturn/SH_COFF/sh-coff/bin/../lib/gcc/sh-coff/3.4-GNUSH_v0501/m2\libgcc.a(_mul_df.o)
                              game.o (__muldf3)
c:/saturn/SH_COFF/sh-coff/bin/../lib/gcc/sh-coff/3.4-GNUSH_v0501/m2\libgcc.a(_div_df.o)
                              game.o (__divdf3)
c:/saturn/SH_COFF/sh-coff/bin/../lib/gcc/sh-coff/3.4-GNUSH_v0501/m2\libgcc.a(_df_to_si.o)
                              game.o (__fixdfsi)
c:/saturn/SH_COFF/sh-coff/bin/../lib/gcc/sh-coff/3.4-GNUSH_v0501/m2\libgcc.a(_ashiftrt_n.o)
                              game.o (__ashrsi3)
c:/saturn/SH_COFF/sh-coff/bin/../lib/gcc/sh-coff/3.4-GNUSH_v0501/m2\libgcc.a(_pack_df.o)
                              c:/saturn/SH_COFF/sh-coff/bin/../lib/gcc/sh-coff/3.4-GNUSH_v0501/m2\libgcc.a(_si_to_df.o) (__pack_d)
c:/saturn/SH_COFF/sh-coff/bin/../lib/gcc/sh-coff/3.4-GNUSH_v0501/m2\libgcc.a(_unpack_df.o)
                              c:/saturn/SH_COFF/sh-coff/bin/../lib/gcc/sh-coff/3.4-GNUSH_v0501/m2\libgcc.a(_mul_df.o) (__unpack_d)
c:/saturn/SH_COFF/sh-coff/bin/../lib/gcc/sh-coff/3.4-GNUSH_v0501/m2\libgcc.a(_thenan_df.o)
                              c:/saturn/SH_COFF/sh-coff/bin/../lib/gcc/sh-coff/3.4-GNUSH_v0501/m2\libgcc.a(_mul_df.o) (__thenan_df)
c:/saturn/SH_COFF/sh-coff/bin/../lib/gcc/sh-coff/3.4-GNUSH_v0501/m2\libgcc.a(_lshrdi3.o)
                              c:/saturn/SH_COFF/sh-coff/bin/../lib/gcc/sh-coff/3.4-GNUSH_v0501/m2\libgcc.a(_df_to_si.o) (__lshrdi3)
c:/saturn/SH_COFF/sh-coff/bin/../lib/gcc/sh-coff/3.4-GNUSH_v0501/m2\libgcc.a(_ashldi3.o)
                              c:/saturn/SH_COFF/sh-coff/bin/../lib/gcc/sh-coff/3.4-GNUSH_v0501/m2\libgcc.a(_pack_df.o) (__ashldi3)
c:/saturn/SH_COFF/sh-coff/bin/../lib/gcc/sh-coff/3.4-GNUSH_v0501/m2\libgcc.a(_ashiftlt.o)
                              c:/saturn/SH_COFF/sh-coff/bin/../lib/gcc/sh-coff/3.4-GNUSH_v0501/m2\libgcc.a(_lshrdi3.o) (__ashlsi3)
c:/saturn/SH_COFF/sh-coff/bin/../lib/gcc/sh-coff/3.4-GNUSH_v0501/m2\libgcc.a(_lshiftrt.o)
                              c:/saturn/SH_COFF/sh-coff/bin/../lib/gcc/sh-coff/3.4-GNUSH_v0501/m2\libgcc.a(_lshrdi3.o) (__lshrsi3)
c:/saturn/SH_COFF/sh-coff/bin/../lib/gcc/sh-coff/3.4-GNUSH_v0501/../../../../sh-coff/lib/m2\libc.a(memcpy.o)
                              game.o (memcpy)
c:/saturn/SH_COFF/sh-coff/bin/../lib/gcc/sh-coff/3.4-GNUSH_v0501/../../../../sh-coff/lib/m2\libc.a(memset.o)
                              spritelist.o (memset)
c:/saturn/SH_COFF/sh-coff/bin/../lib/gcc/sh-coff/3.4-GNUSH_v0501/../../../../sh-coff/lib/m2\libc.a(atexit.o)
                              c:/saturn/SH_COFF/sh-coff/bin/../lib/gcc/sh-coff/3.4-GNUSH_v0501/m2\libgcc.a(__main.o) (atexit)
c:/saturn/SH_COFF/sh-coff/bin/../lib/gcc/sh-coff/3.4-GNUSH_v0501/../../../../sh-coff/lib/m2\libc.a(impure.o)
                              c:/saturn/SH_COFF/sh-coff/bin/../lib/gcc/sh-coff/3.4-GNUSH_v0501/../../../../sh-coff/lib/m2\libc.a(atexit.o) (_impure_ptr)
c:/saturn/SH_COFF/sh-coff/bin/../lib/gcc/sh-coff/3.4-GNUSH_v0501/../../../../sh-coff/lib/m2\libc.a(malloc.o)
                              c:/saturn/SH_COFF/sh-coff/bin/../lib/gcc/sh-coff/3.4-GNUSH_v0501/../../../../sh-coff/lib/m2\libc.a(atexit.o) (malloc)
c:/saturn/SH_COFF/sh-coff/bin/../lib/gcc/sh-coff/3.4-GNUSH_v0501/../../../../sh-coff/lib/m2\libc.a(mallocr.o)
                              c:/saturn/SH_COFF/sh-coff/bin/../lib/gcc/sh-coff/3.4-GNUSH_v0501/../../../../sh-coff/lib/m2\libc.a(malloc.o) (_malloc_r)
c:/saturn/SH_COFF/sh-coff/bin/../lib/gcc/sh-coff/3.4-GNUSH_v0501/../../../../sh-coff/lib/m2\libc.a(freer.o)
                              c:/saturn/SH_COFF/sh-coff/bin/../lib/gcc/sh-coff/3.4-GNUSH_v0501/../../../../sh-coff/lib/m2\libc.a(malloc.o) (_free_r)
c:/saturn/SH_COFF/sh-coff/bin/../lib/gcc/sh-coff/3.4-GNUSH_v0501/../../../../sh-coff/lib/m2\libc.a(mlock.o)
                              c:/saturn/SH_COFF/sh-coff/bin/../lib/gcc/sh-coff/3.4-GNUSH_v0501/../../../../sh-coff/lib/m2\libc.a(mallocr.o) (__malloc_lock)
c:/saturn/SH_COFF/sh-coff/bin/../lib/gcc/sh-coff/3.4-GNUSH_v0501/../../../../sh-coff/lib/m2\libc.a(sbrkr.o)
                              c:/saturn/SH_COFF/sh-coff/bin/../lib/gcc/sh-coff/3.4-GNUSH_v0501/../../../../sh-coff/lib/m2\libc.a(mallocr.o) (_sbrk_r)
c:/saturn/SH_COFF/sh-coff/bin/../lib/gcc/sh-coff/3.4-GNUSH_v0501/../../../../sh-coff/lib/m2\libc.a(syscalls.o)
                              c:/saturn/SH_COFF/sh-coff/bin/../lib/gcc/sh-coff/3.4-GNUSH_v0501/../../../../sh-coff/lib/m2\libc.a(sbrkr.o) (_sbrk)
c:/saturn/SH_COFF/sh-coff/bin/../lib/gcc/sh-coff/3.4-GNUSH_v0501/../../../../sh-coff/lib/m2\libc.a(trap.o)
                              c:/saturn/SH_COFF/sh-coff/bin/../lib/gcc/sh-coff/3.4-GNUSH_v0501/../../../../sh-coff/lib/m2\libc.a(syscalls.o) (__trap34)
c:/saturn/SH_COFF/sh-coff/bin/../lib/gcc/sh-coff/3.4-GNUSH_v0501/../../../../sh-coff/lib/m2\libc.a(abort.o)
                              c:/saturn/SH_COFF/sh-coff/bin/../lib/gcc/sh-coff/3.4-GNUSH_v0501/../../../../sh-coff/lib/m2\libc.a(syscalls.o) (abort)
c:/saturn/SH_COFF/sh-coff/bin/../lib/gcc/sh-coff/3.4-GNUSH_v0501/../../../../sh-coff/lib/m2\libc.a(signal.o)
                              c:/saturn/SH_COFF/sh-coff/bin/../lib/gcc/sh-coff/3.4-GNUSH_v0501/../../../../sh-coff/lib/m2\libc.a(abort.o) (raise)
c:/saturn/SH_COFF/sh-coff/bin/../lib/gcc/sh-coff/3.4-GNUSH_v0501/../../../../sh-coff/lib/m2\libc.a(signalr.o)
                              c:/saturn/SH_COFF/sh-coff/bin/../lib/gcc/sh-coff/3.4-GNUSH_v0501/../../../../sh-coff/lib/m2\libc.a(signal.o) (_kill_r)
c:/saturn/SH_COFF/sh-coff/bin/../lib/gcc/sh-coff/3.4-GNUSH_v0501/m2\libgcc.a(_udivsi3.o)
                              c:/saturn/SH_COFF/sh-coff/bin/../lib/gcc/sh-coff/3.4-GNUSH_v0501/../../../../sh-coff/lib/m2\libc.a(freer.o) (__udivsi3)

Allocating common symbols
Common symbol       size              file

sprites             0x1c20            game.o
numSprites          0x1               game.o
playfield           0x800             game.o
eye1Index           0x4               game.o
defaultSprite       0x24              game.o
eye2Index           0x4               game.o
errno               0x4               c:/saturn/SH_COFF/sh-coff/bin/../lib/gcc/sh-coff/3.4-GNUSH_v0501/../../../../sh-coff/lib/m2\libc.a(syscalls.o)
gameState           0x4               game.o
lut                 0x23000           framebuffer.o
dispFace            0x1               game.o

Memory Configuration

Name             Origin             Length             Attributes
*default*        0x00000000         0xffffffff

Linker script and memory map


SLSTART         0x06004000       0x30
                0x06004000                ___Start = .
 *(SLSTART)
 SLSTART        0x06004000       0x28 C:\saturn\sgl302j/lib\libsgl.a(sglI00.o)
                0x06004002                slStartSGL
                0x06004000                SGL_Start

.text           0x06004040     0x3e00
 *(.text)
 .text          0x06004040       0x50 C:\saturn\sgl302j\SAMPLE\common/cinit.o
                0x06004040                main
 .text          0x06004090       0x30 main.o
                0x06004090                ss_main
 .text          0x060040c0     0x16d0 game.o
                0x06004f70                loadSpritePos
                0x06004f40                loadLevel
                0x06005170                runLevel
 .text          0x06005790      0x200 framebuffer.o
                0x06005790                runFramebuffer
 .text          0x06005990       0xf0 scrollfunctions.o
                0x06005a30                MapRead
                0x06005a50                Pal2CRAM
                0x060059b0                Map2VRAM
                0x06005a10                MapWrite
                0x06005990                Cel2VRAM
 .text          0x06005a80       0xd0 spritelist.o
                0x06005b00                deleteSprite
                0x06005a80                addSprite
                0x06005b30                clearSpriteList
 .text          0x06005b50      0x128 C:\saturn\sgl302j/lib\libsgl.a(sglIc0.o)
                0x06005b50                slInitSystem
 *fill*         0x06005c78        0x8 00
 .text          0x06005c80       0xc0 c:/saturn/SH_COFF/sh-coff/bin/../lib/gcc/sh-coff/3.4-GNUSH_v0501/m2\libgcc.a(__main.o)
                0x06005d00                __main
                0x06005c80                __do_global_dtors
                0x06005cc0                __do_global_ctors
 .text          0x06005d40      0x110 c:/saturn/SH_COFF/sh-coff/bin/../lib/gcc/sh-coff/3.4-GNUSH_v0501/m2\libgcc.a(_si_to_df.o)
                0x06005d50                __floatsidf
 .text          0x06005e50      0x2c0 c:/saturn/SH_COFF/sh-coff/bin/../lib/gcc/sh-coff/3.4-GNUSH_v0501/m2\libgcc.a(_mul_df.o)
                0x06005e70                __muldf3
 .text          0x06006110      0x180 c:/saturn/SH_COFF/sh-coff/bin/../lib/gcc/sh-coff/3.4-GNUSH_v0501/m2\libgcc.a(_div_df.o)
                0x06006120                __divdf3
 .text          0x06006290       0x90 c:/saturn/SH_COFF/sh-coff/bin/../lib/gcc/sh-coff/3.4-GNUSH_v0501/m2\libgcc.a(_df_to_si.o)
                0x06006290                __fixdfsi
 .text          0x06006320       0x80 c:/saturn/SH_COFF/sh-coff/bin/../lib/gcc/sh-coff/3.4-GNUSH_v0501/m2\libgcc.a(_ashiftrt_n.o)
                0x06006320                __ashrsi3
 .text          0x060063a0      0x270 c:/saturn/SH_COFF/sh-coff/bin/../lib/gcc/sh-coff/3.4-GNUSH_v0501/m2\libgcc.a(_pack_df.o)
                0x060063c0                __pack_d
 .text          0x06006610      0x160 c:/saturn/SH_COFF/sh-coff/bin/../lib/gcc/sh-coff/3.4-GNUSH_v0501/m2\libgcc.a(_unpack_df.o)
                0x06006630                __unpack_d
 .text          0x06006770       0x20 c:/saturn/SH_COFF/sh-coff/bin/../lib/gcc/sh-coff/3.4-GNUSH_v0501/m2\libgcc.a(_thenan_df.o)
                0x06006770                __thenan_df
 .text          0x06006790       0x90 c:/saturn/SH_COFF/sh-coff/bin/../lib/gcc/sh-coff/3.4-GNUSH_v0501/m2\libgcc.a(_lshrdi3.o)
                0x06006790                __lshrdi3
 .text          0x06006820       0x90 c:/saturn/SH_COFF/sh-coff/bin/../lib/gcc/sh-coff/3.4-GNUSH_v0501/m2\libgcc.a(_ashldi3.o)
                0x06006820                __ashldi3
 .text          0x060068b0       0x90 c:/saturn/SH_COFF/sh-coff/bin/../lib/gcc/sh-coff/3.4-GNUSH_v0501/m2\libgcc.a(_ashiftlt.o)
                0x060068b0                __ashlsi3
 .text          0x06006940       0x90 c:/saturn/SH_COFF/sh-coff/bin/../lib/gcc/sh-coff/3.4-GNUSH_v0501/m2\libgcc.a(_lshiftrt.o)
                0x06006940                __lshrsi3
 .text          0x060069d0       0xa0 c:/saturn/SH_COFF/sh-coff/bin/../lib/gcc/sh-coff/3.4-GNUSH_v0501/../../../../sh-coff/lib/m2\libc.a(memcpy.o)
                0x060069d0                memcpy
 .text          0x06006a70       0x40 c:/saturn/SH_COFF/sh-coff/bin/../lib/gcc/sh-coff/3.4-GNUSH_v0501/../../../../sh-coff/lib/m2\libc.a(memset.o)
                0x06006a70                memset
 .text          0x06006ab0       0xa0 c:/saturn/SH_COFF/sh-coff/bin/../lib/gcc/sh-coff/3.4-GNUSH_v0501/../../../../sh-coff/lib/m2\libc.a(atexit.o)
                0x06006ab0                atexit
 .text          0x06006b50       0x10 c:/saturn/SH_COFF/sh-coff/bin/../lib/gcc/sh-coff/3.4-GNUSH_v0501/../../../../sh-coff/lib/m2\libc.a(impure.o)
                0x06006b50                _global_impure_ptr
 .text          0x06006b60       0x40 c:/saturn/SH_COFF/sh-coff/bin/../lib/gcc/sh-coff/3.4-GNUSH_v0501/../../../../sh-coff/lib/m2\libc.a(malloc.o)
                0x06006b80                free
                0x06006b60                malloc
 .text          0x06006ba0      0x680 c:/saturn/SH_COFF/sh-coff/bin/../lib/gcc/sh-coff/3.4-GNUSH_v0501/../../../../sh-coff/lib/m2\libc.a(mallocr.o)
                0x06006ba0                _malloc_r
 .text          0x06007220      0x3b0 c:/saturn/SH_COFF/sh-coff/bin/../lib/gcc/sh-coff/3.4-GNUSH_v0501/../../../../sh-coff/lib/m2\libc.a(freer.o)
                0x06007220                _malloc_trim_r
                0x06007320                _free_r
 .text          0x060075d0       0x20 c:/saturn/SH_COFF/sh-coff/bin/../lib/gcc/sh-coff/3.4-GNUSH_v0501/../../../../sh-coff/lib/m2\libc.a(mlock.o)
                0x060075d0                __malloc_lock
                0x060075e0                __malloc_unlock
 .text          0x060075f0       0x50 c:/saturn/SH_COFF/sh-coff/bin/../lib/gcc/sh-coff/3.4-GNUSH_v0501/../../../../sh-coff/lib/m2\libc.a(sbrkr.o)
                0x060075f0                _sbrk_r
 .text          0x06007640      0x430 c:/saturn/SH_COFF/sh-coff/bin/../lib/gcc/sh-coff/3.4-GNUSH_v0501/../../../../sh-coff/lib/m2\libc.a(syscalls.o)
                0x060077f0                _exit
                0x06007830                _getpid
                0x060078b0                _utime
                0x06007680                _write
                0x06007640                _read
                0x060077d0                _unlink
                0x06007790                _open
                0x06007850                _stat
                0x060077e0                isatty
                0x060078f0                _wait
                0x06007810                _kill
                0x06007870                _chmod
                0x06007930                _execv
                0x06007910                _execve
                0x06007a30                __setup_argv_and_call_main
                0x06007980                _gettimeofday
                0x060076c0                _link
                0x06007840                _raise
                0x060077b0                _creat
                0x06007950                _pipe
                0x06007890                _chown
                0x06007660                _lseek
                0x060076a0                _close
                0x06007970                _times
                0x06007770                _fstat
                0x060078d0                _fork
                0x060076f0                _sbrk
 .text          0x06007a70       0x20 c:/saturn/SH_COFF/sh-coff/bin/../lib/gcc/sh-coff/3.4-GNUSH_v0501/../../../../sh-coff/lib/m2\libc.a(trap.o)
                0x06007a70                __trap34
 .text          0x06007a90       0x20 c:/saturn/SH_COFF/sh-coff/bin/../lib/gcc/sh-coff/3.4-GNUSH_v0501/../../../../sh-coff/lib/m2\libc.a(abort.o)
                0x06007a90                abort
 .text          0x06007ab0      0x2c0 c:/saturn/SH_COFF/sh-coff/bin/../lib/gcc/sh-coff/3.4-GNUSH_v0501/../../../../sh-coff/lib/m2\libc.a(signal.o)
                0x06007b90                _raise_r
                0x06007d50                __sigtramp
                0x06007cf0                raise
                0x06007d30                _init_signal
                0x06007c70                __sigtramp_r
                0x06007d10                signal
                0x06007b00                _signal_r
                0x06007ab0                _init_signal_r
 .text          0x06007d70       0x60 c:/saturn/SH_COFF/sh-coff/bin/../lib/gcc/sh-coff/3.4-GNUSH_v0501/../../../../sh-coff/lib/m2\libc.a(signalr.o)
                0x06007dc0                _getpid_r
                0x06007d70                _kill_r
 .text          0x06007dd0       0x70 c:/saturn/SH_COFF/sh-coff/bin/../lib/gcc/sh-coff/3.4-GNUSH_v0501/m2\libgcc.a(_udivsi3.o)
                0x06007df2                __udivsi3
 *(.strings)
                0x06007e40                __etext = .

SLPROG          0x06007e40    0x12430
                0x06007e40                __slprog_start = .
 *(SLPROG)
 SLPROG         0x06007e40     0x6540 C:\saturn\sgl302j/lib/sglarea.o
                0x06007e5c                SpriteBuf
                0x06007e80                RemainEvent
                0x06007e4c                SortList
                0x06007e4a                MaxPolygons
                0x06007e68                CommandBuf
                0x06007e7c                MaxWorks
                0x06007e7e                WorkSize
                0x06007e74                PCM_WkSize
                0x06007e6c                CLOfstBuf
                0x06007f80                RemainWork
                0x06007e70                PCM_Work
                0x06007e40                MasterStack
                0x06007e44                SlaveStack
                0x06007e48                MaxVertices
                0x06007e78                MaxEvents
                0x06007e58                Zbuffer
                0x06007e60                SpriteBufSize
                0x0600a380                WorkBuf
                0x06007e54                TransList
                0x06007e64                Pbuffer
                0x06007e50                SortListSize
                0x06007e7a                EventSize
                0x06008380                EventBuf
 SLPROG         0x0600e380      0xfc8 C:\saturn\sgl302j/lib\libsgl.a(sglH00.o)
                0x0600e41c                slSetPortData1
                0x0600e40c                slGetPortData1
                0x0600ebfa                slSetPortMode1
                0x0600ee34                Smpc_Status
                0x0600e3d2                slSetPortDir2
                0x0600ea18                slSmpcCashSend
                0x0600e438                slGetPortSelect1
                0x0600e81e                slIntBackCancel
                0x0600e4d0                slSetPortExt1
                0x0600ebe0                slGetPortMode1
                0x0600ead4                slSmpcCashBlow
                0x0600edc4                slRequestCommand
                0x0600ee64                SmpcStatusBuf
                0x0600e426                slSetPortData2
                0x0600e786                slSetResultBuffer
                0x0600e4bc                slGetPortExt1
                0x0600e500                slSetPortExt2
                0x0600e3a0                slGetPortDir2
                0x0600e4c6                slGetPortExt2
                0x0600e852                slClearReset
                0x0600e848                slCheckReset
                0x0600e3a8                slSetPortDir1
                0x0600e480                slSetPortSelect2
                0x0600e44c                slSetPortSelect1
                0x0600ebec                slGetPortMode2
                0x0600e442                slGetPortSelect2
                0x0600e398                slGetPortDir1
                0x0600e414                slGetPortData2
                0x0600ebba                slSetOptimize
                0x0600ebb0                slGetOptimize
                0x0600e674                slSmpcDirectAccess
                0x0600ee42                Per_Connect1
                0x0600e6f4                slInitPeripheral
                0x0600e812                slCheckIntBackSet
                0x0600ee43                Per_Connect2
                0x0600ee3c                Smpc_Peripheral
                0x0600ec38                slSetPortMode2
                0x0600ee38                Smpc_Result
 *fill*         0x0600f348        0x8 00
 SLPROG         0x0600f350       0x4e C:\saturn\sgl302j/lib\libsgl.a(sglF00.o)
                0x0600f36a                slLocate
                0x0600f360                slCurColor
                0x0600f39c                CurrentScreen
                0x0600f350                slCurScrn
 *fill*         0x0600f39e        0x2 00
 SLPROG         0x0600f3a0       0x1c C:\saturn\sgl302j/lib\libsgl.a(sglF05.o)
                0x0600f3a0                slPrint
 *fill*         0x0600f3bc        0x4 00
 SLPROG         0x0600f3c0       0x10 C:\saturn\sgl302j/lib\libsgl.a(sglB072.o)
                0x0600f3c0                slScrPosNbg2
 SLPROG         0x0600f3d0       0x10 C:\saturn\sgl302j/lib\libsgl.a(sglB073.o)
                0x0600f3d0                slScrPosNbg3
 SLPROG         0x0600f3e0      0x12a C:\saturn\sgl302j/lib\libsgl.a(sglF03.o)
                0x0600f3e0                slPrintFX
 *fill*         0x0600f50a        0x6 00
 SLPROG         0x0600f510      0x40c C:\saturn\sgl302j/lib\libsgl.a(sglB015.o)
                0x0600f510                slScrAutoDisp
 *fill*         0x0600f91c        0x4 00
 SLPROG         0x0600f920      0x3a4 C:\saturn\sgl302j/lib\libsgl.a(sglI01.o)
                0x0600fb0a                RetPCMBuf
                0x0600fc44                Sound_Buf
                0x0600f920                slInitSynch
                0x0600fa30                slRandom
                0x0600fba4                PCM_Buf
                0x0600f93a                slSynch
                0x0600fa4e                PCM_EndCheck
 *fill*         0x0600fcc4        0xc 00
 SLPROG         0x0600fcd0     0x411e C:\saturn\sgl302j/lib\libsgl.a(sglA01.o)
                0x0600fdac                sin_cos_index_tbl
                0x0600fcd0                slSin
                0x0600fdec                sin_tbl
                0x0600fd18                GetSinCos
                0x0600fcf4                slCos
 *fill*         0x06013dee        0x2 00
 SLPROG         0x06013df0       0x3c C:\saturn\sgl302j/lib\libsgl.a(sglF02.o)
                0x06013df0                slPrintHex
 *fill*         0x06013e2c        0x4 00
 SLPROG         0x06013e30       0xfa C:\saturn\sgl302j/lib\libsgl.a(sglC06.o)
                0x06013e30                slDispSprite
 *fill*         0x06013f2a        0x6 00
 SLPROG         0x06013f30        0xa C:\saturn\sgl302j/lib\libsgl.a(sglA06.o)
                0x06013f30                slMulFX
 *fill*         0x06013f3a        0x6 00
 SLPROG         0x06013f40       0x20 C:\saturn\sgl302j/lib\libsgl.a(sglB001.o)
                0x06013f40                slTVOn
                0x06013f4a                slTVOff
 SLPROG         0x06013f60       0x84 C:\saturn\sgl302j/lib\libsgl.a(sglD00.o)
                0x06013f60                slDMACopy
                0x06013f60                slCpuDMACopy
                0x06013fba                slCashPurge
                0x06013fba                CSH_AllClr
 *fill*         0x06013fe4        0xc 00
 SLPROG         0x06013ff0       0x1e C:\saturn\sgl302j/lib\libsgl.a(sglB002.o)
                0x06013ff0                slColRAMMode
 *fill*         0x0601400e        0x2 00
 SLPROG         0x06014010        0xc C:\saturn\sgl302j/lib\libsgl.a(sglB016.o)
                0x06014010                slBack1ColSet
 *fill*         0x0601401c        0x4 00
 SLPROG         0x06014020      0x114 C:\saturn\sgl302j/lib\libsgl.a(sglB200.o)
                0x0601402c                slCharNbg0
                0x06014072                slPageRbg0
                0x06014088                slPageNbg1
                0x06014038                slCharNbg1
                0x060140a4                slPageNbg0
                0x06014090                slPageNbg2
                0x06014098                slPageNbg3
                0x06014044                slCharNbg2
                0x0601405a                slCharNbg3
                0x06014020                slCharRbg0
 *fill*         0x06014134        0xc 00
 SLPROG         0x06014140        0xc C:\saturn\sgl302j/lib\libsgl.a(sglB056.o)
                0x06014140                slPlaneNbg1
 *fill*         0x0601414c        0x4 00
 SLPROG         0x06014150       0xb4 C:\saturn\sgl302j/lib\libsgl.a(sglB032.o)
                0x06014150                slMapNbg1
 *fill*         0x06014204        0xc 00
 SLPROG         0x06014210        0xc C:\saturn\sgl302j/lib\libsgl.a(sglB071.o)
                0x06014210                slScrPosNbg1
 *fill*         0x0601421c        0x4 00
 SLPROG         0x06014220        0xc C:\saturn\sgl302j/lib\libsgl.a(sglB063.o)
                0x06014220                slPriority
 *fill*         0x0601422c        0x4 00
 SLPROG         0x06014230       0x10 C:\saturn\sgl302j/lib\libsgl.a(sglB020.o)
                0x06014230                slColorCalc
 SLPROG         0x06014240        0xc C:\saturn\sgl302j/lib\libsgl.a(sglB023.o)
                0x06014240                slColRate
 *fill*         0x0601424c        0x4 00
 SLPROG         0x06014250       0x10 C:\saturn\sgl302j/lib\libsgl.a(sglB057.o)
                0x06014250                slPlaneNbg2
 SLPROG         0x06014260       0xb0 C:\saturn\sgl302j/lib\libsgl.a(sglB033.o)
                0x06014260                slMapNbg2
 SLPROG         0x06014310       0x10 C:\saturn\sgl302j/lib\libsgl.a(sglB058.o)
                0x06014310                slPlaneNbg3
 SLPROG         0x06014320       0xb4 C:\saturn\sgl302j/lib\libsgl.a(sglB034.o)
                0x06014320                slMapNbg3
 *fill*         0x060143d4        0xc 00
 SLPROG         0x060143e0        0xc C:\saturn\sgl302j/lib\libsgl.a(sglB021.o)
                0x060143e0                slColorCalcOn
 *fill*         0x060143ec        0x4 00
 SLPROG         0x060143f0       0x24 C:\saturn\sgl302j/lib\libsgl.a(sglB011.o)
                0x060143f0                slBitMapNbg1
 *fill*         0x06014414        0xc 00
 SLPROG         0x06014420        0xc C:\saturn\sgl302j/lib\libsgl.a(sglB051.o)
                0x06014420                slZoomMode
 *fill*         0x0601442c        0x4 00
 SLPROG         0x06014430        0xc C:\saturn\sgl302j/lib\libsgl.a(sglB053.o)
                0x06014430                slZoomNbg1
 *fill*         0x0601443c        0x4 00
 SLPROG         0x06014440       0x14 C:\saturn\sgl302j/lib\libsgl.a(sglA07.o)
                0x06014440                slDivFX
 *fill*         0x06014454        0xc 00
 SLPROG         0x06014460       0x38 C:\saturn\sgl302j/lib\libsgl.a(sglA05.o)
                0x06014460                slSquart
                0x0601448c                slSquartFX
 *fill*         0x06014498        0x8 00
 SLPROG         0x060144a0     0x20b6 C:\saturn\sgl302j/lib\libsgl.a(sglA04.o)
                0x06014554                atan_tbl
                0x060144a0                slAtan
 *fill*         0x06016556        0xa 00
 SLPROG         0x06016560       0x20 C:\saturn\sgl302j/lib\libsgl.a(sglA00.o)
                0x06016574                get_imask
                0x06016560                set_imask
                0x06016560                _builtin_set_imask
                0x06016574                _builtin_get_imask
 SLPROG         0x06016580       0x74 C:\saturn\sgl302j/lib\libsgl.a(sglJ00.o)
                0x06016580                InitSlaveSH
                0x060165e8                SlaveCommand
 *fill*         0x060165f4        0xc 00
 SLPROG         0x06016600      0x42c C:\saturn\sgl302j/lib\libsgl.a(sglA20.o)
                0x06016600                slInitMatrix
                0x0601661e                slUnitMatrix
                0x0601660a                slPushUnitMatrix
 *fill*         0x06016a2c        0x4 00
 SLPROG         0x06016a30      0xbd0 C:\saturn\sgl302j/lib\libsgl.a(sglB000.o)
                0x06016a30                slInitScroll
                0x06016c90                TVSizeTbl
                0x06016b80                setASC_4to8
                0x06016d10                TVModeTbl
                0x06016b50                setASC_1to8
                0x06016ee8                SGL_ASCII_CG
 SLPROG         0x06017600      0x3d0 C:\saturn\sgl302j/lib\libsgl.a(sglJ01.o)
                0x06017600                SlaveControl
                0x060179bc                ErasePolygonData
 SLPROG         0x060179d0      0x75c C:\saturn\sgl302j/lib\libsgl.a(sglI00.o)
                0x06017cc0                slInitInterrupt
 *fill*         0x0601812c        0x4 00
 SLPROG         0x06018130      0x134 C:\saturn\sgl302j/lib\libsgl.a(sglC00.o)
                0x06018130                slInitSprite
 *fill*         0x06018264        0xc 00
 SLPROG         0x06018270      0x470 C:\saturn\sgl302j/lib\libsgl.a(sglH02.o)
                0x06018660                smpc_pfr_tbl
                0x060186a0                smpc_ptf_tbl
 SLPROG         0x060186e0       0x60 C:\saturn\sgl302j/lib\libsgl.a(sglH04.o)
                0x0601870a                slComPrmSetTime
                0x060186e0                slComPrmIntBack
                0x060186f4                slComPrmSetMemory
 SLPROG         0x06018740       0x40 C:\saturn\sgl302j/lib\libsgl.a(sglC20.o)
                0x06018740                SpriteEntry
 SLPROG         0x06018780       0xd4 C:\saturn\sgl302j/lib\libsgl.a(sglB035.o)
                0x06018780                sl1MapRA
                0x06018812                rbank_set
 *fill*         0x06018854        0xc 00
 SLPROG         0x06018860      0x140 C:\saturn\sgl302j/lib\libsgl.a(sglJ03.o)
                0x06018860                sbMakeDMATable
 SLPROG         0x060189a0     0x12b8 C:\saturn\sgl302j/lib\libsgl.a(sglJ02.o)
                0x06019bd4                stvtc_1
                0x0601990c                stvtc_4
                0x060198cc                SetPolygon
                0x060199c4                stvtc_3
                0x06019bfc                stvtc_0
                0x060198d4                SetPosition
                0x06018b88                sbCalcPolygon
                0x060198c0                SetTexture
                0x060189a0                sbMakePolygon
                0x06019be8                stvtc_2
 *fill*         0x06019c58        0x8 00
 SLPROG         0x06019c60      0x470 C:\saturn\sgl302j/lib\libsgl.a(sglJ04.o)
                0x06019d24                sbMakeRotSprite
                0x06019cbe                sbMakeSprite
 SLPROG         0x0601a0d0       0x3c C:\saturn\sgl302j/lib\libsgl.a(sglJ05.o)
                0x0601a0d0                sbSortEntry
 *fill*         0x0601a10c        0x4 00
 SLPROG         0x0601a110       0xf0 C:\saturn\sgl302j/lib\libsgl.a(sglH03.o)
                0x0601a174                slSmpcIntBack
 SLPROG         0x0601a200       0x6a C:\saturn\sgl302j/lib\libsgl.a(sglM01.o)
                0x0601a22c                slSetDepthTbl
                0x0601a25c                DepthWorkArea
                0x0601a200                slSetDepthLimit
                0x0601a26a                __slprog_end = .

.tors           0x0601a270        0x0
                0x0601a270                ___ctors = .
 *(.ctors)
                0x0601a270                ___ctors_end = .
                0x0601a270                ___dtors = .
 *(.dtors)
                0x0601a270                ___dtors_end = .

.data           0x0601a270    0x158b0
 *(.data)
 .data          0x0601a270       0x50 main.o
                0x0601a270                spritepos2
                0x0601a2b0                spritepos1
 .data          0x0601a2c0    0x14fd0 assets.o
                0x060222c0                pal_cloud
                0x0602c8b0                texture_sprites010
                0x0602c030                texture_sprites022
                0x0602c830                texture_sprites011
                0x0602c9b0                texture_sprites008
                0x0602c730                texture_sprites013
                0x0602bec0                pic_sprites
                0x060294c0                map_map2
                0x0602cdb0                texture_sprites003
                0x0602c630                texture_sprites015
                0x0602bf78                tex_sprites
                0x0602c5b0                texture_sprites016
                0x0602c930                texture_sprites009
                0x0602cfb0                texture_sprites002
                0x0602d290                texture_sprites000
                0x06022cc0                cel_cloud
                0x060241c0                cel_road
                0x0602c6b0                texture_sprites014
                0x0602c530                texture_sprites017
                0x0602c430                texture_sprites019
                0x060239c0                map_road
                0x0602cd30                texture_sprites004
                0x0602d210                texture_sprites001
                0x0602a6c0                map_face
                0x060237c0                pal_road
                0x0601a2c0                checkerboard
                0x06029cc0                map_map1
                0x0602c7b0                texture_sprites012
                0x0602cab0                texture_sprites006
                0x0602c4b0                texture_sprites018
                0x0602c230                texture_sprites021
                0x0602ca30                texture_sprites007
                0x0602a4c0                pal_face
                0x0602aec0                cel_face
                0x060224c0                map_cloud
                0x0602cb30                texture_sprites005
 .data          0x0602f290       0x80 game.o
                0x0602f2da                SCLERA_ATTR
                0x0602f2c6                SHOT_ATTR
                0x0602f2a8                SPR_SIZE
                0x0602f2d0                CIRCLE_ATTR
                0x0602f290                scale
                0x0602f2e4                EYE_ATTR
                0x0602f2bc                PUSH_ATTR
                0x0602f294                SPR_ATTRS
                0x0602f2ee                PLAYER_ATTR
 .data          0x0602f310       0x80 C:\saturn\sgl302j/lib\libsgl.a(sglIc0.o)
                0x0602f310                IntPrioMask
 .data          0x0602f390      0x380 c:/saturn/SH_COFF/sh-coff/bin/../lib/gcc/sh-coff/3.4-GNUSH_v0501/../../../../sh-coff/lib/m2\libc.a(impure.o)
                0x0602f70c                _impure_ptr
 .data          0x0602f710      0x410 c:/saturn/SH_COFF/sh-coff/bin/../lib/gcc/sh-coff/3.4-GNUSH_v0501/../../../../sh-coff/lib/m2\libc.a(mallocr.o)
                0x0602f718                __malloc_av_
                0x0602f714                __malloc_trim_threshold
                0x0602f710                __malloc_sbrk_base
                0x0602fb20                __edata = .

.bss            0x0602fb20    0x25714
                0x0602fb20                __bstart = .
 *(.bss)
 .bss           0x0602fb20      0x200 assets.o
                0x0602fb20                texture_sprites020
 .bss           0x0602fd20       0x30 game.o
                0x0602fd2c                bg2X
                0x0602fd30                screenY
                0x0602fd20                bg3Y
                0x0602fd24                bg3X
                0x0602fd34                screenX
                0x0602fd38                scaleSpeed
                0x0602fd28                bg2Y
                0x0602fd3c                playerState
 .bss           0x0602fd50       0x10 c:/saturn/SH_COFF/sh-coff/bin/../lib/gcc/sh-coff/3.4-GNUSH_v0501/m2\libgcc.a(__main.o)
 .bss           0x0602fd60       0x10 c:/saturn/SH_COFF/sh-coff/bin/../lib/gcc/sh-coff/3.4-GNUSH_v0501/../../../../sh-coff/lib/m2\libc.a(atexit.o)
 .bss           0x0602fd70       0x40 c:/saturn/SH_COFF/sh-coff/bin/../lib/gcc/sh-coff/3.4-GNUSH_v0501/../../../../sh-coff/lib/m2\libc.a(mallocr.o)
                0x0602fda0                __malloc_top_pad
                0x0602fd70                __malloc_current_mallinfo
                0x0602fd9c                __malloc_max_sbrked_mem
                0x0602fd98                __malloc_max_total_mem
 .bss           0x0602fdb0       0x10 c:/saturn/SH_COFF/sh-coff/bin/../lib/gcc/sh-coff/3.4-GNUSH_v0501/../../../../sh-coff/lib/m2\libc.a(syscalls.o)
 *(COMMON)
 COMMON         0x0602fdc0     0x246d game.o
                                  0x0 (size before relaxing)
                0x0602fdc0                sprites
                0x060319e0                numSprites
                0x060319f0                playfield
                0x060321f0                eye1Index
                0x06032200                defaultSprite
                0x06032224                eye2Index
                0x06032228                gameState
                0x0603222c                dispFace
 *fill*         0x0603222d        0x3 00
 COMMON         0x06032230    0x23000 framebuffer.o
                                  0x0 (size before relaxing)
                0x06032230                lut
 COMMON         0x06055230        0x4 c:/saturn/SH_COFF/sh-coff/bin/../lib/gcc/sh-coff/3.4-GNUSH_v0501/../../../../sh-coff/lib/m2\libc.a(syscalls.o)
                                  0x0 (size before relaxing)
                0x06055230                errno
                0x06055234                __bend = .
                0x06055234                _end = .
LOAD C:\saturn\sgl302j\SAMPLE\common/cinit.o
LOAD C:\saturn\sgl302j/lib/sglarea.o
LOAD main.o
LOAD assets.o
LOAD game.o
LOAD framebuffer.o
LOAD scrollfunctions.o
LOAD spritelist.o
LOAD C:\saturn\sgl302j/lib\libsgl.a
LOAD c:/saturn/SH_COFF/sh-coff/bin/../lib/gcc/sh-coff/3.4-GNUSH_v0501/m2\libgcc.a
LOAD c:/saturn/SH_COFF/sh-coff/bin/../lib/gcc/sh-coff/3.4-GNUSH_v0501/../../../../sh-coff/lib/m2\libc.a
LOAD c:/saturn/SH_COFF/sh-coff/bin/../lib/gcc/sh-coff/3.4-GNUSH_v0501/m2\libgcc.a
OUTPUT(sl.coff coff-sh)

.comment        0x06055240      0x380
 .comment       0x06055240       0x20 C:\saturn\sgl302j\SAMPLE\common/cinit.o
 .comment       0x06055260       0x20 main.o
 .comment       0x06055280       0x20 assets.o
 .comment       0x060552a0       0x20 game.o
 .comment       0x060552c0       0x20 framebuffer.o
 .comment       0x060552e0       0x20 scrollfunctions.o
 .comment       0x06055300       0x20 spritelist.o
 .comment       0x06055320       0x20 c:/saturn/SH_COFF/sh-coff/bin/../lib/gcc/sh-coff/3.4-GNUSH_v0501/m2\libgcc.a(__main.o)
 .comment       0x06055340       0x20 c:/saturn/SH_COFF/sh-coff/bin/../lib/gcc/sh-coff/3.4-GNUSH_v0501/m2\libgcc.a(_si_to_df.o)
 .comment       0x06055360       0x20 c:/saturn/SH_COFF/sh-coff/bin/../lib/gcc/sh-coff/3.4-GNUSH_v0501/m2\libgcc.a(_mul_df.o)
 .comment       0x06055380       0x20 c:/saturn/SH_COFF/sh-coff/bin/../lib/gcc/sh-coff/3.4-GNUSH_v0501/m2\libgcc.a(_div_df.o)
 .comment       0x060553a0       0x20 c:/saturn/SH_COFF/sh-coff/bin/../lib/gcc/sh-coff/3.4-GNUSH_v0501/m2\libgcc.a(_df_to_si.o)
 .comment       0x060553c0       0x20 c:/saturn/SH_COFF/sh-coff/bin/../lib/gcc/sh-coff/3.4-GNUSH_v0501/m2\libgcc.a(_pack_df.o)
 .comment       0x060553e0       0x20 c:/saturn/SH_COFF/sh-coff/bin/../lib/gcc/sh-coff/3.4-GNUSH_v0501/m2\libgcc.a(_unpack_df.o)
 .comment       0x06055400       0x20 c:/saturn/SH_COFF/sh-coff/bin/../lib/gcc/sh-coff/3.4-GNUSH_v0501/m2\libgcc.a(_thenan_df.o)
 .comment       0x06055420       0x20 c:/saturn/SH_COFF/sh-coff/bin/../lib/gcc/sh-coff/3.4-GNUSH_v0501/m2\libgcc.a(_lshrdi3.o)
 .comment       0x06055440       0x20 c:/saturn/SH_COFF/sh-coff/bin/../lib/gcc/sh-coff/3.4-GNUSH_v0501/m2\libgcc.a(_ashldi3.o)
 .comment       0x06055460       0x20 c:/saturn/SH_COFF/sh-coff/bin/../lib/gcc/sh-coff/3.4-GNUSH_v0501/../../../../sh-coff/lib/m2\libc.a(atexit.o)
 .comment       0x06055480       0x20 c:/saturn/SH_COFF/sh-coff/bin/../lib/gcc/sh-coff/3.4-GNUSH_v0501/../../../../sh-coff/lib/m2\libc.a(impure.o)
 .comment       0x060554a0       0x20 c:/saturn/SH_COFF/sh-coff/bin/../lib/gcc/sh-coff/3.4-GNUSH_v0501/../../../../sh-coff/lib/m2\libc.a(malloc.o)
 .comment       0x060554c0       0x20 c:/saturn/SH_COFF/sh-coff/bin/../lib/gcc/sh-coff/3.4-GNUSH_v0501/../../../../sh-coff/lib/m2\libc.a(mallocr.o)
 .comment       0x060554e0       0x20 c:/saturn/SH_COFF/sh-coff/bin/../lib/gcc/sh-coff/3.4-GNUSH_v0501/../../../../sh-coff/lib/m2\libc.a(freer.o)
 .comment       0x06055500       0x20 c:/saturn/SH_COFF/sh-coff/bin/../lib/gcc/sh-coff/3.4-GNUSH_v0501/../../../../sh-coff/lib/m2\libc.a(mlock.o)
 .comment       0x06055520       0x20 c:/saturn/SH_COFF/sh-coff/bin/../lib/gcc/sh-coff/3.4-GNUSH_v0501/../../../../sh-coff/lib/m2\libc.a(sbrkr.o)
 .comment       0x06055540       0x20 c:/saturn/SH_COFF/sh-coff/bin/../lib/gcc/sh-coff/3.4-GNUSH_v0501/../../../../sh-coff/lib/m2\libc.a(syscalls.o)
 .comment       0x06055560       0x20 c:/saturn/SH_COFF/sh-coff/bin/../lib/gcc/sh-coff/3.4-GNUSH_v0501/../../../../sh-coff/lib/m2\libc.a(abort.o)
 .comment       0x06055580       0x20 c:/saturn/SH_COFF/sh-coff/bin/../lib/gcc/sh-coff/3.4-GNUSH_v0501/../../../../sh-coff/lib/m2\libc.a(signal.o)
 .comment       0x060555a0       0x20 c:/saturn/SH_COFF/sh-coff/bin/../lib/gcc/sh-coff/3.4-GNUSH_v0501/../../../../sh-coff/lib/m2\libc.a(signalr.o)
