Archive member included because of file (symbol)

C:\saturn\sgl302j/lib\libsgl.a(sglH00.o)
                              main.o (Smpc_Peripheral)
C:\saturn\sgl302j/lib\libsgl.a(sglB002.o)
                              main.o (slColRAMMode)
C:\saturn\sgl302j/lib\libsgl.a(sglB016.o)
                              main.o (slBack1ColSet)
C:\saturn\sgl302j/lib\libsgl.a(sglB038.o)
                              main.o (slRparaInitSet)
C:\saturn\sgl302j/lib\libsgl.a(sglB200.o)
                              main.o (slCharNbg1)
C:\saturn\sgl302j/lib\libsgl.a(sglB059.o)
                              main.o (slPlaneRA)
C:\saturn\sgl302j/lib\libsgl.a(sglB035.o)
                              main.o (sl1MapRA)
C:\saturn\sgl302j/lib\libsgl.a(sglB047.o)
                              main.o (slOverRA)
C:\saturn\sgl302j/lib\libsgl.a(sglB079.o)
                              main.o (slDispCenterR)
C:\saturn\sgl302j/lib\libsgl.a(sglB078.o)
                              main.o (slLookR)
C:\saturn\sgl302j/lib\libsgl.a(sglB056.o)
                              main.o (slPlaneNbg1)
C:\saturn\sgl302j/lib\libsgl.a(sglB032.o)
                              main.o (slMapNbg1)
C:\saturn\sgl302j/lib\libsgl.a(sglB071.o)
                              main.o (slScrPosNbg1)
C:\saturn\sgl302j/lib\libsgl.a(sglB063.o)
                              main.o (slPriority)
C:\saturn\sgl302j/lib\libsgl.a(sglB020.o)
                              main.o (slColorCalc)
C:\saturn\sgl302j/lib\libsgl.a(sglB023.o)
                              main.o (slColRate)
C:\saturn\sgl302j/lib\libsgl.a(sglB021.o)
                              main.o (slColorCalcOn)
C:\saturn\sgl302j/lib\libsgl.a(sglB015.o)
                              main.o (slScrAutoDisp)
C:\saturn\sgl302j/lib\libsgl.a(sglB054.o)
                              main.o (slZoomR)
C:\saturn\sgl302j/lib\libsgl.a(sglF00.o)
                              main.o (slLocate)
C:\saturn\sgl302j/lib\libsgl.a(sglF03.o)
                              main.o (slPrintFX)
C:\saturn\sgl302j/lib\libsgl.a(sglA07.o)
                              main.o (slDivFX)
C:\saturn\sgl302j/lib\libsgl.a(sglA06.o)
                              main.o (slMulFX)
C:\saturn\sgl302j/lib\libsgl.a(sglC06.o)
                              main.o (slDispSprite)
C:\saturn\sgl302j/lib\libsgl.a(sglIc0.o)
                              main.o (slInitSystem)
C:\saturn\sgl302j/lib\libsgl.a(sglB001.o)
                              main.o (slTVOn)
C:\saturn\sgl302j/lib\libsgl.a(sglD00.o)
                              main.o (slDMACopy)
C:\saturn\sgl302j/lib\libsgl.a(sglI01.o)
                              C:\saturn\sgl302j/lib\libsgl.a(sglIc0.o) (slInitSynch)
C:\saturn\sgl302j/lib\libsgl.a(sglH02.o)
                              C:\saturn\sgl302j/lib\libsgl.a(sglH00.o) (smpc_pfr_tbl)
C:\saturn\sgl302j/lib\libsgl.a(sglH04.o)
                              C:\saturn\sgl302j/lib\libsgl.a(sglH00.o) (slComPrmIntBack)
C:\saturn\sgl302j/lib\libsgl.a(sglC20.o)
                              C:\saturn\sgl302j/lib\libsgl.a(sglC06.o) (SpriteEntry)
C:\saturn\sgl302j/lib\libsgl.a(sglA01.o)
                              C:\saturn\sgl302j/lib\libsgl.a(sglC06.o) (sin_tbl)
C:\saturn\sgl302j/lib\libsgl.a(sglA00.o)
                              C:\saturn\sgl302j/lib\libsgl.a(sglIc0.o) (_builtin_set_imask)
C:\saturn\sgl302j/lib\libsgl.a(sglK01.o)
                              C:\saturn\sgl302j/lib\libsgl.a(sglIc0.o) (SynchCount)
C:\saturn\sgl302j/lib\libsgl.a(sglJ00.o)
                              C:\saturn\sgl302j/lib\libsgl.a(sglIc0.o) (InitSlaveSH)
C:\saturn\sgl302j/lib\libsgl.a(sglA20.o)
                              C:\saturn\sgl302j/lib\libsgl.a(sglIc0.o) (slInitMatrix)
C:\saturn\sgl302j/lib\libsgl.a(sglB000.o)
                              C:\saturn\sgl302j/lib\libsgl.a(sglIc0.o) (slInitScroll)
C:\saturn\sgl302j/lib\libsgl.a(sglJ01.o)
                              C:\saturn\sgl302j/lib\libsgl.a(sglIc0.o) (SlaveControl)
C:\saturn\sgl302j/lib\libsgl.a(sglI00.o)
                              C:\saturn\sgl302j/lib\libsgl.a(sglIc0.o) (slInitInterrupt)
C:\saturn\sgl302j/lib\libsgl.a(sglC00.o)
                              C:\saturn\sgl302j/lib\libsgl.a(sglIc0.o) (slInitSprite)
C:\saturn\sgl302j/lib\libsgl.a(sglJ03.o)
                              C:\saturn\sgl302j/lib\libsgl.a(sglJ01.o) (sbMakeDMATable)
C:\saturn\sgl302j/lib\libsgl.a(sglJ02.o)
                              C:\saturn\sgl302j/lib\libsgl.a(sglJ01.o) (sbMakePolygon)
C:\saturn\sgl302j/lib\libsgl.a(sglJ04.o)
                              C:\saturn\sgl302j/lib\libsgl.a(sglJ01.o) (sbMakeSprite)
C:\saturn\sgl302j/lib\libsgl.a(sglJ05.o)
                              C:\saturn\sgl302j/lib\libsgl.a(sglJ01.o) (sbSortEntry)
C:\saturn\sgl302j/lib\libsgl.a(sglH03.o)
                              C:\saturn\sgl302j/lib\libsgl.a(sglI00.o) (slSmpcIntBack)
C:\saturn\sgl302j/lib\libsgl.a(sglM01.o)
                              C:\saturn\sgl302j/lib\libsgl.a(sglJ02.o) (DepthWorkArea)
c:/saturn/SH_COFF/sh-coff/bin/../lib/gcc/sh-coff/3.4-GNUSH_v0501/m2\libgcc.a(__main.o)
                              C:\saturn\sgl302j\SAMPLE\common/cinit.o (__main)
c:/saturn/SH_COFF/sh-coff/bin/../lib/gcc/sh-coff/3.4-GNUSH_v0501/m2\libgcc.a(_ashiftrt_n.o)
                              main.o (__ashrsi3)
c:/saturn/SH_COFF/sh-coff/bin/../lib/gcc/sh-coff/3.4-GNUSH_v0501/../../../../sh-coff/lib/m2\libc.a(memcpy.o)
                              main.o (memcpy)
c:/saturn/SH_COFF/sh-coff/bin/../lib/gcc/sh-coff/3.4-GNUSH_v0501/../../../../sh-coff/lib/m2\libc.a(atexit.o)
                              c:/saturn/SH_COFF/sh-coff/bin/../lib/gcc/sh-coff/3.4-GNUSH_v0501/m2\libgcc.a(__main.o) (atexit)
c:/saturn/SH_COFF/sh-coff/bin/../lib/gcc/sh-coff/3.4-GNUSH_v0501/../../../../sh-coff/lib/m2\libc.a(impure.o)
                              c:/saturn/SH_COFF/sh-coff/bin/../lib/gcc/sh-coff/3.4-GNUSH_v0501/../../../../sh-coff/lib/m2\libc.a(atexit.o) (_impure_ptr)
c:/saturn/SH_COFF/sh-coff/bin/../lib/gcc/sh-coff/3.4-GNUSH_v0501/../../../../sh-coff/lib/m2\libc.a(malloc.o)
                              c:/saturn/SH_COFF/sh-coff/bin/../lib/gcc/sh-coff/3.4-GNUSH_v0501/../../../../sh-coff/lib/m2\libc.a(atexit.o) (malloc)
c:/saturn/SH_COFF/sh-coff/bin/../lib/gcc/sh-coff/3.4-GNUSH_v0501/../../../../sh-coff/lib/m2\libc.a(mallocr.o)
                              c:/saturn/SH_COFF/sh-coff/bin/../lib/gcc/sh-coff/3.4-GNUSH_v0501/../../../../sh-coff/lib/m2\libc.a(malloc.o) (_malloc_r)
c:/saturn/SH_COFF/sh-coff/bin/../lib/gcc/sh-coff/3.4-GNUSH_v0501/../../../../sh-coff/lib/m2\libc.a(freer.o)
                              c:/saturn/SH_COFF/sh-coff/bin/../lib/gcc/sh-coff/3.4-GNUSH_v0501/../../../../sh-coff/lib/m2\libc.a(malloc.o) (_free_r)
c:/saturn/SH_COFF/sh-coff/bin/../lib/gcc/sh-coff/3.4-GNUSH_v0501/../../../../sh-coff/lib/m2\libc.a(mlock.o)
                              c:/saturn/SH_COFF/sh-coff/bin/../lib/gcc/sh-coff/3.4-GNUSH_v0501/../../../../sh-coff/lib/m2\libc.a(mallocr.o) (__malloc_lock)
c:/saturn/SH_COFF/sh-coff/bin/../lib/gcc/sh-coff/3.4-GNUSH_v0501/../../../../sh-coff/lib/m2\libc.a(sbrkr.o)
                              c:/saturn/SH_COFF/sh-coff/bin/../lib/gcc/sh-coff/3.4-GNUSH_v0501/../../../../sh-coff/lib/m2\libc.a(mallocr.o) (_sbrk_r)
c:/saturn/SH_COFF/sh-coff/bin/../lib/gcc/sh-coff/3.4-GNUSH_v0501/../../../../sh-coff/lib/m2\libc.a(syscalls.o)
                              c:/saturn/SH_COFF/sh-coff/bin/../lib/gcc/sh-coff/3.4-GNUSH_v0501/../../../../sh-coff/lib/m2\libc.a(sbrkr.o) (_sbrk)
c:/saturn/SH_COFF/sh-coff/bin/../lib/gcc/sh-coff/3.4-GNUSH_v0501/../../../../sh-coff/lib/m2\libc.a(trap.o)
                              c:/saturn/SH_COFF/sh-coff/bin/../lib/gcc/sh-coff/3.4-GNUSH_v0501/../../../../sh-coff/lib/m2\libc.a(syscalls.o) (__trap34)
c:/saturn/SH_COFF/sh-coff/bin/../lib/gcc/sh-coff/3.4-GNUSH_v0501/../../../../sh-coff/lib/m2\libc.a(abort.o)
                              c:/saturn/SH_COFF/sh-coff/bin/../lib/gcc/sh-coff/3.4-GNUSH_v0501/../../../../sh-coff/lib/m2\libc.a(syscalls.o) (abort)
c:/saturn/SH_COFF/sh-coff/bin/../lib/gcc/sh-coff/3.4-GNUSH_v0501/../../../../sh-coff/lib/m2\libc.a(signal.o)
                              c:/saturn/SH_COFF/sh-coff/bin/../lib/gcc/sh-coff/3.4-GNUSH_v0501/../../../../sh-coff/lib/m2\libc.a(abort.o) (raise)
c:/saturn/SH_COFF/sh-coff/bin/../lib/gcc/sh-coff/3.4-GNUSH_v0501/../../../../sh-coff/lib/m2\libc.a(signalr.o)
                              c:/saturn/SH_COFF/sh-coff/bin/../lib/gcc/sh-coff/3.4-GNUSH_v0501/../../../../sh-coff/lib/m2\libc.a(signal.o) (_kill_r)
c:/saturn/SH_COFF/sh-coff/bin/../lib/gcc/sh-coff/3.4-GNUSH_v0501/m2\libgcc.a(_ashiftlt.o)
                              c:/saturn/SH_COFF/sh-coff/bin/../lib/gcc/sh-coff/3.4-GNUSH_v0501/../../../../sh-coff/lib/m2\libc.a(mallocr.o) (__ashlsi3)
c:/saturn/SH_COFF/sh-coff/bin/../lib/gcc/sh-coff/3.4-GNUSH_v0501/m2\libgcc.a(_udivsi3.o)
                              c:/saturn/SH_COFF/sh-coff/bin/../lib/gcc/sh-coff/3.4-GNUSH_v0501/../../../../sh-coff/lib/m2\libc.a(freer.o) (__udivsi3)

Allocating common symbols
Common symbol       size              file

sprites             0x15e0            main.o
errno               0x4               c:/saturn/SH_COFF/sh-coff/bin/../lib/gcc/sh-coff/3.4-GNUSH_v0501/../../../../sh-coff/lib/m2\libc.a(syscalls.o)

Memory Configuration

Name             Origin             Length             Attributes
*default*        0x00000000         0xffffffff

Linker script and memory map


SLSTART         0x06004000       0x30
                0x06004000                ___Start = .
 *(SLSTART)
 SLSTART        0x06004000       0x28 C:\saturn\sgl302j/lib\libsgl.a(sglI00.o)
                0x06004002                slStartSGL
                0x06004000                SGL_Start

.text           0x06004040     0x2000
 *(.text)
 .text          0x06004040       0x50 C:\saturn\sgl302j\SAMPLE\common/cinit.o
                0x06004040                main
 .text          0x06004090      0x7a0 main.o
                0x06004720                ss_main
                0x060041e0                initVDP2
                0x060040b0                handleInput
                0x060044d0                updateBG
                0x06004160                initSprites
                0x06004090                DEFAULT_ATTR
                0x060043b0                handleGroundCollision
                0x060040a0                fixedToUint16
                0x06004650                dispSprites
 .text          0x06004830       0xe0 scrollfunctions.o
                0x060048b0                mapWrite
                0x060048e0                Pal2CRAM
                0x06004850                Map2VRAM
                0x06004830                Cel2VRAM
 .text          0x06004910      0x128 C:\saturn\sgl302j/lib\libsgl.a(sglIc0.o)
                0x06004910                slInitSystem
 *fill*         0x06004a38        0x8 00
 .text          0x06004a40       0xc0 c:/saturn/SH_COFF/sh-coff/bin/../lib/gcc/sh-coff/3.4-GNUSH_v0501/m2\libgcc.a(__main.o)
                0x06004ac0                __main
                0x06004a40                __do_global_dtors
                0x06004a80                __do_global_ctors
 .text          0x06004b00       0x80 c:/saturn/SH_COFF/sh-coff/bin/../lib/gcc/sh-coff/3.4-GNUSH_v0501/m2\libgcc.a(_ashiftrt_n.o)
                0x06004b00                __ashrsi3
 .text          0x06004b80       0xa0 c:/saturn/SH_COFF/sh-coff/bin/../lib/gcc/sh-coff/3.4-GNUSH_v0501/../../../../sh-coff/lib/m2\libc.a(memcpy.o)
                0x06004b80                memcpy
 .text          0x06004c20       0xa0 c:/saturn/SH_COFF/sh-coff/bin/../lib/gcc/sh-coff/3.4-GNUSH_v0501/../../../../sh-coff/lib/m2\libc.a(atexit.o)
                0x06004c20                atexit
 .text          0x06004cc0       0x10 c:/saturn/SH_COFF/sh-coff/bin/../lib/gcc/sh-coff/3.4-GNUSH_v0501/../../../../sh-coff/lib/m2\libc.a(impure.o)
                0x06004cc0                _global_impure_ptr
 .text          0x06004cd0       0x40 c:/saturn/SH_COFF/sh-coff/bin/../lib/gcc/sh-coff/3.4-GNUSH_v0501/../../../../sh-coff/lib/m2\libc.a(malloc.o)
                0x06004cf0                free
                0x06004cd0                malloc
 .text          0x06004d10      0x680 c:/saturn/SH_COFF/sh-coff/bin/../lib/gcc/sh-coff/3.4-GNUSH_v0501/../../../../sh-coff/lib/m2\libc.a(mallocr.o)
                0x06004d10                _malloc_r
 .text          0x06005390      0x3b0 c:/saturn/SH_COFF/sh-coff/bin/../lib/gcc/sh-coff/3.4-GNUSH_v0501/../../../../sh-coff/lib/m2\libc.a(freer.o)
                0x06005390                _malloc_trim_r
                0x06005490                _free_r
 .text          0x06005740       0x20 c:/saturn/SH_COFF/sh-coff/bin/../lib/gcc/sh-coff/3.4-GNUSH_v0501/../../../../sh-coff/lib/m2\libc.a(mlock.o)
                0x06005740                __malloc_lock
                0x06005750                __malloc_unlock
 .text          0x06005760       0x50 c:/saturn/SH_COFF/sh-coff/bin/../lib/gcc/sh-coff/3.4-GNUSH_v0501/../../../../sh-coff/lib/m2\libc.a(sbrkr.o)
                0x06005760                _sbrk_r
 .text          0x060057b0      0x430 c:/saturn/SH_COFF/sh-coff/bin/../lib/gcc/sh-coff/3.4-GNUSH_v0501/../../../../sh-coff/lib/m2\libc.a(syscalls.o)
                0x06005960                _exit
                0x060059a0                _getpid
                0x06005a20                _utime
                0x060057f0                _write
                0x060057b0                _read
                0x06005940                _unlink
                0x06005900                _open
                0x060059c0                _stat
                0x06005950                isatty
                0x06005a60                _wait
                0x06005980                _kill
                0x060059e0                _chmod
                0x06005aa0                _execv
                0x06005a80                _execve
                0x06005ba0                __setup_argv_and_call_main
                0x06005af0                _gettimeofday
                0x06005830                _link
                0x060059b0                _raise
                0x06005920                _creat
                0x06005ac0                _pipe
                0x06005a00                _chown
                0x060057d0                _lseek
                0x06005810                _close
                0x06005ae0                _times
                0x060058e0                _fstat
                0x06005a40                _fork
                0x06005860                _sbrk
 .text          0x06005be0       0x20 c:/saturn/SH_COFF/sh-coff/bin/../lib/gcc/sh-coff/3.4-GNUSH_v0501/../../../../sh-coff/lib/m2\libc.a(trap.o)
                0x06005be0                __trap34
 .text          0x06005c00       0x20 c:/saturn/SH_COFF/sh-coff/bin/../lib/gcc/sh-coff/3.4-GNUSH_v0501/../../../../sh-coff/lib/m2\libc.a(abort.o)
                0x06005c00                abort
 .text          0x06005c20      0x2c0 c:/saturn/SH_COFF/sh-coff/bin/../lib/gcc/sh-coff/3.4-GNUSH_v0501/../../../../sh-coff/lib/m2\libc.a(signal.o)
                0x06005d00                _raise_r
                0x06005ec0                __sigtramp
                0x06005e60                raise
                0x06005ea0                _init_signal
                0x06005de0                __sigtramp_r
                0x06005e80                signal
                0x06005c70                _signal_r
                0x06005c20                _init_signal_r
 .text          0x06005ee0       0x60 c:/saturn/SH_COFF/sh-coff/bin/../lib/gcc/sh-coff/3.4-GNUSH_v0501/../../../../sh-coff/lib/m2\libc.a(signalr.o)
                0x06005f30                _getpid_r
                0x06005ee0                _kill_r
 .text          0x06005f40       0x90 c:/saturn/SH_COFF/sh-coff/bin/../lib/gcc/sh-coff/3.4-GNUSH_v0501/m2\libgcc.a(_ashiftlt.o)
                0x06005f40                __ashlsi3
 .text          0x06005fd0       0x70 c:/saturn/SH_COFF/sh-coff/bin/../lib/gcc/sh-coff/3.4-GNUSH_v0501/m2\libgcc.a(_udivsi3.o)
                0x06005ff2                __udivsi3
 *(.strings)
                0x06006040                __etext = .

SLPROG          0x06006040    0x101d0
                0x06006040                __slprog_start = .
 *(SLPROG)
 SLPROG         0x06006040     0x6540 C:\saturn\sgl302j/lib/sglarea.o
                0x0600605c                SpriteBuf
                0x06006080                RemainEvent
                0x0600604c                SortList
                0x0600604a                MaxPolygons
                0x06006068                CommandBuf
                0x0600607c                MaxWorks
                0x0600607e                WorkSize
                0x06006074                PCM_WkSize
                0x0600606c                CLOfstBuf
                0x06006180                RemainWork
                0x06006070                PCM_Work
                0x06006040                MasterStack
                0x06006044                SlaveStack
                0x06006048                MaxVertices
                0x06006078                MaxEvents
                0x06006058                Zbuffer
                0x06006060                SpriteBufSize
                0x06008580                WorkBuf
                0x06006054                TransList
                0x06006064                Pbuffer
                0x06006050                SortListSize
                0x0600607a                EventSize
                0x06006580                EventBuf
 SLPROG         0x0600c580      0xfc8 C:\saturn\sgl302j/lib\libsgl.a(sglH00.o)
                0x0600c61c                slSetPortData1
                0x0600c60c                slGetPortData1
                0x0600cdfa                slSetPortMode1
                0x0600d034                Smpc_Status
                0x0600c5d2                slSetPortDir2
                0x0600cc18                slSmpcCashSend
                0x0600c638                slGetPortSelect1
                0x0600ca1e                slIntBackCancel
                0x0600c6d0                slSetPortExt1
                0x0600cde0                slGetPortMode1
                0x0600ccd4                slSmpcCashBlow
                0x0600cfc4                slRequestCommand
                0x0600d064                SmpcStatusBuf
                0x0600c626                slSetPortData2
                0x0600c986                slSetResultBuffer
                0x0600c6bc                slGetPortExt1
                0x0600c700                slSetPortExt2
                0x0600c5a0                slGetPortDir2
                0x0600c6c6                slGetPortExt2
                0x0600ca52                slClearReset
                0x0600ca48                slCheckReset
                0x0600c5a8                slSetPortDir1
                0x0600c680                slSetPortSelect2
                0x0600c64c                slSetPortSelect1
                0x0600cdec                slGetPortMode2
                0x0600c642                slGetPortSelect2
                0x0600c598                slGetPortDir1
                0x0600c614                slGetPortData2
                0x0600cdba                slSetOptimize
                0x0600cdb0                slGetOptimize
                0x0600c874                slSmpcDirectAccess
                0x0600d042                Per_Connect1
                0x0600c8f4                slInitPeripheral
                0x0600ca12                slCheckIntBackSet
                0x0600d043                Per_Connect2
                0x0600d03c                Smpc_Peripheral
                0x0600ce38                slSetPortMode2
                0x0600d038                Smpc_Result
 *fill*         0x0600d548        0x8 00
 SLPROG         0x0600d550       0x1e C:\saturn\sgl302j/lib\libsgl.a(sglB002.o)
                0x0600d550                slColRAMMode
 *fill*         0x0600d56e        0x2 00
 SLPROG         0x0600d570        0xc C:\saturn\sgl302j/lib\libsgl.a(sglB016.o)
                0x0600d570                slBack1ColSet
 *fill*         0x0600d57c        0x4 00
 SLPROG         0x0600d580       0x70 C:\saturn\sgl302j/lib\libsgl.a(sglB038.o)
                0x0600d580                slRparaInitSet
 SLPROG         0x0600d5f0      0x114 C:\saturn\sgl302j/lib\libsgl.a(sglB200.o)
                0x0600d5fc                slCharNbg0
                0x0600d642                slPageRbg0
                0x0600d658                slPageNbg1
                0x0600d608                slCharNbg1
                0x0600d674                slPageNbg0
                0x0600d660                slPageNbg2
                0x0600d668                slPageNbg3
                0x0600d614                slCharNbg2
                0x0600d62a                slCharNbg3
                0x0600d5f0                slCharRbg0
 *fill*         0x0600d704        0xc 00
 SLPROG         0x0600d710        0xc C:\saturn\sgl302j/lib\libsgl.a(sglB059.o)
                0x0600d710                slPlaneRA
 *fill*         0x0600d71c        0x4 00
 SLPROG         0x0600d720       0xd4 C:\saturn\sgl302j/lib\libsgl.a(sglB035.o)
                0x0600d720                sl1MapRA
                0x0600d7b2                rbank_set
 *fill*         0x0600d7f4        0xc 00
 SLPROG         0x0600d800        0xc C:\saturn\sgl302j/lib\libsgl.a(sglB047.o)
                0x0600d800                slOverRA
 *fill*         0x0600d80c        0x4 00
 SLPROG         0x0600d810       0x34 C:\saturn\sgl302j/lib\libsgl.a(sglB079.o)
                0x0600d810                slDispCenterR
 *fill*         0x0600d844        0xc 00
 SLPROG         0x0600d850       0x20 C:\saturn\sgl302j/lib\libsgl.a(sglB078.o)
                0x0600d850                slLookR
 SLPROG         0x0600d870        0xc C:\saturn\sgl302j/lib\libsgl.a(sglB056.o)
                0x0600d870                slPlaneNbg1
 *fill*         0x0600d87c        0x4 00
 SLPROG         0x0600d880       0xb4 C:\saturn\sgl302j/lib\libsgl.a(sglB032.o)
                0x0600d880                slMapNbg1
 *fill*         0x0600d934        0xc 00
 SLPROG         0x0600d940        0xc C:\saturn\sgl302j/lib\libsgl.a(sglB071.o)
                0x0600d940                slScrPosNbg1
 *fill*         0x0600d94c        0x4 00
 SLPROG         0x0600d950        0xc C:\saturn\sgl302j/lib\libsgl.a(sglB063.o)
                0x0600d950                slPriority
 *fill*         0x0600d95c        0x4 00
 SLPROG         0x0600d960       0x10 C:\saturn\sgl302j/lib\libsgl.a(sglB020.o)
                0x0600d960                slColorCalc
 SLPROG         0x0600d970        0xc C:\saturn\sgl302j/lib\libsgl.a(sglB023.o)
                0x0600d970                slColRate
 *fill*         0x0600d97c        0x4 00
 SLPROG         0x0600d980        0xc C:\saturn\sgl302j/lib\libsgl.a(sglB021.o)
                0x0600d980                slColorCalcOn
 *fill*         0x0600d98c        0x4 00
 SLPROG         0x0600d990      0x40c C:\saturn\sgl302j/lib\libsgl.a(sglB015.o)
                0x0600d990                slScrAutoDisp
 *fill*         0x0600dd9c        0x4 00
 SLPROG         0x0600dda0        0xc C:\saturn\sgl302j/lib\libsgl.a(sglB054.o)
                0x0600dda0                slZoomR
 *fill*         0x0600ddac        0x4 00
 SLPROG         0x0600ddb0       0x4e C:\saturn\sgl302j/lib\libsgl.a(sglF00.o)
                0x0600ddca                slLocate
                0x0600ddc0                slCurColor
                0x0600ddfc                CurrentScreen
                0x0600ddb0                slCurScrn
 *fill*         0x0600ddfe        0x2 00
 SLPROG         0x0600de00      0x12a C:\saturn\sgl302j/lib\libsgl.a(sglF03.o)
                0x0600de00                slPrintFX
 *fill*         0x0600df2a        0x6 00
 SLPROG         0x0600df30       0x14 C:\saturn\sgl302j/lib\libsgl.a(sglA07.o)
                0x0600df30                slDivFX
 *fill*         0x0600df44        0xc 00
 SLPROG         0x0600df50        0xa C:\saturn\sgl302j/lib\libsgl.a(sglA06.o)
                0x0600df50                slMulFX
 *fill*         0x0600df5a        0x6 00
 SLPROG         0x0600df60       0xfa C:\saturn\sgl302j/lib\libsgl.a(sglC06.o)
                0x0600df60                slDispSprite
 *fill*         0x0600e05a        0x6 00
 SLPROG         0x0600e060       0x20 C:\saturn\sgl302j/lib\libsgl.a(sglB001.o)
                0x0600e060                slTVOn
                0x0600e06a                slTVOff
 SLPROG         0x0600e080       0x84 C:\saturn\sgl302j/lib\libsgl.a(sglD00.o)
                0x0600e080                slDMACopy
                0x0600e080                slCpuDMACopy
                0x0600e0da                slCashPurge
                0x0600e0da                CSH_AllClr
 *fill*         0x0600e104        0xc 00
 SLPROG         0x0600e110      0x3a4 C:\saturn\sgl302j/lib\libsgl.a(sglI01.o)
                0x0600e2fa                RetPCMBuf
                0x0600e434                Sound_Buf
                0x0600e110                slInitSynch
                0x0600e220                slRandom
                0x0600e394                PCM_Buf
                0x0600e12a                slSynch
                0x0600e23e                PCM_EndCheck
 *fill*         0x0600e4b4        0xc 00
 SLPROG         0x0600e4c0      0x470 C:\saturn\sgl302j/lib\libsgl.a(sglH02.o)
                0x0600e8b0                smpc_pfr_tbl
                0x0600e8f0                smpc_ptf_tbl
 SLPROG         0x0600e930       0x60 C:\saturn\sgl302j/lib\libsgl.a(sglH04.o)
                0x0600e95a                slComPrmSetTime
                0x0600e930                slComPrmIntBack
                0x0600e944                slComPrmSetMemory
 SLPROG         0x0600e990       0x40 C:\saturn\sgl302j/lib\libsgl.a(sglC20.o)
                0x0600e990                SpriteEntry
 SLPROG         0x0600e9d0     0x411e C:\saturn\sgl302j/lib\libsgl.a(sglA01.o)
                0x0600eaac                sin_cos_index_tbl
                0x0600e9d0                slSin
                0x0600eaec                sin_tbl
                0x0600ea18                GetSinCos
                0x0600e9f4                slCos
 *fill*         0x06012aee        0x2 00
 SLPROG         0x06012af0       0x20 C:\saturn\sgl302j/lib\libsgl.a(sglA00.o)
                0x06012b04                get_imask
                0x06012af0                set_imask
                0x06012af0                _builtin_set_imask
                0x06012b04                _builtin_get_imask
 SLPROG         0x06012b10       0x74 C:\saturn\sgl302j/lib\libsgl.a(sglJ00.o)
                0x06012b10                InitSlaveSH
                0x06012b78                SlaveCommand
 *fill*         0x06012b84        0xc 00
 SLPROG         0x06012b90      0x42c C:\saturn\sgl302j/lib\libsgl.a(sglA20.o)
                0x06012b90                slInitMatrix
                0x06012bae                slUnitMatrix
                0x06012b9a                slPushUnitMatrix
 *fill*         0x06012fbc        0x4 00
 SLPROG         0x06012fc0      0xbd0 C:\saturn\sgl302j/lib\libsgl.a(sglB000.o)
                0x06012fc0                slInitScroll
                0x06013220                TVSizeTbl
                0x06013110                setASC_4to8
                0x060132a0                TVModeTbl
                0x060130e0                setASC_1to8
                0x06013478                SGL_ASCII_CG
 SLPROG         0x06013b90      0x3d0 C:\saturn\sgl302j/lib\libsgl.a(sglJ01.o)
                0x06013b90                SlaveControl
                0x06013f4c                ErasePolygonData
 SLPROG         0x06013f60      0x75c C:\saturn\sgl302j/lib\libsgl.a(sglI00.o)
                0x06014250                slInitInterrupt
 *fill*         0x060146bc        0x4 00
 SLPROG         0x060146c0      0x134 C:\saturn\sgl302j/lib\libsgl.a(sglC00.o)
                0x060146c0                slInitSprite
 *fill*         0x060147f4        0xc 00
 SLPROG         0x06014800      0x140 C:\saturn\sgl302j/lib\libsgl.a(sglJ03.o)
                0x06014800                sbMakeDMATable
 SLPROG         0x06014940     0x12b8 C:\saturn\sgl302j/lib\libsgl.a(sglJ02.o)
                0x06015b74                stvtc_1
                0x060158ac                stvtc_4
                0x0601586c                SetPolygon
                0x06015964                stvtc_3
                0x06015b9c                stvtc_0
                0x06015874                SetPosition
                0x06014b28                sbCalcPolygon
                0x06015860                SetTexture
                0x06014940                sbMakePolygon
                0x06015b88                stvtc_2
 *fill*         0x06015bf8        0x8 00
 SLPROG         0x06015c00      0x470 C:\saturn\sgl302j/lib\libsgl.a(sglJ04.o)
                0x06015cc4                sbMakeRotSprite
                0x06015c5e                sbMakeSprite
 SLPROG         0x06016070       0x3c C:\saturn\sgl302j/lib\libsgl.a(sglJ05.o)
                0x06016070                sbSortEntry
 *fill*         0x060160ac        0x4 00
 SLPROG         0x060160b0       0xf0 C:\saturn\sgl302j/lib\libsgl.a(sglH03.o)
                0x06016114                slSmpcIntBack
 SLPROG         0x060161a0       0x6a C:\saturn\sgl302j/lib\libsgl.a(sglM01.o)
                0x060161cc                slSetDepthTbl
                0x060161fc                DepthWorkArea
                0x060161a0                slSetDepthLimit
                0x0601620a                __slprog_end = .

.tors           0x06016210        0x0
                0x06016210                ___ctors = .
 *(.ctors)
                0x06016210                ___ctors_end = .
                0x06016210                ___dtors = .
 *(.dtors)
                0x06016210                ___dtors_end = .

.data           0x06016210     0x4150
 *(.data)
 .data          0x06016210       0x10 main.o
                0x06016210                scale
                0x06016214                numDispSprites
 .data          0x06016220     0x3930 assets.o
                0x06016c20                cel_map1
                0x06018920                pic_sprites
                0x06018938                tex_sprites
                0x06016220                pal_map1
                0x06018950                texture_sprites002
                0x06019950                texture_sprites000
                0x06019150                texture_sprites001
                0x06017120                map_face
                0x06016420                map_map1
                0x06016f20                pal_face
                0x06017920                cel_face
 .data          0x06019b50       0x80 C:\saturn\sgl302j/lib\libsgl.a(sglIc0.o)
                0x06019b50                IntPrioMask
 .data          0x06019bd0      0x380 c:/saturn/SH_COFF/sh-coff/bin/../lib/gcc/sh-coff/3.4-GNUSH_v0501/../../../../sh-coff/lib/m2\libc.a(impure.o)
                0x06019f4c                _impure_ptr
 .data          0x06019f50      0x410 c:/saturn/SH_COFF/sh-coff/bin/../lib/gcc/sh-coff/3.4-GNUSH_v0501/../../../../sh-coff/lib/m2\libc.a(mallocr.o)
                0x06019f58                __malloc_av_
                0x06019f54                __malloc_trim_threshold
                0x06019f50                __malloc_sbrk_base
                0x0601a360                __edata = .

.bss            0x0601a360     0x1664
                0x0601a360                __bstart = .
 *(.bss)
 .bss           0x0601a360       0x10 main.o
                0x0601a360                screenY
                0x0601a36c                state
                0x0601a364                screenX
                0x0601a368                scaleSpeed
 .bss           0x0601a370       0x10 c:/saturn/SH_COFF/sh-coff/bin/../lib/gcc/sh-coff/3.4-GNUSH_v0501/m2\libgcc.a(__main.o)
 .bss           0x0601a380       0x10 c:/saturn/SH_COFF/sh-coff/bin/../lib/gcc/sh-coff/3.4-GNUSH_v0501/../../../../sh-coff/lib/m2\libc.a(atexit.o)
 .bss           0x0601a390       0x40 c:/saturn/SH_COFF/sh-coff/bin/../lib/gcc/sh-coff/3.4-GNUSH_v0501/../../../../sh-coff/lib/m2\libc.a(mallocr.o)
                0x0601a3c0                __malloc_top_pad
                0x0601a390                __malloc_current_mallinfo
                0x0601a3bc                __malloc_max_sbrked_mem
                0x0601a3b8                __malloc_max_total_mem
 .bss           0x0601a3d0       0x10 c:/saturn/SH_COFF/sh-coff/bin/../lib/gcc/sh-coff/3.4-GNUSH_v0501/../../../../sh-coff/lib/m2\libc.a(syscalls.o)
 *(COMMON)
 COMMON         0x0601a3e0     0x15e0 main.o
                                  0x0 (size before relaxing)
                0x0601a3e0                sprites
 COMMON         0x0601b9c0        0x4 c:/saturn/SH_COFF/sh-coff/bin/../lib/gcc/sh-coff/3.4-GNUSH_v0501/../../../../sh-coff/lib/m2\libc.a(syscalls.o)
                                  0x0 (size before relaxing)
                0x0601b9c0                errno
                0x0601b9c4                __bend = .
                0x0601b9c4                _end = .
LOAD C:\saturn\sgl302j\SAMPLE\common/cinit.o
LOAD C:\saturn\sgl302j/lib/sglarea.o
LOAD main.o
LOAD assets.o
LOAD scrollfunctions.o
LOAD C:\saturn\sgl302j/lib\libsgl.a
LOAD c:/saturn/SH_COFF/sh-coff/bin/../lib/gcc/sh-coff/3.4-GNUSH_v0501/m2\libgcc.a
LOAD c:/saturn/SH_COFF/sh-coff/bin/../lib/gcc/sh-coff/3.4-GNUSH_v0501/../../../../sh-coff/lib/m2\libc.a
LOAD c:/saturn/SH_COFF/sh-coff/bin/../lib/gcc/sh-coff/3.4-GNUSH_v0501/m2\libgcc.a
OUTPUT(sl.coff coff-sh)

.comment        0x0601b9d0      0x200
 .comment       0x0601b9d0       0x20 C:\saturn\sgl302j\SAMPLE\common/cinit.o
 .comment       0x0601b9f0       0x20 main.o
 .comment       0x0601ba10       0x20 assets.o
 .comment       0x0601ba30       0x20 scrollfunctions.o
 .comment       0x0601ba50       0x20 c:/saturn/SH_COFF/sh-coff/bin/../lib/gcc/sh-coff/3.4-GNUSH_v0501/m2\libgcc.a(__main.o)
 .comment       0x0601ba70       0x20 c:/saturn/SH_COFF/sh-coff/bin/../lib/gcc/sh-coff/3.4-GNUSH_v0501/../../../../sh-coff/lib/m2\libc.a(atexit.o)
 .comment       0x0601ba90       0x20 c:/saturn/SH_COFF/sh-coff/bin/../lib/gcc/sh-coff/3.4-GNUSH_v0501/../../../../sh-coff/lib/m2\libc.a(impure.o)
 .comment       0x0601bab0       0x20 c:/saturn/SH_COFF/sh-coff/bin/../lib/gcc/sh-coff/3.4-GNUSH_v0501/../../../../sh-coff/lib/m2\libc.a(malloc.o)
 .comment       0x0601bad0       0x20 c:/saturn/SH_COFF/sh-coff/bin/../lib/gcc/sh-coff/3.4-GNUSH_v0501/../../../../sh-coff/lib/m2\libc.a(mallocr.o)
 .comment       0x0601baf0       0x20 c:/saturn/SH_COFF/sh-coff/bin/../lib/gcc/sh-coff/3.4-GNUSH_v0501/../../../../sh-coff/lib/m2\libc.a(freer.o)
 .comment       0x0601bb10       0x20 c:/saturn/SH_COFF/sh-coff/bin/../lib/gcc/sh-coff/3.4-GNUSH_v0501/../../../../sh-coff/lib/m2\libc.a(mlock.o)
 .comment       0x0601bb30       0x20 c:/saturn/SH_COFF/sh-coff/bin/../lib/gcc/sh-coff/3.4-GNUSH_v0501/../../../../sh-coff/lib/m2\libc.a(sbrkr.o)
 .comment       0x0601bb50       0x20 c:/saturn/SH_COFF/sh-coff/bin/../lib/gcc/sh-coff/3.4-GNUSH_v0501/../../../../sh-coff/lib/m2\libc.a(syscalls.o)
 .comment       0x0601bb70       0x20 c:/saturn/SH_COFF/sh-coff/bin/../lib/gcc/sh-coff/3.4-GNUSH_v0501/../../../../sh-coff/lib/m2\libc.a(abort.o)
 .comment       0x0601bb90       0x20 c:/saturn/SH_COFF/sh-coff/bin/../lib/gcc/sh-coff/3.4-GNUSH_v0501/../../../../sh-coff/lib/m2\libc.a(signal.o)
 .comment       0x0601bbb0       0x20 c:/saturn/SH_COFF/sh-coff/bin/../lib/gcc/sh-coff/3.4-GNUSH_v0501/../../../../sh-coff/lib/m2\libc.a(signalr.o)
