Archive member included because of file (symbol)

C:\saturn\sgl302j/lib\libsgl.a(sglF00.o)
                              main.o (slLocate)
C:\saturn\sgl302j/lib\libsgl.a(sglF05.o)
                              main.o (slPrint)
C:\saturn\sgl302j/lib\libsgl.a(sglH00.o)
                              main.o (Smpc_Peripheral)
C:\saturn\sgl302j/lib\libsgl.a(sglB002.o)
                              main.o (slColRAMMode)
C:\saturn\sgl302j/lib\libsgl.a(sglB016.o)
                              main.o (slBack1ColSet)
C:\saturn\sgl302j/lib\libsgl.a(sglB038.o)
                              main.o (slRparaInitSet)
C:\saturn\sgl302j/lib\libsgl.a(sglB200.o)
                              main.o (slCharNbg1)
C:\saturn\sgl302j/lib\libsgl.a(sglB059.o)
                              main.o (slPlaneRA)
C:\saturn\sgl302j/lib\libsgl.a(sglB035.o)
                              main.o (sl1MapRA)
C:\saturn\sgl302j/lib\libsgl.a(sglB047.o)
                              main.o (slOverRA)
C:\saturn\sgl302j/lib\libsgl.a(sglB023.o)
                              main.o (slColRate)
C:\saturn\sgl302j/lib\libsgl.a(sglB079.o)
                              main.o (slDispCenterR)
C:\saturn\sgl302j/lib\libsgl.a(sglB078.o)
                              main.o (slLookR)
C:\saturn\sgl302j/lib\libsgl.a(sglB056.o)
                              main.o (slPlaneNbg1)
C:\saturn\sgl302j/lib\libsgl.a(sglB032.o)
                              main.o (slMapNbg1)
C:\saturn\sgl302j/lib\libsgl.a(sglB071.o)
                              main.o (slScrPosNbg1)
C:\saturn\sgl302j/lib\libsgl.a(sglB063.o)
                              main.o (slPriority)
C:\saturn\sgl302j/lib\libsgl.a(sglB020.o)
                              main.o (slColorCalc)
C:\saturn\sgl302j/lib\libsgl.a(sglB057.o)
                              main.o (slPlaneNbg2)
C:\saturn\sgl302j/lib\libsgl.a(sglB033.o)
                              main.o (slMapNbg2)
C:\saturn\sgl302j/lib\libsgl.a(sglB072.o)
                              main.o (slScrPosNbg2)
C:\saturn\sgl302j/lib\libsgl.a(sglB058.o)
                              main.o (slPlaneNbg3)
C:\saturn\sgl302j/lib\libsgl.a(sglB034.o)
                              main.o (slMapNbg3)
C:\saturn\sgl302j/lib\libsgl.a(sglB073.o)
                              main.o (slScrPosNbg3)
C:\saturn\sgl302j/lib\libsgl.a(sglB021.o)
                              main.o (slColorCalcOn)
C:\saturn\sgl302j/lib\libsgl.a(sglB015.o)
                              main.o (slScrAutoDisp)
C:\saturn\sgl302j/lib\libsgl.a(sglB054.o)
                              main.o (slZoomR)
C:\saturn\sgl302j/lib\libsgl.a(sglI01.o)
                              main.o (slSynch)
C:\saturn\sgl302j/lib\libsgl.a(sglA01.o)
                              main.o (slSin)
C:\saturn\sgl302j/lib\libsgl.a(sglA07.o)
                              main.o (slDivFX)
C:\saturn\sgl302j/lib\libsgl.a(sglA06.o)
                              main.o (slMulFX)
C:\saturn\sgl302j/lib\libsgl.a(sglC06.o)
                              main.o (slDispSprite)
C:\saturn\sgl302j/lib\libsgl.a(sglIc0.o)
                              main.o (slInitSystem)
C:\saturn\sgl302j/lib\libsgl.a(sglB001.o)
                              main.o (slTVOn)
C:\saturn\sgl302j/lib\libsgl.a(sglD00.o)
                              main.o (slDMACopy)
C:\saturn\sgl302j/lib\libsgl.a(sglH02.o)
                              C:\saturn\sgl302j/lib\libsgl.a(sglH00.o) (smpc_pfr_tbl)
C:\saturn\sgl302j/lib\libsgl.a(sglH04.o)
                              C:\saturn\sgl302j/lib\libsgl.a(sglH00.o) (slComPrmIntBack)
C:\saturn\sgl302j/lib\libsgl.a(sglC20.o)
                              C:\saturn\sgl302j/lib\libsgl.a(sglC06.o) (SpriteEntry)
C:\saturn\sgl302j/lib\libsgl.a(sglA00.o)
                              C:\saturn\sgl302j/lib\libsgl.a(sglIc0.o) (_builtin_set_imask)
C:\saturn\sgl302j/lib\libsgl.a(sglK01.o)
                              C:\saturn\sgl302j/lib\libsgl.a(sglIc0.o) (SynchCount)
C:\saturn\sgl302j/lib\libsgl.a(sglJ00.o)
                              C:\saturn\sgl302j/lib\libsgl.a(sglIc0.o) (InitSlaveSH)
C:\saturn\sgl302j/lib\libsgl.a(sglA20.o)
                              C:\saturn\sgl302j/lib\libsgl.a(sglIc0.o) (slInitMatrix)
C:\saturn\sgl302j/lib\libsgl.a(sglB000.o)
                              C:\saturn\sgl302j/lib\libsgl.a(sglIc0.o) (slInitScroll)
C:\saturn\sgl302j/lib\libsgl.a(sglJ01.o)
                              C:\saturn\sgl302j/lib\libsgl.a(sglIc0.o) (SlaveControl)
C:\saturn\sgl302j/lib\libsgl.a(sglI00.o)
                              C:\saturn\sgl302j/lib\libsgl.a(sglIc0.o) (slInitInterrupt)
C:\saturn\sgl302j/lib\libsgl.a(sglC00.o)
                              C:\saturn\sgl302j/lib\libsgl.a(sglIc0.o) (slInitSprite)
C:\saturn\sgl302j/lib\libsgl.a(sglJ03.o)
                              C:\saturn\sgl302j/lib\libsgl.a(sglJ01.o) (sbMakeDMATable)
C:\saturn\sgl302j/lib\libsgl.a(sglJ02.o)
                              C:\saturn\sgl302j/lib\libsgl.a(sglJ01.o) (sbMakePolygon)
C:\saturn\sgl302j/lib\libsgl.a(sglJ04.o)
                              C:\saturn\sgl302j/lib\libsgl.a(sglJ01.o) (sbMakeSprite)
C:\saturn\sgl302j/lib\libsgl.a(sglJ05.o)
                              C:\saturn\sgl302j/lib\libsgl.a(sglJ01.o) (sbSortEntry)
C:\saturn\sgl302j/lib\libsgl.a(sglH03.o)
                              C:\saturn\sgl302j/lib\libsgl.a(sglI00.o) (slSmpcIntBack)
C:\saturn\sgl302j/lib\libsgl.a(sglM01.o)
                              C:\saturn\sgl302j/lib\libsgl.a(sglJ02.o) (DepthWorkArea)
c:/saturn/SH_COFF/sh-coff/bin/../lib/gcc/sh-coff/3.4-GNUSH_v0501/m2\libgcc.a(__main.o)
                              C:\saturn\sgl302j\SAMPLE\common/cinit.o (__main)
c:/saturn/SH_COFF/sh-coff/bin/../lib/gcc/sh-coff/3.4-GNUSH_v0501/m2\libgcc.a(_si_to_df.o)
                              main.o (__floatsidf)
c:/saturn/SH_COFF/sh-coff/bin/../lib/gcc/sh-coff/3.4-GNUSH_v0501/m2\libgcc.a(_mul_df.o)
                              main.o (__muldf3)
c:/saturn/SH_COFF/sh-coff/bin/../lib/gcc/sh-coff/3.4-GNUSH_v0501/m2\libgcc.a(_div_df.o)
                              main.o (__divdf3)
c:/saturn/SH_COFF/sh-coff/bin/../lib/gcc/sh-coff/3.4-GNUSH_v0501/m2\libgcc.a(_df_to_si.o)
                              main.o (__fixdfsi)
c:/saturn/SH_COFF/sh-coff/bin/../lib/gcc/sh-coff/3.4-GNUSH_v0501/m2\libgcc.a(_ashiftrt_n.o)
                              main.o (__ashrsi3)
c:/saturn/SH_COFF/sh-coff/bin/../lib/gcc/sh-coff/3.4-GNUSH_v0501/m2\libgcc.a(_pack_df.o)
                              c:/saturn/SH_COFF/sh-coff/bin/../lib/gcc/sh-coff/3.4-GNUSH_v0501/m2\libgcc.a(_si_to_df.o) (__pack_d)
c:/saturn/SH_COFF/sh-coff/bin/../lib/gcc/sh-coff/3.4-GNUSH_v0501/m2\libgcc.a(_unpack_df.o)
                              c:/saturn/SH_COFF/sh-coff/bin/../lib/gcc/sh-coff/3.4-GNUSH_v0501/m2\libgcc.a(_mul_df.o) (__unpack_d)
c:/saturn/SH_COFF/sh-coff/bin/../lib/gcc/sh-coff/3.4-GNUSH_v0501/m2\libgcc.a(_thenan_df.o)
                              c:/saturn/SH_COFF/sh-coff/bin/../lib/gcc/sh-coff/3.4-GNUSH_v0501/m2\libgcc.a(_mul_df.o) (__thenan_df)
c:/saturn/SH_COFF/sh-coff/bin/../lib/gcc/sh-coff/3.4-GNUSH_v0501/m2\libgcc.a(_lshrdi3.o)
                              c:/saturn/SH_COFF/sh-coff/bin/../lib/gcc/sh-coff/3.4-GNUSH_v0501/m2\libgcc.a(_df_to_si.o) (__lshrdi3)
c:/saturn/SH_COFF/sh-coff/bin/../lib/gcc/sh-coff/3.4-GNUSH_v0501/m2\libgcc.a(_ashldi3.o)
                              c:/saturn/SH_COFF/sh-coff/bin/../lib/gcc/sh-coff/3.4-GNUSH_v0501/m2\libgcc.a(_pack_df.o) (__ashldi3)
c:/saturn/SH_COFF/sh-coff/bin/../lib/gcc/sh-coff/3.4-GNUSH_v0501/m2\libgcc.a(_ashiftlt.o)
                              c:/saturn/SH_COFF/sh-coff/bin/../lib/gcc/sh-coff/3.4-GNUSH_v0501/m2\libgcc.a(_lshrdi3.o) (__ashlsi3)
c:/saturn/SH_COFF/sh-coff/bin/../lib/gcc/sh-coff/3.4-GNUSH_v0501/m2\libgcc.a(_lshiftrt.o)
                              c:/saturn/SH_COFF/sh-coff/bin/../lib/gcc/sh-coff/3.4-GNUSH_v0501/m2\libgcc.a(_lshrdi3.o) (__lshrsi3)
c:/saturn/SH_COFF/sh-coff/bin/../lib/gcc/sh-coff/3.4-GNUSH_v0501/../../../../sh-coff/lib/m2\libc.a(malloc.o)
                              main.o (malloc)
c:/saturn/SH_COFF/sh-coff/bin/../lib/gcc/sh-coff/3.4-GNUSH_v0501/../../../../sh-coff/lib/m2\libc.a(memcpy.o)
                              main.o (memcpy)
c:/saturn/SH_COFF/sh-coff/bin/../lib/gcc/sh-coff/3.4-GNUSH_v0501/../../../../sh-coff/lib/m2\libc.a(atexit.o)
                              c:/saturn/SH_COFF/sh-coff/bin/../lib/gcc/sh-coff/3.4-GNUSH_v0501/m2\libgcc.a(__main.o) (atexit)
c:/saturn/SH_COFF/sh-coff/bin/../lib/gcc/sh-coff/3.4-GNUSH_v0501/../../../../sh-coff/lib/m2\libc.a(impure.o)
                              c:/saturn/SH_COFF/sh-coff/bin/../lib/gcc/sh-coff/3.4-GNUSH_v0501/../../../../sh-coff/lib/m2\libc.a(malloc.o) (_impure_ptr)
c:/saturn/SH_COFF/sh-coff/bin/../lib/gcc/sh-coff/3.4-GNUSH_v0501/../../../../sh-coff/lib/m2\libc.a(mallocr.o)
                              c:/saturn/SH_COFF/sh-coff/bin/../lib/gcc/sh-coff/3.4-GNUSH_v0501/../../../../sh-coff/lib/m2\libc.a(malloc.o) (_malloc_r)
c:/saturn/SH_COFF/sh-coff/bin/../lib/gcc/sh-coff/3.4-GNUSH_v0501/../../../../sh-coff/lib/m2\libc.a(freer.o)
                              c:/saturn/SH_COFF/sh-coff/bin/../lib/gcc/sh-coff/3.4-GNUSH_v0501/../../../../sh-coff/lib/m2\libc.a(malloc.o) (_free_r)
c:/saturn/SH_COFF/sh-coff/bin/../lib/gcc/sh-coff/3.4-GNUSH_v0501/../../../../sh-coff/lib/m2\libc.a(mlock.o)
                              c:/saturn/SH_COFF/sh-coff/bin/../lib/gcc/sh-coff/3.4-GNUSH_v0501/../../../../sh-coff/lib/m2\libc.a(mallocr.o) (__malloc_lock)
c:/saturn/SH_COFF/sh-coff/bin/../lib/gcc/sh-coff/3.4-GNUSH_v0501/../../../../sh-coff/lib/m2\libc.a(sbrkr.o)
                              c:/saturn/SH_COFF/sh-coff/bin/../lib/gcc/sh-coff/3.4-GNUSH_v0501/../../../../sh-coff/lib/m2\libc.a(mallocr.o) (_sbrk_r)
c:/saturn/SH_COFF/sh-coff/bin/../lib/gcc/sh-coff/3.4-GNUSH_v0501/../../../../sh-coff/lib/m2\libc.a(syscalls.o)
                              c:/saturn/SH_COFF/sh-coff/bin/../lib/gcc/sh-coff/3.4-GNUSH_v0501/../../../../sh-coff/lib/m2\libc.a(sbrkr.o) (_sbrk)
c:/saturn/SH_COFF/sh-coff/bin/../lib/gcc/sh-coff/3.4-GNUSH_v0501/../../../../sh-coff/lib/m2\libc.a(trap.o)
                              c:/saturn/SH_COFF/sh-coff/bin/../lib/gcc/sh-coff/3.4-GNUSH_v0501/../../../../sh-coff/lib/m2\libc.a(syscalls.o) (__trap34)
c:/saturn/SH_COFF/sh-coff/bin/../lib/gcc/sh-coff/3.4-GNUSH_v0501/../../../../sh-coff/lib/m2\libc.a(abort.o)
                              c:/saturn/SH_COFF/sh-coff/bin/../lib/gcc/sh-coff/3.4-GNUSH_v0501/../../../../sh-coff/lib/m2\libc.a(syscalls.o) (abort)
c:/saturn/SH_COFF/sh-coff/bin/../lib/gcc/sh-coff/3.4-GNUSH_v0501/../../../../sh-coff/lib/m2\libc.a(signal.o)
                              c:/saturn/SH_COFF/sh-coff/bin/../lib/gcc/sh-coff/3.4-GNUSH_v0501/../../../../sh-coff/lib/m2\libc.a(abort.o) (raise)
c:/saturn/SH_COFF/sh-coff/bin/../lib/gcc/sh-coff/3.4-GNUSH_v0501/../../../../sh-coff/lib/m2\libc.a(signalr.o)
                              c:/saturn/SH_COFF/sh-coff/bin/../lib/gcc/sh-coff/3.4-GNUSH_v0501/../../../../sh-coff/lib/m2\libc.a(signal.o) (_kill_r)
c:/saturn/SH_COFF/sh-coff/bin/../lib/gcc/sh-coff/3.4-GNUSH_v0501/m2\libgcc.a(_udivsi3.o)
                              c:/saturn/SH_COFF/sh-coff/bin/../lib/gcc/sh-coff/3.4-GNUSH_v0501/../../../../sh-coff/lib/m2\libc.a(freer.o) (__udivsi3)

Allocating common symbols
Common symbol       size              file

defaultSprite       0x28              main.o
errno               0x4               c:/saturn/SH_COFF/sh-coff/bin/../lib/gcc/sh-coff/3.4-GNUSH_v0501/../../../../sh-coff/lib/m2\libc.a(syscalls.o)

Memory Configuration

Name             Origin             Length             Attributes
*default*        0x00000000         0xffffffff

Linker script and memory map


SLSTART         0x06004000       0x30
                0x06004000                ___Start = .
 *(SLSTART)
 SLSTART        0x06004000       0x28 C:\saturn\sgl302j/lib\libsgl.a(sglI00.o)
                0x06004002                slStartSGL
                0x06004000                SGL_Start

.text           0x06004040     0x35f0
 *(.text)
 .text          0x06004040       0x50 C:\saturn\sgl302j\SAMPLE\common/cinit.o
                0x06004040                main
 .text          0x06004090     0x11f0 main.o
                0x06005140                ss_main
                0x06004d80                updateSprites
                0x06004410                initVDP2
                0x060042b0                handleInput
                0x06004a40                updateBG
                0x060040c0                createSpriteNode
                0x06004370                initSprites
                0x060040a6                SHOT_ATTR
                0x06004710                handleSpriteCollision
                0x06004090                SPR_SIZE
                0x060040b0                CIRCLE_ATTR
                0x06004930                handleGroundCollision
                0x060041b0                deleteSpriteNode
                0x060048b0                writeBlock
                0x06004cc0                checkShotCollision
                0x0600409c                PLAYER_ATTR
                0x060040f0                addSpriteNode
                0x06004fd0                dispSprites
 .text          0x06005280      0x100 scrollfunctions.o
                0x06005330                MapRead
                0x06005350                Pal2CRAM
                0x060052a0                Map2VRAM
                0x06005300                MapWrite
                0x06005280                Cel2VRAM
 .text          0x06005380      0x128 C:\saturn\sgl302j/lib\libsgl.a(sglIc0.o)
                0x06005380                slInitSystem
 *fill*         0x060054a8        0x8 00
 .text          0x060054b0       0xc0 c:/saturn/SH_COFF/sh-coff/bin/../lib/gcc/sh-coff/3.4-GNUSH_v0501/m2\libgcc.a(__main.o)
                0x06005530                __main
                0x060054b0                __do_global_dtors
                0x060054f0                __do_global_ctors
 .text          0x06005570      0x110 c:/saturn/SH_COFF/sh-coff/bin/../lib/gcc/sh-coff/3.4-GNUSH_v0501/m2\libgcc.a(_si_to_df.o)
                0x06005580                __floatsidf
 .text          0x06005680      0x2c0 c:/saturn/SH_COFF/sh-coff/bin/../lib/gcc/sh-coff/3.4-GNUSH_v0501/m2\libgcc.a(_mul_df.o)
                0x060056a0                __muldf3
 .text          0x06005940      0x180 c:/saturn/SH_COFF/sh-coff/bin/../lib/gcc/sh-coff/3.4-GNUSH_v0501/m2\libgcc.a(_div_df.o)
                0x06005950                __divdf3
 .text          0x06005ac0       0x90 c:/saturn/SH_COFF/sh-coff/bin/../lib/gcc/sh-coff/3.4-GNUSH_v0501/m2\libgcc.a(_df_to_si.o)
                0x06005ac0                __fixdfsi
 .text          0x06005b50       0x80 c:/saturn/SH_COFF/sh-coff/bin/../lib/gcc/sh-coff/3.4-GNUSH_v0501/m2\libgcc.a(_ashiftrt_n.o)
                0x06005b50                __ashrsi3
 .text          0x06005bd0      0x270 c:/saturn/SH_COFF/sh-coff/bin/../lib/gcc/sh-coff/3.4-GNUSH_v0501/m2\libgcc.a(_pack_df.o)
                0x06005bf0                __pack_d
 .text          0x06005e40      0x160 c:/saturn/SH_COFF/sh-coff/bin/../lib/gcc/sh-coff/3.4-GNUSH_v0501/m2\libgcc.a(_unpack_df.o)
                0x06005e60                __unpack_d
 .text          0x06005fa0       0x20 c:/saturn/SH_COFF/sh-coff/bin/../lib/gcc/sh-coff/3.4-GNUSH_v0501/m2\libgcc.a(_thenan_df.o)
                0x06005fa0                __thenan_df
 .text          0x06005fc0       0x90 c:/saturn/SH_COFF/sh-coff/bin/../lib/gcc/sh-coff/3.4-GNUSH_v0501/m2\libgcc.a(_lshrdi3.o)
                0x06005fc0                __lshrdi3
 .text          0x06006050       0x90 c:/saturn/SH_COFF/sh-coff/bin/../lib/gcc/sh-coff/3.4-GNUSH_v0501/m2\libgcc.a(_ashldi3.o)
                0x06006050                __ashldi3
 .text          0x060060e0       0x90 c:/saturn/SH_COFF/sh-coff/bin/../lib/gcc/sh-coff/3.4-GNUSH_v0501/m2\libgcc.a(_ashiftlt.o)
                0x060060e0                __ashlsi3
 .text          0x06006170       0x90 c:/saturn/SH_COFF/sh-coff/bin/../lib/gcc/sh-coff/3.4-GNUSH_v0501/m2\libgcc.a(_lshiftrt.o)
                0x06006170                __lshrsi3
 .text          0x06006200       0x40 c:/saturn/SH_COFF/sh-coff/bin/../lib/gcc/sh-coff/3.4-GNUSH_v0501/../../../../sh-coff/lib/m2\libc.a(malloc.o)
                0x06006220                free
                0x06006200                malloc
 .text          0x06006240       0xa0 c:/saturn/SH_COFF/sh-coff/bin/../lib/gcc/sh-coff/3.4-GNUSH_v0501/../../../../sh-coff/lib/m2\libc.a(memcpy.o)
                0x06006240                memcpy
 .text          0x060062e0       0xa0 c:/saturn/SH_COFF/sh-coff/bin/../lib/gcc/sh-coff/3.4-GNUSH_v0501/../../../../sh-coff/lib/m2\libc.a(atexit.o)
                0x060062e0                atexit
 .text          0x06006380       0x10 c:/saturn/SH_COFF/sh-coff/bin/../lib/gcc/sh-coff/3.4-GNUSH_v0501/../../../../sh-coff/lib/m2\libc.a(impure.o)
                0x06006380                _global_impure_ptr
 .text          0x06006390      0x680 c:/saturn/SH_COFF/sh-coff/bin/../lib/gcc/sh-coff/3.4-GNUSH_v0501/../../../../sh-coff/lib/m2\libc.a(mallocr.o)
                0x06006390                _malloc_r
 .text          0x06006a10      0x3b0 c:/saturn/SH_COFF/sh-coff/bin/../lib/gcc/sh-coff/3.4-GNUSH_v0501/../../../../sh-coff/lib/m2\libc.a(freer.o)
                0x06006a10                _malloc_trim_r
                0x06006b10                _free_r
 .text          0x06006dc0       0x20 c:/saturn/SH_COFF/sh-coff/bin/../lib/gcc/sh-coff/3.4-GNUSH_v0501/../../../../sh-coff/lib/m2\libc.a(mlock.o)
                0x06006dc0                __malloc_lock
                0x06006dd0                __malloc_unlock
 .text          0x06006de0       0x50 c:/saturn/SH_COFF/sh-coff/bin/../lib/gcc/sh-coff/3.4-GNUSH_v0501/../../../../sh-coff/lib/m2\libc.a(sbrkr.o)
                0x06006de0                _sbrk_r
 .text          0x06006e30      0x430 c:/saturn/SH_COFF/sh-coff/bin/../lib/gcc/sh-coff/3.4-GNUSH_v0501/../../../../sh-coff/lib/m2\libc.a(syscalls.o)
                0x06006fe0                _exit
                0x06007020                _getpid
                0x060070a0                _utime
                0x06006e70                _write
                0x06006e30                _read
                0x06006fc0                _unlink
                0x06006f80                _open
                0x06007040                _stat
                0x06006fd0                isatty
                0x060070e0                _wait
                0x06007000                _kill
                0x06007060                _chmod
                0x06007120                _execv
                0x06007100                _execve
                0x06007220                __setup_argv_and_call_main
                0x06007170                _gettimeofday
                0x06006eb0                _link
                0x06007030                _raise
                0x06006fa0                _creat
                0x06007140                _pipe
                0x06007080                _chown
                0x06006e50                _lseek
                0x06006e90                _close
                0x06007160                _times
                0x06006f60                _fstat
                0x060070c0                _fork
                0x06006ee0                _sbrk
 .text          0x06007260       0x20 c:/saturn/SH_COFF/sh-coff/bin/../lib/gcc/sh-coff/3.4-GNUSH_v0501/../../../../sh-coff/lib/m2\libc.a(trap.o)
                0x06007260                __trap34
 .text          0x06007280       0x20 c:/saturn/SH_COFF/sh-coff/bin/../lib/gcc/sh-coff/3.4-GNUSH_v0501/../../../../sh-coff/lib/m2\libc.a(abort.o)
                0x06007280                abort
 .text          0x060072a0      0x2c0 c:/saturn/SH_COFF/sh-coff/bin/../lib/gcc/sh-coff/3.4-GNUSH_v0501/../../../../sh-coff/lib/m2\libc.a(signal.o)
                0x06007380                _raise_r
                0x06007540                __sigtramp
                0x060074e0                raise
                0x06007520                _init_signal
                0x06007460                __sigtramp_r
                0x06007500                signal
                0x060072f0                _signal_r
                0x060072a0                _init_signal_r
 .text          0x06007560       0x60 c:/saturn/SH_COFF/sh-coff/bin/../lib/gcc/sh-coff/3.4-GNUSH_v0501/../../../../sh-coff/lib/m2\libc.a(signalr.o)
                0x060075b0                _getpid_r
                0x06007560                _kill_r
 .text          0x060075c0       0x70 c:/saturn/SH_COFF/sh-coff/bin/../lib/gcc/sh-coff/3.4-GNUSH_v0501/m2\libgcc.a(_udivsi3.o)
                0x060075e2                __udivsi3
 *(.strings)
                0x06007630                __etext = .

SLPROG          0x06007640    0x10270
                0x06007640                __slprog_start = .
 *(SLPROG)
 SLPROG         0x06007640     0x6540 C:\saturn\sgl302j/lib/sglarea.o
                0x0600765c                SpriteBuf
                0x06007680                RemainEvent
                0x0600764c                SortList
                0x0600764a                MaxPolygons
                0x06007668                CommandBuf
                0x0600767c                MaxWorks
                0x0600767e                WorkSize
                0x06007674                PCM_WkSize
                0x0600766c                CLOfstBuf
                0x06007780                RemainWork
                0x06007670                PCM_Work
                0x06007640                MasterStack
                0x06007644                SlaveStack
                0x06007648                MaxVertices
                0x06007678                MaxEvents
                0x06007658                Zbuffer
                0x06007660                SpriteBufSize
                0x06009b80                WorkBuf
                0x06007654                TransList
                0x06007664                Pbuffer
                0x06007650                SortListSize
                0x0600767a                EventSize
                0x06007b80                EventBuf
 SLPROG         0x0600db80       0x4e C:\saturn\sgl302j/lib\libsgl.a(sglF00.o)
                0x0600db9a                slLocate
                0x0600db90                slCurColor
                0x0600dbcc                CurrentScreen
                0x0600db80                slCurScrn
 *fill*         0x0600dbce        0x2 00
 SLPROG         0x0600dbd0       0x1c C:\saturn\sgl302j/lib\libsgl.a(sglF05.o)
                0x0600dbd0                slPrint
 *fill*         0x0600dbec        0x4 00
 SLPROG         0x0600dbf0      0xfc8 C:\saturn\sgl302j/lib\libsgl.a(sglH00.o)
                0x0600dc8c                slSetPortData1
                0x0600dc7c                slGetPortData1
                0x0600e46a                slSetPortMode1
                0x0600e6a4                Smpc_Status
                0x0600dc42                slSetPortDir2
                0x0600e288                slSmpcCashSend
                0x0600dca8                slGetPortSelect1
                0x0600e08e                slIntBackCancel
                0x0600dd40                slSetPortExt1
                0x0600e450                slGetPortMode1
                0x0600e344                slSmpcCashBlow
                0x0600e634                slRequestCommand
                0x0600e6d4                SmpcStatusBuf
                0x0600dc96                slSetPortData2
                0x0600dff6                slSetResultBuffer
                0x0600dd2c                slGetPortExt1
                0x0600dd70                slSetPortExt2
                0x0600dc10                slGetPortDir2
                0x0600dd36                slGetPortExt2
                0x0600e0c2                slClearReset
                0x0600e0b8                slCheckReset
                0x0600dc18                slSetPortDir1
                0x0600dcf0                slSetPortSelect2
                0x0600dcbc                slSetPortSelect1
                0x0600e45c                slGetPortMode2
                0x0600dcb2                slGetPortSelect2
                0x0600dc08                slGetPortDir1
                0x0600dc84                slGetPortData2
                0x0600e42a                slSetOptimize
                0x0600e420                slGetOptimize
                0x0600dee4                slSmpcDirectAccess
                0x0600e6b2                Per_Connect1
                0x0600df64                slInitPeripheral
                0x0600e082                slCheckIntBackSet
                0x0600e6b3                Per_Connect2
                0x0600e6ac                Smpc_Peripheral
                0x0600e4a8                slSetPortMode2
                0x0600e6a8                Smpc_Result
 *fill*         0x0600ebb8        0x8 00
 SLPROG         0x0600ebc0       0x1e C:\saturn\sgl302j/lib\libsgl.a(sglB002.o)
                0x0600ebc0                slColRAMMode
 *fill*         0x0600ebde        0x2 00
 SLPROG         0x0600ebe0        0xc C:\saturn\sgl302j/lib\libsgl.a(sglB016.o)
                0x0600ebe0                slBack1ColSet
 *fill*         0x0600ebec        0x4 00
 SLPROG         0x0600ebf0       0x70 C:\saturn\sgl302j/lib\libsgl.a(sglB038.o)
                0x0600ebf0                slRparaInitSet
 SLPROG         0x0600ec60      0x114 C:\saturn\sgl302j/lib\libsgl.a(sglB200.o)
                0x0600ec6c                slCharNbg0
                0x0600ecb2                slPageRbg0
                0x0600ecc8                slPageNbg1
                0x0600ec78                slCharNbg1
                0x0600ece4                slPageNbg0
                0x0600ecd0                slPageNbg2
                0x0600ecd8                slPageNbg3
                0x0600ec84                slCharNbg2
                0x0600ec9a                slCharNbg3
                0x0600ec60                slCharRbg0
 *fill*         0x0600ed74        0xc 00
 SLPROG         0x0600ed80        0xc C:\saturn\sgl302j/lib\libsgl.a(sglB059.o)
                0x0600ed80                slPlaneRA
 *fill*         0x0600ed8c        0x4 00
 SLPROG         0x0600ed90       0xd4 C:\saturn\sgl302j/lib\libsgl.a(sglB035.o)
                0x0600ed90                sl1MapRA
                0x0600ee22                rbank_set
 *fill*         0x0600ee64        0xc 00
 SLPROG         0x0600ee70        0xc C:\saturn\sgl302j/lib\libsgl.a(sglB047.o)
                0x0600ee70                slOverRA
 *fill*         0x0600ee7c        0x4 00
 SLPROG         0x0600ee80        0xc C:\saturn\sgl302j/lib\libsgl.a(sglB023.o)
                0x0600ee80                slColRate
 *fill*         0x0600ee8c        0x4 00
 SLPROG         0x0600ee90       0x34 C:\saturn\sgl302j/lib\libsgl.a(sglB079.o)
                0x0600ee90                slDispCenterR
 *fill*         0x0600eec4        0xc 00
 SLPROG         0x0600eed0       0x20 C:\saturn\sgl302j/lib\libsgl.a(sglB078.o)
                0x0600eed0                slLookR
 SLPROG         0x0600eef0        0xc C:\saturn\sgl302j/lib\libsgl.a(sglB056.o)
                0x0600eef0                slPlaneNbg1
 *fill*         0x0600eefc        0x4 00
 SLPROG         0x0600ef00       0xb4 C:\saturn\sgl302j/lib\libsgl.a(sglB032.o)
                0x0600ef00                slMapNbg1
 *fill*         0x0600efb4        0xc 00
 SLPROG         0x0600efc0        0xc C:\saturn\sgl302j/lib\libsgl.a(sglB071.o)
                0x0600efc0                slScrPosNbg1
 *fill*         0x0600efcc        0x4 00
 SLPROG         0x0600efd0        0xc C:\saturn\sgl302j/lib\libsgl.a(sglB063.o)
                0x0600efd0                slPriority
 *fill*         0x0600efdc        0x4 00
 SLPROG         0x0600efe0       0x10 C:\saturn\sgl302j/lib\libsgl.a(sglB020.o)
                0x0600efe0                slColorCalc
 SLPROG         0x0600eff0       0x10 C:\saturn\sgl302j/lib\libsgl.a(sglB057.o)
                0x0600eff0                slPlaneNbg2
 SLPROG         0x0600f000       0xb0 C:\saturn\sgl302j/lib\libsgl.a(sglB033.o)
                0x0600f000                slMapNbg2
 SLPROG         0x0600f0b0       0x10 C:\saturn\sgl302j/lib\libsgl.a(sglB072.o)
                0x0600f0b0                slScrPosNbg2
 SLPROG         0x0600f0c0       0x10 C:\saturn\sgl302j/lib\libsgl.a(sglB058.o)
                0x0600f0c0                slPlaneNbg3
 SLPROG         0x0600f0d0       0xb4 C:\saturn\sgl302j/lib\libsgl.a(sglB034.o)
                0x0600f0d0                slMapNbg3
 *fill*         0x0600f184        0xc 00
 SLPROG         0x0600f190       0x10 C:\saturn\sgl302j/lib\libsgl.a(sglB073.o)
                0x0600f190                slScrPosNbg3
 SLPROG         0x0600f1a0        0xc C:\saturn\sgl302j/lib\libsgl.a(sglB021.o)
                0x0600f1a0                slColorCalcOn
 *fill*         0x0600f1ac        0x4 00
 SLPROG         0x0600f1b0      0x40c C:\saturn\sgl302j/lib\libsgl.a(sglB015.o)
                0x0600f1b0                slScrAutoDisp
 *fill*         0x0600f5bc        0x4 00
 SLPROG         0x0600f5c0        0xc C:\saturn\sgl302j/lib\libsgl.a(sglB054.o)
                0x0600f5c0                slZoomR
 *fill*         0x0600f5cc        0x4 00
 SLPROG         0x0600f5d0      0x3a4 C:\saturn\sgl302j/lib\libsgl.a(sglI01.o)
                0x0600f7ba                RetPCMBuf
                0x0600f8f4                Sound_Buf
                0x0600f5d0                slInitSynch
                0x0600f6e0                slRandom
                0x0600f854                PCM_Buf
                0x0600f5ea                slSynch
                0x0600f6fe                PCM_EndCheck
 *fill*         0x0600f974        0xc 00
 SLPROG         0x0600f980     0x411e C:\saturn\sgl302j/lib\libsgl.a(sglA01.o)
                0x0600fa5c                sin_cos_index_tbl
                0x0600f980                slSin
                0x0600fa9c                sin_tbl
                0x0600f9c8                GetSinCos
                0x0600f9a4                slCos
 *fill*         0x06013a9e        0x2 00
 SLPROG         0x06013aa0       0x14 C:\saturn\sgl302j/lib\libsgl.a(sglA07.o)
                0x06013aa0                slDivFX
 *fill*         0x06013ab4        0xc 00
 SLPROG         0x06013ac0        0xa C:\saturn\sgl302j/lib\libsgl.a(sglA06.o)
                0x06013ac0                slMulFX
 *fill*         0x06013aca        0x6 00
 SLPROG         0x06013ad0       0xfa C:\saturn\sgl302j/lib\libsgl.a(sglC06.o)
                0x06013ad0                slDispSprite
 *fill*         0x06013bca        0x6 00
 SLPROG         0x06013bd0       0x20 C:\saturn\sgl302j/lib\libsgl.a(sglB001.o)
                0x06013bd0                slTVOn
                0x06013bda                slTVOff
 SLPROG         0x06013bf0       0x84 C:\saturn\sgl302j/lib\libsgl.a(sglD00.o)
                0x06013bf0                slDMACopy
                0x06013bf0                slCpuDMACopy
                0x06013c4a                slCashPurge
                0x06013c4a                CSH_AllClr
 *fill*         0x06013c74        0xc 00
 SLPROG         0x06013c80      0x470 C:\saturn\sgl302j/lib\libsgl.a(sglH02.o)
                0x06014070                smpc_pfr_tbl
                0x060140b0                smpc_ptf_tbl
 SLPROG         0x060140f0       0x60 C:\saturn\sgl302j/lib\libsgl.a(sglH04.o)
                0x0601411a                slComPrmSetTime
                0x060140f0                slComPrmIntBack
                0x06014104                slComPrmSetMemory
 SLPROG         0x06014150       0x40 C:\saturn\sgl302j/lib\libsgl.a(sglC20.o)
                0x06014150                SpriteEntry
 SLPROG         0x06014190       0x20 C:\saturn\sgl302j/lib\libsgl.a(sglA00.o)
                0x060141a4                get_imask
                0x06014190                set_imask
                0x06014190                _builtin_set_imask
                0x060141a4                _builtin_get_imask
 SLPROG         0x060141b0       0x74 C:\saturn\sgl302j/lib\libsgl.a(sglJ00.o)
                0x060141b0                InitSlaveSH
                0x06014218                SlaveCommand
 *fill*         0x06014224        0xc 00
 SLPROG         0x06014230      0x42c C:\saturn\sgl302j/lib\libsgl.a(sglA20.o)
                0x06014230                slInitMatrix
                0x0601424e                slUnitMatrix
                0x0601423a                slPushUnitMatrix
 *fill*         0x0601465c        0x4 00
 SLPROG         0x06014660      0xbd0 C:\saturn\sgl302j/lib\libsgl.a(sglB000.o)
                0x06014660                slInitScroll
                0x060148c0                TVSizeTbl
                0x060147b0                setASC_4to8
                0x06014940                TVModeTbl
                0x06014780                setASC_1to8
                0x06014b18                SGL_ASCII_CG
 SLPROG         0x06015230      0x3d0 C:\saturn\sgl302j/lib\libsgl.a(sglJ01.o)
                0x06015230                SlaveControl
                0x060155ec                ErasePolygonData
 SLPROG         0x06015600      0x75c C:\saturn\sgl302j/lib\libsgl.a(sglI00.o)
                0x060158f0                slInitInterrupt
 *fill*         0x06015d5c        0x4 00
 SLPROG         0x06015d60      0x134 C:\saturn\sgl302j/lib\libsgl.a(sglC00.o)
                0x06015d60                slInitSprite
 *fill*         0x06015e94        0xc 00
 SLPROG         0x06015ea0      0x140 C:\saturn\sgl302j/lib\libsgl.a(sglJ03.o)
                0x06015ea0                sbMakeDMATable
 SLPROG         0x06015fe0     0x12b8 C:\saturn\sgl302j/lib\libsgl.a(sglJ02.o)
                0x06017214                stvtc_1
                0x06016f4c                stvtc_4
                0x06016f0c                SetPolygon
                0x06017004                stvtc_3
                0x0601723c                stvtc_0
                0x06016f14                SetPosition
                0x060161c8                sbCalcPolygon
                0x06016f00                SetTexture
                0x06015fe0                sbMakePolygon
                0x06017228                stvtc_2
 *fill*         0x06017298        0x8 00
 SLPROG         0x060172a0      0x470 C:\saturn\sgl302j/lib\libsgl.a(sglJ04.o)
                0x06017364                sbMakeRotSprite
                0x060172fe                sbMakeSprite
 SLPROG         0x06017710       0x3c C:\saturn\sgl302j/lib\libsgl.a(sglJ05.o)
                0x06017710                sbSortEntry
 *fill*         0x0601774c        0x4 00
 SLPROG         0x06017750       0xf0 C:\saturn\sgl302j/lib\libsgl.a(sglH03.o)
                0x060177b4                slSmpcIntBack
 SLPROG         0x06017840       0x6a C:\saturn\sgl302j/lib\libsgl.a(sglM01.o)
                0x0601786c                slSetDepthTbl
                0x0601789c                DepthWorkArea
                0x06017840                slSetDepthLimit
                0x060178aa                __slprog_end = .

.tors           0x060178b0        0x0
                0x060178b0                ___ctors = .
 *(.ctors)
                0x060178b0                ___ctors_end = .
                0x060178b0                ___dtors = .
 *(.dtors)
                0x060178b0                ___dtors_end = .

.data           0x060178b0     0xc3d0
 *(.data)
 .data          0x060178b0       0x10 main.o
                0x060178b0                scale
 .data          0x060178c0     0xbbb0 assets.o
                0x060178c0                pal_cloud
                0x0601f4c0                cel_map1
                0x060211c0                pic_sprites
                0x060211d8                tex_sprites
                0x0601eac0                pal_map1
                0x060211f0                texture_sprites002
                0x06023270                texture_sprites000
                0x060182c0                cel_cloud
                0x060197c0                cel_road
                0x06018fc0                map_road
                0x060231f0                texture_sprites001
                0x0601f9c0                map_face
                0x06018dc0                pal_road
                0x0601ecc0                map_map1
                0x0601f7c0                pal_face
                0x060201c0                cel_face
                0x06017ac0                map_cloud
 .data          0x06023470       0x80 C:\saturn\sgl302j/lib\libsgl.a(sglIc0.o)
                0x06023470                IntPrioMask
 .data          0x060234f0      0x380 c:/saturn/SH_COFF/sh-coff/bin/../lib/gcc/sh-coff/3.4-GNUSH_v0501/../../../../sh-coff/lib/m2\libc.a(impure.o)
                0x0602386c                _impure_ptr
 .data          0x06023870      0x410 c:/saturn/SH_COFF/sh-coff/bin/../lib/gcc/sh-coff/3.4-GNUSH_v0501/../../../../sh-coff/lib/m2\libc.a(mallocr.o)
                0x06023878                __malloc_av_
                0x06023874                __malloc_trim_threshold
                0x06023870                __malloc_sbrk_base
                0x06023c80                __edata = .

.bss            0x06023c80       0xd4
                0x06023c80                __bstart = .
 *(.bss)
 .bss           0x06023c80       0x30 main.o
                0x06023c84                bg2X
                0x06023c88                screenY
                0x06023c94                state
                0x06023c8c                screenX
                0x06023c98                headNode
                0x06023c90                scaleSpeed
                0x06023c80                bg2Y
 .bss           0x06023cb0       0x10 c:/saturn/SH_COFF/sh-coff/bin/../lib/gcc/sh-coff/3.4-GNUSH_v0501/m2\libgcc.a(__main.o)
 .bss           0x06023cc0       0x10 c:/saturn/SH_COFF/sh-coff/bin/../lib/gcc/sh-coff/3.4-GNUSH_v0501/../../../../sh-coff/lib/m2\libc.a(atexit.o)
 .bss           0x06023cd0       0x40 c:/saturn/SH_COFF/sh-coff/bin/../lib/gcc/sh-coff/3.4-GNUSH_v0501/../../../../sh-coff/lib/m2\libc.a(mallocr.o)
                0x06023d00                __malloc_top_pad
                0x06023cd0                __malloc_current_mallinfo
                0x06023cfc                __malloc_max_sbrked_mem
                0x06023cf8                __malloc_max_total_mem
 .bss           0x06023d10       0x10 c:/saturn/SH_COFF/sh-coff/bin/../lib/gcc/sh-coff/3.4-GNUSH_v0501/../../../../sh-coff/lib/m2\libc.a(syscalls.o)
 *(COMMON)
 COMMON         0x06023d20       0x28 main.o
                                  0x0 (size before relaxing)
                0x06023d20                defaultSprite
 *fill*         0x06023d48        0x8 00
 COMMON         0x06023d50        0x4 c:/saturn/SH_COFF/sh-coff/bin/../lib/gcc/sh-coff/3.4-GNUSH_v0501/../../../../sh-coff/lib/m2\libc.a(syscalls.o)
                                  0x0 (size before relaxing)
                0x06023d50                errno
                0x06023d54                __bend = .
                0x06023d54                _end = .
LOAD C:\saturn\sgl302j\SAMPLE\common/cinit.o
LOAD C:\saturn\sgl302j/lib/sglarea.o
LOAD main.o
LOAD assets.o
LOAD scrollfunctions.o
LOAD C:\saturn\sgl302j/lib\libsgl.a
LOAD c:/saturn/SH_COFF/sh-coff/bin/../lib/gcc/sh-coff/3.4-GNUSH_v0501/m2\libgcc.a
LOAD c:/saturn/SH_COFF/sh-coff/bin/../lib/gcc/sh-coff/3.4-GNUSH_v0501/../../../../sh-coff/lib/m2\libc.a
LOAD c:/saturn/SH_COFF/sh-coff/bin/../lib/gcc/sh-coff/3.4-GNUSH_v0501/m2\libgcc.a
OUTPUT(sl.coff coff-sh)

.comment        0x06023d60      0x320
 .comment       0x06023d60       0x20 C:\saturn\sgl302j\SAMPLE\common/cinit.o
 .comment       0x06023d80       0x20 main.o
 .comment       0x06023da0       0x20 assets.o
 .comment       0x06023dc0       0x20 scrollfunctions.o
 .comment       0x06023de0       0x20 c:/saturn/SH_COFF/sh-coff/bin/../lib/gcc/sh-coff/3.4-GNUSH_v0501/m2\libgcc.a(__main.o)
 .comment       0x06023e00       0x20 c:/saturn/SH_COFF/sh-coff/bin/../lib/gcc/sh-coff/3.4-GNUSH_v0501/m2\libgcc.a(_si_to_df.o)
 .comment       0x06023e20       0x20 c:/saturn/SH_COFF/sh-coff/bin/../lib/gcc/sh-coff/3.4-GNUSH_v0501/m2\libgcc.a(_mul_df.o)
 .comment       0x06023e40       0x20 c:/saturn/SH_COFF/sh-coff/bin/../lib/gcc/sh-coff/3.4-GNUSH_v0501/m2\libgcc.a(_div_df.o)
 .comment       0x06023e60       0x20 c:/saturn/SH_COFF/sh-coff/bin/../lib/gcc/sh-coff/3.4-GNUSH_v0501/m2\libgcc.a(_df_to_si.o)
 .comment       0x06023e80       0x20 c:/saturn/SH_COFF/sh-coff/bin/../lib/gcc/sh-coff/3.4-GNUSH_v0501/m2\libgcc.a(_pack_df.o)
 .comment       0x06023ea0       0x20 c:/saturn/SH_COFF/sh-coff/bin/../lib/gcc/sh-coff/3.4-GNUSH_v0501/m2\libgcc.a(_unpack_df.o)
 .comment       0x06023ec0       0x20 c:/saturn/SH_COFF/sh-coff/bin/../lib/gcc/sh-coff/3.4-GNUSH_v0501/m2\libgcc.a(_thenan_df.o)
 .comment       0x06023ee0       0x20 c:/saturn/SH_COFF/sh-coff/bin/../lib/gcc/sh-coff/3.4-GNUSH_v0501/m2\libgcc.a(_lshrdi3.o)
 .comment       0x06023f00       0x20 c:/saturn/SH_COFF/sh-coff/bin/../lib/gcc/sh-coff/3.4-GNUSH_v0501/m2\libgcc.a(_ashldi3.o)
 .comment       0x06023f20       0x20 c:/saturn/SH_COFF/sh-coff/bin/../lib/gcc/sh-coff/3.4-GNUSH_v0501/../../../../sh-coff/lib/m2\libc.a(malloc.o)
 .comment       0x06023f40       0x20 c:/saturn/SH_COFF/sh-coff/bin/../lib/gcc/sh-coff/3.4-GNUSH_v0501/../../../../sh-coff/lib/m2\libc.a(atexit.o)
 .comment       0x06023f60       0x20 c:/saturn/SH_COFF/sh-coff/bin/../lib/gcc/sh-coff/3.4-GNUSH_v0501/../../../../sh-coff/lib/m2\libc.a(impure.o)
 .comment       0x06023f80       0x20 c:/saturn/SH_COFF/sh-coff/bin/../lib/gcc/sh-coff/3.4-GNUSH_v0501/../../../../sh-coff/lib/m2\libc.a(mallocr.o)
 .comment       0x06023fa0       0x20 c:/saturn/SH_COFF/sh-coff/bin/../lib/gcc/sh-coff/3.4-GNUSH_v0501/../../../../sh-coff/lib/m2\libc.a(freer.o)
 .comment       0x06023fc0       0x20 c:/saturn/SH_COFF/sh-coff/bin/../lib/gcc/sh-coff/3.4-GNUSH_v0501/../../../../sh-coff/lib/m2\libc.a(mlock.o)
 .comment       0x06023fe0       0x20 c:/saturn/SH_COFF/sh-coff/bin/../lib/gcc/sh-coff/3.4-GNUSH_v0501/../../../../sh-coff/lib/m2\libc.a(sbrkr.o)
 .comment       0x06024000       0x20 c:/saturn/SH_COFF/sh-coff/bin/../lib/gcc/sh-coff/3.4-GNUSH_v0501/../../../../sh-coff/lib/m2\libc.a(syscalls.o)
 .comment       0x06024020       0x20 c:/saturn/SH_COFF/sh-coff/bin/../lib/gcc/sh-coff/3.4-GNUSH_v0501/../../../../sh-coff/lib/m2\libc.a(abort.o)
 .comment       0x06024040       0x20 c:/saturn/SH_COFF/sh-coff/bin/../lib/gcc/sh-coff/3.4-GNUSH_v0501/../../../../sh-coff/lib/m2\libc.a(signal.o)
 .comment       0x06024060       0x20 c:/saturn/SH_COFF/sh-coff/bin/../lib/gcc/sh-coff/3.4-GNUSH_v0501/../../../../sh-coff/lib/m2\libc.a(signalr.o)
