Archive member included because of file (symbol)

C:\saturn\sgl302j/lib\libsgl.a(sglIc0.o)
                              main.o (slInitSystem)
C:\saturn\sgl302j/lib\libsgl.a(sglH00.o)
                              C:\saturn\sgl302j/lib\libsgl.a(sglIc0.o) (slInitPeripheral)
C:\saturn\sgl302j/lib\libsgl.a(sglF00.o)
                              game.o (slLocate)
C:\saturn\sgl302j/lib\libsgl.a(sglF05.o)
                              game.o (slPrint)
C:\saturn\sgl302j/lib\libsgl.a(sglF03.o)
                              game.o (slPrintFX)
C:\saturn\sgl302j/lib\libsgl.a(sglB015.o)
                              game.o (slScrAutoDisp)
C:\saturn\sgl302j/lib\libsgl.a(sglI01.o)
                              C:\saturn\sgl302j/lib\libsgl.a(sglIc0.o) (slInitSynch)
C:\saturn\sgl302j/lib\libsgl.a(sglA01.o)
                              game.o (slSin)
C:\saturn\sgl302j/lib\libsgl.a(sglF02.o)
                              game.o (slPrintHex)
C:\saturn\sgl302j/lib\libsgl.a(sglC06.o)
                              game.o (slDispSprite)
C:\saturn\sgl302j/lib\libsgl.a(sglA06.o)
                              game.o (slMulFX)
C:\saturn\sgl302j/lib\libsgl.a(sglB001.o)
                              game.o (slTVOn)
C:\saturn\sgl302j/lib\libsgl.a(sglD00.o)
                              game.o (slDMACopy)
C:\saturn\sgl302j/lib\libsgl.a(sglB002.o)
                              game.o (slColRAMMode)
C:\saturn\sgl302j/lib\libsgl.a(sglB016.o)
                              game.o (slBack1ColSet)
C:\saturn\sgl302j/lib\libsgl.a(sglB200.o)
                              linescroll.o (slCharNbg1)
C:\saturn\sgl302j/lib\libsgl.a(sglB058.o)
                              game.o (slPlaneNbg3)
C:\saturn\sgl302j/lib\libsgl.a(sglB034.o)
                              game.o (slMapNbg3)
C:\saturn\sgl302j/lib\libsgl.a(sglB073.o)
                              game.o (slScrPosNbg3)
C:\saturn\sgl302j/lib\libsgl.a(sglB063.o)
                              game.o (slPriority)
C:\saturn\sgl302j/lib\libsgl.a(sglB020.o)
                              game.o (slColorCalc)
C:\saturn\sgl302j/lib\libsgl.a(sglB023.o)
                              game.o (slColRate)
C:\saturn\sgl302j/lib\libsgl.a(sglB056.o)
                              linescroll.o (slPlaneNbg1)
C:\saturn\sgl302j/lib\libsgl.a(sglB032.o)
                              linescroll.o (slMapNbg1)
C:\saturn\sgl302j/lib\libsgl.a(sglB090.o)
                              linescroll.o (slLineScrollMode)
C:\saturn\sgl302j/lib\libsgl.a(sglB088.o)
                              linescroll.o (slLineScrollTable1)
C:\saturn\sgl302j/lib\libsgl.a(sglB071.o)
                              linescroll.o (slScrPosNbg1)
C:\saturn\sgl302j/lib\libsgl.a(sglB057.o)
                              tilemap.o (slPlaneNbg2)
C:\saturn\sgl302j/lib\libsgl.a(sglB033.o)
                              tilemap.o (slMapNbg2)
C:\saturn\sgl302j/lib\libsgl.a(sglB072.o)
                              tilemap.o (slScrPosNbg2)
C:\saturn\sgl302j/lib\libsgl.a(sglA00.o)
                              C:\saturn\sgl302j/lib\libsgl.a(sglIc0.o) (_builtin_set_imask)
C:\saturn\sgl302j/lib\libsgl.a(sglK01.o)
                              C:\saturn\sgl302j/lib\libsgl.a(sglIc0.o) (SynchCount)
C:\saturn\sgl302j/lib\libsgl.a(sglJ00.o)
                              C:\saturn\sgl302j/lib\libsgl.a(sglIc0.o) (InitSlaveSH)
C:\saturn\sgl302j/lib\libsgl.a(sglA20.o)
                              C:\saturn\sgl302j/lib\libsgl.a(sglIc0.o) (slInitMatrix)
C:\saturn\sgl302j/lib\libsgl.a(sglB000.o)
                              C:\saturn\sgl302j/lib\libsgl.a(sglIc0.o) (slInitScroll)
C:\saturn\sgl302j/lib\libsgl.a(sglJ01.o)
                              C:\saturn\sgl302j/lib\libsgl.a(sglIc0.o) (SlaveControl)
C:\saturn\sgl302j/lib\libsgl.a(sglI00.o)
                              C:\saturn\sgl302j/lib\libsgl.a(sglIc0.o) (slInitInterrupt)
C:\saturn\sgl302j/lib\libsgl.a(sglC00.o)
                              C:\saturn\sgl302j/lib\libsgl.a(sglIc0.o) (slInitSprite)
C:\saturn\sgl302j/lib\libsgl.a(sglH02.o)
                              C:\saturn\sgl302j/lib\libsgl.a(sglH00.o) (smpc_pfr_tbl)
C:\saturn\sgl302j/lib\libsgl.a(sglH04.o)
                              C:\saturn\sgl302j/lib\libsgl.a(sglH00.o) (slComPrmIntBack)
C:\saturn\sgl302j/lib\libsgl.a(sglC20.o)
                              C:\saturn\sgl302j/lib\libsgl.a(sglC06.o) (SpriteEntry)
C:\saturn\sgl302j/lib\libsgl.a(sglB035.o)
                              C:\saturn\sgl302j/lib\libsgl.a(sglB200.o) (rbank_set)
C:\saturn\sgl302j/lib\libsgl.a(sglJ03.o)
                              C:\saturn\sgl302j/lib\libsgl.a(sglJ01.o) (sbMakeDMATable)
C:\saturn\sgl302j/lib\libsgl.a(sglJ02.o)
                              C:\saturn\sgl302j/lib\libsgl.a(sglJ01.o) (sbMakePolygon)
C:\saturn\sgl302j/lib\libsgl.a(sglJ04.o)
                              C:\saturn\sgl302j/lib\libsgl.a(sglJ01.o) (sbMakeSprite)
C:\saturn\sgl302j/lib\libsgl.a(sglJ05.o)
                              C:\saturn\sgl302j/lib\libsgl.a(sglJ01.o) (sbSortEntry)
C:\saturn\sgl302j/lib\libsgl.a(sglH03.o)
                              C:\saturn\sgl302j/lib\libsgl.a(sglI00.o) (slSmpcIntBack)
C:\saturn\sgl302j/lib\libsgl.a(sglM01.o)
                              C:\saturn\sgl302j/lib\libsgl.a(sglJ02.o) (DepthWorkArea)
c:/saturn/SH_COFF/sh-coff/bin/../lib/gcc/sh-coff/3.4-GNUSH_v0501/m2\libgcc.a(__main.o)
                              C:\saturn\sgl302j\SAMPLE\common/cinit.o (__main)
c:/saturn/SH_COFF/sh-coff/bin/../lib/gcc/sh-coff/3.4-GNUSH_v0501/m2\libgcc.a(_si_to_df.o)
                              game.o (__floatsidf)
c:/saturn/SH_COFF/sh-coff/bin/../lib/gcc/sh-coff/3.4-GNUSH_v0501/m2\libgcc.a(_mul_df.o)
                              game.o (__muldf3)
c:/saturn/SH_COFF/sh-coff/bin/../lib/gcc/sh-coff/3.4-GNUSH_v0501/m2\libgcc.a(_div_df.o)
                              game.o (__divdf3)
c:/saturn/SH_COFF/sh-coff/bin/../lib/gcc/sh-coff/3.4-GNUSH_v0501/m2\libgcc.a(_df_to_si.o)
                              game.o (__fixdfsi)
c:/saturn/SH_COFF/sh-coff/bin/../lib/gcc/sh-coff/3.4-GNUSH_v0501/m2\libgcc.a(_ashiftrt_n.o)
                              game.o (__ashrsi3)
c:/saturn/SH_COFF/sh-coff/bin/../lib/gcc/sh-coff/3.4-GNUSH_v0501/m2\libgcc.a(_pack_df.o)
                              c:/saturn/SH_COFF/sh-coff/bin/../lib/gcc/sh-coff/3.4-GNUSH_v0501/m2\libgcc.a(_si_to_df.o) (__pack_d)
c:/saturn/SH_COFF/sh-coff/bin/../lib/gcc/sh-coff/3.4-GNUSH_v0501/m2\libgcc.a(_unpack_df.o)
                              c:/saturn/SH_COFF/sh-coff/bin/../lib/gcc/sh-coff/3.4-GNUSH_v0501/m2\libgcc.a(_mul_df.o) (__unpack_d)
c:/saturn/SH_COFF/sh-coff/bin/../lib/gcc/sh-coff/3.4-GNUSH_v0501/m2\libgcc.a(_thenan_df.o)
                              c:/saturn/SH_COFF/sh-coff/bin/../lib/gcc/sh-coff/3.4-GNUSH_v0501/m2\libgcc.a(_mul_df.o) (__thenan_df)
c:/saturn/SH_COFF/sh-coff/bin/../lib/gcc/sh-coff/3.4-GNUSH_v0501/m2\libgcc.a(_lshrdi3.o)
                              c:/saturn/SH_COFF/sh-coff/bin/../lib/gcc/sh-coff/3.4-GNUSH_v0501/m2\libgcc.a(_df_to_si.o) (__lshrdi3)
c:/saturn/SH_COFF/sh-coff/bin/../lib/gcc/sh-coff/3.4-GNUSH_v0501/m2\libgcc.a(_ashldi3.o)
                              c:/saturn/SH_COFF/sh-coff/bin/../lib/gcc/sh-coff/3.4-GNUSH_v0501/m2\libgcc.a(_pack_df.o) (__ashldi3)
c:/saturn/SH_COFF/sh-coff/bin/../lib/gcc/sh-coff/3.4-GNUSH_v0501/m2\libgcc.a(_ashiftlt.o)
                              c:/saturn/SH_COFF/sh-coff/bin/../lib/gcc/sh-coff/3.4-GNUSH_v0501/m2\libgcc.a(_lshrdi3.o) (__ashlsi3)
c:/saturn/SH_COFF/sh-coff/bin/../lib/gcc/sh-coff/3.4-GNUSH_v0501/m2\libgcc.a(_lshiftrt.o)
                              c:/saturn/SH_COFF/sh-coff/bin/../lib/gcc/sh-coff/3.4-GNUSH_v0501/m2\libgcc.a(_lshrdi3.o) (__lshrsi3)
c:/saturn/SH_COFF/sh-coff/bin/../lib/gcc/sh-coff/3.4-GNUSH_v0501/../../../../sh-coff/lib/m2\libc.a(memcpy.o)
                              game.o (memcpy)
c:/saturn/SH_COFF/sh-coff/bin/../lib/gcc/sh-coff/3.4-GNUSH_v0501/../../../../sh-coff/lib/m2\libc.a(memset.o)
                              spritelist.o (memset)
c:/saturn/SH_COFF/sh-coff/bin/../lib/gcc/sh-coff/3.4-GNUSH_v0501/../../../../sh-coff/lib/m2\libc.a(atexit.o)
                              c:/saturn/SH_COFF/sh-coff/bin/../lib/gcc/sh-coff/3.4-GNUSH_v0501/m2\libgcc.a(__main.o) (atexit)
c:/saturn/SH_COFF/sh-coff/bin/../lib/gcc/sh-coff/3.4-GNUSH_v0501/../../../../sh-coff/lib/m2\libc.a(impure.o)
                              c:/saturn/SH_COFF/sh-coff/bin/../lib/gcc/sh-coff/3.4-GNUSH_v0501/../../../../sh-coff/lib/m2\libc.a(atexit.o) (_impure_ptr)
c:/saturn/SH_COFF/sh-coff/bin/../lib/gcc/sh-coff/3.4-GNUSH_v0501/../../../../sh-coff/lib/m2\libc.a(malloc.o)
                              c:/saturn/SH_COFF/sh-coff/bin/../lib/gcc/sh-coff/3.4-GNUSH_v0501/../../../../sh-coff/lib/m2\libc.a(atexit.o) (malloc)
c:/saturn/SH_COFF/sh-coff/bin/../lib/gcc/sh-coff/3.4-GNUSH_v0501/../../../../sh-coff/lib/m2\libc.a(mallocr.o)
                              c:/saturn/SH_COFF/sh-coff/bin/../lib/gcc/sh-coff/3.4-GNUSH_v0501/../../../../sh-coff/lib/m2\libc.a(malloc.o) (_malloc_r)
c:/saturn/SH_COFF/sh-coff/bin/../lib/gcc/sh-coff/3.4-GNUSH_v0501/../../../../sh-coff/lib/m2\libc.a(freer.o)
                              c:/saturn/SH_COFF/sh-coff/bin/../lib/gcc/sh-coff/3.4-GNUSH_v0501/../../../../sh-coff/lib/m2\libc.a(malloc.o) (_free_r)
c:/saturn/SH_COFF/sh-coff/bin/../lib/gcc/sh-coff/3.4-GNUSH_v0501/../../../../sh-coff/lib/m2\libc.a(mlock.o)
                              c:/saturn/SH_COFF/sh-coff/bin/../lib/gcc/sh-coff/3.4-GNUSH_v0501/../../../../sh-coff/lib/m2\libc.a(mallocr.o) (__malloc_lock)
c:/saturn/SH_COFF/sh-coff/bin/../lib/gcc/sh-coff/3.4-GNUSH_v0501/../../../../sh-coff/lib/m2\libc.a(sbrkr.o)
                              c:/saturn/SH_COFF/sh-coff/bin/../lib/gcc/sh-coff/3.4-GNUSH_v0501/../../../../sh-coff/lib/m2\libc.a(mallocr.o) (_sbrk_r)
c:/saturn/SH_COFF/sh-coff/bin/../lib/gcc/sh-coff/3.4-GNUSH_v0501/../../../../sh-coff/lib/m2\libc.a(syscalls.o)
                              c:/saturn/SH_COFF/sh-coff/bin/../lib/gcc/sh-coff/3.4-GNUSH_v0501/../../../../sh-coff/lib/m2\libc.a(sbrkr.o) (_sbrk)
c:/saturn/SH_COFF/sh-coff/bin/../lib/gcc/sh-coff/3.4-GNUSH_v0501/../../../../sh-coff/lib/m2\libc.a(trap.o)
                              c:/saturn/SH_COFF/sh-coff/bin/../lib/gcc/sh-coff/3.4-GNUSH_v0501/../../../../sh-coff/lib/m2\libc.a(syscalls.o) (__trap34)
c:/saturn/SH_COFF/sh-coff/bin/../lib/gcc/sh-coff/3.4-GNUSH_v0501/../../../../sh-coff/lib/m2\libc.a(abort.o)
                              c:/saturn/SH_COFF/sh-coff/bin/../lib/gcc/sh-coff/3.4-GNUSH_v0501/../../../../sh-coff/lib/m2\libc.a(syscalls.o) (abort)
c:/saturn/SH_COFF/sh-coff/bin/../lib/gcc/sh-coff/3.4-GNUSH_v0501/../../../../sh-coff/lib/m2\libc.a(signal.o)
                              c:/saturn/SH_COFF/sh-coff/bin/../lib/gcc/sh-coff/3.4-GNUSH_v0501/../../../../sh-coff/lib/m2\libc.a(abort.o) (raise)
c:/saturn/SH_COFF/sh-coff/bin/../lib/gcc/sh-coff/3.4-GNUSH_v0501/../../../../sh-coff/lib/m2\libc.a(signalr.o)
                              c:/saturn/SH_COFF/sh-coff/bin/../lib/gcc/sh-coff/3.4-GNUSH_v0501/../../../../sh-coff/lib/m2\libc.a(signal.o) (_kill_r)
c:/saturn/SH_COFF/sh-coff/bin/../lib/gcc/sh-coff/3.4-GNUSH_v0501/m2\libgcc.a(_udivsi3.o)
                              c:/saturn/SH_COFF/sh-coff/bin/../lib/gcc/sh-coff/3.4-GNUSH_v0501/../../../../sh-coff/lib/m2\libc.a(freer.o) (__udivsi3)

Allocating common symbols
Common symbol       size              file

sprites             0x1c20            game.o
numSprites          0x1               game.o
playfield           0x800             game.o
eye1Index           0x4               game.o
defaultSprite       0x24              game.o
bgLayers            0x2               game.o
eye2Index           0x4               game.o
errno               0x4               c:/saturn/SH_COFF/sh-coff/bin/../lib/gcc/sh-coff/3.4-GNUSH_v0501/../../../../sh-coff/lib/m2\libc.a(syscalls.o)
gameState           0x4               game.o
dispFace            0x1               game.o

Memory Configuration

Name             Origin             Length             Attributes
*default*        0x00000000         0xffffffff

Linker script and memory map


SLSTART         0x06004000       0x30
                0x06004000                ___Start = .
 *(SLSTART)
 SLSTART        0x06004000       0x28 C:\saturn\sgl302j/lib\libsgl.a(sglI00.o)
                0x06004002                slStartSGL
                0x06004000                SGL_Start

.text           0x06004040     0x40a0
 *(.text)
 .text          0x06004040       0x50 C:\saturn\sgl302j\SAMPLE\common/cinit.o
                0x06004040                main
 .text          0x06004090       0x70 main.o
                0x06004090                ss_main
 .text          0x06004100     0x1780 game.o
                0x06004ff0                loadSpritePos
                0x06004fc0                loadLevel
                0x06005210                runLevel
 .text          0x06005880      0x1f0 linescroll.o
                0x060059d0                updateLinescroll
                0x06005880                initLinescroll
 .text          0x06005a70       0xf0 scrollfunctions.o
                0x06005b10                MapRead
                0x06005b30                Pal2CRAM
                0x06005a90                Map2VRAM
                0x06005af0                MapWrite
                0x06005a70                Cel2VRAM
 .text          0x06005b60       0xd0 spritelist.o
                0x06005be0                deleteSprite
                0x06005b60                addSprite
                0x06005c10                clearSpriteList
 .text          0x06005c30      0x1c0 tilemap.o
                0x06005c30                initTilemap
                0x06005d90                updateTilemap
 .text          0x06005df0      0x128 C:\saturn\sgl302j/lib\libsgl.a(sglIc0.o)
                0x06005df0                slInitSystem
 *fill*         0x06005f18        0x8 00
 .text          0x06005f20       0xc0 c:/saturn/SH_COFF/sh-coff/bin/../lib/gcc/sh-coff/3.4-GNUSH_v0501/m2\libgcc.a(__main.o)
                0x06005fa0                __main
                0x06005f20                __do_global_dtors
                0x06005f60                __do_global_ctors
 .text          0x06005fe0      0x110 c:/saturn/SH_COFF/sh-coff/bin/../lib/gcc/sh-coff/3.4-GNUSH_v0501/m2\libgcc.a(_si_to_df.o)
                0x06005ff0                __floatsidf
 .text          0x060060f0      0x2c0 c:/saturn/SH_COFF/sh-coff/bin/../lib/gcc/sh-coff/3.4-GNUSH_v0501/m2\libgcc.a(_mul_df.o)
                0x06006110                __muldf3
 .text          0x060063b0      0x180 c:/saturn/SH_COFF/sh-coff/bin/../lib/gcc/sh-coff/3.4-GNUSH_v0501/m2\libgcc.a(_div_df.o)
                0x060063c0                __divdf3
 .text          0x06006530       0x90 c:/saturn/SH_COFF/sh-coff/bin/../lib/gcc/sh-coff/3.4-GNUSH_v0501/m2\libgcc.a(_df_to_si.o)
                0x06006530                __fixdfsi
 .text          0x060065c0       0x80 c:/saturn/SH_COFF/sh-coff/bin/../lib/gcc/sh-coff/3.4-GNUSH_v0501/m2\libgcc.a(_ashiftrt_n.o)
                0x060065c0                __ashrsi3
 .text          0x06006640      0x270 c:/saturn/SH_COFF/sh-coff/bin/../lib/gcc/sh-coff/3.4-GNUSH_v0501/m2\libgcc.a(_pack_df.o)
                0x06006660                __pack_d
 .text          0x060068b0      0x160 c:/saturn/SH_COFF/sh-coff/bin/../lib/gcc/sh-coff/3.4-GNUSH_v0501/m2\libgcc.a(_unpack_df.o)
                0x060068d0                __unpack_d
 .text          0x06006a10       0x20 c:/saturn/SH_COFF/sh-coff/bin/../lib/gcc/sh-coff/3.4-GNUSH_v0501/m2\libgcc.a(_thenan_df.o)
                0x06006a10                __thenan_df
 .text          0x06006a30       0x90 c:/saturn/SH_COFF/sh-coff/bin/../lib/gcc/sh-coff/3.4-GNUSH_v0501/m2\libgcc.a(_lshrdi3.o)
                0x06006a30                __lshrdi3
 .text          0x06006ac0       0x90 c:/saturn/SH_COFF/sh-coff/bin/../lib/gcc/sh-coff/3.4-GNUSH_v0501/m2\libgcc.a(_ashldi3.o)
                0x06006ac0                __ashldi3
 .text          0x06006b50       0x90 c:/saturn/SH_COFF/sh-coff/bin/../lib/gcc/sh-coff/3.4-GNUSH_v0501/m2\libgcc.a(_ashiftlt.o)
                0x06006b50                __ashlsi3
 .text          0x06006be0       0x90 c:/saturn/SH_COFF/sh-coff/bin/../lib/gcc/sh-coff/3.4-GNUSH_v0501/m2\libgcc.a(_lshiftrt.o)
                0x06006be0                __lshrsi3
 .text          0x06006c70       0xa0 c:/saturn/SH_COFF/sh-coff/bin/../lib/gcc/sh-coff/3.4-GNUSH_v0501/../../../../sh-coff/lib/m2\libc.a(memcpy.o)
                0x06006c70                memcpy
 .text          0x06006d10       0x40 c:/saturn/SH_COFF/sh-coff/bin/../lib/gcc/sh-coff/3.4-GNUSH_v0501/../../../../sh-coff/lib/m2\libc.a(memset.o)
                0x06006d10                memset
 .text          0x06006d50       0xa0 c:/saturn/SH_COFF/sh-coff/bin/../lib/gcc/sh-coff/3.4-GNUSH_v0501/../../../../sh-coff/lib/m2\libc.a(atexit.o)
                0x06006d50                atexit
 .text          0x06006df0       0x10 c:/saturn/SH_COFF/sh-coff/bin/../lib/gcc/sh-coff/3.4-GNUSH_v0501/../../../../sh-coff/lib/m2\libc.a(impure.o)
                0x06006df0                _global_impure_ptr
 .text          0x06006e00       0x40 c:/saturn/SH_COFF/sh-coff/bin/../lib/gcc/sh-coff/3.4-GNUSH_v0501/../../../../sh-coff/lib/m2\libc.a(malloc.o)
                0x06006e20                free
                0x06006e00                malloc
 .text          0x06006e40      0x680 c:/saturn/SH_COFF/sh-coff/bin/../lib/gcc/sh-coff/3.4-GNUSH_v0501/../../../../sh-coff/lib/m2\libc.a(mallocr.o)
                0x06006e40                _malloc_r
 .text          0x060074c0      0x3b0 c:/saturn/SH_COFF/sh-coff/bin/../lib/gcc/sh-coff/3.4-GNUSH_v0501/../../../../sh-coff/lib/m2\libc.a(freer.o)
                0x060074c0                _malloc_trim_r
                0x060075c0                _free_r
 .text          0x06007870       0x20 c:/saturn/SH_COFF/sh-coff/bin/../lib/gcc/sh-coff/3.4-GNUSH_v0501/../../../../sh-coff/lib/m2\libc.a(mlock.o)
                0x06007870                __malloc_lock
                0x06007880                __malloc_unlock
 .text          0x06007890       0x50 c:/saturn/SH_COFF/sh-coff/bin/../lib/gcc/sh-coff/3.4-GNUSH_v0501/../../../../sh-coff/lib/m2\libc.a(sbrkr.o)
                0x06007890                _sbrk_r
 .text          0x060078e0      0x430 c:/saturn/SH_COFF/sh-coff/bin/../lib/gcc/sh-coff/3.4-GNUSH_v0501/../../../../sh-coff/lib/m2\libc.a(syscalls.o)
                0x06007a90                _exit
                0x06007ad0                _getpid
                0x06007b50                _utime
                0x06007920                _write
                0x060078e0                _read
                0x06007a70                _unlink
                0x06007a30                _open
                0x06007af0                _stat
                0x06007a80                isatty
                0x06007b90                _wait
                0x06007ab0                _kill
                0x06007b10                _chmod
                0x06007bd0                _execv
                0x06007bb0                _execve
                0x06007cd0                __setup_argv_and_call_main
                0x06007c20                _gettimeofday
                0x06007960                _link
                0x06007ae0                _raise
                0x06007a50                _creat
                0x06007bf0                _pipe
                0x06007b30                _chown
                0x06007900                _lseek
                0x06007940                _close
                0x06007c10                _times
                0x06007a10                _fstat
                0x06007b70                _fork
                0x06007990                _sbrk
 .text          0x06007d10       0x20 c:/saturn/SH_COFF/sh-coff/bin/../lib/gcc/sh-coff/3.4-GNUSH_v0501/../../../../sh-coff/lib/m2\libc.a(trap.o)
                0x06007d10                __trap34
 .text          0x06007d30       0x20 c:/saturn/SH_COFF/sh-coff/bin/../lib/gcc/sh-coff/3.4-GNUSH_v0501/../../../../sh-coff/lib/m2\libc.a(abort.o)
                0x06007d30                abort
 .text          0x06007d50      0x2c0 c:/saturn/SH_COFF/sh-coff/bin/../lib/gcc/sh-coff/3.4-GNUSH_v0501/../../../../sh-coff/lib/m2\libc.a(signal.o)
                0x06007e30                _raise_r
                0x06007ff0                __sigtramp
                0x06007f90                raise
                0x06007fd0                _init_signal
                0x06007f10                __sigtramp_r
                0x06007fb0                signal
                0x06007da0                _signal_r
                0x06007d50                _init_signal_r
 .text          0x06008010       0x60 c:/saturn/SH_COFF/sh-coff/bin/../lib/gcc/sh-coff/3.4-GNUSH_v0501/../../../../sh-coff/lib/m2\libc.a(signalr.o)
                0x06008060                _getpid_r
                0x06008010                _kill_r
 .text          0x06008070       0x70 c:/saturn/SH_COFF/sh-coff/bin/../lib/gcc/sh-coff/3.4-GNUSH_v0501/m2\libgcc.a(_udivsi3.o)
                0x06008092                __udivsi3
 *(.strings)
                0x060080e0                __etext = .

SLPROG          0x060080e0    0x102d0
                0x060080e0                __slprog_start = .
 *(SLPROG)
 SLPROG         0x060080e0     0x6540 C:\saturn\sgl302j/lib/sglarea.o
                0x060080fc                SpriteBuf
                0x06008120                RemainEvent
                0x060080ec                SortList
                0x060080ea                MaxPolygons
                0x06008108                CommandBuf
                0x0600811c                MaxWorks
                0x0600811e                WorkSize
                0x06008114                PCM_WkSize
                0x0600810c                CLOfstBuf
                0x06008220                RemainWork
                0x06008110                PCM_Work
                0x060080e0                MasterStack
                0x060080e4                SlaveStack
                0x060080e8                MaxVertices
                0x06008118                MaxEvents
                0x060080f8                Zbuffer
                0x06008100                SpriteBufSize
                0x0600a620                WorkBuf
                0x060080f4                TransList
                0x06008104                Pbuffer
                0x060080f0                SortListSize
                0x0600811a                EventSize
                0x06008620                EventBuf
 SLPROG         0x0600e620      0xfc8 C:\saturn\sgl302j/lib\libsgl.a(sglH00.o)
                0x0600e6bc                slSetPortData1
                0x0600e6ac                slGetPortData1
                0x0600ee9a                slSetPortMode1
                0x0600f0d4                Smpc_Status
                0x0600e672                slSetPortDir2
                0x0600ecb8                slSmpcCashSend
                0x0600e6d8                slGetPortSelect1
                0x0600eabe                slIntBackCancel
                0x0600e770                slSetPortExt1
                0x0600ee80                slGetPortMode1
                0x0600ed74                slSmpcCashBlow
                0x0600f064                slRequestCommand
                0x0600f104                SmpcStatusBuf
                0x0600e6c6                slSetPortData2
                0x0600ea26                slSetResultBuffer
                0x0600e75c                slGetPortExt1
                0x0600e7a0                slSetPortExt2
                0x0600e640                slGetPortDir2
                0x0600e766                slGetPortExt2
                0x0600eaf2                slClearReset
                0x0600eae8                slCheckReset
                0x0600e648                slSetPortDir1
                0x0600e720                slSetPortSelect2
                0x0600e6ec                slSetPortSelect1
                0x0600ee8c                slGetPortMode2
                0x0600e6e2                slGetPortSelect2
                0x0600e638                slGetPortDir1
                0x0600e6b4                slGetPortData2
                0x0600ee5a                slSetOptimize
                0x0600ee50                slGetOptimize
                0x0600e914                slSmpcDirectAccess
                0x0600f0e2                Per_Connect1
                0x0600e994                slInitPeripheral
                0x0600eab2                slCheckIntBackSet
                0x0600f0e3                Per_Connect2
                0x0600f0dc                Smpc_Peripheral
                0x0600eed8                slSetPortMode2
                0x0600f0d8                Smpc_Result
 *fill*         0x0600f5e8        0x8 00
 SLPROG         0x0600f5f0       0x4e C:\saturn\sgl302j/lib\libsgl.a(sglF00.o)
                0x0600f60a                slLocate
                0x0600f600                slCurColor
                0x0600f63c                CurrentScreen
                0x0600f5f0                slCurScrn
 *fill*         0x0600f63e        0x2 00
 SLPROG         0x0600f640       0x1c C:\saturn\sgl302j/lib\libsgl.a(sglF05.o)
                0x0600f640                slPrint
 *fill*         0x0600f65c        0x4 00
 SLPROG         0x0600f660      0x12a C:\saturn\sgl302j/lib\libsgl.a(sglF03.o)
                0x0600f660                slPrintFX
 *fill*         0x0600f78a        0x6 00
 SLPROG         0x0600f790      0x40c C:\saturn\sgl302j/lib\libsgl.a(sglB015.o)
                0x0600f790                slScrAutoDisp
 *fill*         0x0600fb9c        0x4 00
 SLPROG         0x0600fba0      0x3a4 C:\saturn\sgl302j/lib\libsgl.a(sglI01.o)
                0x0600fd8a                RetPCMBuf
                0x0600fec4                Sound_Buf
                0x0600fba0                slInitSynch
                0x0600fcb0                slRandom
                0x0600fe24                PCM_Buf
                0x0600fbba                slSynch
                0x0600fcce                PCM_EndCheck
 *fill*         0x0600ff44        0xc 00
 SLPROG         0x0600ff50     0x411e C:\saturn\sgl302j/lib\libsgl.a(sglA01.o)
                0x0601002c                sin_cos_index_tbl
                0x0600ff50                slSin
                0x0601006c                sin_tbl
                0x0600ff98                GetSinCos
                0x0600ff74                slCos
 *fill*         0x0601406e        0x2 00
 SLPROG         0x06014070       0x3c C:\saturn\sgl302j/lib\libsgl.a(sglF02.o)
                0x06014070                slPrintHex
 *fill*         0x060140ac        0x4 00
 SLPROG         0x060140b0       0xfa C:\saturn\sgl302j/lib\libsgl.a(sglC06.o)
                0x060140b0                slDispSprite
 *fill*         0x060141aa        0x6 00
 SLPROG         0x060141b0        0xa C:\saturn\sgl302j/lib\libsgl.a(sglA06.o)
                0x060141b0                slMulFX
 *fill*         0x060141ba        0x6 00
 SLPROG         0x060141c0       0x20 C:\saturn\sgl302j/lib\libsgl.a(sglB001.o)
                0x060141c0                slTVOn
                0x060141ca                slTVOff
 SLPROG         0x060141e0       0x84 C:\saturn\sgl302j/lib\libsgl.a(sglD00.o)
                0x060141e0                slDMACopy
                0x060141e0                slCpuDMACopy
                0x0601423a                slCashPurge
                0x0601423a                CSH_AllClr
 *fill*         0x06014264        0xc 00
 SLPROG         0x06014270       0x1e C:\saturn\sgl302j/lib\libsgl.a(sglB002.o)
                0x06014270                slColRAMMode
 *fill*         0x0601428e        0x2 00
 SLPROG         0x06014290        0xc C:\saturn\sgl302j/lib\libsgl.a(sglB016.o)
                0x06014290                slBack1ColSet
 *fill*         0x0601429c        0x4 00
 SLPROG         0x060142a0      0x114 C:\saturn\sgl302j/lib\libsgl.a(sglB200.o)
                0x060142ac                slCharNbg0
                0x060142f2                slPageRbg0
                0x06014308                slPageNbg1
                0x060142b8                slCharNbg1
                0x06014324                slPageNbg0
                0x06014310                slPageNbg2
                0x06014318                slPageNbg3
                0x060142c4                slCharNbg2
                0x060142da                slCharNbg3
                0x060142a0                slCharRbg0
 *fill*         0x060143b4        0xc 00
 SLPROG         0x060143c0       0x10 C:\saturn\sgl302j/lib\libsgl.a(sglB058.o)
                0x060143c0                slPlaneNbg3
 SLPROG         0x060143d0       0xb4 C:\saturn\sgl302j/lib\libsgl.a(sglB034.o)
                0x060143d0                slMapNbg3
 *fill*         0x06014484        0xc 00
 SLPROG         0x06014490       0x10 C:\saturn\sgl302j/lib\libsgl.a(sglB073.o)
                0x06014490                slScrPosNbg3
 SLPROG         0x060144a0        0xc C:\saturn\sgl302j/lib\libsgl.a(sglB063.o)
                0x060144a0                slPriority
 *fill*         0x060144ac        0x4 00
 SLPROG         0x060144b0       0x10 C:\saturn\sgl302j/lib\libsgl.a(sglB020.o)
                0x060144b0                slColorCalc
 SLPROG         0x060144c0        0xc C:\saturn\sgl302j/lib\libsgl.a(sglB023.o)
                0x060144c0                slColRate
 *fill*         0x060144cc        0x4 00
 SLPROG         0x060144d0        0xc C:\saturn\sgl302j/lib\libsgl.a(sglB056.o)
                0x060144d0                slPlaneNbg1
 *fill*         0x060144dc        0x4 00
 SLPROG         0x060144e0       0xb4 C:\saturn\sgl302j/lib\libsgl.a(sglB032.o)
                0x060144e0                slMapNbg1
 *fill*         0x06014594        0xc 00
 SLPROG         0x060145a0        0xc C:\saturn\sgl302j/lib\libsgl.a(sglB090.o)
                0x060145a0                slLineScrollMode
 *fill*         0x060145ac        0x4 00
 SLPROG         0x060145b0        0x8 C:\saturn\sgl302j/lib\libsgl.a(sglB088.o)
                0x060145b0                slLineScrollTable1
 *fill*         0x060145b8        0x8 00
 SLPROG         0x060145c0        0xc C:\saturn\sgl302j/lib\libsgl.a(sglB071.o)
                0x060145c0                slScrPosNbg1
 *fill*         0x060145cc        0x4 00
 SLPROG         0x060145d0       0x10 C:\saturn\sgl302j/lib\libsgl.a(sglB057.o)
                0x060145d0                slPlaneNbg2
 SLPROG         0x060145e0       0xb0 C:\saturn\sgl302j/lib\libsgl.a(sglB033.o)
                0x060145e0                slMapNbg2
 SLPROG         0x06014690       0x10 C:\saturn\sgl302j/lib\libsgl.a(sglB072.o)
                0x06014690                slScrPosNbg2
 SLPROG         0x060146a0       0x20 C:\saturn\sgl302j/lib\libsgl.a(sglA00.o)
                0x060146b4                get_imask
                0x060146a0                set_imask
                0x060146a0                _builtin_set_imask
                0x060146b4                _builtin_get_imask
 SLPROG         0x060146c0       0x74 C:\saturn\sgl302j/lib\libsgl.a(sglJ00.o)
                0x060146c0                InitSlaveSH
                0x06014728                SlaveCommand
 *fill*         0x06014734        0xc 00
 SLPROG         0x06014740      0x42c C:\saturn\sgl302j/lib\libsgl.a(sglA20.o)
                0x06014740                slInitMatrix
                0x0601475e                slUnitMatrix
                0x0601474a                slPushUnitMatrix
 *fill*         0x06014b6c        0x4 00
 SLPROG         0x06014b70      0xbd0 C:\saturn\sgl302j/lib\libsgl.a(sglB000.o)
                0x06014b70                slInitScroll
                0x06014dd0                TVSizeTbl
                0x06014cc0                setASC_4to8
                0x06014e50                TVModeTbl
                0x06014c90                setASC_1to8
                0x06015028                SGL_ASCII_CG
 SLPROG         0x06015740      0x3d0 C:\saturn\sgl302j/lib\libsgl.a(sglJ01.o)
                0x06015740                SlaveControl
                0x06015afc                ErasePolygonData
 SLPROG         0x06015b10      0x75c C:\saturn\sgl302j/lib\libsgl.a(sglI00.o)
                0x06015e00                slInitInterrupt
 *fill*         0x0601626c        0x4 00
 SLPROG         0x06016270      0x134 C:\saturn\sgl302j/lib\libsgl.a(sglC00.o)
                0x06016270                slInitSprite
 *fill*         0x060163a4        0xc 00
 SLPROG         0x060163b0      0x470 C:\saturn\sgl302j/lib\libsgl.a(sglH02.o)
                0x060167a0                smpc_pfr_tbl
                0x060167e0                smpc_ptf_tbl
 SLPROG         0x06016820       0x60 C:\saturn\sgl302j/lib\libsgl.a(sglH04.o)
                0x0601684a                slComPrmSetTime
                0x06016820                slComPrmIntBack
                0x06016834                slComPrmSetMemory
 SLPROG         0x06016880       0x40 C:\saturn\sgl302j/lib\libsgl.a(sglC20.o)
                0x06016880                SpriteEntry
 SLPROG         0x060168c0       0xd4 C:\saturn\sgl302j/lib\libsgl.a(sglB035.o)
                0x060168c0                sl1MapRA
                0x06016952                rbank_set
 *fill*         0x06016994        0xc 00
 SLPROG         0x060169a0      0x140 C:\saturn\sgl302j/lib\libsgl.a(sglJ03.o)
                0x060169a0                sbMakeDMATable
 SLPROG         0x06016ae0     0x12b8 C:\saturn\sgl302j/lib\libsgl.a(sglJ02.o)
                0x06017d14                stvtc_1
                0x06017a4c                stvtc_4
                0x06017a0c                SetPolygon
                0x06017b04                stvtc_3
                0x06017d3c                stvtc_0
                0x06017a14                SetPosition
                0x06016cc8                sbCalcPolygon
                0x06017a00                SetTexture
                0x06016ae0                sbMakePolygon
                0x06017d28                stvtc_2
 *fill*         0x06017d98        0x8 00
 SLPROG         0x06017da0      0x470 C:\saturn\sgl302j/lib\libsgl.a(sglJ04.o)
                0x06017e64                sbMakeRotSprite
                0x06017dfe                sbMakeSprite
 SLPROG         0x06018210       0x3c C:\saturn\sgl302j/lib\libsgl.a(sglJ05.o)
                0x06018210                sbSortEntry
 *fill*         0x0601824c        0x4 00
 SLPROG         0x06018250       0xf0 C:\saturn\sgl302j/lib\libsgl.a(sglH03.o)
                0x060182b4                slSmpcIntBack
 SLPROG         0x06018340       0x6a C:\saturn\sgl302j/lib\libsgl.a(sglM01.o)
                0x0601836c                slSetDepthTbl
                0x0601839c                DepthWorkArea
                0x06018340                slSetDepthLimit
                0x060183aa                __slprog_end = .

.tors           0x060183b0        0x0
                0x060183b0                ___ctors = .
 *(.ctors)
                0x060183b0                ___ctors_end = .
                0x060183b0                ___dtors = .
 *(.dtors)
                0x060183b0                ___dtors_end = .

.data           0x060183b0     0xf5b0
 *(.data)
 .data          0x060183b0       0x40 main.o
                0x060183b0                spritepos2
                0x060183e0                spritepos1
 .data          0x060183f0     0xec60 assets.o
                0x060191f0                pal_cloud
                0x060183f0                pal_gradient
                0x06024670                texture_sprites010
                0x06023df0                texture_sprites022
                0x060245f0                texture_sprites011
                0x06018df0                cel_gradient
                0x06024770                texture_sprites008
                0x060244f0                texture_sprites013
                0x06022df0                pic_sprites
                0x060185f0                map_gradient
                0x060203f0                map_map2
                0x06024b70                texture_sprites003
                0x060243f0                texture_sprites015
                0x06023270                texture_sprites037
                0x06022f30                tex_sprites
                0x06023470                texture_sprites035
                0x06023c70                texture_sprites025
                0x06024370                texture_sprites016
                0x06023b70                texture_sprites027
                0x06023570                texture_sprites034
                0x06023af0                texture_sprites028
                0x06023a70                texture_sprites029
                0x060246f0                texture_sprites009
                0x06024d70                texture_sprites002
                0x06025050                texture_sprites000
                0x06023770                texture_sprites032
                0x06019bf0                cel_cloud
                0x0601b0f0                cel_road
                0x06024470                texture_sprites014
                0x060242f0                texture_sprites017
                0x060241f0                texture_sprites019
                0x0601a8f0                map_road
                0x06023970                texture_sprites030
                0x06024af0                texture_sprites004
                0x06024fd0                texture_sprites001
                0x06023670                texture_sprites033
                0x060215f0                map_face
                0x06023370                texture_sprites036
                0x0601a6f0                pal_road
                0x06020bf0                map_map1
                0x06024570                texture_sprites012
                0x06024870                texture_sprites006
                0x06023bf0                texture_sprites026
                0x06023cf0                texture_sprites024
                0x06024270                texture_sprites018
                0x06023870                texture_sprites031
                0x06023170                texture_sprites038
                0x06023ff0                texture_sprites021
                0x060247f0                texture_sprites007
                0x060213f0                pal_face
                0x06021df0                cel_face
                0x060193f0                map_cloud
                0x060248f0                texture_sprites005
                0x06023d70                texture_sprites023
                0x06023070                texture_sprites039
 .data          0x06027050      0x100 game.o
                0x06027054                DIGITS
                0x060270fe                ZERO_ATTR
                0x060270f4                ONE_ATTR
                0x06027126                SCLERA_ATTR
                0x06027112                SHOT_ATTR
                0x06027090                SPR_SIZE
                0x0602711c                CIRCLE_ATTR
                0x06027050                scale
                0x06027130                EYE_ATTR
                0x060270ae                EIGHT_ATTR
                0x060270ea                TWO_ATTR
                0x06027108                PUSH_ATTR
                0x060270cc                FIVE_ATTR
                0x0602707c                SPR_ATTRS
                0x060270c2                SIX_ATTR
                0x0602713a                PLAYER_ATTR
                0x060270a4                NINE_ATTR
                0x060270b8                SEVEN_ATTR
                0x060270d6                FOUR_ATTR
                0x060270e0                THREE_ATTR
 .data          0x06027150       0x80 C:\saturn\sgl302j/lib\libsgl.a(sglIc0.o)
                0x06027150                IntPrioMask
 .data          0x060271d0      0x380 c:/saturn/SH_COFF/sh-coff/bin/../lib/gcc/sh-coff/3.4-GNUSH_v0501/../../../../sh-coff/lib/m2\libc.a(impure.o)
                0x0602754c                _impure_ptr
 .data          0x06027550      0x410 c:/saturn/SH_COFF/sh-coff/bin/../lib/gcc/sh-coff/3.4-GNUSH_v0501/../../../../sh-coff/lib/m2\libc.a(mallocr.o)
                0x06027558                __malloc_av_
                0x06027554                __malloc_trim_threshold
                0x06027550                __malloc_sbrk_base
                0x06027960                __edata = .

.bss            0x06027960     0x2744
                0x06027960                __bstart = .
 *(.bss)
 .bss           0x06027960      0x200 assets.o
                0x06027960                texture_sprites020
 .bss           0x06027b60       0x30 game.o
                0x06027b60                bgMode
                0x06027b64                screenY
                0x06027b68                screenX
                0x06027b6c                scaleSpeed
                0x06027b70                playerState
 .bss           0x06027b90       0x10 linescroll.o
 .bss           0x06027ba0       0x10 tilemap.o
 .bss           0x06027bb0       0x10 c:/saturn/SH_COFF/sh-coff/bin/../lib/gcc/sh-coff/3.4-GNUSH_v0501/m2\libgcc.a(__main.o)
 .bss           0x06027bc0       0x10 c:/saturn/SH_COFF/sh-coff/bin/../lib/gcc/sh-coff/3.4-GNUSH_v0501/../../../../sh-coff/lib/m2\libc.a(atexit.o)
 .bss           0x06027bd0       0x40 c:/saturn/SH_COFF/sh-coff/bin/../lib/gcc/sh-coff/3.4-GNUSH_v0501/../../../../sh-coff/lib/m2\libc.a(mallocr.o)
                0x06027c00                __malloc_top_pad
                0x06027bd0                __malloc_current_mallinfo
                0x06027bfc                __malloc_max_sbrked_mem
                0x06027bf8                __malloc_max_total_mem
 .bss           0x06027c10       0x10 c:/saturn/SH_COFF/sh-coff/bin/../lib/gcc/sh-coff/3.4-GNUSH_v0501/../../../../sh-coff/lib/m2\libc.a(syscalls.o)
 *(COMMON)
 COMMON         0x06027c20     0x2471 game.o
                                  0x0 (size before relaxing)
                0x06027c20                sprites
                0x06029840                numSprites
                0x06029850                playfield
                0x0602a050                eye1Index
                0x0602a060                defaultSprite
                0x0602a084                bgLayers
                0x0602a088                eye2Index
                0x0602a08c                gameState
                0x0602a090                dispFace
 *fill*         0x0602a091        0xf 00
 COMMON         0x0602a0a0        0x4 c:/saturn/SH_COFF/sh-coff/bin/../lib/gcc/sh-coff/3.4-GNUSH_v0501/../../../../sh-coff/lib/m2\libc.a(syscalls.o)
                                  0x0 (size before relaxing)
                0x0602a0a0                errno
                0x0602a0a4                __bend = .
                0x0602a0a4                _end = .
LOAD C:\saturn\sgl302j\SAMPLE\common/cinit.o
LOAD C:\saturn\sgl302j/lib/sglarea.o
LOAD main.o
LOAD assets.o
LOAD game.o
LOAD linescroll.o
LOAD scrollfunctions.o
LOAD spritelist.o
LOAD tilemap.o
LOAD C:\saturn\sgl302j/lib\libsgl.a
LOAD c:/saturn/SH_COFF/sh-coff/bin/../lib/gcc/sh-coff/3.4-GNUSH_v0501/m2\libgcc.a
LOAD c:/saturn/SH_COFF/sh-coff/bin/../lib/gcc/sh-coff/3.4-GNUSH_v0501/../../../../sh-coff/lib/m2\libc.a
LOAD c:/saturn/SH_COFF/sh-coff/bin/../lib/gcc/sh-coff/3.4-GNUSH_v0501/m2\libgcc.a
OUTPUT(sl.coff coff-sh)

.comment        0x0602a0b0      0x3a0
 .comment       0x0602a0b0       0x20 C:\saturn\sgl302j\SAMPLE\common/cinit.o
 .comment       0x0602a0d0       0x20 main.o
 .comment       0x0602a0f0       0x20 assets.o
 .comment       0x0602a110       0x20 game.o
 .comment       0x0602a130       0x20 linescroll.o
 .comment       0x0602a150       0x20 scrollfunctions.o
 .comment       0x0602a170       0x20 spritelist.o
 .comment       0x0602a190       0x20 tilemap.o
 .comment       0x0602a1b0       0x20 c:/saturn/SH_COFF/sh-coff/bin/../lib/gcc/sh-coff/3.4-GNUSH_v0501/m2\libgcc.a(__main.o)
 .comment       0x0602a1d0       0x20 c:/saturn/SH_COFF/sh-coff/bin/../lib/gcc/sh-coff/3.4-GNUSH_v0501/m2\libgcc.a(_si_to_df.o)
 .comment       0x0602a1f0       0x20 c:/saturn/SH_COFF/sh-coff/bin/../lib/gcc/sh-coff/3.4-GNUSH_v0501/m2\libgcc.a(_mul_df.o)
 .comment       0x0602a210       0x20 c:/saturn/SH_COFF/sh-coff/bin/../lib/gcc/sh-coff/3.4-GNUSH_v0501/m2\libgcc.a(_div_df.o)
 .comment       0x0602a230       0x20 c:/saturn/SH_COFF/sh-coff/bin/../lib/gcc/sh-coff/3.4-GNUSH_v0501/m2\libgcc.a(_df_to_si.o)
 .comment       0x0602a250       0x20 c:/saturn/SH_COFF/sh-coff/bin/../lib/gcc/sh-coff/3.4-GNUSH_v0501/m2\libgcc.a(_pack_df.o)
 .comment       0x0602a270       0x20 c:/saturn/SH_COFF/sh-coff/bin/../lib/gcc/sh-coff/3.4-GNUSH_v0501/m2\libgcc.a(_unpack_df.o)
 .comment       0x0602a290       0x20 c:/saturn/SH_COFF/sh-coff/bin/../lib/gcc/sh-coff/3.4-GNUSH_v0501/m2\libgcc.a(_thenan_df.o)
 .comment       0x0602a2b0       0x20 c:/saturn/SH_COFF/sh-coff/bin/../lib/gcc/sh-coff/3.4-GNUSH_v0501/m2\libgcc.a(_lshrdi3.o)
 .comment       0x0602a2d0       0x20 c:/saturn/SH_COFF/sh-coff/bin/../lib/gcc/sh-coff/3.4-GNUSH_v0501/m2\libgcc.a(_ashldi3.o)
 .comment       0x0602a2f0       0x20 c:/saturn/SH_COFF/sh-coff/bin/../lib/gcc/sh-coff/3.4-GNUSH_v0501/../../../../sh-coff/lib/m2\libc.a(atexit.o)
 .comment       0x0602a310       0x20 c:/saturn/SH_COFF/sh-coff/bin/../lib/gcc/sh-coff/3.4-GNUSH_v0501/../../../../sh-coff/lib/m2\libc.a(impure.o)
 .comment       0x0602a330       0x20 c:/saturn/SH_COFF/sh-coff/bin/../lib/gcc/sh-coff/3.4-GNUSH_v0501/../../../../sh-coff/lib/m2\libc.a(malloc.o)
 .comment       0x0602a350       0x20 c:/saturn/SH_COFF/sh-coff/bin/../lib/gcc/sh-coff/3.4-GNUSH_v0501/../../../../sh-coff/lib/m2\libc.a(mallocr.o)
 .comment       0x0602a370       0x20 c:/saturn/SH_COFF/sh-coff/bin/../lib/gcc/sh-coff/3.4-GNUSH_v0501/../../../../sh-coff/lib/m2\libc.a(freer.o)
 .comment       0x0602a390       0x20 c:/saturn/SH_COFF/sh-coff/bin/../lib/gcc/sh-coff/3.4-GNUSH_v0501/../../../../sh-coff/lib/m2\libc.a(mlock.o)
 .comment       0x0602a3b0       0x20 c:/saturn/SH_COFF/sh-coff/bin/../lib/gcc/sh-coff/3.4-GNUSH_v0501/../../../../sh-coff/lib/m2\libc.a(sbrkr.o)
 .comment       0x0602a3d0       0x20 c:/saturn/SH_COFF/sh-coff/bin/../lib/gcc/sh-coff/3.4-GNUSH_v0501/../../../../sh-coff/lib/m2\libc.a(syscalls.o)
 .comment       0x0602a3f0       0x20 c:/saturn/SH_COFF/sh-coff/bin/../lib/gcc/sh-coff/3.4-GNUSH_v0501/../../../../sh-coff/lib/m2\libc.a(abort.o)
 .comment       0x0602a410       0x20 c:/saturn/SH_COFF/sh-coff/bin/../lib/gcc/sh-coff/3.4-GNUSH_v0501/../../../../sh-coff/lib/m2\libc.a(signal.o)
 .comment       0x0602a430       0x20 c:/saturn/SH_COFF/sh-coff/bin/../lib/gcc/sh-coff/3.4-GNUSH_v0501/../../../../sh-coff/lib/m2\libc.a(signalr.o)
