Archive member included because of file (symbol)

C:\saturn\sgl302j/lib\libsgl.a(sglIc0.o)
                              main.o (slInitSystem)
C:\saturn\sgl302j/lib\libsgl.a(sglF00.o)
                              game.o (slLocate)
C:\saturn\sgl302j/lib\libsgl.a(sglF05.o)
                              game.o (slPrint)
C:\saturn\sgl302j/lib\libsgl.a(sglB078.o)
                              game.o (slLookR)
C:\saturn\sgl302j/lib\libsgl.a(sglB054.o)
                              game.o (slZoomR)
C:\saturn\sgl302j/lib\libsgl.a(sglB072.o)
                              game.o (slScrPosNbg2)
C:\saturn\sgl302j/lib\libsgl.a(sglB073.o)
                              game.o (slScrPosNbg3)
C:\saturn\sgl302j/lib\libsgl.a(sglF02.o)
                              game.o (slPrintHex)
C:\saturn\sgl302j/lib\libsgl.a(sglB015.o)
                              game.o (slScrAutoDisp)
C:\saturn\sgl302j/lib\libsgl.a(sglI01.o)
                              C:\saturn\sgl302j/lib\libsgl.a(sglIc0.o) (slInitSynch)
C:\saturn\sgl302j/lib\libsgl.a(sglA01.o)
                              game.o (slSin)
C:\saturn\sgl302j/lib\libsgl.a(sglA07.o)
                              game.o (slDivFX)
C:\saturn\sgl302j/lib\libsgl.a(sglA06.o)
                              game.o (slMulFX)
C:\saturn\sgl302j/lib\libsgl.a(sglC06.o)
                              game.o (slDispSprite)
C:\saturn\sgl302j/lib\libsgl.a(sglF03.o)
                              game.o (slPrintFX)
C:\saturn\sgl302j/lib\libsgl.a(sglB001.o)
                              game.o (slTVOn)
C:\saturn\sgl302j/lib\libsgl.a(sglD00.o)
                              game.o (slDMACopy)
C:\saturn\sgl302j/lib\libsgl.a(sglB002.o)
                              game.o (slColRAMMode)
C:\saturn\sgl302j/lib\libsgl.a(sglB016.o)
                              game.o (slBack1ColSet)
C:\saturn\sgl302j/lib\libsgl.a(sglB038.o)
                              game.o (slRparaInitSet)
C:\saturn\sgl302j/lib\libsgl.a(sglB200.o)
                              game.o (slCharNbg1)
C:\saturn\sgl302j/lib\libsgl.a(sglB059.o)
                              game.o (slPlaneRA)
C:\saturn\sgl302j/lib\libsgl.a(sglB035.o)
                              game.o (sl1MapRA)
C:\saturn\sgl302j/lib\libsgl.a(sglB047.o)
                              game.o (slOverRA)
C:\saturn\sgl302j/lib\libsgl.a(sglB079.o)
                              game.o (slDispCenterR)
C:\saturn\sgl302j/lib\libsgl.a(sglB056.o)
                              game.o (slPlaneNbg1)
C:\saturn\sgl302j/lib\libsgl.a(sglB032.o)
                              game.o (slMapNbg1)
C:\saturn\sgl302j/lib\libsgl.a(sglB071.o)
                              game.o (slScrPosNbg1)
C:\saturn\sgl302j/lib\libsgl.a(sglB063.o)
                              game.o (slPriority)
C:\saturn\sgl302j/lib\libsgl.a(sglB020.o)
                              game.o (slColorCalc)
C:\saturn\sgl302j/lib\libsgl.a(sglB023.o)
                              game.o (slColRate)
C:\saturn\sgl302j/lib\libsgl.a(sglB057.o)
                              game.o (slPlaneNbg2)
C:\saturn\sgl302j/lib\libsgl.a(sglB033.o)
                              game.o (slMapNbg2)
C:\saturn\sgl302j/lib\libsgl.a(sglB058.o)
                              game.o (slPlaneNbg3)
C:\saturn\sgl302j/lib\libsgl.a(sglB034.o)
                              game.o (slMapNbg3)
C:\saturn\sgl302j/lib\libsgl.a(sglB021.o)
                              game.o (slColorCalcOn)
C:\saturn\sgl302j/lib\libsgl.a(sglH00.o)
                              C:\saturn\sgl302j/lib\libsgl.a(sglIc0.o) (slInitPeripheral)
C:\saturn\sgl302j/lib\libsgl.a(sglA00.o)
                              C:\saturn\sgl302j/lib\libsgl.a(sglIc0.o) (_builtin_set_imask)
C:\saturn\sgl302j/lib\libsgl.a(sglK01.o)
                              C:\saturn\sgl302j/lib\libsgl.a(sglIc0.o) (SynchCount)
C:\saturn\sgl302j/lib\libsgl.a(sglJ00.o)
                              C:\saturn\sgl302j/lib\libsgl.a(sglIc0.o) (InitSlaveSH)
C:\saturn\sgl302j/lib\libsgl.a(sglA20.o)
                              C:\saturn\sgl302j/lib\libsgl.a(sglIc0.o) (slInitMatrix)
C:\saturn\sgl302j/lib\libsgl.a(sglB000.o)
                              C:\saturn\sgl302j/lib\libsgl.a(sglIc0.o) (slInitScroll)
C:\saturn\sgl302j/lib\libsgl.a(sglJ01.o)
                              C:\saturn\sgl302j/lib\libsgl.a(sglIc0.o) (SlaveControl)
C:\saturn\sgl302j/lib\libsgl.a(sglI00.o)
                              C:\saturn\sgl302j/lib\libsgl.a(sglIc0.o) (slInitInterrupt)
C:\saturn\sgl302j/lib\libsgl.a(sglC00.o)
                              C:\saturn\sgl302j/lib\libsgl.a(sglIc0.o) (slInitSprite)
C:\saturn\sgl302j/lib\libsgl.a(sglC20.o)
                              C:\saturn\sgl302j/lib\libsgl.a(sglC06.o) (SpriteEntry)
C:\saturn\sgl302j/lib\libsgl.a(sglH02.o)
                              C:\saturn\sgl302j/lib\libsgl.a(sglH00.o) (smpc_pfr_tbl)
C:\saturn\sgl302j/lib\libsgl.a(sglH04.o)
                              C:\saturn\sgl302j/lib\libsgl.a(sglH00.o) (slComPrmIntBack)
C:\saturn\sgl302j/lib\libsgl.a(sglJ03.o)
                              C:\saturn\sgl302j/lib\libsgl.a(sglJ01.o) (sbMakeDMATable)
C:\saturn\sgl302j/lib\libsgl.a(sglJ02.o)
                              C:\saturn\sgl302j/lib\libsgl.a(sglJ01.o) (sbMakePolygon)
C:\saturn\sgl302j/lib\libsgl.a(sglJ04.o)
                              C:\saturn\sgl302j/lib\libsgl.a(sglJ01.o) (sbMakeSprite)
C:\saturn\sgl302j/lib\libsgl.a(sglJ05.o)
                              C:\saturn\sgl302j/lib\libsgl.a(sglJ01.o) (sbSortEntry)
C:\saturn\sgl302j/lib\libsgl.a(sglH03.o)
                              C:\saturn\sgl302j/lib\libsgl.a(sglI00.o) (slSmpcIntBack)
C:\saturn\sgl302j/lib\libsgl.a(sglM01.o)
                              C:\saturn\sgl302j/lib\libsgl.a(sglJ02.o) (DepthWorkArea)
c:/saturn/SH_COFF/sh-coff/bin/../lib/gcc/sh-coff/3.4-GNUSH_v0501/m2\libgcc.a(__main.o)
                              C:\saturn\sgl302j\SAMPLE\common/cinit.o (__main)
c:/saturn/SH_COFF/sh-coff/bin/../lib/gcc/sh-coff/3.4-GNUSH_v0501/m2\libgcc.a(_si_to_df.o)
                              game.o (__floatsidf)
c:/saturn/SH_COFF/sh-coff/bin/../lib/gcc/sh-coff/3.4-GNUSH_v0501/m2\libgcc.a(_mul_df.o)
                              game.o (__muldf3)
c:/saturn/SH_COFF/sh-coff/bin/../lib/gcc/sh-coff/3.4-GNUSH_v0501/m2\libgcc.a(_div_df.o)
                              game.o (__divdf3)
c:/saturn/SH_COFF/sh-coff/bin/../lib/gcc/sh-coff/3.4-GNUSH_v0501/m2\libgcc.a(_df_to_si.o)
                              game.o (__fixdfsi)
c:/saturn/SH_COFF/sh-coff/bin/../lib/gcc/sh-coff/3.4-GNUSH_v0501/m2\libgcc.a(_ashiftrt_n.o)
                              game.o (__ashrsi3)
c:/saturn/SH_COFF/sh-coff/bin/../lib/gcc/sh-coff/3.4-GNUSH_v0501/m2\libgcc.a(_pack_df.o)
                              c:/saturn/SH_COFF/sh-coff/bin/../lib/gcc/sh-coff/3.4-GNUSH_v0501/m2\libgcc.a(_si_to_df.o) (__pack_d)
c:/saturn/SH_COFF/sh-coff/bin/../lib/gcc/sh-coff/3.4-GNUSH_v0501/m2\libgcc.a(_unpack_df.o)
                              c:/saturn/SH_COFF/sh-coff/bin/../lib/gcc/sh-coff/3.4-GNUSH_v0501/m2\libgcc.a(_mul_df.o) (__unpack_d)
c:/saturn/SH_COFF/sh-coff/bin/../lib/gcc/sh-coff/3.4-GNUSH_v0501/m2\libgcc.a(_thenan_df.o)
                              c:/saturn/SH_COFF/sh-coff/bin/../lib/gcc/sh-coff/3.4-GNUSH_v0501/m2\libgcc.a(_mul_df.o) (__thenan_df)
c:/saturn/SH_COFF/sh-coff/bin/../lib/gcc/sh-coff/3.4-GNUSH_v0501/m2\libgcc.a(_lshrdi3.o)
                              c:/saturn/SH_COFF/sh-coff/bin/../lib/gcc/sh-coff/3.4-GNUSH_v0501/m2\libgcc.a(_df_to_si.o) (__lshrdi3)
c:/saturn/SH_COFF/sh-coff/bin/../lib/gcc/sh-coff/3.4-GNUSH_v0501/m2\libgcc.a(_ashldi3.o)
                              c:/saturn/SH_COFF/sh-coff/bin/../lib/gcc/sh-coff/3.4-GNUSH_v0501/m2\libgcc.a(_pack_df.o) (__ashldi3)
c:/saturn/SH_COFF/sh-coff/bin/../lib/gcc/sh-coff/3.4-GNUSH_v0501/m2\libgcc.a(_ashiftlt.o)
                              c:/saturn/SH_COFF/sh-coff/bin/../lib/gcc/sh-coff/3.4-GNUSH_v0501/m2\libgcc.a(_lshrdi3.o) (__ashlsi3)
c:/saturn/SH_COFF/sh-coff/bin/../lib/gcc/sh-coff/3.4-GNUSH_v0501/m2\libgcc.a(_lshiftrt.o)
                              c:/saturn/SH_COFF/sh-coff/bin/../lib/gcc/sh-coff/3.4-GNUSH_v0501/m2\libgcc.a(_lshrdi3.o) (__lshrsi3)
c:/saturn/SH_COFF/sh-coff/bin/../lib/gcc/sh-coff/3.4-GNUSH_v0501/../../../../sh-coff/lib/m2\libc.a(memcpy.o)
                              game.o (memcpy)
c:/saturn/SH_COFF/sh-coff/bin/../lib/gcc/sh-coff/3.4-GNUSH_v0501/../../../../sh-coff/lib/m2\libc.a(malloc.o)
                              spritelist.o (malloc)
c:/saturn/SH_COFF/sh-coff/bin/../lib/gcc/sh-coff/3.4-GNUSH_v0501/../../../../sh-coff/lib/m2\libc.a(atexit.o)
                              c:/saturn/SH_COFF/sh-coff/bin/../lib/gcc/sh-coff/3.4-GNUSH_v0501/m2\libgcc.a(__main.o) (atexit)
c:/saturn/SH_COFF/sh-coff/bin/../lib/gcc/sh-coff/3.4-GNUSH_v0501/../../../../sh-coff/lib/m2\libc.a(impure.o)
                              c:/saturn/SH_COFF/sh-coff/bin/../lib/gcc/sh-coff/3.4-GNUSH_v0501/../../../../sh-coff/lib/m2\libc.a(malloc.o) (_impure_ptr)
c:/saturn/SH_COFF/sh-coff/bin/../lib/gcc/sh-coff/3.4-GNUSH_v0501/../../../../sh-coff/lib/m2\libc.a(mallocr.o)
                              c:/saturn/SH_COFF/sh-coff/bin/../lib/gcc/sh-coff/3.4-GNUSH_v0501/../../../../sh-coff/lib/m2\libc.a(malloc.o) (_malloc_r)
c:/saturn/SH_COFF/sh-coff/bin/../lib/gcc/sh-coff/3.4-GNUSH_v0501/../../../../sh-coff/lib/m2\libc.a(freer.o)
                              c:/saturn/SH_COFF/sh-coff/bin/../lib/gcc/sh-coff/3.4-GNUSH_v0501/../../../../sh-coff/lib/m2\libc.a(malloc.o) (_free_r)
c:/saturn/SH_COFF/sh-coff/bin/../lib/gcc/sh-coff/3.4-GNUSH_v0501/../../../../sh-coff/lib/m2\libc.a(mlock.o)
                              c:/saturn/SH_COFF/sh-coff/bin/../lib/gcc/sh-coff/3.4-GNUSH_v0501/../../../../sh-coff/lib/m2\libc.a(mallocr.o) (__malloc_lock)
c:/saturn/SH_COFF/sh-coff/bin/../lib/gcc/sh-coff/3.4-GNUSH_v0501/../../../../sh-coff/lib/m2\libc.a(sbrkr.o)
                              c:/saturn/SH_COFF/sh-coff/bin/../lib/gcc/sh-coff/3.4-GNUSH_v0501/../../../../sh-coff/lib/m2\libc.a(mallocr.o) (_sbrk_r)
c:/saturn/SH_COFF/sh-coff/bin/../lib/gcc/sh-coff/3.4-GNUSH_v0501/../../../../sh-coff/lib/m2\libc.a(syscalls.o)
                              c:/saturn/SH_COFF/sh-coff/bin/../lib/gcc/sh-coff/3.4-GNUSH_v0501/../../../../sh-coff/lib/m2\libc.a(sbrkr.o) (_sbrk)
c:/saturn/SH_COFF/sh-coff/bin/../lib/gcc/sh-coff/3.4-GNUSH_v0501/../../../../sh-coff/lib/m2\libc.a(trap.o)
                              c:/saturn/SH_COFF/sh-coff/bin/../lib/gcc/sh-coff/3.4-GNUSH_v0501/../../../../sh-coff/lib/m2\libc.a(syscalls.o) (__trap34)
c:/saturn/SH_COFF/sh-coff/bin/../lib/gcc/sh-coff/3.4-GNUSH_v0501/../../../../sh-coff/lib/m2\libc.a(abort.o)
                              c:/saturn/SH_COFF/sh-coff/bin/../lib/gcc/sh-coff/3.4-GNUSH_v0501/../../../../sh-coff/lib/m2\libc.a(syscalls.o) (abort)
c:/saturn/SH_COFF/sh-coff/bin/../lib/gcc/sh-coff/3.4-GNUSH_v0501/../../../../sh-coff/lib/m2\libc.a(signal.o)
                              c:/saturn/SH_COFF/sh-coff/bin/../lib/gcc/sh-coff/3.4-GNUSH_v0501/../../../../sh-coff/lib/m2\libc.a(abort.o) (raise)
c:/saturn/SH_COFF/sh-coff/bin/../lib/gcc/sh-coff/3.4-GNUSH_v0501/../../../../sh-coff/lib/m2\libc.a(signalr.o)
                              c:/saturn/SH_COFF/sh-coff/bin/../lib/gcc/sh-coff/3.4-GNUSH_v0501/../../../../sh-coff/lib/m2\libc.a(signal.o) (_kill_r)
c:/saturn/SH_COFF/sh-coff/bin/../lib/gcc/sh-coff/3.4-GNUSH_v0501/m2\libgcc.a(_udivsi3.o)
                              c:/saturn/SH_COFF/sh-coff/bin/../lib/gcc/sh-coff/3.4-GNUSH_v0501/../../../../sh-coff/lib/m2\libc.a(freer.o) (__udivsi3)

Allocating common symbols
Common symbol       size              file

numSprites          0x1               game.o
eye1                0x4               game.o
eye2                0x4               game.o
defaultSprite       0x28              game.o
errno               0x4               c:/saturn/SH_COFF/sh-coff/bin/../lib/gcc/sh-coff/3.4-GNUSH_v0501/../../../../sh-coff/lib/m2\libc.a(syscalls.o)
gameState           0x4               game.o
dispFace            0x1               game.o

Memory Configuration

Name             Origin             Length             Attributes
*default*        0x00000000         0xffffffff

Linker script and memory map


SLSTART         0x06004000       0x30
                0x06004000                ___Start = .
 *(SLSTART)
 SLSTART        0x06004000       0x28 C:\saturn\sgl302j/lib\libsgl.a(sglI00.o)
                0x06004002                slStartSGL
                0x06004000                SGL_Start

.text           0x06004040     0x3c50
 *(.text)
 .text          0x06004040       0x50 C:\saturn\sgl302j\SAMPLE\common/cinit.o
                0x06004040                main
 .text          0x06004090       0x60 main.o
                0x06004090                ss_main
 .text          0x060040f0     0x1590 game.o
                0x060040fc                SCLERA_ATTR
                0x06004d20                loadLevel
                0x0600411a                SHOT_ATTR
                0x060040f0                SPR_SIZE
                0x06004124                CIRCLE_ATTR
                0x06004106                EYE_ATTR
                0x06004d50                runLevel
                0x06004110                PLAYER_ATTR
 .text          0x06005680      0x100 scrollfunctions.o
                0x06005730                MapRead
                0x06005750                Pal2CRAM
                0x060056a0                Map2VRAM
                0x06005700                MapWrite
                0x06005680                Cel2VRAM
 .text          0x06005780      0x260 spritelist.o
                0x06005780                createSpriteNode
                0x060059a0                clearSpriteList
                0x06005870                deleteSpriteNode
                0x060057b0                addSpriteNode
 .text          0x060059e0      0x128 C:\saturn\sgl302j/lib\libsgl.a(sglIc0.o)
                0x060059e0                slInitSystem
 *fill*         0x06005b08        0x8 00
 .text          0x06005b10       0xc0 c:/saturn/SH_COFF/sh-coff/bin/../lib/gcc/sh-coff/3.4-GNUSH_v0501/m2\libgcc.a(__main.o)
                0x06005b90                __main
                0x06005b10                __do_global_dtors
                0x06005b50                __do_global_ctors
 .text          0x06005bd0      0x110 c:/saturn/SH_COFF/sh-coff/bin/../lib/gcc/sh-coff/3.4-GNUSH_v0501/m2\libgcc.a(_si_to_df.o)
                0x06005be0                __floatsidf
 .text          0x06005ce0      0x2c0 c:/saturn/SH_COFF/sh-coff/bin/../lib/gcc/sh-coff/3.4-GNUSH_v0501/m2\libgcc.a(_mul_df.o)
                0x06005d00                __muldf3
 .text          0x06005fa0      0x180 c:/saturn/SH_COFF/sh-coff/bin/../lib/gcc/sh-coff/3.4-GNUSH_v0501/m2\libgcc.a(_div_df.o)
                0x06005fb0                __divdf3
 .text          0x06006120       0x90 c:/saturn/SH_COFF/sh-coff/bin/../lib/gcc/sh-coff/3.4-GNUSH_v0501/m2\libgcc.a(_df_to_si.o)
                0x06006120                __fixdfsi
 .text          0x060061b0       0x80 c:/saturn/SH_COFF/sh-coff/bin/../lib/gcc/sh-coff/3.4-GNUSH_v0501/m2\libgcc.a(_ashiftrt_n.o)
                0x060061b0                __ashrsi3
 .text          0x06006230      0x270 c:/saturn/SH_COFF/sh-coff/bin/../lib/gcc/sh-coff/3.4-GNUSH_v0501/m2\libgcc.a(_pack_df.o)
                0x06006250                __pack_d
 .text          0x060064a0      0x160 c:/saturn/SH_COFF/sh-coff/bin/../lib/gcc/sh-coff/3.4-GNUSH_v0501/m2\libgcc.a(_unpack_df.o)
                0x060064c0                __unpack_d
 .text          0x06006600       0x20 c:/saturn/SH_COFF/sh-coff/bin/../lib/gcc/sh-coff/3.4-GNUSH_v0501/m2\libgcc.a(_thenan_df.o)
                0x06006600                __thenan_df
 .text          0x06006620       0x90 c:/saturn/SH_COFF/sh-coff/bin/../lib/gcc/sh-coff/3.4-GNUSH_v0501/m2\libgcc.a(_lshrdi3.o)
                0x06006620                __lshrdi3
 .text          0x060066b0       0x90 c:/saturn/SH_COFF/sh-coff/bin/../lib/gcc/sh-coff/3.4-GNUSH_v0501/m2\libgcc.a(_ashldi3.o)
                0x060066b0                __ashldi3
 .text          0x06006740       0x90 c:/saturn/SH_COFF/sh-coff/bin/../lib/gcc/sh-coff/3.4-GNUSH_v0501/m2\libgcc.a(_ashiftlt.o)
                0x06006740                __ashlsi3
 .text          0x060067d0       0x90 c:/saturn/SH_COFF/sh-coff/bin/../lib/gcc/sh-coff/3.4-GNUSH_v0501/m2\libgcc.a(_lshiftrt.o)
                0x060067d0                __lshrsi3
 .text          0x06006860       0xa0 c:/saturn/SH_COFF/sh-coff/bin/../lib/gcc/sh-coff/3.4-GNUSH_v0501/../../../../sh-coff/lib/m2\libc.a(memcpy.o)
                0x06006860                memcpy
 .text          0x06006900       0x40 c:/saturn/SH_COFF/sh-coff/bin/../lib/gcc/sh-coff/3.4-GNUSH_v0501/../../../../sh-coff/lib/m2\libc.a(malloc.o)
                0x06006920                free
                0x06006900                malloc
 .text          0x06006940       0xa0 c:/saturn/SH_COFF/sh-coff/bin/../lib/gcc/sh-coff/3.4-GNUSH_v0501/../../../../sh-coff/lib/m2\libc.a(atexit.o)
                0x06006940                atexit
 .text          0x060069e0       0x10 c:/saturn/SH_COFF/sh-coff/bin/../lib/gcc/sh-coff/3.4-GNUSH_v0501/../../../../sh-coff/lib/m2\libc.a(impure.o)
                0x060069e0                _global_impure_ptr
 .text          0x060069f0      0x680 c:/saturn/SH_COFF/sh-coff/bin/../lib/gcc/sh-coff/3.4-GNUSH_v0501/../../../../sh-coff/lib/m2\libc.a(mallocr.o)
                0x060069f0                _malloc_r
 .text          0x06007070      0x3b0 c:/saturn/SH_COFF/sh-coff/bin/../lib/gcc/sh-coff/3.4-GNUSH_v0501/../../../../sh-coff/lib/m2\libc.a(freer.o)
                0x06007070                _malloc_trim_r
                0x06007170                _free_r
 .text          0x06007420       0x20 c:/saturn/SH_COFF/sh-coff/bin/../lib/gcc/sh-coff/3.4-GNUSH_v0501/../../../../sh-coff/lib/m2\libc.a(mlock.o)
                0x06007420                __malloc_lock
                0x06007430                __malloc_unlock
 .text          0x06007440       0x50 c:/saturn/SH_COFF/sh-coff/bin/../lib/gcc/sh-coff/3.4-GNUSH_v0501/../../../../sh-coff/lib/m2\libc.a(sbrkr.o)
                0x06007440                _sbrk_r
 .text          0x06007490      0x430 c:/saturn/SH_COFF/sh-coff/bin/../lib/gcc/sh-coff/3.4-GNUSH_v0501/../../../../sh-coff/lib/m2\libc.a(syscalls.o)
                0x06007640                _exit
                0x06007680                _getpid
                0x06007700                _utime
                0x060074d0                _write
                0x06007490                _read
                0x06007620                _unlink
                0x060075e0                _open
                0x060076a0                _stat
                0x06007630                isatty
                0x06007740                _wait
                0x06007660                _kill
                0x060076c0                _chmod
                0x06007780                _execv
                0x06007760                _execve
                0x06007880                __setup_argv_and_call_main
                0x060077d0                _gettimeofday
                0x06007510                _link
                0x06007690                _raise
                0x06007600                _creat
                0x060077a0                _pipe
                0x060076e0                _chown
                0x060074b0                _lseek
                0x060074f0                _close
                0x060077c0                _times
                0x060075c0                _fstat
                0x06007720                _fork
                0x06007540                _sbrk
 .text          0x060078c0       0x20 c:/saturn/SH_COFF/sh-coff/bin/../lib/gcc/sh-coff/3.4-GNUSH_v0501/../../../../sh-coff/lib/m2\libc.a(trap.o)
                0x060078c0                __trap34
 .text          0x060078e0       0x20 c:/saturn/SH_COFF/sh-coff/bin/../lib/gcc/sh-coff/3.4-GNUSH_v0501/../../../../sh-coff/lib/m2\libc.a(abort.o)
                0x060078e0                abort
 .text          0x06007900      0x2c0 c:/saturn/SH_COFF/sh-coff/bin/../lib/gcc/sh-coff/3.4-GNUSH_v0501/../../../../sh-coff/lib/m2\libc.a(signal.o)
                0x060079e0                _raise_r
                0x06007ba0                __sigtramp
                0x06007b40                raise
                0x06007b80                _init_signal
                0x06007ac0                __sigtramp_r
                0x06007b60                signal
                0x06007950                _signal_r
                0x06007900                _init_signal_r
 .text          0x06007bc0       0x60 c:/saturn/SH_COFF/sh-coff/bin/../lib/gcc/sh-coff/3.4-GNUSH_v0501/../../../../sh-coff/lib/m2\libc.a(signalr.o)
                0x06007c10                _getpid_r
                0x06007bc0                _kill_r
 .text          0x06007c20       0x70 c:/saturn/SH_COFF/sh-coff/bin/../lib/gcc/sh-coff/3.4-GNUSH_v0501/m2\libgcc.a(_udivsi3.o)
                0x06007c42                __udivsi3
 *(.strings)
                0x06007c90                __etext = .

SLPROG          0x06007ca0    0x103e0
                0x06007ca0                __slprog_start = .
 *(SLPROG)
 SLPROG         0x06007ca0     0x6540 C:\saturn\sgl302j/lib/sglarea.o
                0x06007cbc                SpriteBuf
                0x06007ce0                RemainEvent
                0x06007cac                SortList
                0x06007caa                MaxPolygons
                0x06007cc8                CommandBuf
                0x06007cdc                MaxWorks
                0x06007cde                WorkSize
                0x06007cd4                PCM_WkSize
                0x06007ccc                CLOfstBuf
                0x06007de0                RemainWork
                0x06007cd0                PCM_Work
                0x06007ca0                MasterStack
                0x06007ca4                SlaveStack
                0x06007ca8                MaxVertices
                0x06007cd8                MaxEvents
                0x06007cb8                Zbuffer
                0x06007cc0                SpriteBufSize
                0x0600a1e0                WorkBuf
                0x06007cb4                TransList
                0x06007cc4                Pbuffer
                0x06007cb0                SortListSize
                0x06007cda                EventSize
                0x060081e0                EventBuf
 SLPROG         0x0600e1e0       0x4e C:\saturn\sgl302j/lib\libsgl.a(sglF00.o)
                0x0600e1fa                slLocate
                0x0600e1f0                slCurColor
                0x0600e22c                CurrentScreen
                0x0600e1e0                slCurScrn
 *fill*         0x0600e22e        0x2 00
 SLPROG         0x0600e230       0x1c C:\saturn\sgl302j/lib\libsgl.a(sglF05.o)
                0x0600e230                slPrint
 *fill*         0x0600e24c        0x4 00
 SLPROG         0x0600e250       0x20 C:\saturn\sgl302j/lib\libsgl.a(sglB078.o)
                0x0600e250                slLookR
 SLPROG         0x0600e270        0xc C:\saturn\sgl302j/lib\libsgl.a(sglB054.o)
                0x0600e270                slZoomR
 *fill*         0x0600e27c        0x4 00
 SLPROG         0x0600e280       0x10 C:\saturn\sgl302j/lib\libsgl.a(sglB072.o)
                0x0600e280                slScrPosNbg2
 SLPROG         0x0600e290       0x10 C:\saturn\sgl302j/lib\libsgl.a(sglB073.o)
                0x0600e290                slScrPosNbg3
 SLPROG         0x0600e2a0       0x3c C:\saturn\sgl302j/lib\libsgl.a(sglF02.o)
                0x0600e2a0                slPrintHex
 *fill*         0x0600e2dc        0x4 00
 SLPROG         0x0600e2e0      0x40c C:\saturn\sgl302j/lib\libsgl.a(sglB015.o)
                0x0600e2e0                slScrAutoDisp
 *fill*         0x0600e6ec        0x4 00
 SLPROG         0x0600e6f0      0x3a4 C:\saturn\sgl302j/lib\libsgl.a(sglI01.o)
                0x0600e8da                RetPCMBuf
                0x0600ea14                Sound_Buf
                0x0600e6f0                slInitSynch
                0x0600e800                slRandom
                0x0600e974                PCM_Buf
                0x0600e70a                slSynch
                0x0600e81e                PCM_EndCheck
 *fill*         0x0600ea94        0xc 00
 SLPROG         0x0600eaa0     0x411e C:\saturn\sgl302j/lib\libsgl.a(sglA01.o)
                0x0600eb7c                sin_cos_index_tbl
                0x0600eaa0                slSin
                0x0600ebbc                sin_tbl
                0x0600eae8                GetSinCos
                0x0600eac4                slCos
 *fill*         0x06012bbe        0x2 00
 SLPROG         0x06012bc0       0x14 C:\saturn\sgl302j/lib\libsgl.a(sglA07.o)
                0x06012bc0                slDivFX
 *fill*         0x06012bd4        0xc 00
 SLPROG         0x06012be0        0xa C:\saturn\sgl302j/lib\libsgl.a(sglA06.o)
                0x06012be0                slMulFX
 *fill*         0x06012bea        0x6 00
 SLPROG         0x06012bf0       0xfa C:\saturn\sgl302j/lib\libsgl.a(sglC06.o)
                0x06012bf0                slDispSprite
 *fill*         0x06012cea        0x6 00
 SLPROG         0x06012cf0      0x12a C:\saturn\sgl302j/lib\libsgl.a(sglF03.o)
                0x06012cf0                slPrintFX
 *fill*         0x06012e1a        0x6 00
 SLPROG         0x06012e20       0x20 C:\saturn\sgl302j/lib\libsgl.a(sglB001.o)
                0x06012e20                slTVOn
                0x06012e2a                slTVOff
 SLPROG         0x06012e40       0x84 C:\saturn\sgl302j/lib\libsgl.a(sglD00.o)
                0x06012e40                slDMACopy
                0x06012e40                slCpuDMACopy
                0x06012e9a                slCashPurge
                0x06012e9a                CSH_AllClr
 *fill*         0x06012ec4        0xc 00
 SLPROG         0x06012ed0       0x1e C:\saturn\sgl302j/lib\libsgl.a(sglB002.o)
                0x06012ed0                slColRAMMode
 *fill*         0x06012eee        0x2 00
 SLPROG         0x06012ef0        0xc C:\saturn\sgl302j/lib\libsgl.a(sglB016.o)
                0x06012ef0                slBack1ColSet
 *fill*         0x06012efc        0x4 00
 SLPROG         0x06012f00       0x70 C:\saturn\sgl302j/lib\libsgl.a(sglB038.o)
                0x06012f00                slRparaInitSet
 SLPROG         0x06012f70      0x114 C:\saturn\sgl302j/lib\libsgl.a(sglB200.o)
                0x06012f7c                slCharNbg0
                0x06012fc2                slPageRbg0
                0x06012fd8                slPageNbg1
                0x06012f88                slCharNbg1
                0x06012ff4                slPageNbg0
                0x06012fe0                slPageNbg2
                0x06012fe8                slPageNbg3
                0x06012f94                slCharNbg2
                0x06012faa                slCharNbg3
                0x06012f70                slCharRbg0
 *fill*         0x06013084        0xc 00
 SLPROG         0x06013090        0xc C:\saturn\sgl302j/lib\libsgl.a(sglB059.o)
                0x06013090                slPlaneRA
 *fill*         0x0601309c        0x4 00
 SLPROG         0x060130a0       0xd4 C:\saturn\sgl302j/lib\libsgl.a(sglB035.o)
                0x060130a0                sl1MapRA
                0x06013132                rbank_set
 *fill*         0x06013174        0xc 00
 SLPROG         0x06013180        0xc C:\saturn\sgl302j/lib\libsgl.a(sglB047.o)
                0x06013180                slOverRA
 *fill*         0x0601318c        0x4 00
 SLPROG         0x06013190       0x34 C:\saturn\sgl302j/lib\libsgl.a(sglB079.o)
                0x06013190                slDispCenterR
 *fill*         0x060131c4        0xc 00
 SLPROG         0x060131d0        0xc C:\saturn\sgl302j/lib\libsgl.a(sglB056.o)
                0x060131d0                slPlaneNbg1
 *fill*         0x060131dc        0x4 00
 SLPROG         0x060131e0       0xb4 C:\saturn\sgl302j/lib\libsgl.a(sglB032.o)
                0x060131e0                slMapNbg1
 *fill*         0x06013294        0xc 00
 SLPROG         0x060132a0        0xc C:\saturn\sgl302j/lib\libsgl.a(sglB071.o)
                0x060132a0                slScrPosNbg1
 *fill*         0x060132ac        0x4 00
 SLPROG         0x060132b0        0xc C:\saturn\sgl302j/lib\libsgl.a(sglB063.o)
                0x060132b0                slPriority
 *fill*         0x060132bc        0x4 00
 SLPROG         0x060132c0       0x10 C:\saturn\sgl302j/lib\libsgl.a(sglB020.o)
                0x060132c0                slColorCalc
 SLPROG         0x060132d0        0xc C:\saturn\sgl302j/lib\libsgl.a(sglB023.o)
                0x060132d0                slColRate
 *fill*         0x060132dc        0x4 00
 SLPROG         0x060132e0       0x10 C:\saturn\sgl302j/lib\libsgl.a(sglB057.o)
                0x060132e0                slPlaneNbg2
 SLPROG         0x060132f0       0xb0 C:\saturn\sgl302j/lib\libsgl.a(sglB033.o)
                0x060132f0                slMapNbg2
 SLPROG         0x060133a0       0x10 C:\saturn\sgl302j/lib\libsgl.a(sglB058.o)
                0x060133a0                slPlaneNbg3
 SLPROG         0x060133b0       0xb4 C:\saturn\sgl302j/lib\libsgl.a(sglB034.o)
                0x060133b0                slMapNbg3
 *fill*         0x06013464        0xc 00
 SLPROG         0x06013470        0xc C:\saturn\sgl302j/lib\libsgl.a(sglB021.o)
                0x06013470                slColorCalcOn
 *fill*         0x0601347c        0x4 00
 SLPROG         0x06013480      0xfc8 C:\saturn\sgl302j/lib\libsgl.a(sglH00.o)
                0x0601351c                slSetPortData1
                0x0601350c                slGetPortData1
                0x06013cfa                slSetPortMode1
                0x06013f34                Smpc_Status
                0x060134d2                slSetPortDir2
                0x06013b18                slSmpcCashSend
                0x06013538                slGetPortSelect1
                0x0601391e                slIntBackCancel
                0x060135d0                slSetPortExt1
                0x06013ce0                slGetPortMode1
                0x06013bd4                slSmpcCashBlow
                0x06013ec4                slRequestCommand
                0x06013f64                SmpcStatusBuf
                0x06013526                slSetPortData2
                0x06013886                slSetResultBuffer
                0x060135bc                slGetPortExt1
                0x06013600                slSetPortExt2
                0x060134a0                slGetPortDir2
                0x060135c6                slGetPortExt2
                0x06013952                slClearReset
                0x06013948                slCheckReset
                0x060134a8                slSetPortDir1
                0x06013580                slSetPortSelect2
                0x0601354c                slSetPortSelect1
                0x06013cec                slGetPortMode2
                0x06013542                slGetPortSelect2
                0x06013498                slGetPortDir1
                0x06013514                slGetPortData2
                0x06013cba                slSetOptimize
                0x06013cb0                slGetOptimize
                0x06013774                slSmpcDirectAccess
                0x06013f42                Per_Connect1
                0x060137f4                slInitPeripheral
                0x06013912                slCheckIntBackSet
                0x06013f43                Per_Connect2
                0x06013f3c                Smpc_Peripheral
                0x06013d38                slSetPortMode2
                0x06013f38                Smpc_Result
 *fill*         0x06014448        0x8 00
 SLPROG         0x06014450       0x20 C:\saturn\sgl302j/lib\libsgl.a(sglA00.o)
                0x06014464                get_imask
                0x06014450                set_imask
                0x06014450                _builtin_set_imask
                0x06014464                _builtin_get_imask
 SLPROG         0x06014470       0x74 C:\saturn\sgl302j/lib\libsgl.a(sglJ00.o)
                0x06014470                InitSlaveSH
                0x060144d8                SlaveCommand
 *fill*         0x060144e4        0xc 00
 SLPROG         0x060144f0      0x42c C:\saturn\sgl302j/lib\libsgl.a(sglA20.o)
                0x060144f0                slInitMatrix
                0x0601450e                slUnitMatrix
                0x060144fa                slPushUnitMatrix
 *fill*         0x0601491c        0x4 00
 SLPROG         0x06014920      0xbd0 C:\saturn\sgl302j/lib\libsgl.a(sglB000.o)
                0x06014920                slInitScroll
                0x06014b80                TVSizeTbl
                0x06014a70                setASC_4to8
                0x06014c00                TVModeTbl
                0x06014a40                setASC_1to8
                0x06014dd8                SGL_ASCII_CG
 SLPROG         0x060154f0      0x3d0 C:\saturn\sgl302j/lib\libsgl.a(sglJ01.o)
                0x060154f0                SlaveControl
                0x060158ac                ErasePolygonData
 SLPROG         0x060158c0      0x75c C:\saturn\sgl302j/lib\libsgl.a(sglI00.o)
                0x06015bb0                slInitInterrupt
 *fill*         0x0601601c        0x4 00
 SLPROG         0x06016020      0x134 C:\saturn\sgl302j/lib\libsgl.a(sglC00.o)
                0x06016020                slInitSprite
 *fill*         0x06016154        0xc 00
 SLPROG         0x06016160       0x40 C:\saturn\sgl302j/lib\libsgl.a(sglC20.o)
                0x06016160                SpriteEntry
 SLPROG         0x060161a0      0x470 C:\saturn\sgl302j/lib\libsgl.a(sglH02.o)
                0x06016590                smpc_pfr_tbl
                0x060165d0                smpc_ptf_tbl
 SLPROG         0x06016610       0x60 C:\saturn\sgl302j/lib\libsgl.a(sglH04.o)
                0x0601663a                slComPrmSetTime
                0x06016610                slComPrmIntBack
                0x06016624                slComPrmSetMemory
 SLPROG         0x06016670      0x140 C:\saturn\sgl302j/lib\libsgl.a(sglJ03.o)
                0x06016670                sbMakeDMATable
 SLPROG         0x060167b0     0x12b8 C:\saturn\sgl302j/lib\libsgl.a(sglJ02.o)
                0x060179e4                stvtc_1
                0x0601771c                stvtc_4
                0x060176dc                SetPolygon
                0x060177d4                stvtc_3
                0x06017a0c                stvtc_0
                0x060176e4                SetPosition
                0x06016998                sbCalcPolygon
                0x060176d0                SetTexture
                0x060167b0                sbMakePolygon
                0x060179f8                stvtc_2
 *fill*         0x06017a68        0x8 00
 SLPROG         0x06017a70      0x470 C:\saturn\sgl302j/lib\libsgl.a(sglJ04.o)
                0x06017b34                sbMakeRotSprite
                0x06017ace                sbMakeSprite
 SLPROG         0x06017ee0       0x3c C:\saturn\sgl302j/lib\libsgl.a(sglJ05.o)
                0x06017ee0                sbSortEntry
 *fill*         0x06017f1c        0x4 00
 SLPROG         0x06017f20       0xf0 C:\saturn\sgl302j/lib\libsgl.a(sglH03.o)
                0x06017f84                slSmpcIntBack
 SLPROG         0x06018010       0x6a C:\saturn\sgl302j/lib\libsgl.a(sglM01.o)
                0x0601803c                slSetDepthTbl
                0x0601806c                DepthWorkArea
                0x06018010                slSetDepthLimit
                0x0601807a                __slprog_end = .

.tors           0x06018080        0x0
                0x06018080                ___ctors = .
 *(.ctors)
                0x06018080                ___ctors_end = .
                0x06018080                ___dtors = .
 *(.dtors)
                0x06018080                ___dtors_end = .

.data           0x06018080     0xced0
 *(.data)
 .data          0x06018080     0xc6b0 assets.o
                0x06018080                pal_cloud
                0x06020480                cel_map1
                0x06022180                pic_sprites
                0x0601f280                map_map2
                0x06022430                texture_sprites003
                0x060221a8                tex_sprites
                0x0601fa80                pal_map1
                0x060224b0                texture_sprites002
                0x06024530                texture_sprites000
                0x06018a80                cel_cloud
                0x06019f80                cel_road
                0x06019780                map_road
                0x060221d0                texture_sprites004
                0x060244b0                texture_sprites001
                0x06020980                map_face
                0x06019580                pal_road
                0x0601fc80                map_map1
                0x06020780                pal_face
                0x06021180                cel_face
                0x06018280                map_cloud
 .data          0x06024730       0x10 game.o
                0x06024730                scale
 .data          0x06024740       0x80 C:\saturn\sgl302j/lib\libsgl.a(sglIc0.o)
                0x06024740                IntPrioMask
 .data          0x060247c0      0x380 c:/saturn/SH_COFF/sh-coff/bin/../lib/gcc/sh-coff/3.4-GNUSH_v0501/../../../../sh-coff/lib/m2\libc.a(impure.o)
                0x06024b3c                _impure_ptr
 .data          0x06024b40      0x410 c:/saturn/SH_COFF/sh-coff/bin/../lib/gcc/sh-coff/3.4-GNUSH_v0501/../../../../sh-coff/lib/m2\libc.a(mallocr.o)
                0x06024b48                __malloc_av_
                0x06024b44                __malloc_trim_threshold
                0x06024b40                __malloc_sbrk_base
                0x06024f50                __edata = .

.bss            0x06024f50       0xf4
                0x06024f50                __bstart = .
 *(.bss)
 .bss           0x06024f50       0x40 game.o
                0x06024f5c                bg2X
                0x06024f60                screenY
                0x06024f50                bg3Y
                0x06024f54                bg3X
                0x06024f64                screenX
                0x06024f68                headNode
                0x06024f6c                scaleSpeed
                0x06024f58                bg2Y
                0x06024f70                playerState
 .bss           0x06024f90       0x10 c:/saturn/SH_COFF/sh-coff/bin/../lib/gcc/sh-coff/3.4-GNUSH_v0501/m2\libgcc.a(__main.o)
 .bss           0x06024fa0       0x10 c:/saturn/SH_COFF/sh-coff/bin/../lib/gcc/sh-coff/3.4-GNUSH_v0501/../../../../sh-coff/lib/m2\libc.a(atexit.o)
 .bss           0x06024fb0       0x40 c:/saturn/SH_COFF/sh-coff/bin/../lib/gcc/sh-coff/3.4-GNUSH_v0501/../../../../sh-coff/lib/m2\libc.a(mallocr.o)
                0x06024fe0                __malloc_top_pad
                0x06024fb0                __malloc_current_mallinfo
                0x06024fdc                __malloc_max_sbrked_mem
                0x06024fd8                __malloc_max_total_mem
 .bss           0x06024ff0       0x10 c:/saturn/SH_COFF/sh-coff/bin/../lib/gcc/sh-coff/3.4-GNUSH_v0501/../../../../sh-coff/lib/m2\libc.a(syscalls.o)
 *(COMMON)
 COMMON         0x06025000       0x3d game.o
                                  0x0 (size before relaxing)
                0x06025000                numSprites
                0x06025004                eye1
                0x06025008                eye2
                0x06025010                defaultSprite
                0x06025038                gameState
                0x0602503c                dispFace
 *fill*         0x0602503d        0x3 00
 COMMON         0x06025040        0x4 c:/saturn/SH_COFF/sh-coff/bin/../lib/gcc/sh-coff/3.4-GNUSH_v0501/../../../../sh-coff/lib/m2\libc.a(syscalls.o)
                                  0x0 (size before relaxing)
                0x06025040                errno
                0x06025044                __bend = .
                0x06025044                _end = .
LOAD C:\saturn\sgl302j\SAMPLE\common/cinit.o
LOAD C:\saturn\sgl302j/lib/sglarea.o
LOAD main.o
LOAD assets.o
LOAD game.o
LOAD scrollfunctions.o
LOAD spritelist.o
LOAD C:\saturn\sgl302j/lib\libsgl.a
LOAD c:/saturn/SH_COFF/sh-coff/bin/../lib/gcc/sh-coff/3.4-GNUSH_v0501/m2\libgcc.a
LOAD c:/saturn/SH_COFF/sh-coff/bin/../lib/gcc/sh-coff/3.4-GNUSH_v0501/../../../../sh-coff/lib/m2\libc.a
LOAD c:/saturn/SH_COFF/sh-coff/bin/../lib/gcc/sh-coff/3.4-GNUSH_v0501/m2\libgcc.a
OUTPUT(sl.coff coff-sh)

.comment        0x06025050      0x360
 .comment       0x06025050       0x20 C:\saturn\sgl302j\SAMPLE\common/cinit.o
 .comment       0x06025070       0x20 main.o
 .comment       0x06025090       0x20 assets.o
 .comment       0x060250b0       0x20 game.o
 .comment       0x060250d0       0x20 scrollfunctions.o
 .comment       0x060250f0       0x20 spritelist.o
 .comment       0x06025110       0x20 c:/saturn/SH_COFF/sh-coff/bin/../lib/gcc/sh-coff/3.4-GNUSH_v0501/m2\libgcc.a(__main.o)
 .comment       0x06025130       0x20 c:/saturn/SH_COFF/sh-coff/bin/../lib/gcc/sh-coff/3.4-GNUSH_v0501/m2\libgcc.a(_si_to_df.o)
 .comment       0x06025150       0x20 c:/saturn/SH_COFF/sh-coff/bin/../lib/gcc/sh-coff/3.4-GNUSH_v0501/m2\libgcc.a(_mul_df.o)
 .comment       0x06025170       0x20 c:/saturn/SH_COFF/sh-coff/bin/../lib/gcc/sh-coff/3.4-GNUSH_v0501/m2\libgcc.a(_div_df.o)
 .comment       0x06025190       0x20 c:/saturn/SH_COFF/sh-coff/bin/../lib/gcc/sh-coff/3.4-GNUSH_v0501/m2\libgcc.a(_df_to_si.o)
 .comment       0x060251b0       0x20 c:/saturn/SH_COFF/sh-coff/bin/../lib/gcc/sh-coff/3.4-GNUSH_v0501/m2\libgcc.a(_pack_df.o)
 .comment       0x060251d0       0x20 c:/saturn/SH_COFF/sh-coff/bin/../lib/gcc/sh-coff/3.4-GNUSH_v0501/m2\libgcc.a(_unpack_df.o)
 .comment       0x060251f0       0x20 c:/saturn/SH_COFF/sh-coff/bin/../lib/gcc/sh-coff/3.4-GNUSH_v0501/m2\libgcc.a(_thenan_df.o)
 .comment       0x06025210       0x20 c:/saturn/SH_COFF/sh-coff/bin/../lib/gcc/sh-coff/3.4-GNUSH_v0501/m2\libgcc.a(_lshrdi3.o)
 .comment       0x06025230       0x20 c:/saturn/SH_COFF/sh-coff/bin/../lib/gcc/sh-coff/3.4-GNUSH_v0501/m2\libgcc.a(_ashldi3.o)
 .comment       0x06025250       0x20 c:/saturn/SH_COFF/sh-coff/bin/../lib/gcc/sh-coff/3.4-GNUSH_v0501/../../../../sh-coff/lib/m2\libc.a(malloc.o)
 .comment       0x06025270       0x20 c:/saturn/SH_COFF/sh-coff/bin/../lib/gcc/sh-coff/3.4-GNUSH_v0501/../../../../sh-coff/lib/m2\libc.a(atexit.o)
 .comment       0x06025290       0x20 c:/saturn/SH_COFF/sh-coff/bin/../lib/gcc/sh-coff/3.4-GNUSH_v0501/../../../../sh-coff/lib/m2\libc.a(impure.o)
 .comment       0x060252b0       0x20 c:/saturn/SH_COFF/sh-coff/bin/../lib/gcc/sh-coff/3.4-GNUSH_v0501/../../../../sh-coff/lib/m2\libc.a(mallocr.o)
 .comment       0x060252d0       0x20 c:/saturn/SH_COFF/sh-coff/bin/../lib/gcc/sh-coff/3.4-GNUSH_v0501/../../../../sh-coff/lib/m2\libc.a(freer.o)
 .comment       0x060252f0       0x20 c:/saturn/SH_COFF/sh-coff/bin/../lib/gcc/sh-coff/3.4-GNUSH_v0501/../../../../sh-coff/lib/m2\libc.a(mlock.o)
 .comment       0x06025310       0x20 c:/saturn/SH_COFF/sh-coff/bin/../lib/gcc/sh-coff/3.4-GNUSH_v0501/../../../../sh-coff/lib/m2\libc.a(sbrkr.o)
 .comment       0x06025330       0x20 c:/saturn/SH_COFF/sh-coff/bin/../lib/gcc/sh-coff/3.4-GNUSH_v0501/../../../../sh-coff/lib/m2\libc.a(syscalls.o)
 .comment       0x06025350       0x20 c:/saturn/SH_COFF/sh-coff/bin/../lib/gcc/sh-coff/3.4-GNUSH_v0501/../../../../sh-coff/lib/m2\libc.a(abort.o)
 .comment       0x06025370       0x20 c:/saturn/SH_COFF/sh-coff/bin/../lib/gcc/sh-coff/3.4-GNUSH_v0501/../../../../sh-coff/lib/m2\libc.a(signal.o)
 .comment       0x06025390       0x20 c:/saturn/SH_COFF/sh-coff/bin/../lib/gcc/sh-coff/3.4-GNUSH_v0501/../../../../sh-coff/lib/m2\libc.a(signalr.o)
