Archive member included because of file (symbol)

C:\saturn\sgl302j/lib\libsgl.a(sglIc0.o)
                              main.o (slInitSystem)
C:\saturn\sgl302j/lib\libsgl.a(sglH00.o)
                              C:\saturn\sgl302j/lib\libsgl.a(sglIc0.o) (slInitPeripheral)
C:\saturn\sgl302j/lib\libsgl.a(sglF00.o)
                              game.o (slLocate)
C:\saturn\sgl302j/lib\libsgl.a(sglF05.o)
                              game.o (slPrint)
C:\saturn\sgl302j/lib\libsgl.a(sglF02.o)
                              game.o (slPrintHex)
C:\saturn\sgl302j/lib\libsgl.a(sglC06.o)
                              game.o (slDispSprite)
C:\saturn\sgl302j/lib\libsgl.a(sglA06.o)
                              game.o (slMulFX)
C:\saturn\sgl302j/lib\libsgl.a(sglA04.o)
                              game.o (slAtan)
C:\saturn\sgl302j/lib\libsgl.a(sglA01.o)
                              game.o (slSin)
C:\saturn\sgl302j/lib\libsgl.a(sglI01.o)
                              C:\saturn\sgl302j/lib\libsgl.a(sglIc0.o) (slInitSynch)
C:\saturn\sgl302j/lib\libsgl.a(sglF03.o)
                              game.o (slPrintFX)
C:\saturn\sgl302j/lib\libsgl.a(sglB015.o)
                              game.o (slScrAutoDisp)
C:\saturn\sgl302j/lib\libsgl.a(sglB001.o)
                              game.o (slTVOn)
C:\saturn\sgl302j/lib\libsgl.a(sglD00.o)
                              game.o (slDMACopy)
C:\saturn\sgl302j/lib\libsgl.a(sglB002.o)
                              game.o (slColRAMMode)
C:\saturn\sgl302j/lib\libsgl.a(sglB016.o)
                              game.o (slBack1ColSet)
C:\saturn\sgl302j/lib\libsgl.a(sglB200.o)
                              linescroll.o (slCharNbg1)
C:\saturn\sgl302j/lib\libsgl.a(sglB058.o)
                              game.o (slPlaneNbg3)
C:\saturn\sgl302j/lib\libsgl.a(sglB034.o)
                              game.o (slMapNbg3)
C:\saturn\sgl302j/lib\libsgl.a(sglB073.o)
                              game.o (slScrPosNbg3)
C:\saturn\sgl302j/lib\libsgl.a(sglB063.o)
                              game.o (slPriority)
C:\saturn\sgl302j/lib\libsgl.a(sglB020.o)
                              game.o (slColorCalc)
C:\saturn\sgl302j/lib\libsgl.a(sglB023.o)
                              game.o (slColRate)
C:\saturn\sgl302j/lib\libsgl.a(sglB056.o)
                              linescroll.o (slPlaneNbg1)
C:\saturn\sgl302j/lib\libsgl.a(sglB032.o)
                              linescroll.o (slMapNbg1)
C:\saturn\sgl302j/lib\libsgl.a(sglB090.o)
                              linescroll.o (slLineScrollMode)
C:\saturn\sgl302j/lib\libsgl.a(sglB088.o)
                              linescroll.o (slLineScrollTable1)
C:\saturn\sgl302j/lib\libsgl.a(sglB071.o)
                              linescroll.o (slScrPosNbg1)
C:\saturn\sgl302j/lib\libsgl.a(sglB057.o)
                              tilemap.o (slPlaneNbg2)
C:\saturn\sgl302j/lib\libsgl.a(sglB033.o)
                              tilemap.o (slMapNbg2)
C:\saturn\sgl302j/lib\libsgl.a(sglB072.o)
                              tilemap.o (slScrPosNbg2)
C:\saturn\sgl302j/lib\libsgl.a(sglA00.o)
                              C:\saturn\sgl302j/lib\libsgl.a(sglIc0.o) (_builtin_set_imask)
C:\saturn\sgl302j/lib\libsgl.a(sglK01.o)
                              C:\saturn\sgl302j/lib\libsgl.a(sglIc0.o) (SynchCount)
C:\saturn\sgl302j/lib\libsgl.a(sglJ00.o)
                              C:\saturn\sgl302j/lib\libsgl.a(sglIc0.o) (InitSlaveSH)
C:\saturn\sgl302j/lib\libsgl.a(sglA20.o)
                              C:\saturn\sgl302j/lib\libsgl.a(sglIc0.o) (slInitMatrix)
C:\saturn\sgl302j/lib\libsgl.a(sglB000.o)
                              C:\saturn\sgl302j/lib\libsgl.a(sglIc0.o) (slInitScroll)
C:\saturn\sgl302j/lib\libsgl.a(sglJ01.o)
                              C:\saturn\sgl302j/lib\libsgl.a(sglIc0.o) (SlaveControl)
C:\saturn\sgl302j/lib\libsgl.a(sglI00.o)
                              C:\saturn\sgl302j/lib\libsgl.a(sglIc0.o) (slInitInterrupt)
C:\saturn\sgl302j/lib\libsgl.a(sglC00.o)
                              C:\saturn\sgl302j/lib\libsgl.a(sglIc0.o) (slInitSprite)
C:\saturn\sgl302j/lib\libsgl.a(sglH02.o)
                              C:\saturn\sgl302j/lib\libsgl.a(sglH00.o) (smpc_pfr_tbl)
C:\saturn\sgl302j/lib\libsgl.a(sglH04.o)
                              C:\saturn\sgl302j/lib\libsgl.a(sglH00.o) (slComPrmIntBack)
C:\saturn\sgl302j/lib\libsgl.a(sglC20.o)
                              C:\saturn\sgl302j/lib\libsgl.a(sglC06.o) (SpriteEntry)
C:\saturn\sgl302j/lib\libsgl.a(sglB035.o)
                              C:\saturn\sgl302j/lib\libsgl.a(sglB200.o) (rbank_set)
C:\saturn\sgl302j/lib\libsgl.a(sglJ03.o)
                              C:\saturn\sgl302j/lib\libsgl.a(sglJ01.o) (sbMakeDMATable)
C:\saturn\sgl302j/lib\libsgl.a(sglJ02.o)
                              C:\saturn\sgl302j/lib\libsgl.a(sglJ01.o) (sbMakePolygon)
C:\saturn\sgl302j/lib\libsgl.a(sglJ04.o)
                              C:\saturn\sgl302j/lib\libsgl.a(sglJ01.o) (sbMakeSprite)
C:\saturn\sgl302j/lib\libsgl.a(sglJ05.o)
                              C:\saturn\sgl302j/lib\libsgl.a(sglJ01.o) (sbSortEntry)
C:\saturn\sgl302j/lib\libsgl.a(sglH03.o)
                              C:\saturn\sgl302j/lib\libsgl.a(sglI00.o) (slSmpcIntBack)
C:\saturn\sgl302j/lib\libsgl.a(sglM01.o)
                              C:\saturn\sgl302j/lib\libsgl.a(sglJ02.o) (DepthWorkArea)
c:/saturn/SH_COFF/sh-coff/bin/../lib/gcc/sh-coff/3.4-GNUSH_v0501/m2\libgcc.a(__main.o)
                              C:\saturn\sgl302j\SAMPLE\common/cinit.o (__main)
c:/saturn/SH_COFF/sh-coff/bin/../lib/gcc/sh-coff/3.4-GNUSH_v0501/m2\libgcc.a(_si_to_df.o)
                              game.o (__floatsidf)
c:/saturn/SH_COFF/sh-coff/bin/../lib/gcc/sh-coff/3.4-GNUSH_v0501/m2\libgcc.a(_mul_df.o)
                              game.o (__muldf3)
c:/saturn/SH_COFF/sh-coff/bin/../lib/gcc/sh-coff/3.4-GNUSH_v0501/m2\libgcc.a(_div_df.o)
                              game.o (__divdf3)
c:/saturn/SH_COFF/sh-coff/bin/../lib/gcc/sh-coff/3.4-GNUSH_v0501/m2\libgcc.a(_df_to_si.o)
                              game.o (__fixdfsi)
c:/saturn/SH_COFF/sh-coff/bin/../lib/gcc/sh-coff/3.4-GNUSH_v0501/m2\libgcc.a(_ashiftlt.o)
                              game.o (__ashlsi3)
c:/saturn/SH_COFF/sh-coff/bin/../lib/gcc/sh-coff/3.4-GNUSH_v0501/m2\libgcc.a(_ashiftrt_n.o)
                              game.o (__ashrsi3)
c:/saturn/SH_COFF/sh-coff/bin/../lib/gcc/sh-coff/3.4-GNUSH_v0501/m2\libgcc.a(_pack_df.o)
                              c:/saturn/SH_COFF/sh-coff/bin/../lib/gcc/sh-coff/3.4-GNUSH_v0501/m2\libgcc.a(_si_to_df.o) (__pack_d)
c:/saturn/SH_COFF/sh-coff/bin/../lib/gcc/sh-coff/3.4-GNUSH_v0501/m2\libgcc.a(_unpack_df.o)
                              c:/saturn/SH_COFF/sh-coff/bin/../lib/gcc/sh-coff/3.4-GNUSH_v0501/m2\libgcc.a(_mul_df.o) (__unpack_d)
c:/saturn/SH_COFF/sh-coff/bin/../lib/gcc/sh-coff/3.4-GNUSH_v0501/m2\libgcc.a(_thenan_df.o)
                              c:/saturn/SH_COFF/sh-coff/bin/../lib/gcc/sh-coff/3.4-GNUSH_v0501/m2\libgcc.a(_mul_df.o) (__thenan_df)
c:/saturn/SH_COFF/sh-coff/bin/../lib/gcc/sh-coff/3.4-GNUSH_v0501/m2\libgcc.a(_lshrdi3.o)
                              c:/saturn/SH_COFF/sh-coff/bin/../lib/gcc/sh-coff/3.4-GNUSH_v0501/m2\libgcc.a(_df_to_si.o) (__lshrdi3)
c:/saturn/SH_COFF/sh-coff/bin/../lib/gcc/sh-coff/3.4-GNUSH_v0501/m2\libgcc.a(_ashldi3.o)
                              c:/saturn/SH_COFF/sh-coff/bin/../lib/gcc/sh-coff/3.4-GNUSH_v0501/m2\libgcc.a(_pack_df.o) (__ashldi3)
c:/saturn/SH_COFF/sh-coff/bin/../lib/gcc/sh-coff/3.4-GNUSH_v0501/m2\libgcc.a(_lshiftrt.o)
                              c:/saturn/SH_COFF/sh-coff/bin/../lib/gcc/sh-coff/3.4-GNUSH_v0501/m2\libgcc.a(_lshrdi3.o) (__lshrsi3)
c:/saturn/SH_COFF/sh-coff/bin/../lib/gcc/sh-coff/3.4-GNUSH_v0501/../../../../sh-coff/lib/m2\libc.a(memcpy.o)
                              game.o (memcpy)
c:/saturn/SH_COFF/sh-coff/bin/../lib/gcc/sh-coff/3.4-GNUSH_v0501/../../../../sh-coff/lib/m2\libc.a(memset.o)
                              spritelist.o (memset)
c:/saturn/SH_COFF/sh-coff/bin/../lib/gcc/sh-coff/3.4-GNUSH_v0501/../../../../sh-coff/lib/m2\libc.a(atexit.o)
                              c:/saturn/SH_COFF/sh-coff/bin/../lib/gcc/sh-coff/3.4-GNUSH_v0501/m2\libgcc.a(__main.o) (atexit)
c:/saturn/SH_COFF/sh-coff/bin/../lib/gcc/sh-coff/3.4-GNUSH_v0501/../../../../sh-coff/lib/m2\libc.a(impure.o)
                              c:/saturn/SH_COFF/sh-coff/bin/../lib/gcc/sh-coff/3.4-GNUSH_v0501/../../../../sh-coff/lib/m2\libc.a(atexit.o) (_impure_ptr)
c:/saturn/SH_COFF/sh-coff/bin/../lib/gcc/sh-coff/3.4-GNUSH_v0501/../../../../sh-coff/lib/m2\libc.a(malloc.o)
                              c:/saturn/SH_COFF/sh-coff/bin/../lib/gcc/sh-coff/3.4-GNUSH_v0501/../../../../sh-coff/lib/m2\libc.a(atexit.o) (malloc)
c:/saturn/SH_COFF/sh-coff/bin/../lib/gcc/sh-coff/3.4-GNUSH_v0501/../../../../sh-coff/lib/m2\libc.a(mallocr.o)
                              c:/saturn/SH_COFF/sh-coff/bin/../lib/gcc/sh-coff/3.4-GNUSH_v0501/../../../../sh-coff/lib/m2\libc.a(malloc.o) (_malloc_r)
c:/saturn/SH_COFF/sh-coff/bin/../lib/gcc/sh-coff/3.4-GNUSH_v0501/../../../../sh-coff/lib/m2\libc.a(freer.o)
                              c:/saturn/SH_COFF/sh-coff/bin/../lib/gcc/sh-coff/3.4-GNUSH_v0501/../../../../sh-coff/lib/m2\libc.a(malloc.o) (_free_r)
c:/saturn/SH_COFF/sh-coff/bin/../lib/gcc/sh-coff/3.4-GNUSH_v0501/../../../../sh-coff/lib/m2\libc.a(mlock.o)
                              c:/saturn/SH_COFF/sh-coff/bin/../lib/gcc/sh-coff/3.4-GNUSH_v0501/../../../../sh-coff/lib/m2\libc.a(mallocr.o) (__malloc_lock)
c:/saturn/SH_COFF/sh-coff/bin/../lib/gcc/sh-coff/3.4-GNUSH_v0501/../../../../sh-coff/lib/m2\libc.a(sbrkr.o)
                              c:/saturn/SH_COFF/sh-coff/bin/../lib/gcc/sh-coff/3.4-GNUSH_v0501/../../../../sh-coff/lib/m2\libc.a(mallocr.o) (_sbrk_r)
c:/saturn/SH_COFF/sh-coff/bin/../lib/gcc/sh-coff/3.4-GNUSH_v0501/../../../../sh-coff/lib/m2\libc.a(syscalls.o)
                              c:/saturn/SH_COFF/sh-coff/bin/../lib/gcc/sh-coff/3.4-GNUSH_v0501/../../../../sh-coff/lib/m2\libc.a(sbrkr.o) (_sbrk)
c:/saturn/SH_COFF/sh-coff/bin/../lib/gcc/sh-coff/3.4-GNUSH_v0501/../../../../sh-coff/lib/m2\libc.a(trap.o)
                              c:/saturn/SH_COFF/sh-coff/bin/../lib/gcc/sh-coff/3.4-GNUSH_v0501/../../../../sh-coff/lib/m2\libc.a(syscalls.o) (__trap34)
c:/saturn/SH_COFF/sh-coff/bin/../lib/gcc/sh-coff/3.4-GNUSH_v0501/../../../../sh-coff/lib/m2\libc.a(abort.o)
                              c:/saturn/SH_COFF/sh-coff/bin/../lib/gcc/sh-coff/3.4-GNUSH_v0501/../../../../sh-coff/lib/m2\libc.a(syscalls.o) (abort)
c:/saturn/SH_COFF/sh-coff/bin/../lib/gcc/sh-coff/3.4-GNUSH_v0501/../../../../sh-coff/lib/m2\libc.a(signal.o)
                              c:/saturn/SH_COFF/sh-coff/bin/../lib/gcc/sh-coff/3.4-GNUSH_v0501/../../../../sh-coff/lib/m2\libc.a(abort.o) (raise)
c:/saturn/SH_COFF/sh-coff/bin/../lib/gcc/sh-coff/3.4-GNUSH_v0501/../../../../sh-coff/lib/m2\libc.a(signalr.o)
                              c:/saturn/SH_COFF/sh-coff/bin/../lib/gcc/sh-coff/3.4-GNUSH_v0501/../../../../sh-coff/lib/m2\libc.a(signal.o) (_kill_r)
c:/saturn/SH_COFF/sh-coff/bin/../lib/gcc/sh-coff/3.4-GNUSH_v0501/m2\libgcc.a(_udivsi3.o)
                              c:/saturn/SH_COFF/sh-coff/bin/../lib/gcc/sh-coff/3.4-GNUSH_v0501/../../../../sh-coff/lib/m2\libc.a(freer.o) (__udivsi3)

Allocating common symbols
Common symbol       size              file

sprites             0x1c20            game.o
numSprites          0x1               game.o
playfield           0x800             game.o
eye1Index           0x4               game.o
defaultSprite       0x24              game.o
bgLayers            0x2               game.o
eye2Index           0x4               game.o
errno               0x4               c:/saturn/SH_COFF/sh-coff/bin/../lib/gcc/sh-coff/3.4-GNUSH_v0501/../../../../sh-coff/lib/m2\libc.a(syscalls.o)
gameState           0x4               game.o
dispFace            0x1               game.o

Memory Configuration

Name             Origin             Length             Attributes
*default*        0x00000000         0xffffffff

Linker script and memory map


SLSTART         0x06004000       0x30
                0x06004000                ___Start = .
 *(SLSTART)
 SLSTART        0x06004000       0x28 C:\saturn\sgl302j/lib\libsgl.a(sglI00.o)
                0x06004002                slStartSGL
                0x06004000                SGL_Start

.text           0x06004040     0x4410
 *(.text)
 .text          0x06004040       0x50 C:\saturn\sgl302j\SAMPLE\common/cinit.o
                0x06004040                main
 .text          0x06004090       0x70 main.o
                0x06004090                ss_main
 .text          0x06004100     0x1af0 game.o
                0x06004600                loadSpritePos
                0x060045d0                loadLevel
                0x06005670                runLevel
 .text          0x06005bf0      0x1f0 linescroll.o
                0x06005d40                updateLinescroll
                0x06005bf0                initLinescroll
 .text          0x06005de0       0xf0 scrollfunctions.o
                0x06005e80                MapRead
                0x06005ea0                Pal2CRAM
                0x06005e00                Map2VRAM
                0x06005e60                MapWrite
                0x06005de0                Cel2VRAM
 .text          0x06005ed0       0xd0 spritelist.o
                0x06005f50                deleteSprite
                0x06005ed0                addSprite
                0x06005f80                clearSpriteList
 .text          0x06005fa0      0x1c0 tilemap.o
                0x06005fa0                initTilemap
                0x06006100                updateTilemap
 .text          0x06006160      0x128 C:\saturn\sgl302j/lib\libsgl.a(sglIc0.o)
                0x06006160                slInitSystem
 *fill*         0x06006288        0x8 00
 .text          0x06006290       0xc0 c:/saturn/SH_COFF/sh-coff/bin/../lib/gcc/sh-coff/3.4-GNUSH_v0501/m2\libgcc.a(__main.o)
                0x06006310                __main
                0x06006290                __do_global_dtors
                0x060062d0                __do_global_ctors
 .text          0x06006350      0x110 c:/saturn/SH_COFF/sh-coff/bin/../lib/gcc/sh-coff/3.4-GNUSH_v0501/m2\libgcc.a(_si_to_df.o)
                0x06006360                __floatsidf
 .text          0x06006460      0x2c0 c:/saturn/SH_COFF/sh-coff/bin/../lib/gcc/sh-coff/3.4-GNUSH_v0501/m2\libgcc.a(_mul_df.o)
                0x06006480                __muldf3
 .text          0x06006720      0x180 c:/saturn/SH_COFF/sh-coff/bin/../lib/gcc/sh-coff/3.4-GNUSH_v0501/m2\libgcc.a(_div_df.o)
                0x06006730                __divdf3
 .text          0x060068a0       0x90 c:/saturn/SH_COFF/sh-coff/bin/../lib/gcc/sh-coff/3.4-GNUSH_v0501/m2\libgcc.a(_df_to_si.o)
                0x060068a0                __fixdfsi
 .text          0x06006930       0x90 c:/saturn/SH_COFF/sh-coff/bin/../lib/gcc/sh-coff/3.4-GNUSH_v0501/m2\libgcc.a(_ashiftlt.o)
                0x06006930                __ashlsi3
 .text          0x060069c0       0x80 c:/saturn/SH_COFF/sh-coff/bin/../lib/gcc/sh-coff/3.4-GNUSH_v0501/m2\libgcc.a(_ashiftrt_n.o)
                0x060069c0                __ashrsi3
 .text          0x06006a40      0x270 c:/saturn/SH_COFF/sh-coff/bin/../lib/gcc/sh-coff/3.4-GNUSH_v0501/m2\libgcc.a(_pack_df.o)
                0x06006a60                __pack_d
 .text          0x06006cb0      0x160 c:/saturn/SH_COFF/sh-coff/bin/../lib/gcc/sh-coff/3.4-GNUSH_v0501/m2\libgcc.a(_unpack_df.o)
                0x06006cd0                __unpack_d
 .text          0x06006e10       0x20 c:/saturn/SH_COFF/sh-coff/bin/../lib/gcc/sh-coff/3.4-GNUSH_v0501/m2\libgcc.a(_thenan_df.o)
                0x06006e10                __thenan_df
 .text          0x06006e30       0x90 c:/saturn/SH_COFF/sh-coff/bin/../lib/gcc/sh-coff/3.4-GNUSH_v0501/m2\libgcc.a(_lshrdi3.o)
                0x06006e30                __lshrdi3
 .text          0x06006ec0       0x90 c:/saturn/SH_COFF/sh-coff/bin/../lib/gcc/sh-coff/3.4-GNUSH_v0501/m2\libgcc.a(_ashldi3.o)
                0x06006ec0                __ashldi3
 .text          0x06006f50       0x90 c:/saturn/SH_COFF/sh-coff/bin/../lib/gcc/sh-coff/3.4-GNUSH_v0501/m2\libgcc.a(_lshiftrt.o)
                0x06006f50                __lshrsi3
 .text          0x06006fe0       0xa0 c:/saturn/SH_COFF/sh-coff/bin/../lib/gcc/sh-coff/3.4-GNUSH_v0501/../../../../sh-coff/lib/m2\libc.a(memcpy.o)
                0x06006fe0                memcpy
 .text          0x06007080       0x40 c:/saturn/SH_COFF/sh-coff/bin/../lib/gcc/sh-coff/3.4-GNUSH_v0501/../../../../sh-coff/lib/m2\libc.a(memset.o)
                0x06007080                memset
 .text          0x060070c0       0xa0 c:/saturn/SH_COFF/sh-coff/bin/../lib/gcc/sh-coff/3.4-GNUSH_v0501/../../../../sh-coff/lib/m2\libc.a(atexit.o)
                0x060070c0                atexit
 .text          0x06007160       0x10 c:/saturn/SH_COFF/sh-coff/bin/../lib/gcc/sh-coff/3.4-GNUSH_v0501/../../../../sh-coff/lib/m2\libc.a(impure.o)
                0x06007160                _global_impure_ptr
 .text          0x06007170       0x40 c:/saturn/SH_COFF/sh-coff/bin/../lib/gcc/sh-coff/3.4-GNUSH_v0501/../../../../sh-coff/lib/m2\libc.a(malloc.o)
                0x06007190                free
                0x06007170                malloc
 .text          0x060071b0      0x680 c:/saturn/SH_COFF/sh-coff/bin/../lib/gcc/sh-coff/3.4-GNUSH_v0501/../../../../sh-coff/lib/m2\libc.a(mallocr.o)
                0x060071b0                _malloc_r
 .text          0x06007830      0x3b0 c:/saturn/SH_COFF/sh-coff/bin/../lib/gcc/sh-coff/3.4-GNUSH_v0501/../../../../sh-coff/lib/m2\libc.a(freer.o)
                0x06007830                _malloc_trim_r
                0x06007930                _free_r
 .text          0x06007be0       0x20 c:/saturn/SH_COFF/sh-coff/bin/../lib/gcc/sh-coff/3.4-GNUSH_v0501/../../../../sh-coff/lib/m2\libc.a(mlock.o)
                0x06007be0                __malloc_lock
                0x06007bf0                __malloc_unlock
 .text          0x06007c00       0x50 c:/saturn/SH_COFF/sh-coff/bin/../lib/gcc/sh-coff/3.4-GNUSH_v0501/../../../../sh-coff/lib/m2\libc.a(sbrkr.o)
                0x06007c00                _sbrk_r
 .text          0x06007c50      0x430 c:/saturn/SH_COFF/sh-coff/bin/../lib/gcc/sh-coff/3.4-GNUSH_v0501/../../../../sh-coff/lib/m2\libc.a(syscalls.o)
                0x06007e00                _exit
                0x06007e40                _getpid
                0x06007ec0                _utime
                0x06007c90                _write
                0x06007c50                _read
                0x06007de0                _unlink
                0x06007da0                _open
                0x06007e60                _stat
                0x06007df0                isatty
                0x06007f00                _wait
                0x06007e20                _kill
                0x06007e80                _chmod
                0x06007f40                _execv
                0x06007f20                _execve
                0x06008040                __setup_argv_and_call_main
                0x06007f90                _gettimeofday
                0x06007cd0                _link
                0x06007e50                _raise
                0x06007dc0                _creat
                0x06007f60                _pipe
                0x06007ea0                _chown
                0x06007c70                _lseek
                0x06007cb0                _close
                0x06007f80                _times
                0x06007d80                _fstat
                0x06007ee0                _fork
                0x06007d00                _sbrk
 .text          0x06008080       0x20 c:/saturn/SH_COFF/sh-coff/bin/../lib/gcc/sh-coff/3.4-GNUSH_v0501/../../../../sh-coff/lib/m2\libc.a(trap.o)
                0x06008080                __trap34
 .text          0x060080a0       0x20 c:/saturn/SH_COFF/sh-coff/bin/../lib/gcc/sh-coff/3.4-GNUSH_v0501/../../../../sh-coff/lib/m2\libc.a(abort.o)
                0x060080a0                abort
 .text          0x060080c0      0x2c0 c:/saturn/SH_COFF/sh-coff/bin/../lib/gcc/sh-coff/3.4-GNUSH_v0501/../../../../sh-coff/lib/m2\libc.a(signal.o)
                0x060081a0                _raise_r
                0x06008360                __sigtramp
                0x06008300                raise
                0x06008340                _init_signal
                0x06008280                __sigtramp_r
                0x06008320                signal
                0x06008110                _signal_r
                0x060080c0                _init_signal_r
 .text          0x06008380       0x60 c:/saturn/SH_COFF/sh-coff/bin/../lib/gcc/sh-coff/3.4-GNUSH_v0501/../../../../sh-coff/lib/m2\libc.a(signalr.o)
                0x060083d0                _getpid_r
                0x06008380                _kill_r
 .text          0x060083e0       0x70 c:/saturn/SH_COFF/sh-coff/bin/../lib/gcc/sh-coff/3.4-GNUSH_v0501/m2\libgcc.a(_udivsi3.o)
                0x06008402                __udivsi3
 *(.strings)
                0x06008450                __etext = .

SLPROG          0x06008460    0x12390
                0x06008460                __slprog_start = .
 *(SLPROG)
 SLPROG         0x06008460     0x6540 C:\saturn\sgl302j/lib/sglarea.o
                0x0600847c                SpriteBuf
                0x060084a0                RemainEvent
                0x0600846c                SortList
                0x0600846a                MaxPolygons
                0x06008488                CommandBuf
                0x0600849c                MaxWorks
                0x0600849e                WorkSize
                0x06008494                PCM_WkSize
                0x0600848c                CLOfstBuf
                0x060085a0                RemainWork
                0x06008490                PCM_Work
                0x06008460                MasterStack
                0x06008464                SlaveStack
                0x06008468                MaxVertices
                0x06008498                MaxEvents
                0x06008478                Zbuffer
                0x06008480                SpriteBufSize
                0x0600a9a0                WorkBuf
                0x06008474                TransList
                0x06008484                Pbuffer
                0x06008470                SortListSize
                0x0600849a                EventSize
                0x060089a0                EventBuf
 SLPROG         0x0600e9a0      0xfc8 C:\saturn\sgl302j/lib\libsgl.a(sglH00.o)
                0x0600ea3c                slSetPortData1
                0x0600ea2c                slGetPortData1
                0x0600f21a                slSetPortMode1
                0x0600f454                Smpc_Status
                0x0600e9f2                slSetPortDir2
                0x0600f038                slSmpcCashSend
                0x0600ea58                slGetPortSelect1
                0x0600ee3e                slIntBackCancel
                0x0600eaf0                slSetPortExt1
                0x0600f200                slGetPortMode1
                0x0600f0f4                slSmpcCashBlow
                0x0600f3e4                slRequestCommand
                0x0600f484                SmpcStatusBuf
                0x0600ea46                slSetPortData2
                0x0600eda6                slSetResultBuffer
                0x0600eadc                slGetPortExt1
                0x0600eb20                slSetPortExt2
                0x0600e9c0                slGetPortDir2
                0x0600eae6                slGetPortExt2
                0x0600ee72                slClearReset
                0x0600ee68                slCheckReset
                0x0600e9c8                slSetPortDir1
                0x0600eaa0                slSetPortSelect2
                0x0600ea6c                slSetPortSelect1
                0x0600f20c                slGetPortMode2
                0x0600ea62                slGetPortSelect2
                0x0600e9b8                slGetPortDir1
                0x0600ea34                slGetPortData2
                0x0600f1da                slSetOptimize
                0x0600f1d0                slGetOptimize
                0x0600ec94                slSmpcDirectAccess
                0x0600f462                Per_Connect1
                0x0600ed14                slInitPeripheral
                0x0600ee32                slCheckIntBackSet
                0x0600f463                Per_Connect2
                0x0600f45c                Smpc_Peripheral
                0x0600f258                slSetPortMode2
                0x0600f458                Smpc_Result
 *fill*         0x0600f968        0x8 00
 SLPROG         0x0600f970       0x4e C:\saturn\sgl302j/lib\libsgl.a(sglF00.o)
                0x0600f98a                slLocate
                0x0600f980                slCurColor
                0x0600f9bc                CurrentScreen
                0x0600f970                slCurScrn
 *fill*         0x0600f9be        0x2 00
 SLPROG         0x0600f9c0       0x1c C:\saturn\sgl302j/lib\libsgl.a(sglF05.o)
                0x0600f9c0                slPrint
 *fill*         0x0600f9dc        0x4 00
 SLPROG         0x0600f9e0       0x3c C:\saturn\sgl302j/lib\libsgl.a(sglF02.o)
                0x0600f9e0                slPrintHex
 *fill*         0x0600fa1c        0x4 00
 SLPROG         0x0600fa20       0xfa C:\saturn\sgl302j/lib\libsgl.a(sglC06.o)
                0x0600fa20                slDispSprite
 *fill*         0x0600fb1a        0x6 00
 SLPROG         0x0600fb20        0xa C:\saturn\sgl302j/lib\libsgl.a(sglA06.o)
                0x0600fb20                slMulFX
 *fill*         0x0600fb2a        0x6 00
 SLPROG         0x0600fb30     0x20b6 C:\saturn\sgl302j/lib\libsgl.a(sglA04.o)
                0x0600fbe4                atan_tbl
                0x0600fb30                slAtan
 *fill*         0x06011be6        0xa 00
 SLPROG         0x06011bf0     0x411e C:\saturn\sgl302j/lib\libsgl.a(sglA01.o)
                0x06011ccc                sin_cos_index_tbl
                0x06011bf0                slSin
                0x06011d0c                sin_tbl
                0x06011c38                GetSinCos
                0x06011c14                slCos
 *fill*         0x06015d0e        0x2 00
 SLPROG         0x06015d10      0x3a4 C:\saturn\sgl302j/lib\libsgl.a(sglI01.o)
                0x06015efa                RetPCMBuf
                0x06016034                Sound_Buf
                0x06015d10                slInitSynch
                0x06015e20                slRandom
                0x06015f94                PCM_Buf
                0x06015d2a                slSynch
                0x06015e3e                PCM_EndCheck
 *fill*         0x060160b4        0xc 00
 SLPROG         0x060160c0      0x12a C:\saturn\sgl302j/lib\libsgl.a(sglF03.o)
                0x060160c0                slPrintFX
 *fill*         0x060161ea        0x6 00
 SLPROG         0x060161f0      0x40c C:\saturn\sgl302j/lib\libsgl.a(sglB015.o)
                0x060161f0                slScrAutoDisp
 *fill*         0x060165fc        0x4 00
 SLPROG         0x06016600       0x20 C:\saturn\sgl302j/lib\libsgl.a(sglB001.o)
                0x06016600                slTVOn
                0x0601660a                slTVOff
 SLPROG         0x06016620       0x84 C:\saturn\sgl302j/lib\libsgl.a(sglD00.o)
                0x06016620                slDMACopy
                0x06016620                slCpuDMACopy
                0x0601667a                slCashPurge
                0x0601667a                CSH_AllClr
 *fill*         0x060166a4        0xc 00
 SLPROG         0x060166b0       0x1e C:\saturn\sgl302j/lib\libsgl.a(sglB002.o)
                0x060166b0                slColRAMMode
 *fill*         0x060166ce        0x2 00
 SLPROG         0x060166d0        0xc C:\saturn\sgl302j/lib\libsgl.a(sglB016.o)
                0x060166d0                slBack1ColSet
 *fill*         0x060166dc        0x4 00
 SLPROG         0x060166e0      0x114 C:\saturn\sgl302j/lib\libsgl.a(sglB200.o)
                0x060166ec                slCharNbg0
                0x06016732                slPageRbg0
                0x06016748                slPageNbg1
                0x060166f8                slCharNbg1
                0x06016764                slPageNbg0
                0x06016750                slPageNbg2
                0x06016758                slPageNbg3
                0x06016704                slCharNbg2
                0x0601671a                slCharNbg3
                0x060166e0                slCharRbg0
 *fill*         0x060167f4        0xc 00
 SLPROG         0x06016800       0x10 C:\saturn\sgl302j/lib\libsgl.a(sglB058.o)
                0x06016800                slPlaneNbg3
 SLPROG         0x06016810       0xb4 C:\saturn\sgl302j/lib\libsgl.a(sglB034.o)
                0x06016810                slMapNbg3
 *fill*         0x060168c4        0xc 00
 SLPROG         0x060168d0       0x10 C:\saturn\sgl302j/lib\libsgl.a(sglB073.o)
                0x060168d0                slScrPosNbg3
 SLPROG         0x060168e0        0xc C:\saturn\sgl302j/lib\libsgl.a(sglB063.o)
                0x060168e0                slPriority
 *fill*         0x060168ec        0x4 00
 SLPROG         0x060168f0       0x10 C:\saturn\sgl302j/lib\libsgl.a(sglB020.o)
                0x060168f0                slColorCalc
 SLPROG         0x06016900        0xc C:\saturn\sgl302j/lib\libsgl.a(sglB023.o)
                0x06016900                slColRate
 *fill*         0x0601690c        0x4 00
 SLPROG         0x06016910        0xc C:\saturn\sgl302j/lib\libsgl.a(sglB056.o)
                0x06016910                slPlaneNbg1
 *fill*         0x0601691c        0x4 00
 SLPROG         0x06016920       0xb4 C:\saturn\sgl302j/lib\libsgl.a(sglB032.o)
                0x06016920                slMapNbg1
 *fill*         0x060169d4        0xc 00
 SLPROG         0x060169e0        0xc C:\saturn\sgl302j/lib\libsgl.a(sglB090.o)
                0x060169e0                slLineScrollMode
 *fill*         0x060169ec        0x4 00
 SLPROG         0x060169f0        0x8 C:\saturn\sgl302j/lib\libsgl.a(sglB088.o)
                0x060169f0                slLineScrollTable1
 *fill*         0x060169f8        0x8 00
 SLPROG         0x06016a00        0xc C:\saturn\sgl302j/lib\libsgl.a(sglB071.o)
                0x06016a00                slScrPosNbg1
 *fill*         0x06016a0c        0x4 00
 SLPROG         0x06016a10       0x10 C:\saturn\sgl302j/lib\libsgl.a(sglB057.o)
                0x06016a10                slPlaneNbg2
 SLPROG         0x06016a20       0xb0 C:\saturn\sgl302j/lib\libsgl.a(sglB033.o)
                0x06016a20                slMapNbg2
 SLPROG         0x06016ad0       0x10 C:\saturn\sgl302j/lib\libsgl.a(sglB072.o)
                0x06016ad0                slScrPosNbg2
 SLPROG         0x06016ae0       0x20 C:\saturn\sgl302j/lib\libsgl.a(sglA00.o)
                0x06016af4                get_imask
                0x06016ae0                set_imask
                0x06016ae0                _builtin_set_imask
                0x06016af4                _builtin_get_imask
 SLPROG         0x06016b00       0x74 C:\saturn\sgl302j/lib\libsgl.a(sglJ00.o)
                0x06016b00                InitSlaveSH
                0x06016b68                SlaveCommand
 *fill*         0x06016b74        0xc 00
 SLPROG         0x06016b80      0x42c C:\saturn\sgl302j/lib\libsgl.a(sglA20.o)
                0x06016b80                slInitMatrix
                0x06016b9e                slUnitMatrix
                0x06016b8a                slPushUnitMatrix
 *fill*         0x06016fac        0x4 00
 SLPROG         0x06016fb0      0xbd0 C:\saturn\sgl302j/lib\libsgl.a(sglB000.o)
                0x06016fb0                slInitScroll
                0x06017210                TVSizeTbl
                0x06017100                setASC_4to8
                0x06017290                TVModeTbl
                0x060170d0                setASC_1to8
                0x06017468                SGL_ASCII_CG
 SLPROG         0x06017b80      0x3d0 C:\saturn\sgl302j/lib\libsgl.a(sglJ01.o)
                0x06017b80                SlaveControl
                0x06017f3c                ErasePolygonData
 SLPROG         0x06017f50      0x75c C:\saturn\sgl302j/lib\libsgl.a(sglI00.o)
                0x06018240                slInitInterrupt
 *fill*         0x060186ac        0x4 00
 SLPROG         0x060186b0      0x134 C:\saturn\sgl302j/lib\libsgl.a(sglC00.o)
                0x060186b0                slInitSprite
 *fill*         0x060187e4        0xc 00
 SLPROG         0x060187f0      0x470 C:\saturn\sgl302j/lib\libsgl.a(sglH02.o)
                0x06018be0                smpc_pfr_tbl
                0x06018c20                smpc_ptf_tbl
 SLPROG         0x06018c60       0x60 C:\saturn\sgl302j/lib\libsgl.a(sglH04.o)
                0x06018c8a                slComPrmSetTime
                0x06018c60                slComPrmIntBack
                0x06018c74                slComPrmSetMemory
 SLPROG         0x06018cc0       0x40 C:\saturn\sgl302j/lib\libsgl.a(sglC20.o)
                0x06018cc0                SpriteEntry
 SLPROG         0x06018d00       0xd4 C:\saturn\sgl302j/lib\libsgl.a(sglB035.o)
                0x06018d00                sl1MapRA
                0x06018d92                rbank_set
 *fill*         0x06018dd4        0xc 00
 SLPROG         0x06018de0      0x140 C:\saturn\sgl302j/lib\libsgl.a(sglJ03.o)
                0x06018de0                sbMakeDMATable
 SLPROG         0x06018f20     0x12b8 C:\saturn\sgl302j/lib\libsgl.a(sglJ02.o)
                0x0601a154                stvtc_1
                0x06019e8c                stvtc_4
                0x06019e4c                SetPolygon
                0x06019f44                stvtc_3
                0x0601a17c                stvtc_0
                0x06019e54                SetPosition
                0x06019108                sbCalcPolygon
                0x06019e40                SetTexture
                0x06018f20                sbMakePolygon
                0x0601a168                stvtc_2
 *fill*         0x0601a1d8        0x8 00
 SLPROG         0x0601a1e0      0x470 C:\saturn\sgl302j/lib\libsgl.a(sglJ04.o)
                0x0601a2a4                sbMakeRotSprite
                0x0601a23e                sbMakeSprite
 SLPROG         0x0601a650       0x3c C:\saturn\sgl302j/lib\libsgl.a(sglJ05.o)
                0x0601a650                sbSortEntry
 *fill*         0x0601a68c        0x4 00
 SLPROG         0x0601a690       0xf0 C:\saturn\sgl302j/lib\libsgl.a(sglH03.o)
                0x0601a6f4                slSmpcIntBack
 SLPROG         0x0601a780       0x6a C:\saturn\sgl302j/lib\libsgl.a(sglM01.o)
                0x0601a7ac                slSetDepthTbl
                0x0601a7dc                DepthWorkArea
                0x0601a780                slSetDepthLimit
                0x0601a7ea                __slprog_end = .

.tors           0x0601a7f0        0x0
                0x0601a7f0                ___ctors = .
 *(.ctors)
                0x0601a7f0                ___ctors_end = .
                0x0601a7f0                ___dtors = .
 *(.dtors)
                0x0601a7f0                ___dtors_end = .

.data           0x0601a7f0     0xf640
 *(.data)
 .data          0x0601a7f0       0xb0 main.o
                0x0601a7f0                spritepos2
                0x0601a820                spritepos1
 .data          0x0601a8a0     0xec60 assets.o
                0x0601b6a0                pal_cloud
                0x0601a8a0                pal_gradient
                0x06026b20                texture_sprites010
                0x060262a0                texture_sprites022
                0x06026aa0                texture_sprites011
                0x0601b2a0                cel_gradient
                0x06026c20                texture_sprites008
                0x060269a0                texture_sprites013
                0x060252a0                pic_sprites
                0x0601aaa0                map_gradient
                0x060228a0                map_map2
                0x06027020                texture_sprites003
                0x060268a0                texture_sprites015
                0x06025720                texture_sprites037
                0x060253e0                tex_sprites
                0x06025920                texture_sprites035
                0x06026120                texture_sprites025
                0x06026820                texture_sprites016
                0x06026020                texture_sprites027
                0x06025a20                texture_sprites034
                0x06025fa0                texture_sprites028
                0x06025f20                texture_sprites029
                0x06026ba0                texture_sprites009
                0x06027220                texture_sprites002
                0x06027500                texture_sprites000
                0x06025c20                texture_sprites032
                0x0601c0a0                cel_cloud
                0x0601d5a0                cel_road
                0x06026920                texture_sprites014
                0x060267a0                texture_sprites017
                0x060266a0                texture_sprites019
                0x0601cda0                map_road
                0x06025e20                texture_sprites030
                0x06026fa0                texture_sprites004
                0x06027480                texture_sprites001
                0x06025b20                texture_sprites033
                0x06023aa0                map_face
                0x06025820                texture_sprites036
                0x0601cba0                pal_road
                0x060230a0                map_map1
                0x06026a20                texture_sprites012
                0x06026d20                texture_sprites006
                0x060260a0                texture_sprites026
                0x060261a0                texture_sprites024
                0x06026720                texture_sprites018
                0x06025d20                texture_sprites031
                0x06025620                texture_sprites038
                0x060264a0                texture_sprites021
                0x06026ca0                texture_sprites007
                0x060238a0                pal_face
                0x060242a0                cel_face
                0x0601b8a0                map_cloud
                0x06026da0                texture_sprites005
                0x06026220                texture_sprites023
                0x06025520                texture_sprites039
 .data          0x06029500      0x120 game.o
                0x06029504                DIGITS
                0x060295c2                ZERO_ATTR
                0x060295b8                ONE_ATTR
                0x060295ea                SCLERA_ATTR
                0x060295d6                SHOT_ATTR
                0x06029554                SPR_SIZE
                0x060295e0                CIRCLE_ATTR
                0x06029500                scale
                0x060295f4                EYE_ATTR
                0x06029572                EIGHT_ATTR
                0x060295ae                TWO_ATTR
                0x060295cc                PUSH_ATTR
                0x06029590                FIVE_ATTR
                0x06029540                SPR_ATTRS
                0x06029586                SIX_ATTR
                0x060295fe                PLAYER_ATTR
                0x06029568                NINE_ATTR
                0x0602957c                SEVEN_ATTR
                0x0602959a                FOUR_ATTR
                0x060295a4                THREE_ATTR
                0x0602952c                POINTS
 .data          0x06029620       0x80 C:\saturn\sgl302j/lib\libsgl.a(sglIc0.o)
                0x06029620                IntPrioMask
 .data          0x060296a0      0x380 c:/saturn/SH_COFF/sh-coff/bin/../lib/gcc/sh-coff/3.4-GNUSH_v0501/../../../../sh-coff/lib/m2\libc.a(impure.o)
                0x06029a1c                _impure_ptr
 .data          0x06029a20      0x410 c:/saturn/SH_COFF/sh-coff/bin/../lib/gcc/sh-coff/3.4-GNUSH_v0501/../../../../sh-coff/lib/m2\libc.a(mallocr.o)
                0x06029a28                __malloc_av_
                0x06029a24                __malloc_trim_threshold
                0x06029a20                __malloc_sbrk_base
                0x06029e30                __edata = .

.bss            0x06029e30     0x2754
                0x06029e30                __bstart = .
 *(.bss)
 .bss           0x06029e30      0x200 assets.o
                0x06029e30                texture_sprites020
 .bss           0x0602a030       0x40 game.o
                0x0602a030                bgMode
                0x0602a034                screenY
                0x0602a038                screenX
                0x0602a03c                scaleSpeed
                0x0602a040                playerState
 .bss           0x0602a070       0x10 linescroll.o
 .bss           0x0602a080       0x10 tilemap.o
 .bss           0x0602a090       0x10 c:/saturn/SH_COFF/sh-coff/bin/../lib/gcc/sh-coff/3.4-GNUSH_v0501/m2\libgcc.a(__main.o)
 .bss           0x0602a0a0       0x10 c:/saturn/SH_COFF/sh-coff/bin/../lib/gcc/sh-coff/3.4-GNUSH_v0501/../../../../sh-coff/lib/m2\libc.a(atexit.o)
 .bss           0x0602a0b0       0x40 c:/saturn/SH_COFF/sh-coff/bin/../lib/gcc/sh-coff/3.4-GNUSH_v0501/../../../../sh-coff/lib/m2\libc.a(mallocr.o)
                0x0602a0e0                __malloc_top_pad
                0x0602a0b0                __malloc_current_mallinfo
                0x0602a0dc                __malloc_max_sbrked_mem
                0x0602a0d8                __malloc_max_total_mem
 .bss           0x0602a0f0       0x10 c:/saturn/SH_COFF/sh-coff/bin/../lib/gcc/sh-coff/3.4-GNUSH_v0501/../../../../sh-coff/lib/m2\libc.a(syscalls.o)
 *(COMMON)
 COMMON         0x0602a100     0x2471 game.o
                                  0x0 (size before relaxing)
                0x0602a100                sprites
                0x0602bd20                numSprites
                0x0602bd30                playfield
                0x0602c530                eye1Index
                0x0602c540                defaultSprite
                0x0602c564                bgLayers
                0x0602c568                eye2Index
                0x0602c56c                gameState
                0x0602c570                dispFace
 *fill*         0x0602c571        0xf 00
 COMMON         0x0602c580        0x4 c:/saturn/SH_COFF/sh-coff/bin/../lib/gcc/sh-coff/3.4-GNUSH_v0501/../../../../sh-coff/lib/m2\libc.a(syscalls.o)
                                  0x0 (size before relaxing)
                0x0602c580                errno
                0x0602c584                __bend = .
                0x0602c584                _end = .
LOAD C:\saturn\sgl302j\SAMPLE\common/cinit.o
LOAD C:\saturn\sgl302j/lib/sglarea.o
LOAD main.o
LOAD assets.o
LOAD game.o
LOAD linescroll.o
LOAD scrollfunctions.o
LOAD spritelist.o
LOAD tilemap.o
LOAD C:\saturn\sgl302j/lib\libsgl.a
LOAD c:/saturn/SH_COFF/sh-coff/bin/../lib/gcc/sh-coff/3.4-GNUSH_v0501/m2\libgcc.a
LOAD c:/saturn/SH_COFF/sh-coff/bin/../lib/gcc/sh-coff/3.4-GNUSH_v0501/../../../../sh-coff/lib/m2\libc.a
LOAD c:/saturn/SH_COFF/sh-coff/bin/../lib/gcc/sh-coff/3.4-GNUSH_v0501/m2\libgcc.a
OUTPUT(sl.coff coff-sh)

.comment        0x0602c590      0x3a0
 .comment       0x0602c590       0x20 C:\saturn\sgl302j\SAMPLE\common/cinit.o
 .comment       0x0602c5b0       0x20 main.o
 .comment       0x0602c5d0       0x20 assets.o
 .comment       0x0602c5f0       0x20 game.o
 .comment       0x0602c610       0x20 linescroll.o
 .comment       0x0602c630       0x20 scrollfunctions.o
 .comment       0x0602c650       0x20 spritelist.o
 .comment       0x0602c670       0x20 tilemap.o
 .comment       0x0602c690       0x20 c:/saturn/SH_COFF/sh-coff/bin/../lib/gcc/sh-coff/3.4-GNUSH_v0501/m2\libgcc.a(__main.o)
 .comment       0x0602c6b0       0x20 c:/saturn/SH_COFF/sh-coff/bin/../lib/gcc/sh-coff/3.4-GNUSH_v0501/m2\libgcc.a(_si_to_df.o)
 .comment       0x0602c6d0       0x20 c:/saturn/SH_COFF/sh-coff/bin/../lib/gcc/sh-coff/3.4-GNUSH_v0501/m2\libgcc.a(_mul_df.o)
 .comment       0x0602c6f0       0x20 c:/saturn/SH_COFF/sh-coff/bin/../lib/gcc/sh-coff/3.4-GNUSH_v0501/m2\libgcc.a(_div_df.o)
 .comment       0x0602c710       0x20 c:/saturn/SH_COFF/sh-coff/bin/../lib/gcc/sh-coff/3.4-GNUSH_v0501/m2\libgcc.a(_df_to_si.o)
 .comment       0x0602c730       0x20 c:/saturn/SH_COFF/sh-coff/bin/../lib/gcc/sh-coff/3.4-GNUSH_v0501/m2\libgcc.a(_pack_df.o)
 .comment       0x0602c750       0x20 c:/saturn/SH_COFF/sh-coff/bin/../lib/gcc/sh-coff/3.4-GNUSH_v0501/m2\libgcc.a(_unpack_df.o)
 .comment       0x0602c770       0x20 c:/saturn/SH_COFF/sh-coff/bin/../lib/gcc/sh-coff/3.4-GNUSH_v0501/m2\libgcc.a(_thenan_df.o)
 .comment       0x0602c790       0x20 c:/saturn/SH_COFF/sh-coff/bin/../lib/gcc/sh-coff/3.4-GNUSH_v0501/m2\libgcc.a(_lshrdi3.o)
 .comment       0x0602c7b0       0x20 c:/saturn/SH_COFF/sh-coff/bin/../lib/gcc/sh-coff/3.4-GNUSH_v0501/m2\libgcc.a(_ashldi3.o)
 .comment       0x0602c7d0       0x20 c:/saturn/SH_COFF/sh-coff/bin/../lib/gcc/sh-coff/3.4-GNUSH_v0501/../../../../sh-coff/lib/m2\libc.a(atexit.o)
 .comment       0x0602c7f0       0x20 c:/saturn/SH_COFF/sh-coff/bin/../lib/gcc/sh-coff/3.4-GNUSH_v0501/../../../../sh-coff/lib/m2\libc.a(impure.o)
 .comment       0x0602c810       0x20 c:/saturn/SH_COFF/sh-coff/bin/../lib/gcc/sh-coff/3.4-GNUSH_v0501/../../../../sh-coff/lib/m2\libc.a(malloc.o)
 .comment       0x0602c830       0x20 c:/saturn/SH_COFF/sh-coff/bin/../lib/gcc/sh-coff/3.4-GNUSH_v0501/../../../../sh-coff/lib/m2\libc.a(mallocr.o)
 .comment       0x0602c850       0x20 c:/saturn/SH_COFF/sh-coff/bin/../lib/gcc/sh-coff/3.4-GNUSH_v0501/../../../../sh-coff/lib/m2\libc.a(freer.o)
 .comment       0x0602c870       0x20 c:/saturn/SH_COFF/sh-coff/bin/../lib/gcc/sh-coff/3.4-GNUSH_v0501/../../../../sh-coff/lib/m2\libc.a(mlock.o)
 .comment       0x0602c890       0x20 c:/saturn/SH_COFF/sh-coff/bin/../lib/gcc/sh-coff/3.4-GNUSH_v0501/../../../../sh-coff/lib/m2\libc.a(sbrkr.o)
 .comment       0x0602c8b0       0x20 c:/saturn/SH_COFF/sh-coff/bin/../lib/gcc/sh-coff/3.4-GNUSH_v0501/../../../../sh-coff/lib/m2\libc.a(syscalls.o)
 .comment       0x0602c8d0       0x20 c:/saturn/SH_COFF/sh-coff/bin/../lib/gcc/sh-coff/3.4-GNUSH_v0501/../../../../sh-coff/lib/m2\libc.a(abort.o)
 .comment       0x0602c8f0       0x20 c:/saturn/SH_COFF/sh-coff/bin/../lib/gcc/sh-coff/3.4-GNUSH_v0501/../../../../sh-coff/lib/m2\libc.a(signal.o)
 .comment       0x0602c910       0x20 c:/saturn/SH_COFF/sh-coff/bin/../lib/gcc/sh-coff/3.4-GNUSH_v0501/../../../../sh-coff/lib/m2\libc.a(signalr.o)
